Archive member included to satisfy reference by file (symbol)

d:/install/arm-none-eabi/bin/../lib/gcc/arm-none-eabi/12.3.1/thumb/v7-m/nofp\libgcc.a(_arm_muldf3.o)
                              CMakeFiles/smart_car.elf.dir/Core/Src/hc_sr04.c.obj (__aeabi_dmul)
d:/install/arm-none-eabi/bin/../lib/gcc/arm-none-eabi/12.3.1/thumb/v7-m/nofp\libgcc.a(_arm_mulsf3.o)
                              CMakeFiles/smart_car.elf.dir/Core/Src/hc_sr04.c.obj (__aeabi_fmul)
d:/install/arm-none-eabi/bin/../lib/gcc/arm-none-eabi/12.3.1/thumb/v7-m/nofp\libgcc.a(_arm_addsubdf3.o)
                              CMakeFiles/smart_car.elf.dir/Core/Src/hc_sr04.c.obj (__aeabi_dsub)
d:/install/arm-none-eabi/bin/../lib/gcc/arm-none-eabi/12.3.1/thumb/v7-m/nofp\libgcc.a(_arm_muldivdf3.o)
                              CMakeFiles/smart_car.elf.dir/Core/Src/hc_sr04.c.obj (__aeabi_ddiv)
d:/install/arm-none-eabi/bin/../lib/gcc/arm-none-eabi/12.3.1/thumb/v7-m/nofp\libgcc.a(_arm_truncdfsf2.o)
                              CMakeFiles/smart_car.elf.dir/Core/Src/hc_sr04.c.obj (__aeabi_d2f)
d:/install/arm-none-eabi/bin/../lib/gcc/arm-none-eabi/12.3.1/thumb/v7-m/nofp\libgcc.a(_arm_addsubsf3.o)
                              CMakeFiles/smart_car.elf.dir/Core/Src/servor.c.obj (__aeabi_fadd)
d:/install/arm-none-eabi/bin/../lib/gcc/arm-none-eabi/12.3.1/thumb/v7-m/nofp\libgcc.a(_arm_muldivsf3.o)
                              CMakeFiles/smart_car.elf.dir/Core/Src/hc_sr04.c.obj (__aeabi_fdiv)
d:/install/arm-none-eabi/bin/../lib/gcc/arm-none-eabi/12.3.1/thumb/v7-m/nofp\libgcc.a(_arm_fixsfsi.o)
                              CMakeFiles/smart_car.elf.dir/Core/Src/hc_sr04.c.obj (__aeabi_f2iz)
d:/install/arm-none-eabi/bin/../lib/gcc/arm-none-eabi/12.3.1/thumb/v7-m/nofp\libgcc.a(_arm_fixunssfsi.o)
                              CMakeFiles/smart_car.elf.dir/Core/Src/schedule.c.obj (__aeabi_f2uiz)
d:/install/arm-none-eabi/bin/../lib/gcc/arm-none-eabi/12.3.1/thumb/v7-m/nofp\libg.a(libc_a-exit.o)
                              d:/install/arm-none-eabi/bin/../lib/gcc/arm-none-eabi/12.3.1/thumb/v7-m/nofp/crt0.o (exit)
d:/install/arm-none-eabi/bin/../lib/gcc/arm-none-eabi/12.3.1/thumb/v7-m/nofp\libg.a(libc_a-findfp.o)
                              d:/install/arm-none-eabi/bin/../lib/gcc/arm-none-eabi/12.3.1/thumb/v7-m/nofp\libg.a(libc_a-exit.o) (__stdio_exit_handler)
d:/install/arm-none-eabi/bin/../lib/gcc/arm-none-eabi/12.3.1/thumb/v7-m/nofp\libg.a(libc_a-fwalk.o)
                              d:/install/arm-none-eabi/bin/../lib/gcc/arm-none-eabi/12.3.1/thumb/v7-m/nofp\libg.a(libc_a-findfp.o) (_fwalk_sglue)
d:/install/arm-none-eabi/bin/../lib/gcc/arm-none-eabi/12.3.1/thumb/v7-m/nofp\libg.a(libc_a-printf.o)
                              CMakeFiles/smart_car.elf.dir/Core/Src/hc_sr04.c.obj (printf)
d:/install/arm-none-eabi/bin/../lib/gcc/arm-none-eabi/12.3.1/thumb/v7-m/nofp\libg.a(libc_a-stdio.o)
                              d:/install/arm-none-eabi/bin/../lib/gcc/arm-none-eabi/12.3.1/thumb/v7-m/nofp\libg.a(libc_a-findfp.o) (__sread)
d:/install/arm-none-eabi/bin/../lib/gcc/arm-none-eabi/12.3.1/thumb/v7-m/nofp\libg.a(libc_a-memset.o)
                              d:/install/arm-none-eabi/bin/../lib/gcc/arm-none-eabi/12.3.1/thumb/v7-m/nofp/crt0.o (memset)
d:/install/arm-none-eabi/bin/../lib/gcc/arm-none-eabi/12.3.1/thumb/v7-m/nofp\libg.a(libc_a-closer.o)
                              d:/install/arm-none-eabi/bin/../lib/gcc/arm-none-eabi/12.3.1/thumb/v7-m/nofp\libg.a(libc_a-stdio.o) (_close_r)
d:/install/arm-none-eabi/bin/../lib/gcc/arm-none-eabi/12.3.1/thumb/v7-m/nofp\libg.a(libc_a-reent.o)
                              d:/install/arm-none-eabi/bin/../lib/gcc/arm-none-eabi/12.3.1/thumb/v7-m/nofp\libg.a(libc_a-closer.o) (errno)
d:/install/arm-none-eabi/bin/../lib/gcc/arm-none-eabi/12.3.1/thumb/v7-m/nofp\libg.a(libc_a-impure.o)
                              d:/install/arm-none-eabi/bin/../lib/gcc/arm-none-eabi/12.3.1/thumb/v7-m/nofp\libg.a(libc_a-printf.o) (_impure_ptr)
d:/install/arm-none-eabi/bin/../lib/gcc/arm-none-eabi/12.3.1/thumb/v7-m/nofp\libg.a(libc_a-lseekr.o)
                              d:/install/arm-none-eabi/bin/../lib/gcc/arm-none-eabi/12.3.1/thumb/v7-m/nofp\libg.a(libc_a-stdio.o) (_lseek_r)
d:/install/arm-none-eabi/bin/../lib/gcc/arm-none-eabi/12.3.1/thumb/v7-m/nofp\libg.a(libc_a-readr.o)
                              d:/install/arm-none-eabi/bin/../lib/gcc/arm-none-eabi/12.3.1/thumb/v7-m/nofp\libg.a(libc_a-stdio.o) (_read_r)
d:/install/arm-none-eabi/bin/../lib/gcc/arm-none-eabi/12.3.1/thumb/v7-m/nofp\libg.a(libc_a-writer.o)
                              d:/install/arm-none-eabi/bin/../lib/gcc/arm-none-eabi/12.3.1/thumb/v7-m/nofp\libg.a(libc_a-stdio.o) (_write_r)
d:/install/arm-none-eabi/bin/../lib/gcc/arm-none-eabi/12.3.1/thumb/v7-m/nofp\libg.a(libc_a-errno.o)
                              CMakeFiles/smart_car.elf.dir/Core/Src/syscalls.c.obj (__errno)
d:/install/arm-none-eabi/bin/../lib/gcc/arm-none-eabi/12.3.1/thumb/v7-m/nofp\libg.a(libc_a-init.o)
[...]
Memory Configuration

Name             Origin             Length             Attributes
RAM              0x20000000         0x00005000         xrw
FLASH            0x08000000         0x00010000         xr
*default*        0x00000000         0xffffffff

Linker script and memory map

LOAD d:/install/arm-none-eabi/bin/../lib/gcc/arm-none-eabi/12.3.1/thumb/v7-m/nofp/crti.o
LOAD d:/install/arm-none-eabi/bin/../lib/gcc/arm-none-eabi/12.3.1/thumb/v7-m/nofp/crtbegin.o
LOAD d:/install/arm-none-eabi/bin/../lib/gcc/arm-none-eabi/12.3.1/thumb/v7-m/nofp/crt0.o
LOAD CMakeFiles/smart_car.elf.dir/Core/Src/beeper.c.obj
LOAD CMakeFiles/smart_car.elf.dir/Core/Src/delay.c.obj
LOAD CMakeFiles/smart_car.elf.dir/Core/Src/fan.c.obj
LOAD CMakeFiles/smart_car.elf.dir/Core/Src/hc_sr04.c.obj
LOAD CMakeFiles/smart_car.elf.dir/Core/Src/main.c.obj
LOAD CMakeFiles/smart_car.elf.dir/Core/Src/motor.c.obj
LOAD CMakeFiles/smart_car.elf.dir/Core/Src/patrol_line.c.obj
LOAD CMakeFiles/smart_car.elf.dir/Core/Src/printf_redirect.c.obj
LOAD CMakeFiles/smart_car.elf.dir/Core/Src/rgb_led.c.obj
LOAD CMakeFiles/smart_car.elf.dir/Core/Src/schedule.c.obj
LOAD CMakeFiles/smart_car.elf.dir/Core/Src/servor.c.obj
LOAD CMakeFiles/smart_car.elf.dir/Core/Src/stm32f1xx_hal_msp.c.obj
LOAD CMakeFiles/smart_car.elf.dir/Core/Src/stm32f1xx_it.c.obj
LOAD CMakeFiles/smart_car.elf.dir/Core/Src/syscalls.c.obj
LOAD CMakeFiles/smart_car.elf.dir/Core/Src/sysmem.c.obj
LOAD CMakeFiles/smart_car.elf.dir/Core/Src/system_stm32f1xx.c.obj
LOAD CMakeFiles/smart_car.elf.dir/Core/Startup/startup_stm32f103c8tx.s.obj
LOAD CMakeFiles/smart_car.elf.dir/Drivers/STM32F1xx_HAL_Driver/Src/stm32f1xx_hal.c.obj
LOAD CMakeFiles/smart_car.elf.dir/Drivers/STM32F1xx_HAL_Driver/Src/stm32f1xx_hal_cortex.c.obj
LOAD CMakeFiles/smart_car.elf.dir/Drivers/STM32F1xx_HAL_Driver/Src/stm32f1xx_hal_dma.c.obj
LOAD CMakeFiles/smart_car.elf.dir/Drivers/STM32F1xx_HAL_Driver/Src/stm32f1xx_hal_exti.c.obj
LOAD CMakeFiles/smart_car.elf.dir/Drivers/STM32F1xx_HAL_Driver/Src/stm32f1xx_hal_flash.c.obj
LOAD CMakeFiles/smart_car.elf.dir/Drivers/STM32F1xx_HAL_Driver/Src/stm32f1xx_hal_flash_ex.c.obj
LOAD CMakeFiles/smart_car.elf.dir/Drivers/STM32F1xx_HAL_Driver/Src/stm32f1xx_hal_gpio.c.obj
LOAD CMakeFiles/smart_car.elf.dir/Drivers/STM32F1xx_HAL_Driver/Src/stm32f1xx_hal_gpio_ex.c.obj
LOAD CMakeFiles/smart_car.elf.dir/Drivers/STM32F1xx_HAL_Driver/Src/stm32f1xx_hal_pwr.c.obj
LOAD CMakeFiles/smart_car.elf.dir/Drivers/STM32F1xx_HAL_Driver/Src/stm32f1xx_hal_rcc.c.obj
LOAD CMakeFiles/smart_car.elf.dir/Drivers/STM32F1xx_HAL_Driver/Src/stm32f1xx_hal_rcc_ex.c.obj
LOAD CMakeFiles/smart_car.elf.dir/Drivers/STM32F1xx_HAL_Driver/Src/stm32f1xx_hal_tim.c.obj
LOAD CMakeFiles/smart_car.elf.dir/Drivers/STM32F1xx_HAL_Driver/Src/stm32f1xx_hal_tim_ex.c.obj
LOAD CMakeFiles/smart_car.elf.dir/Drivers/STM32F1xx_HAL_Driver/Src/stm32f1xx_hal_uart.c.obj
START GROUP
LOAD d:/install/arm-none-eabi/bin/../lib/gcc/arm-none-eabi/12.3.1/thumb/v7-m/nofp\libgcc.a
LOAD d:/install/arm-none-eabi/bin/../lib/gcc/arm-none-eabi/12.3.1/thumb/v7-m/nofp\libg.a
LOAD d:/install/arm-none-eabi/bin/../lib/gcc/arm-none-eabi/12.3.1/thumb/v7-m/nofp\libc.a
END GROUP
LOAD d:/install/arm-none-eabi/bin/../lib/gcc/arm-none-eabi/12.3.1/thumb/v7-m/nofp/crtend.o
LOAD d:/install/arm-none-eabi/bin/../lib/gcc/arm-none-eabi/12.3.1/thumb/v7-m/nofp/crtn.o
                0x20005000                        _estack = (ORIGIN (RAM) + LENGTH (RAM))
                0x00000200                        _Min_Heap_Size = 0x200
                0x00000400                        _Min_Stack_Size = 0x400

.isr_vector     0x08000000      0x10c
                0x08000000                        . = ALIGN (0x4)
 *(.isr_vector)
 .isr_vector    0x08000000      0x10c CMakeFiles/smart_car.elf.dir/Core/Startup/startup_stm32f103c8tx.s.obj
                0x08000000                g_pfnVectors
                0x0800010c                        . = ALIGN (0x4)

.text           0x08000110     0x9408
                0x08000110                        . = ALIGN (0x4)
 *(.text)
 .text          0x08000110      0x378 d:/install/arm-none-eabi/bin/../lib/gcc/arm-none-eabi/12.3.1/thumb/v7-m/nofp\libgcc.a(_arm_addsubdf3.o)
                0x08000110                __aeabi_drsub
                0x08000118                __aeabi_dsub
                0x08000118                __subdf3
                0x0800011c                __aeabi_dadd
                0x0800011c                __adddf3
                0x08000394                __floatunsidf
                0x08000394                __aeabi_ui2d
                0x080003b4                __floatsidf
                0x080003b4                __aeabi_i2d
                0x080003d8                __aeabi_f2d
                0x080003d8                __extendsfdf2
                0x0800041c                __floatundidf
                0x0800041c                __aeabi_ul2d
                0x0800042c                __floatdidf
                0x0800042c                __aeabi_l2d
 .text          0x08000488      0x424 d:/install/arm-none-eabi/bin/../lib/gcc/arm-none-eabi/12.3.1/thumb/v7-m/nofp\libgcc.a(_arm_muldivdf3.o)
                0x08000488                __aeabi_dmul
                0x08000488                __muldf3
                0x080006dc                __divdf3
                0x080006dc                __aeabi_ddiv
 .text          0x080008ac       0xa0 d:/install/arm-none-eabi/bin/../lib/gcc/arm-none-eabi/12.3.1/thumb/v7-m/nofp\libgcc.a(_arm_truncdfsf2.o)
                0x080008ac                __truncdfsf2
                0x080008ac                __aeabi_d2f
 .text          0x0800094c      0x21c d:/install/arm-none-eabi/bin/../lib/gcc/arm-none-eabi/12.3.1/thumb/v7-m/nofp\libgcc.a(_arm_addsubsf3.o)
                0x0800094c                __aeabi_frsub
                0x08000954                __subsf3
                0x08000954                __aeabi_fsub
                0x08000958                __aeabi_fadd
                0x08000958                __addsf3
                0x08000ab8                __aeabi_ui2f
                0x08000ab8                __floatunsisf
                0x08000ac0                __aeabi_i2f
                0x08000ac0                __floatsisf
                0x08000adc                __aeabi_ul2f
                0x08000adc                __floatundisf
                0x08000aec                __aeabi_l2f
                0x08000aec                __floatdisf
 .text          0x08000b68      0x2a0 d:/install/arm-none-eabi/bin/../lib/gcc/arm-none-eabi/12.3.1/thumb/v7-m/nofp\libgcc.a(_arm_muldivsf3.o)
                0x08000b68                __mulsf3
                0x08000b68                __aeabi_fmul
                0x08000cd0                __aeabi_fdiv
                0x08000cd0                __divsf3
 .text          0x08000e08       0x4c d:/install/arm-none-eabi/bin/../lib/gcc/arm-none-eabi/12.3.1/thumb/v7-m/nofp\libgcc.a(_arm_fixsfsi.o)
                0x08000e08                __aeabi_f2iz
                0x08000e08                __fixsfsi
 .text          0x08000e54       0x40 d:/install/arm-none-eabi/bin/../lib/gcc/arm-none-eabi/12.3.1/thumb/v7-m/nofp\libgcc.a(_arm_fixunssfsi.o)
                0x08000e54                __fixunssfsi
                0x08000e54                __aeabi_f2uiz
 .text          0x08000e94       0xec d:/install/arm-none-eabi/bin/../lib/gcc/arm-none-eabi/12.3.1/thumb/v7-m/nofp\libg.a(libc_a-memcpy.o)
                0x08000e94                memcpy
 .text          0x08000f80      0x110 d:/install/arm-none-eabi/bin/../lib/gcc/arm-none-eabi/12.3.1/thumb/v7-m/nofp\libgcc.a(_arm_cmpdf2.o)
                0x08000f80                __gtdf2
                0x08000f80                __gedf2
                0x08000f88                __ltdf2
                0x08000f88                __ledf2
                0x08000f90                __nedf2
                0x08000f90                __eqdf2
                0x08000f90                __cmpdf2
                0x0800100c                __aeabi_cdrcmple
                0x0800101c                __aeabi_cdcmpeq
                0x0800101c                __aeabi_cdcmple
                0x0800102c                __aeabi_dcmpeq
                0x08001040                __aeabi_dcmplt
                0x08001054                __aeabi_dcmple
                0x08001068                __aeabi_dcmpge
                0x0800107c                __aeabi_dcmpgt
 .text          0x08001090       0x2c d:/install/arm-none-eabi/bin/../lib/gcc/arm-none-eabi/12.3.1/thumb/v7-m/nofp\libgcc.a(_arm_unorddf2.o)
                0x08001090                __unorddf2
                0x08001090                __aeabi_dcmpun
 .text          0x080010bc       0x50 d:/install/arm-none-eabi/bin/../lib/gcc/arm-none-eabi/12.3.1/thumb/v7-m/nofp\libgcc.a(_arm_fixdfsi.o)
                0x080010bc                __aeabi_d2iz
                0x080010bc                __fixdfsi
 *(.text*)
 .text.deregister_tm_clones
                0x0800110c       0x1c d:/install/arm-none-eabi/bin/../lib/gcc/arm-none-eabi/12.3.1/thumb/v7-m/nofp/crtbegin.o
 .text.register_tm_clones
                0x08001128       0x24 d:/install/arm-none-eabi/bin/../lib/gcc/arm-none-eabi/12.3.1/thumb/v7-m/nofp/crtbegin.o
 .text.__do_global_dtors_aux
                0x0800114c       0x28 d:/install/arm-none-eabi/bin/../lib/gcc/arm-none-eabi/12.3.1/thumb/v7-m/nofp/crtbegin.o
 .text.frame_dummy
                0x08001174       0x24 d:/install/arm-none-eabi/bin/../lib/gcc/arm-none-eabi/12.3.1/thumb/v7-m/nofp/crtbegin.o
 .text._beeper_load
                0x08001198       0x28 CMakeFiles/smart_car.elf.dir/Core/Src/beeper.c.obj
                0x08001198                _beeper_load
 .text._beeper_off
                0x080011c0       0x14 CMakeFiles/smart_car.elf.dir/Core/Src/beeper.c.obj
                0x080011c0                _beeper_off
 .text._beeper_on
                0x080011d4       0x14 CMakeFiles/smart_car.elf.dir/Core/Src/beeper.c.obj
                0x080011d4                _beeper_on
 .text.beeper_beep
                0x080011e8       0x92 CMakeFiles/smart_car.elf.dir/Core/Src/beeper.c.obj
                0x080011e8                beeper_beep
 *fill*         0x0800127a        0x2 
 .text.delay_init
                0x0800127c       0x14 CMakeFiles/smart_car.elf.dir/Core/Src/delay.c.obj
                0x0800127c                delay_init
 .text.delay_us
                0x08001290       0x3c CMakeFiles/smart_car.elf.dir/Core/Src/delay.c.obj
                0x08001290                delay_us
 .text.delay_ms
                0x080012cc       0x3c CMakeFiles/smart_car.elf.dir/Core/Src/delay.c.obj
                0x080012cc                delay_ms
 .text.fan_off  0x08001308       0x14 CMakeFiles/smart_car.elf.dir/Core/Src/fan.c.obj
                0x08001308                fan_off
 *fill*         0x0800131c        0x4 
 .text.HAL_GPIO_EXTI_Callback
                0x08001320      0x150 CMakeFiles/smart_car.elf.dir/Core/Src/hc_sr04.c.obj
                0x08001320                HAL_GPIO_EXTI_Callback
 .text.hc_sr04_trig
                0x08001470       0x28 CMakeFiles/smart_car.elf.dir/Core/Src/hc_sr04.c.obj
                0x08001470                hc_sr04_trig
 .text.hc_sr04_start
                0x08001498       0x10 CMakeFiles/smart_car.elf.dir/Core/Src/hc_sr04.c.obj
                0x08001498                hc_sr04_start
 .text.MX_GPIO_Init
                0x080014a8      0x128 CMakeFiles/smart_car.elf.dir/Core/Src/main.c.obj
 .text.Error_Handler
                0x080015d0        0x4 CMakeFiles/smart_car.elf.dir/Core/Src/main.c.obj
                0x080015d0                Error_Handler
 .text.MX_USART1_UART_Init
                0x080015d4       0x34 CMakeFiles/smart_car.elf.dir/Core/Src/main.c.obj
 .text.MX_TIM4_Init
                0x08001608       0x90 CMakeFiles/smart_car.elf.dir/Core/Src/main.c.obj
 .text.MX_TIM1_Init
                0x08001698       0xb0 CMakeFiles/smart_car.elf.dir/Core/Src/main.c.obj
 .text.MX_TIM3_Init
                0x08001748       0x8c CMakeFiles/smart_car.elf.dir/Core/Src/main.c.obj
 .text.MX_TIM2_Init
                0x080017d4       0x68 CMakeFiles/smart_car.elf.dir/Core/Src/main.c.obj
 .text.SystemClock_Config
                0x0800183c       0x64 CMakeFiles/smart_car.elf.dir/Core/Src/main.c.obj
                0x0800183c                SystemClock_Config
 .text.main     0x080018a0       0x64 CMakeFiles/smart_car.elf.dir/Core/Src/main.c.obj
                0x080018a0                main
 .text._write   0x08001904       0x18 CMakeFiles/smart_car.elf.dir/Core/Src/printf_redirect.c.obj
                0x08001904                _write
 .text.schedule_start
                0x0800191c       0x10 CMakeFiles/smart_car.elf.dir/Core/Src/schedule.c.obj
                0x0800191c                schedule_start
 .text.HAL_TIM_PeriodElapsedCallback
                0x0800192c       0x9c CMakeFiles/smart_car.elf.dir/Core/Src/schedule.c.obj
                0x0800192c                HAL_TIM_PeriodElapsedCallback
 .text.HAL_MspInit
                0x080019c8       0x44 CMakeFiles/smart_car.elf.dir/Core/Src/stm32f1xx_hal_msp.c.obj
                0x080019c8                HAL_MspInit
 .text.HAL_TIM_PWM_MspInit
                0x08001a0c       0x6c CMakeFiles/smart_car.elf.dir/Core/Src/stm32f1xx_hal_msp.c.obj
                0x08001a0c                HAL_TIM_PWM_MspInit
 .text.HAL_TIM_Base_MspInit
                0x08001a78       0x3a CMakeFiles/smart_car.elf.dir/Core/Src/stm32f1xx_hal_msp.c.obj
                0x08001a78                HAL_TIM_Base_MspInit
 *fill*         0x08001ab2        0x2 
 .text.HAL_TIM_MspPostInit
                0x08001ab4       0xbc CMakeFiles/smart_car.elf.dir/Core/Src/stm32f1xx_hal_msp.c.obj
                0x08001ab4                HAL_TIM_MspPostInit
 .text.HAL_UART_MspInit
                0x08001b70       0x78 CMakeFiles/smart_car.elf.dir/Core/Src/stm32f1xx_hal_msp.c.obj
                0x08001b70                HAL_UART_MspInit
 .text.NMI_Handler
                0x08001be8        0x2 CMakeFiles/smart_car.elf.dir/Core/Src/stm32f1xx_it.c.obj
                0x08001be8                NMI_Handler
 .text.HardFault_Handler
                0x08001bea        0x2 CMakeFiles/smart_car.elf.dir/Core/Src/stm32f1xx_it.c.obj
                0x08001bea                HardFault_Handler
 .text.MemManage_Handler
                0x08001bec        0x2 CMakeFiles/smart_car.elf.dir/Core/Src/stm32f1xx_it.c.obj
                0x08001bec                MemManage_Handler
 .text.BusFault_Handler
                0x08001bee        0x2 CMakeFiles/smart_car.elf.dir/Core/Src/stm32f1xx_it.c.obj
                0x08001bee                BusFault_Handler
 .text.UsageFault_Handler
                0x08001bf0        0x2 CMakeFiles/smart_car.elf.dir/Core/Src/stm32f1xx_it.c.obj
                0x08001bf0                UsageFault_Handler
 .text.SVC_Handler
                0x08001bf2        0x2 CMakeFiles/smart_car.elf.dir/Core/Src/stm32f1xx_it.c.obj
                0x08001bf2                SVC_Handler
 .text.DebugMon_Handler
                0x08001bf4        0x2 CMakeFiles/smart_car.elf.dir/Core/Src/stm32f1xx_it.c.obj
                0x08001bf4                DebugMon_Handler
 .text.PendSV_Handler
                0x08001bf6        0x2 CMakeFiles/smart_car.elf.dir/Core/Src/stm32f1xx_it.c.obj
                0x08001bf6                PendSV_Handler
 .text.SysTick_Handler
                0x08001bf8       0x1c CMakeFiles/smart_car.elf.dir/Core/Src/stm32f1xx_it.c.obj
                0x08001bf8                SysTick_Handler
 .text.TIM2_IRQHandler
                0x08001c14       0x10 CMakeFiles/smart_car.elf.dir/Core/Src/stm32f1xx_it.c.obj
                0x08001c14                TIM2_IRQHandler
 .text.EXTI15_10_IRQHandler
                0x08001c24        0xc CMakeFiles/smart_car.elf.dir/Core/Src/stm32f1xx_it.c.obj
                0x08001c24                EXTI15_10_IRQHandler
 .text._getpid  0x08001c30        0x4 CMakeFiles/smart_car.elf.dir/Core/Src/syscalls.c.obj
                0x08001c30                _getpid
 .text._kill    0x08001c34       0x10 CMakeFiles/smart_car.elf.dir/Core/Src/syscalls.c.obj
                0x08001c34                _kill
 .text._exit    0x08001c44        0xc CMakeFiles/smart_car.elf.dir/Core/Src/syscalls.c.obj
                0x08001c44                _exit
 .text._read    0x08001c50       0x20 CMakeFiles/smart_car.elf.dir/Core/Src/syscalls.c.obj
                0x08001c50                _read
 .text._close   0x08001c70        0x6 CMakeFiles/smart_car.elf.dir/Core/Src/syscalls.c.obj
                0x08001c70                _close
 .text._fstat   0x08001c76        0xa CMakeFiles/smart_car.elf.dir/Core/Src/syscalls.c.obj
                0x08001c76                _fstat
 .text._isatty  0x08001c80        0x4 CMakeFiles/smart_car.elf.dir/Core/Src/syscalls.c.obj
                0x08001c80                _isatty
 .text._lseek   0x08001c84        0x4 CMakeFiles/smart_car.elf.dir/Core/Src/syscalls.c.obj
                0x08001c84                _lseek
 .text._sbrk    0x08001c88       0x48 CMakeFiles/smart_car.elf.dir/Core/Src/sysmem.c.obj
                0x08001c88                _sbrk
 .text.SystemInit
                0x08001cd0        0x2 CMakeFiles/smart_car.elf.dir/Core/Src/system_stm32f1xx.c.obj
                0x08001cd0                SystemInit
 *fill*         0x08001cd2        0x2 
 .text.Reset_Handler
                0x08001cd4       0x48 CMakeFiles/smart_car.elf.dir/Core/Startup/startup_stm32f103c8tx.s.obj
                0x08001cd4                Reset_Handler
 .text.Default_Handler
                0x08001d1c        0x2 CMakeFiles/smart_car.elf.dir/Core/Startup/startup_stm32f103c8tx.s.obj
                0x08001d1c                RTC_Alarm_IRQHandler
                0x08001d1c                EXTI2_IRQHandler
                0x08001d1c                TIM1_CC_IRQHandler
                0x08001d1c                PVD_IRQHandler
                0x08001d1c                EXTI3_IRQHandler
                0x08001d1c                EXTI0_IRQHandler
                0x08001d1c                I2C2_EV_IRQHandler
                0x08001d1c                ADC1_2_IRQHandler
                0x08001d1c                SPI1_IRQHandler
                0x08001d1c                TAMPER_IRQHandler
                0x08001d1c                DMA1_Channel4_IRQHandler
                0x08001d1c                USART3_IRQHandler
                0x08001d1c                RTC_IRQHandler
                0x08001d1c                DMA1_Channel7_IRQHandler
                0x08001d1c                CAN1_RX1_IRQHandler
                0x08001d1c                TIM4_IRQHandler
                0x08001d1c                I2C1_EV_IRQHandler
                0x08001d1c                DMA1_Channel6_IRQHandler
                0x08001d1c                TIM3_IRQHandler
                0x08001d1c                RCC_IRQHandler
                0x08001d1c                TIM1_TRG_COM_IRQHandler
                0x08001d1c                DMA1_Channel1_IRQHandler
                0x08001d1c                Default_Handler
                0x08001d1c                EXTI9_5_IRQHandler
                0x08001d1c                SPI2_IRQHandler
                0x08001d1c                DMA1_Channel5_IRQHandler
                0x08001d1c                EXTI4_IRQHandler
                0x08001d1c                USB_LP_CAN1_RX0_IRQHandler
                0x08001d1c                USB_HP_CAN1_TX_IRQHandler
                0x08001d1c                DMA1_Channel3_IRQHandler
                0x08001d1c                TIM1_UP_IRQHandler
                0x08001d1c                WWDG_IRQHandler
                0x08001d1c                TIM1_BRK_IRQHandler
                0x08001d1c                EXTI1_IRQHandler
                0x08001d1c                USART2_IRQHandler
                0x08001d1c                I2C2_ER_IRQHandler
                0x08001d1c                DMA1_Channel2_IRQHandler
                0x08001d1c                CAN1_SCE_IRQHandler
                0x08001d1c                FLASH_IRQHandler
                0x08001d1c                USART1_IRQHandler
                0x08001d1c                I2C1_ER_IRQHandler
                0x08001d1c                USBWakeUp_IRQHandler
 *fill*         0x08001d1e        0x2 
 .text.HAL_InitTick
                0x08001d20       0x4c CMakeFiles/smart_car.elf.dir/Drivers/STM32F1xx_HAL_Driver/Src/stm32f1xx_hal.c.obj
                0x08001d20                HAL_InitTick
 .text.HAL_Init
                0x08001d6c       0x24 CMakeFiles/smart_car.elf.dir/Drivers/STM32F1xx_HAL_Driver/Src/stm32f1xx_hal.c.obj
                0x08001d6c                HAL_Init
 .text.HAL_IncTick
                0x08001d90       0x18 CMakeFiles/smart_car.elf.dir/Drivers/STM32F1xx_HAL_Driver/Src/stm32f1xx_hal.c.obj
                0x08001d90                HAL_IncTick
 .text.HAL_GetTick
                0x08001da8        0xc CMakeFiles/smart_car.elf.dir/Drivers/STM32F1xx_HAL_Driver/Src/stm32f1xx_hal.c.obj
                0x08001da8                HAL_GetTick
 .text.__NVIC_SetPriority
                0x08001db4       0x28 CMakeFiles/smart_car.elf.dir/Drivers/STM32F1xx_HAL_Driver/Src/stm32f1xx_hal_cortex.c.obj
 .text.NVIC_EncodePriority
                0x08001ddc       0x3e CMakeFiles/smart_car.elf.dir/Drivers/STM32F1xx_HAL_Driver/Src/stm32f1xx_hal_cortex.c.obj
 *fill*         0x08001e1a        0x2 
 .text.HAL_NVIC_SetPriorityGrouping
                0x08001e1c       0x24 CMakeFiles/smart_car.elf.dir/Drivers/STM32F1xx_HAL_Driver/Src/stm32f1xx_hal_cortex.c.obj
                0x08001e1c                HAL_NVIC_SetPriorityGrouping
 .text.HAL_NVIC_SetPriority
                0x08001e40       0x20 CMakeFiles/smart_car.elf.dir/Drivers/STM32F1xx_HAL_Driver/Src/stm32f1xx_hal_cortex.c.obj
                0x08001e40                HAL_NVIC_SetPriority
 .text.HAL_NVIC_EnableIRQ
                0x08001e60       0x1c CMakeFiles/smart_car.elf.dir/Drivers/STM32F1xx_HAL_Driver/Src/stm32f1xx_hal_cortex.c.obj
                0x08001e60                HAL_NVIC_EnableIRQ
 .text.HAL_SYSTICK_Config
                0x08001e7c       0x28 CMakeFiles/smart_car.elf.dir/Drivers/STM32F1xx_HAL_Driver/Src/stm32f1xx_hal_cortex.c.obj
                0x08001e7c                HAL_SYSTICK_Config
 .text.HAL_SYSTICK_CLKSourceConfig
                0x08001ea4       0x20 CMakeFiles/smart_car.elf.dir/Drivers/STM32F1xx_HAL_Driver/Src/stm32f1xx_hal_cortex.c.obj
                0x08001ea4                HAL_SYSTICK_CLKSourceConfig
 .text.HAL_GPIO_Init
                0x08001ec4      0x21c CMakeFiles/smart_car.elf.dir/Drivers/STM32F1xx_HAL_Driver/Src/stm32f1xx_hal_gpio.c.obj
                0x08001ec4                HAL_GPIO_Init
 .text.HAL_GPIO_WritePin
                0x080020e0        0xc CMakeFiles/smart_car.elf.dir/Drivers/STM32F1xx_HAL_Driver/Src/stm32f1xx_hal_gpio.c.obj
                0x080020e0                HAL_GPIO_WritePin
 .text.HAL_GPIO_EXTI_IRQHandler
                0x080020ec       0x1c CMakeFiles/smart_car.elf.dir/Drivers/STM32F1xx_HAL_Driver/Src/stm32f1xx_hal_gpio.c.obj
                0x080020ec                HAL_GPIO_EXTI_IRQHandler
 .text.RCC_Delay
                0x08002108       0x2c CMakeFiles/smart_car.elf.dir/Drivers/STM32F1xx_HAL_Driver/Src/stm32f1xx_hal_rcc.c.obj
 .text.HAL_RCC_OscConfig
                0x08002134      0x410 CMakeFiles/smart_car.elf.dir/Drivers/STM32F1xx_HAL_Driver/Src/stm32f1xx_hal_rcc.c.obj
                0x08002134                HAL_RCC_OscConfig
 .text.HAL_RCC_GetSysClockFreq
                0x08002544       0x54 CMakeFiles/smart_car.elf.dir/Drivers/STM32F1xx_HAL_Driver/Src/stm32f1xx_hal_rcc.c.obj
                0x08002544                HAL_RCC_GetSysClockFreq
 .text.HAL_RCC_ClockConfig
                0x08002598      0x16c CMakeFiles/smart_car.elf.dir/Drivers/STM32F1xx_HAL_Driver/Src/stm32f1xx_hal_rcc.c.obj
                0x08002598                HAL_RCC_ClockConfig
 .text.HAL_RCC_GetHCLKFreq
                0x08002704        0xc CMakeFiles/smart_car.elf.dir/Drivers/STM32F1xx_HAL_Driver/Src/stm32f1xx_hal_rcc.c.obj
                0x08002704                HAL_RCC_GetHCLKFreq
 .text.HAL_RCC_GetPCLK1Freq
                0x08002710       0x20 CMakeFiles/smart_car.elf.dir/Drivers/STM32F1xx_HAL_Driver/Src/stm32f1xx_hal_rcc.c.obj
                0x08002710                HAL_RCC_GetPCLK1Freq
 .text.HAL_RCC_GetPCLK2Freq
                0x08002730       0x20 CMakeFiles/smart_car.elf.dir/Drivers/STM32F1xx_HAL_Driver/Src/stm32f1xx_hal_rcc.c.obj
                0x08002730                HAL_RCC_GetPCLK2Freq
 .text.TIM_OC1_SetConfig
                0x08002750       0x54 CMakeFiles/smart_car.elf.dir/Drivers/STM32F1xx_HAL_Driver/Src/stm32f1xx_hal_tim.c.obj
 .text.TIM_OC3_SetConfig
                0x080027a4       0x5c CMakeFiles/smart_car.elf.dir/Drivers/STM32F1xx_HAL_Driver/Src/stm32f1xx_hal_tim.c.obj
 .text.TIM_OC4_SetConfig
                0x08002800       0x48 CMakeFiles/smart_car.elf.dir/Drivers/STM32F1xx_HAL_Driver/Src/stm32f1xx_hal_tim.c.obj
 .text.TIM_TI1_ConfigInputStage
                0x08002848       0x24 CMakeFiles/smart_car.elf.dir/Drivers/STM32F1xx_HAL_Driver/Src/stm32f1xx_hal_tim.c.obj
 .text.TIM_TI2_ConfigInputStage
                0x0800286c       0x26 CMakeFiles/smart_car.elf.dir/Drivers/STM32F1xx_HAL_Driver/Src/stm32f1xx_hal_tim.c.obj
 .text.TIM_ITRx_SetConfig
                0x08002892       0x10 CMakeFiles/smart_car.elf.dir/Drivers/STM32F1xx_HAL_Driver/Src/stm32f1xx_hal_tim.c.obj
 *fill*         0x080028a2        0x2 
 .text.HAL_TIM_Base_Start_IT
                0x080028a4       0x68 CMakeFiles/smart_car.elf.dir/Drivers/STM32F1xx_HAL_Driver/Src/stm32f1xx_hal_tim.c.obj
                0x080028a4                HAL_TIM_Base_Start_IT
 .text.HAL_TIM_OC_DelayElapsedCallback
                0x0800290c        0x2 CMakeFiles/smart_car.elf.dir/Drivers/STM32F1xx_HAL_Driver/Src/stm32f1xx_hal_tim.c.obj
                0x0800290c                HAL_TIM_OC_DelayElapsedCallback
 .text.HAL_TIM_IC_CaptureCallback
                0x0800290e        0x2 CMakeFiles/smart_car.elf.dir/Drivers/STM32F1xx_HAL_Driver/Src/stm32f1xx_hal_tim.c.obj
                0x0800290e                HAL_TIM_IC_CaptureCallback
 .text.HAL_TIM_PWM_PulseFinishedCallback
                0x08002910        0x2 CMakeFiles/smart_car.elf.dir/Drivers/STM32F1xx_HAL_Driver/Src/stm32f1xx_hal_tim.c.obj
                0x08002910                HAL_TIM_PWM_PulseFinishedCallback
 .text.HAL_TIM_TriggerCallback
                0x08002912        0x2 CMakeFiles/smart_car.elf.dir/Drivers/STM32F1xx_HAL_Driver/Src/stm32f1xx_hal_tim.c.obj
                0x08002912                HAL_TIM_TriggerCallback
 .text.HAL_TIM_IRQHandler
                0x08002914      0x17a CMakeFiles/smart_car.elf.dir/Drivers/STM32F1xx_HAL_Driver/Src/stm32f1xx_hal_tim.c.obj
                0x08002914                HAL_TIM_IRQHandler
 *fill*         0x08002a8e        0x2 
 .text.TIM_Base_SetConfig
                0x08002a90       0x74 CMakeFiles/smart_car.elf.dir/Drivers/STM32F1xx_HAL_Driver/Src/stm32f1xx_hal_tim.c.obj
                0x08002a90                TIM_Base_SetConfig
 .text.HAL_TIM_Base_Init
                0x08002b04       0x58 CMakeFiles/smart_car.elf.dir/Drivers/STM32F1xx_HAL_Driver/Src/stm32f1xx_hal_tim.c.obj
                0x08002b04                HAL_TIM_Base_Init
 .text.HAL_TIM_PWM_Init
                0x08002b5c       0x58 CMakeFiles/smart_car.elf.dir/Drivers/STM32F1xx_HAL_Driver/Src/stm32f1xx_hal_tim.c.obj
                0x08002b5c                HAL_TIM_PWM_Init
 .text.TIM_OC2_SetConfig
                0x08002bb4       0x5c CMakeFiles/smart_car.elf.dir/Drivers/STM32F1xx_HAL_Driver/Src/stm32f1xx_hal_tim.c.obj
                0x08002bb4                TIM_OC2_SetConfig
 .text.HAL_TIM_PWM_ConfigChannel
                0x08002c10       0xdc CMakeFiles/smart_car.elf.dir/Drivers/STM32F1xx_HAL_Driver/Src/stm32f1xx_hal_tim.c.obj
                0x08002c10                HAL_TIM_PWM_ConfigChannel
 .text.TIM_ETR_SetConfig
                0x08002cec       0x18 CMakeFiles/smart_car.elf.dir/Drivers/STM32F1xx_HAL_Driver/Src/stm32f1xx_hal_tim.c.obj
                0x08002cec                TIM_ETR_SetConfig
 .text.HAL_TIM_ConfigClockSource
                0x08002d04       0xfe CMakeFiles/smart_car.elf.dir/Drivers/STM32F1xx_HAL_Driver/Src/stm32f1xx_hal_tim.c.obj
                0x08002d04                HAL_TIM_ConfigClockSource
 *fill*         0x08002e02        0x2 
 .text.HAL_TIMEx_MasterConfigSynchronization
                0x08002e04       0x6c CMakeFiles/smart_car.elf.dir/Drivers/STM32F1xx_HAL_Driver/Src/stm32f1xx_hal_tim_ex.c.obj
                0x08002e04                HAL_TIMEx_MasterConfigSynchronization
 .text.HAL_TIMEx_ConfigBreakDeadTime
                0x08002e70       0x52 CMakeFiles/smart_car.elf.dir/Drivers/STM32F1xx_HAL_Driver/Src/stm32f1xx_hal_tim_ex.c.obj
                0x08002e70                HAL_TIMEx_ConfigBreakDeadTime
 .text.HAL_TIMEx_CommutCallback
                0x08002ec2        0x2 CMakeFiles/smart_car.elf.dir/Drivers/STM32F1xx_HAL_Driver/Src/stm32f1xx_hal_tim_ex.c.obj
                0x08002ec2                HAL_TIMEx_CommutCallback
 .text.HAL_TIMEx_BreakCallback
                0x08002ec4        0x2 CMakeFiles/smart_car.elf.dir/Drivers/STM32F1xx_HAL_Driver/Src/stm32f1xx_hal_tim_ex.c.obj
                0x08002ec4                HAL_TIMEx_BreakCallback
 *fill*         0x08002ec6        0x2 
 .text.UART_SetConfig
                0x08002ec8       0x94 CMakeFiles/smart_car.elf.dir/Drivers/STM32F1xx_HAL_Driver/Src/stm32f1xx_hal_uart.c.obj
 .text.UART_WaitOnFlagUntilTimeout
                0x08002f5c       0x84 CMakeFiles/smart_car.elf.dir/Drivers/STM32F1xx_HAL_Driver/Src/stm32f1xx_hal_uart.c.obj
 .text.HAL_UART_Init
                0x08002fe0       0x60 CMakeFiles/smart_car.elf.dir/Drivers/STM32F1xx_HAL_Driver/Src/stm32f1xx_hal_uart.c.obj
                0x08002fe0                HAL_UART_Init
 .text.HAL_UART_Transmit
                0x08003040       0xbe CMakeFiles/smart_car.elf.dir/Drivers/STM32F1xx_HAL_Driver/Src/stm32f1xx_hal_uart.c.obj
                0x08003040                HAL_UART_Transmit
 *fill*         0x080030fe        0x2 
 .text.stdio_exit_handler
                0x08003100       0x18 d:/install/arm-none-eabi/bin/../lib/gcc/arm-none-eabi/12.3.1/thumb/v7-m/nofp\libg.a(libc_a-findfp.o)
 .text.cleanup_stdio
                0x08003118       0x40 d:/install/arm-none-eabi/bin/../lib/gcc/arm-none-eabi/12.3.1/thumb/v7-m/nofp\libg.a(libc_a-findfp.o)
 .text.global_stdio_init.part.0
                0x08003158       0xf0 d:/install/arm-none-eabi/bin/../lib/gcc/arm-none-eabi/12.3.1/thumb/v7-m/nofp\libg.a(libc_a-findfp.o)
 .text.__sinit  0x08003248       0x3c d:/install/arm-none-eabi/bin/../lib/gcc/arm-none-eabi/12.3.1/thumb/v7-m/nofp\libg.a(libc_a-findfp.o)
                0x08003248                __sinit
 .text.__sfp_lock_acquire
                0x08003284        0xc d:/install/arm-none-eabi/bin/../lib/gcc/arm-none-eabi/12.3.1/thumb/v7-m/nofp\libg.a(libc_a-findfp.o)
                0x08003284                __sfp_lock_acquire
 .text.__sfp_lock_release
                0x08003290        0xc d:/install/arm-none-eabi/bin/../lib/gcc/arm-none-eabi/12.3.1/thumb/v7-m/nofp\libg.a(libc_a-findfp.o)
                0x08003290                __sfp_lock_release
 .text._fwalk_sglue
                0x0800329c       0x44 d:/install/arm-none-eabi/bin/../lib/gcc/arm-none-eabi/12.3.1/thumb/v7-m/nofp\libg.a(libc_a-fwalk.o)
                0x0800329c                _fwalk_sglue
 .text.printf   0x080032e0       0x28 d:/install/arm-none-eabi/bin/../lib/gcc/arm-none-eabi/12.3.1/thumb/v7-m/nofp\libg.a(libc_a-printf.o)
                0x080032e0                printf
 .text.__sread  0x08003308       0x24 d:/install/arm-none-eabi/bin/../lib/gcc/arm-none-eabi/12.3.1/thumb/v7-m/nofp\libg.a(libc_a-stdio.o)
                0x08003308                __sread
 .text.__swrite
                0x0800332c       0x40 d:/install/arm-none-eabi/bin/../lib/gcc/arm-none-eabi/12.3.1/thumb/v7-m/nofp\libg.a(libc_a-stdio.o)
                0x0800332c                __swrite
 .text.__sseek  0x0800336c       0x24 d:/install/arm-none-eabi/bin/../lib/gcc/arm-none-eabi/12.3.1/thumb/v7-m/nofp\libg.a(libc_a-stdio.o)
                0x0800336c                __sseek
 .text.__sclose
                0x08003390        0x8 d:/install/arm-none-eabi/bin/../lib/gcc/arm-none-eabi/12.3.1/thumb/v7-m/nofp\libg.a(libc_a-stdio.o)
                0x08003390                __sclose
 .text.memset   0x08003398       0xa0 d:/install/arm-none-eabi/bin/../lib/gcc/arm-none-eabi/12.3.1/thumb/v7-m/nofp\libg.a(libc_a-memset.o)
                0x08003398                memset
 .text._close_r
                0x08003438       0x24 d:/install/arm-none-eabi/bin/../lib/gcc/arm-none-eabi/12.3.1/thumb/v7-m/nofp\libg.a(libc_a-closer.o)
                0x08003438                _close_r
 .text._lseek_r
                0x0800345c       0x2c d:/install/arm-none-eabi/bin/../lib/gcc/arm-none-eabi/12.3.1/thumb/v7-m/nofp\libg.a(libc_a-lseekr.o)
                0x0800345c                _lseek_r
 .text._read_r  0x08003488       0x2c d:/install/arm-none-eabi/bin/../lib/gcc/arm-none-eabi/12.3.1/thumb/v7-m/nofp\libg.a(libc_a-readr.o)
                0x08003488                _read_r
 .text._write_r
                0x080034b4       0x2c d:/install/arm-none-eabi/bin/../lib/gcc/arm-none-eabi/12.3.1/thumb/v7-m/nofp\libg.a(libc_a-writer.o)
                0x080034b4                _write_r
 .text.__errno  0x080034e0        0xc d:/install/arm-none-eabi/bin/../lib/gcc/arm-none-eabi/12.3.1/thumb/v7-m/nofp\libg.a(libc_a-errno.o)
                0x080034e0                __errno
 .text.__libc_init_array
                0x080034ec       0x50 d:/install/arm-none-eabi/bin/../lib/gcc/arm-none-eabi/12.3.1/thumb/v7-m/nofp\libg.a(libc_a-init.o)
                0x080034ec                __libc_init_array
 .text.__retarget_lock_init_recursive
                0x0800353c        0x4 d:/install/arm-none-eabi/bin/../lib/gcc/arm-none-eabi/12.3.1/thumb/v7-m/nofp\libg.a(libc_a-lock.o)
                0x0800353c                __retarget_lock_init_recursive
 .text.__retarget_lock_close_recursive
                0x08003540        0x4 d:/install/arm-none-eabi/bin/../lib/gcc/arm-none-eabi/12.3.1/thumb/v7-m/nofp\libg.a(libc_a-lock.o)
                0x08003540                __retarget_lock_close_recursive
 .text.__retarget_lock_acquire_recursive
                0x08003544        0x4 d:/install/arm-none-eabi/bin/../lib/gcc/arm-none-eabi/12.3.1/thumb/v7-m/nofp\libg.a(libc_a-lock.o)
                0x08003544                __retarget_lock_acquire_recursive
 .text.__retarget_lock_release_recursive
                0x08003548        0x4 d:/install/arm-none-eabi/bin/../lib/gcc/arm-none-eabi/12.3.1/thumb/v7-m/nofp\libg.a(libc_a-lock.o)
                0x08003548                __retarget_lock_release_recursive
 .text.startup.register_fini
                0x0800354c       0x14 d:/install/arm-none-eabi/bin/../lib/gcc/arm-none-eabi/12.3.1/thumb/v7-m/nofp\libg.a(libc_a-__call_atexit.o)
 .text.atexit   0x08003560        0xc d:/install/arm-none-eabi/bin/../lib/gcc/arm-none-eabi/12.3.1/thumb/v7-m/nofp\libg.a(libc_a-atexit.o)
                0x08003560                atexit
 .text._malloc_trim_r
                0x0800356c       0xb8 d:/install/arm-none-eabi/bin/../lib/gcc/arm-none-eabi/12.3.1/thumb/v7-m/nofp\libg.a(libc_a-freer.o)
                0x0800356c                _malloc_trim_r
 .text._free_r  0x08003624      0x1fc d:/install/arm-none-eabi/bin/../lib/gcc/arm-none-eabi/12.3.1/thumb/v7-m/nofp\libg.a(libc_a-freer.o)
                0x08003624                _free_r
 .text._malloc_r
                0x08003820      0x570 d:/install/arm-none-eabi/bin/../lib/gcc/arm-none-eabi/12.3.1/thumb/v7-m/nofp\libg.a(libc_a-mallocr.o)
                0x08003820                _malloc_r
 .text.__malloc_lock
                0x08003d90        0xc d:/install/arm-none-eabi/bin/../lib/gcc/arm-none-eabi/12.3.1/thumb/v7-m/nofp\libg.a(libc_a-mlock.o)
                0x08003d90                __malloc_lock
 .text.__malloc_unlock
                0x08003d9c        0xc d:/install/arm-none-eabi/bin/../lib/gcc/arm-none-eabi/12.3.1/thumb/v7-m/nofp\libg.a(libc_a-mlock.o)
                0x08003d9c                __malloc_unlock
 .text._vfprintf_r
                0x08003da8     0x1c6c d:/install/arm-none-eabi/bin/../lib/gcc/arm-none-eabi/12.3.1/thumb/v7-m/nofp\libg.a(libc_a-vfprintf.o)
                0x08003da8                _vfprintf_r
 .text.__sbprintf
                0x08005a14       0x80 d:/install/arm-none-eabi/bin/../lib/gcc/arm-none-eabi/12.3.1/thumb/v7-m/nofp\libg.a(libc_a-vfprintf.o)
 .text.__sprint_r.part.0
                0x08005a94       0x78 d:/install/arm-none-eabi/bin/../lib/gcc/arm-none-eabi/12.3.1/thumb/v7-m/nofp\libg.a(libc_a-vfiprintf.o)
 .text.__sprint_r
                0x08005b0c       0x14 d:/install/arm-none-eabi/bin/../lib/gcc/arm-none-eabi/12.3.1/thumb/v7-m/nofp\libg.a(libc_a-vfiprintf.o)
                0x08005b0c                __sprint_r
 .text._vfiprintf_r
                0x08005b20      0xf9c d:/install/arm-none-eabi/bin/../lib/gcc/arm-none-eabi/12.3.1/thumb/v7-m/nofp\libg.a(libc_a-vfiprintf.o)
                0x08005b20                _vfiprintf_r
 .text.__sbprintf
                0x08006abc       0x80 d:/install/arm-none-eabi/bin/../lib/gcc/arm-none-eabi/12.3.1/thumb/v7-m/nofp\libg.a(libc_a-vfiprintf.o)
 .text._fclose_r
                0x08006b3c       0xc0 d:/install/arm-none-eabi/bin/../lib/gcc/arm-none-eabi/12.3.1/thumb/v7-m/nofp\libg.a(libc_a-fclose.o)
                0x08006b3c                _fclose_r
 .text.__sflush_r
                0x08006bfc      0x128 d:/install/arm-none-eabi/bin/../lib/gcc/arm-none-eabi/12.3.1/thumb/v7-m/nofp\libg.a(libc_a-fflush.o)
                0x08006bfc                __sflush_r
 .text._fflush_r
                0x08006d24       0x54 d:/install/arm-none-eabi/bin/../lib/gcc/arm-none-eabi/12.3.1/thumb/v7-m/nofp\libg.a(libc_a-fflush.o)
                0x08006d24                _fflush_r
 .text.__sfvwrite_r
                0x08006d78      0x2ec d:/install/arm-none-eabi/bin/../lib/gcc/arm-none-eabi/12.3.1/thumb/v7-m/nofp\libg.a(libc_a-fvwrite.o)
                0x08006d78                __sfvwrite_r
 .text.__swsetup_r
                0x08007064       0xc0 d:/install/arm-none-eabi/bin/../lib/gcc/arm-none-eabi/12.3.1/thumb/v7-m/nofp\libg.a(libc_a-wsetup.o)
                0x08007064                __swsetup_r
 .text.__fputwc
                0x08007124       0x7c d:/install/arm-none-eabi/bin/../lib/gcc/arm-none-eabi/12.3.1/thumb/v7-m/nofp\libg.a(libc_a-fputwc.o)
                0x08007124                __fputwc
 .text._fputwc_r
                0x080071a0       0x60 d:/install/arm-none-eabi/bin/../lib/gcc/arm-none-eabi/12.3.1/thumb/v7-m/nofp\libg.a(libc_a-fputwc.o)
                0x080071a0                _fputwc_r
 .text.memmove  0x08007200       0xfc d:/install/arm-none-eabi/bin/../lib/gcc/arm-none-eabi/12.3.1/thumb/v7-m/nofp\libg.a(libc_a-memmove.o)
                0x08007200                memmove
 .text.strncpy  0x080072fc       0x6c d:/install/arm-none-eabi/bin/../lib/gcc/arm-none-eabi/12.3.1/thumb/v7-m/nofp\libg.a(libc_a-strncpy.o)
                0x080072fc                strncpy
 .text.__locale_mb_cur_max
                0x08007368        0xc d:/install/arm-none-eabi/bin/../lib/gcc/arm-none-eabi/12.3.1/thumb/v7-m/nofp\libg.a(libc_a-locale.o)
                0x08007368                __locale_mb_cur_max
 .text._localeconv_r
                0x08007374        0x8 d:/install/arm-none-eabi/bin/../lib/gcc/arm-none-eabi/12.3.1/thumb/v7-m/nofp\libg.a(libc_a-localeconv.o)
                0x08007374                _localeconv_r
 .text._sbrk_r  0x0800737c       0x24 d:/install/arm-none-eabi/bin/../lib/gcc/arm-none-eabi/12.3.1/thumb/v7-m/nofp\libg.a(libc_a-sbrkr.o)
                0x0800737c                _sbrk_r
 .text.__libc_fini_array
                0x080073a0       0x28 d:/install/arm-none-eabi/bin/../lib/gcc/arm-none-eabi/12.3.1/thumb/v7-m/nofp\libg.a(libc_a-fini.o)
                0x080073a0                __libc_fini_array
 .text.sysconf  0x080073c8       0x1c d:/install/arm-none-eabi/bin/../lib/gcc/arm-none-eabi/12.3.1/thumb/v7-m/nofp\libg.a(libc_a-sysconf.o)
                0x080073c8                sysconf
 .text.memchr   0x080073e4       0x98 d:/install/arm-none-eabi/bin/../lib/gcc/arm-none-eabi/12.3.1/thumb/v7-m/nofp\libg.a(libc_a-memchr-stub.o)
                0x080073e4                memchr
 .text.strlen   0x0800747c       0x5c d:/install/arm-none-eabi/bin/../lib/gcc/arm-none-eabi/12.3.1/thumb/v7-m/nofp\libg.a(libc_a-strlen-stub.o)
                0x0800747c                strlen
 .text.frexp    0x080074d8       0x70 d:/install/arm-none-eabi/bin/../lib/gcc/arm-none-eabi/12.3.1/thumb/v7-m/nofp\libg.a(libm_a-s_frexp.o)
                0x080074d8                frexp
 .text.__register_exitproc
                0x08007548       0x80 d:/install/arm-none-eabi/bin/../lib/gcc/arm-none-eabi/12.3.1/thumb/v7-m/nofp\libg.a(libc_a-__atexit.o)
                0x08007548                __register_exitproc
 .text.quorem   0x080075c8      0x13c d:/install/arm-none-eabi/bin/../lib/gcc/arm-none-eabi/12.3.1/thumb/v7-m/nofp\libg.a(libc_a-dtoa.o)
 *fill*         0x08007704        0x4 
 .text._dtoa_r  0x08007708      0xe54 d:/install/arm-none-eabi/bin/../lib/gcc/arm-none-eabi/12.3.1/thumb/v7-m/nofp\libg.a(libc_a-dtoa.o)
                0x08007708                _dtoa_r
 .text.__ascii_mbtowc
                0x0800855c       0x2c d:/install/arm-none-eabi/bin/../lib/gcc/arm-none-eabi/12.3.1/thumb/v7-m/nofp\libg.a(libc_a-mbtowc_r.o)
                0x0800855c                __ascii_mbtowc
 .text._Balloc  0x08008588       0x4c d:/install/arm-none-eabi/bin/../lib/gcc/arm-none-eabi/12.3.1/thumb/v7-m/nofp\libg.a(libc_a-mprec.o)
                0x08008588                _Balloc
 .text._Bfree   0x080085d4       0x14 d:/install/arm-none-eabi/bin/../lib/gcc/arm-none-eabi/12.3.1/thumb/v7-m/nofp\libg.a(libc_a-mprec.o)
                0x080085d4                _Bfree
 .text.__multadd
                0x080085e8       0xa4 d:/install/arm-none-eabi/bin/../lib/gcc/arm-none-eabi/12.3.1/thumb/v7-m/nofp\libg.a(libc_a-mprec.o)
                0x080085e8                __multadd
 .text.__hi0bits
                0x0800868c       0x44 d:/install/arm-none-eabi/bin/../lib/gcc/arm-none-eabi/12.3.1/thumb/v7-m/nofp\libg.a(libc_a-mprec.o)
                0x0800868c                __hi0bits
 .text.__lo0bits
                0x080086d0       0x5c d:/install/arm-none-eabi/bin/../lib/gcc/arm-none-eabi/12.3.1/thumb/v7-m/nofp\libg.a(libc_a-mprec.o)
                0x080086d0                __lo0bits
 .text.__i2b    0x0800872c       0x5c d:/install/arm-none-eabi/bin/../lib/gcc/arm-none-eabi/12.3.1/thumb/v7-m/nofp\libg.a(libc_a-mprec.o)
                0x0800872c                __i2b
 .text.__multiply
                0x08008788      0x164 d:/install/arm-none-eabi/bin/../lib/gcc/arm-none-eabi/12.3.1/thumb/v7-m/nofp\libg.a(libc_a-mprec.o)
                0x08008788                __multiply
 .text.__pow5mult
                0x080088ec       0xb4 d:/install/arm-none-eabi/bin/../lib/gcc/arm-none-eabi/12.3.1/thumb/v7-m/nofp\libg.a(libc_a-mprec.o)
                0x080088ec                __pow5mult
 .text.__lshift
                0x080089a0       0xec d:/install/arm-none-eabi/bin/../lib/gcc/arm-none-eabi/12.3.1/thumb/v7-m/nofp\libg.a(libc_a-mprec.o)
                0x080089a0                __lshift
 .text.__mcmp   0x08008a8c       0x40 d:/install/arm-none-eabi/bin/../lib/gcc/arm-none-eabi/12.3.1/thumb/v7-m/nofp\libg.a(libc_a-mprec.o)
                0x08008a8c                __mcmp
 .text.__mdiff  0x08008acc      0x160 d:/install/arm-none-eabi/bin/../lib/gcc/arm-none-eabi/12.3.1/thumb/v7-m/nofp\libg.a(libc_a-mprec.o)
                0x08008acc                __mdiff
 .text.__d2b    0x08008c2c       0xbc d:/install/arm-none-eabi/bin/../lib/gcc/arm-none-eabi/12.3.1/thumb/v7-m/nofp\libg.a(libc_a-mprec.o)
                0x08008c2c                __d2b
 .text._realloc_r
                0x08008ce8      0x34c d:/install/arm-none-eabi/bin/../lib/gcc/arm-none-eabi/12.3.1/thumb/v7-m/nofp\libg.a(libc_a-reallocr.o)
                0x08008ce8                _realloc_r
 .text.__ascii_wctomb
                0x08009034       0x1c d:/install/arm-none-eabi/bin/../lib/gcc/arm-none-eabi/12.3.1/thumb/v7-m/nofp\libg.a(libc_a-wctomb_r.o)
                0x08009034                __ascii_wctomb
 .text._wcrtomb_r
                0x08009050       0x4c d:/install/arm-none-eabi/bin/../lib/gcc/arm-none-eabi/12.3.1/thumb/v7-m/nofp\libg.a(libc_a-wcrtomb.o)
                0x08009050                _wcrtomb_r
 .text._wcsrtombs_r
                0x0800909c       0x18 d:/install/arm-none-eabi/bin/../lib/gcc/arm-none-eabi/12.3.1/thumb/v7-m/nofp\libg.a(libc_a-wcsrtombs.o)
                0x0800909c                _wcsrtombs_r
 .text.__smakebuf_r
                0x080090b4       0xdc d:/install/arm-none-eabi/bin/../lib/gcc/arm-none-eabi/12.3.1/thumb/v7-m/nofp\libg.a(libc_a-makebuf.o)
                0x080090b4                __smakebuf_r
 .text.__swbuf_r
                0x08009190       0xac d:/install/arm-none-eabi/bin/../lib/gcc/arm-none-eabi/12.3.1/thumb/v7-m/nofp\libg.a(libc_a-wbuf.o)
                0x08009190                __swbuf_r
 .text._fstat_r
                0x0800923c       0x28 d:/install/arm-none-eabi/bin/../lib/gcc/arm-none-eabi/12.3.1/thumb/v7-m/nofp\libg.a(libc_a-fstatr.o)
                0x0800923c                _fstat_r
 .text._isatty_r
                0x08009264       0x24 d:/install/arm-none-eabi/bin/../lib/gcc/arm-none-eabi/12.3.1/thumb/v7-m/nofp\libg.a(libc_a-isattyr.o)
                0x08009264                _isatty_r
 .text.__assert_func
                0x08009288       0x40 d:/install/arm-none-eabi/bin/../lib/gcc/arm-none-eabi/12.3.1/thumb/v7-m/nofp\libg.a(libc_a-assert.o)
                0x08009288                __assert_func
 .text._calloc_r
                0x080092c8       0x6c d:/install/arm-none-eabi/bin/../lib/gcc/arm-none-eabi/12.3.1/thumb/v7-m/nofp\libg.a(libc_a-callocr.o)
                0x080092c8                _calloc_r
 .text._wcsnrtombs_l
                0x08009334       0xec d:/install/arm-none-eabi/bin/../lib/gcc/arm-none-eabi/12.3.1/thumb/v7-m/nofp\libg.a(libc_a-wcsnrtombs.o)
                0x08009334                _wcsnrtombs_l
 .text._wcsnrtombs_r
                0x08009420       0x24 d:/install/arm-none-eabi/bin/../lib/gcc/arm-none-eabi/12.3.1/thumb/v7-m/nofp\libg.a(libc_a-wcsnrtombs.o)
                0x08009420                _wcsnrtombs_r
 .text.fiprintf
                0x08009444       0x28 d:/install/arm-none-eabi/bin/../lib/gcc/arm-none-eabi/12.3.1/thumb/v7-m/nofp\libg.a(libc_a-fiprintf.o)
                0x08009444                fiprintf
 .text.abort    0x0800946c       0x10 d:/install/arm-none-eabi/bin/../lib/gcc/arm-none-eabi/12.3.1/thumb/v7-m/nofp\libg.a(libc_a-abort.o)
                0x0800946c                abort
 .text.raise    0x0800947c       0x58 d:/install/arm-none-eabi/bin/../lib/gcc/arm-none-eabi/12.3.1/thumb/v7-m/nofp\libg.a(libc_a-signal.o)
                0x0800947c                raise
 .text._kill_r  0x080094d4       0x28 d:/install/arm-none-eabi/bin/../lib/gcc/arm-none-eabi/12.3.1/thumb/v7-m/nofp\libg.a(libc_a-signalr.o)
                0x080094d4                _kill_r
 .text._getpid_r
                0x080094fc        0x4 d:/install/arm-none-eabi/bin/../lib/gcc/arm-none-eabi/12.3.1/thumb/v7-m/nofp\libg.a(libc_a-signalr.o)
                0x080094fc                _getpid_r
 *(.glue_7)
 .glue_7        0x08009500        0x0 linker stubs
 *(.glue_7t)
 .glue_7t       0x08009500        0x0 linker stubs
 *(.eh_frame)
 .eh_frame      0x08009500        0x0 d:/install/arm-none-eabi/bin/../lib/gcc/arm-none-eabi/12.3.1/thumb/v7-m/nofp/crtbegin.o
 *(.init)
 .init          0x08009500        0x4 d:/install/arm-none-eabi/bin/../lib/gcc/arm-none-eabi/12.3.1/thumb/v7-m/nofp/crti.o
                0x08009500                _init
 .init          0x08009504        0x8 d:/install/arm-none-eabi/bin/../lib/gcc/arm-none-eabi/12.3.1/thumb/v7-m/nofp/crtn.o
 *(.fini)
 .fini          0x0800950c        0x4 d:/install/arm-none-eabi/bin/../lib/gcc/arm-none-eabi/12.3.1/thumb/v7-m/nofp/crti.o
                0x0800950c                _fini
 .fini          0x08009510        0x8 d:/install/arm-none-eabi/bin/../lib/gcc/arm-none-eabi/12.3.1/thumb/v7-m/nofp/crtn.o
                0x08009518                        . = ALIGN (0x4)
                0x08009518                        _etext = .

.vfp11_veneer   0x08009518        0x0
 .vfp11_veneer  0x08009518        0x0 linker stubs

.v4_bx          0x08009518        0x0
 .v4_bx         0x08009518        0x0 linker stubs

.iplt           0x08009518        0x0
 .iplt          0x08009518        0x0 d:/install/arm-none-eabi/bin/../lib/gcc/arm-none-eabi/12.3.1/thumb/v7-m/nofp/crtbegin.o

.rodata         0x08009518      0x424
                0x08009518                        . = ALIGN (0x4)
 *(.rodata)
 .rodata        0x08009518        0x3 CMakeFiles/smart_car.elf.dir/Core/Src/main.c.obj
 *(.rodata*)
 *fill*         0x0800951b        0x1 
 .rodata.HAL_GPIO_EXTI_Callback.str1.4
                0x0800951c        0x9 CMakeFiles/smart_car.elf.dir/Core/Src/hc_sr04.c.obj
 *fill*         0x08009525        0x3 
 .rodata.APBPrescTable
                0x08009528        0x8 CMakeFiles/smart_car.elf.dir/Core/Src/system_stm32f1xx.c.obj
                0x08009528                APBPrescTable
 .rodata.AHBPrescTable
                0x08009530       0x10 CMakeFiles/smart_car.elf.dir/Core/Src/system_stm32f1xx.c.obj
                0x08009530                AHBPrescTable
 .rodata.aPredivFactorTable.0
                0x08009540        0x2 CMakeFiles/smart_car.elf.dir/Drivers/STM32F1xx_HAL_Driver/Src/stm32f1xx_hal_rcc.c.obj
 *fill*         0x08009542        0x2 
 .rodata.aPLLMULFactorTable.1
                0x08009544       0x10 CMakeFiles/smart_car.elf.dir/Drivers/STM32F1xx_HAL_Driver/Src/stm32f1xx_hal_rcc.c.obj
 .rodata._vfprintf_r.str1.4
                0x08009554       0x42 d:/install/arm-none-eabi/bin/../lib/gcc/arm-none-eabi/12.3.1/thumb/v7-m/nofp\libg.a(libc_a-vfprintf.o)
 *fill*         0x08009596        0x2 
 .rodata.zeroes.0
                0x08009598       0x10 d:/install/arm-none-eabi/bin/../lib/gcc/arm-none-eabi/12.3.1/thumb/v7-m/nofp\libg.a(libc_a-vfprintf.o)
 .rodata.blanks.1
                0x080095a8       0x10 d:/install/arm-none-eabi/bin/../lib/gcc/arm-none-eabi/12.3.1/thumb/v7-m/nofp\libg.a(libc_a-vfprintf.o)
 .rodata._vfiprintf_r.str1.4
                0x080095b8       0x2f d:/install/arm-none-eabi/bin/../lib/gcc/arm-none-eabi/12.3.1/thumb/v7-m/nofp\libg.a(libc_a-vfiprintf.o)
 .rodata.zeroes.0
                0x080095b8       0x10 d:/install/arm-none-eabi/bin/../lib/gcc/arm-none-eabi/12.3.1/thumb/v7-m/nofp\libg.a(libc_a-vfiprintf.o)
 .rodata.blanks.1
                0x080095c8       0x10 d:/install/arm-none-eabi/bin/../lib/gcc/arm-none-eabi/12.3.1/thumb/v7-m/nofp\libg.a(libc_a-vfiprintf.o)
 .rodata.str1.4
                0x080095d8       0x48 d:/install/arm-none-eabi/bin/../lib/gcc/arm-none-eabi/12.3.1/thumb/v7-m/nofp\libg.a(libc_a-locale.o)
                                 0x4c (size before relaxing)
 .rodata._dtoa_r.str1.4
                0x08009620       0x7d d:/install/arm-none-eabi/bin/../lib/gcc/arm-none-eabi/12.3.1/thumb/v7-m/nofp\libg.a(libc_a-dtoa.o)
                                 0x81 (size before relaxing)
 *fill*         0x0800969d        0x3 
 .rodata.__multadd.str1.4
                0x080096a0       0x5a d:/install/arm-none-eabi/bin/../lib/gcc/arm-none-eabi/12.3.1/thumb/v7-m/nofp\libg.a(libc_a-mprec.o)
                                 0x6e (size before relaxing)
 *fill*         0x080096fa        0x2 
 .rodata.p05.0  0x080096fc        0xc d:/install/arm-none-eabi/bin/../lib/gcc/arm-none-eabi/12.3.1/thumb/v7-m/nofp\libg.a(libc_a-mprec.o)
 .rodata.__mprec_bigtens
                0x08009708       0x28 d:/install/arm-none-eabi/bin/../lib/gcc/arm-none-eabi/12.3.1/thumb/v7-m/nofp\libg.a(libc_a-mprec.o)
                0x08009708                __mprec_bigtens
 .rodata.__mprec_tens
                0x08009730       0xc8 d:/install/arm-none-eabi/bin/../lib/gcc/arm-none-eabi/12.3.1/thumb/v7-m/nofp\libg.a(libc_a-mprec.o)
                0x08009730                __mprec_tens
 .rodata._ctype_
                0x080097f8      0x101 d:/install/arm-none-eabi/bin/../lib/gcc/arm-none-eabi/12.3.1/thumb/v7-m/nofp\libg.a(libc_a-ctype_.o)
                0x080097f8                _ctype_
 *fill*         0x080098f9        0x3 
 .rodata.__assert_func.str1.4
                0x080098fc       0x3f d:/install/arm-none-eabi/bin/../lib/gcc/arm-none-eabi/12.3.1/thumb/v7-m/nofp\libg.a(libc_a-assert.o)
                                 0x43 (size before relaxing)
                0x0800993c                        . = ALIGN (0x4)
 *fill*         0x0800993b        0x1 

.ARM.extab      0x0800993c        0x0
                0x0800993c                        . = ALIGN (0x4)
 *(.ARM.extab* .gnu.linkonce.armextab.*)
                0x0800993c                        . = ALIGN (0x4)

.ARM            0x0800993c        0x8
                0x0800993c                        . = ALIGN (0x4)
                0x0800993c                        __exidx_start = .
 *(.ARM.exidx*)
 .ARM.exidx     0x0800993c        0x8 d:/install/arm-none-eabi/bin/../lib/gcc/arm-none-eabi/12.3.1/thumb/v7-m/nofp\libg.a(libc_a-memcpy.o)
                0x08009944                        __exidx_end = .
                0x08009944                        . = ALIGN (0x4)

.rel.dyn        0x08009944        0x0
 .rel.iplt      0x08009944        0x0 d:/install/arm-none-eabi/bin/../lib/gcc/arm-none-eabi/12.3.1/thumb/v7-m/nofp/crtbegin.o

.preinit_array  0x08009944        0x0
                0x08009944                        . = ALIGN (0x4)
                0x08009944                        PROVIDE (__preinit_array_start = .)
 *(.preinit_array*)
                0x08009944                        PROVIDE (__preinit_array_end = .)
                0x08009944                        . = ALIGN (0x4)

.init_array     0x08009944        0x8
                0x08009944                        . = ALIGN (0x4)
                0x08009944                        PROVIDE (__init_array_start = .)
 *(SORT_BY_NAME(.init_array.*))
 .init_array.00000
                0x08009944        0x4 d:/install/arm-none-eabi/bin/../lib/gcc/arm-none-eabi/12.3.1/thumb/v7-m/nofp\libg.a(libc_a-__call_atexit.o)
 *(.init_array*)
 .init_array    0x08009948        0x4 d:/install/arm-none-eabi/bin/../lib/gcc/arm-none-eabi/12.3.1/thumb/v7-m/nofp/crtbegin.o
                0x0800994c                        PROVIDE (__init_array_end = .)
                0x0800994c                        . = ALIGN (0x4)

.fini_array     0x0800994c        0x4
                0x0800994c                        . = ALIGN (0x4)
                0x0800994c                        PROVIDE (__fini_array_start = .)
 *(SORT_BY_NAME(.fini_array.*))
 *(.fini_array*)
 .fini_array    0x0800994c        0x4 d:/install/arm-none-eabi/bin/../lib/gcc/arm-none-eabi/12.3.1/thumb/v7-m/nofp/crtbegin.o
                0x08009950                        PROVIDE (__fini_array_end = .)
                0x08009950                        . = ALIGN (0x4)
                0x08009950                        _sidata = LOADADDR (.data)

.data           0x20000000      0x6c4 load address 0x08009950
                0x20000000                        . = ALIGN (0x4)
                0x20000000                        _sdata = .
 *(.data)
 *(.data*)
 .data.beeper_declipse
                0x20000000        0x2 CMakeFiles/smart_car.elf.dir/Core/Src/schedule.c.obj
 *fill*         0x20000002        0x2 
 .data.SystemCoreClock
                0x20000004        0x4 CMakeFiles/smart_car.elf.dir/Core/Src/system_stm32f1xx.c.obj
                0x20000004                SystemCoreClock
 .data.uwTickFreq
                0x20000008        0x1 CMakeFiles/smart_car.elf.dir/Drivers/STM32F1xx_HAL_Driver/Src/stm32f1xx_hal.c.obj
                0x20000008                uwTickFreq
 *fill*         0x20000009        0x3 
 .data.uwTickPrio
                0x2000000c        0x4 CMakeFiles/smart_car.elf.dir/Drivers/STM32F1xx_HAL_Driver/Src/stm32f1xx_hal.c.obj
                0x2000000c                uwTickPrio
 .data.__sglue  0x20000010        0xc d:/install/arm-none-eabi/bin/../lib/gcc/arm-none-eabi/12.3.1/thumb/v7-m/nofp\libg.a(libc_a-findfp.o)
                0x20000010                __sglue
 .data._impure_ptr
                0x2000001c        0x4 d:/install/arm-none-eabi/bin/../lib/gcc/arm-none-eabi/12.3.1/thumb/v7-m/nofp\libg.a(libc_a-impure.o)
                0x2000001c                _impure_ptr
 .data._impure_data
                0x20000020      0x120 d:/install/arm-none-eabi/bin/../lib/gcc/arm-none-eabi/12.3.1/thumb/v7-m/nofp\libg.a(libc_a-impure.o)
                0x20000020                _impure_data
 .data.__atexit_recursive_mutex
                0x20000140        0x4 d:/install/arm-none-eabi/bin/../lib/gcc/arm-none-eabi/12.3.1/thumb/v7-m/nofp\libg.a(libc_a-__call_atexit.o)
                0x20000140                __atexit_recursive_mutex
 .data.__malloc_sbrk_base
                0x20000144        0x4 d:/install/arm-none-eabi/bin/../lib/gcc/arm-none-eabi/12.3.1/thumb/v7-m/nofp\libg.a(libc_a-mallocr.o)
                0x20000144                __malloc_sbrk_base
 .data.__malloc_trim_threshold
                0x20000148        0x4 d:/install/arm-none-eabi/bin/../lib/gcc/arm-none-eabi/12.3.1/thumb/v7-m/nofp\libg.a(libc_a-mallocr.o)
                0x20000148                __malloc_trim_threshold
 *fill*         0x2000014c        0x4 
 .data.__malloc_av_
                0x20000150      0x408 d:/install/arm-none-eabi/bin/../lib/gcc/arm-none-eabi/12.3.1/thumb/v7-m/nofp\libg.a(libc_a-mallocr.o)
                0x20000150                __malloc_av_
 .data.__global_locale
                0x20000558      0x16c d:/install/arm-none-eabi/bin/../lib/gcc/arm-none-eabi/12.3.1/thumb/v7-m/nofp\libg.a(libc_a-locale.o)
                0x20000558                __global_locale
 *(.RamFunc)
 *(.RamFunc*)
                0x200006c4                        . = ALIGN (0x4)
                0x200006c4                        _edata = .

.tm_clone_table
                0x200006c4        0x0 load address 0x0800a014
 .tm_clone_table
                0x200006c4        0x0 d:/install/arm-none-eabi/bin/../lib/gcc/arm-none-eabi/12.3.1/thumb/v7-m/nofp/crtbegin.o
 .tm_clone_table
                0x200006c4        0x0 d:/install/arm-none-eabi/bin/../lib/gcc/arm-none-eabi/12.3.1/thumb/v7-m/nofp/crtend.o

.igot.plt       0x200006c4        0x0 load address 0x0800a014
 .igot.plt      0x200006c4        0x0 d:/install/arm-none-eabi/bin/../lib/gcc/arm-none-eabi/12.3.1/thumb/v7-m/nofp/crtbegin.o
                0x200006c4                        . = ALIGN (0x4)

.bss            0x200006c4      0x4e8 load address 0x0800a014
                0x200006c4                        _sbss = .
                0x200006c4                        __bss_start__ = _sbss
 *(.bss)
 *(.bss*)
 .bss.completed.1
                0x200006c4        0x1 d:/install/arm-none-eabi/bin/../lib/gcc/arm-none-eabi/12.3.1/thumb/v7-m/nofp/crtbegin.o
 *fill*         0x200006c5        0x3 
 .bss.object.0  0x200006c8       0x18 d:/install/arm-none-eabi/bin/../lib/gcc/arm-none-eabi/12.3.1/thumb/v7-m/nofp/crtbegin.o
 .bss.beeper_dev
                0x200006e0       0x2a CMakeFiles/smart_car.elf.dir/Core/Src/beeper.c.obj
                0x200006e0                beeper_dev
 *fill*         0x2000070a        0x2 
 .bss.g_fac_us  0x2000070c        0x4 CMakeFiles/smart_car.elf.dir/Core/Src/delay.c.obj
 .bss.hc_sr04_dev
                0x20000710       0x18 CMakeFiles/smart_car.elf.dir/Core/Src/hc_sr04.c.obj
                0x20000710                hc_sr04_dev
 .bss.huart1    0x20000728       0x48 CMakeFiles/smart_car.elf.dir/Core/Src/main.c.obj
                0x20000728                huart1
 .bss.htim4     0x20000770       0x48 CMakeFiles/smart_car.elf.dir/Core/Src/main.c.obj
                0x20000770                htim4
 .bss.htim3     0x200007b8       0x48 CMakeFiles/smart_car.elf.dir/Core/Src/main.c.obj
                0x200007b8                htim3
 .bss.htim2     0x20000800       0x48 CMakeFiles/smart_car.elf.dir/Core/Src/main.c.obj
                0x20000800                htim2
 .bss.htim1     0x20000848       0x48 CMakeFiles/smart_car.elf.dir/Core/Src/main.c.obj
                0x20000848                htim1
 .bss.__sbrk_heap_end
                0x20000890        0x4 CMakeFiles/smart_car.elf.dir/Core/Src/sysmem.c.obj
 .bss.uwTick    0x20000894        0x4 CMakeFiles/smart_car.elf.dir/Drivers/STM32F1xx_HAL_Driver/Src/stm32f1xx_hal.c.obj
                0x20000894                uwTick
 .bss.__sf      0x20000898      0x138 d:/install/arm-none-eabi/bin/../lib/gcc/arm-none-eabi/12.3.1/thumb/v7-m/nofp\libg.a(libc_a-findfp.o)
                0x20000898                __sf
 .bss.__stdio_exit_handler
                0x200009d0        0x4 d:/install/arm-none-eabi/bin/../lib/gcc/arm-none-eabi/12.3.1/thumb/v7-m/nofp\libg.a(libc_a-findfp.o)
                0x200009d0                __stdio_exit_handler
 .bss.errno     0x200009d4        0x4 d:/install/arm-none-eabi/bin/../lib/gcc/arm-none-eabi/12.3.1/thumb/v7-m/nofp\libg.a(libc_a-reent.o)
                0x200009d4                errno
 .bss.__lock___malloc_recursive_mutex
                0x200009d8        0x1 d:/install/arm-none-eabi/bin/../lib/gcc/arm-none-eabi/12.3.1/thumb/v7-m/nofp\libg.a(libc_a-lock.o)
                0x200009d8                __lock___malloc_recursive_mutex
 *fill*         0x200009d9        0x3 
 .bss.__lock___atexit_recursive_mutex
                0x200009dc        0x1 d:/install/arm-none-eabi/bin/../lib/gcc/arm-none-eabi/12.3.1/thumb/v7-m/nofp\libg.a(libc_a-lock.o)
                0x200009dc                __lock___atexit_recursive_mutex
 *fill*         0x200009dd        0x3 
 .bss.__lock___sfp_recursive_mutex
                0x200009e0        0x1 d:/install/arm-none-eabi/bin/../lib/gcc/arm-none-eabi/12.3.1/thumb/v7-m/nofp\libg.a(libc_a-lock.o)
                0x200009e0                __lock___sfp_recursive_mutex
 *fill*         0x200009e1        0x3 
 .bss.__atexit  0x200009e4        0x4 d:/install/arm-none-eabi/bin/../lib/gcc/arm-none-eabi/12.3.1/thumb/v7-m/nofp\libg.a(libc_a-__call_atexit.o)
                0x200009e4                __atexit
 .bss.__malloc_current_mallinfo
                0x200009e8       0x28 d:/install/arm-none-eabi/bin/../lib/gcc/arm-none-eabi/12.3.1/thumb/v7-m/nofp\libg.a(libc_a-mallocr.o)
                0x200009e8                __malloc_current_mallinfo
 .bss.__malloc_max_total_mem
                0x20000a10        0x4 d:/install/arm-none-eabi/bin/../lib/gcc/arm-none-eabi/12.3.1/thumb/v7-m/nofp\libg.a(libc_a-mallocr.o)
                0x20000a10                __malloc_max_total_mem
 .bss.__malloc_max_sbrked_mem
                0x20000a14        0x4 d:/install/arm-none-eabi/bin/../lib/gcc/arm-none-eabi/12.3.1/thumb/v7-m/nofp\libg.a(libc_a-mallocr.o)
                0x20000a14                __malloc_max_sbrked_mem
 .bss.__malloc_top_pad
                0x20000a18        0x4 d:/install/arm-none-eabi/bin/../lib/gcc/arm-none-eabi/12.3.1/thumb/v7-m/nofp\libg.a(libc_a-mallocr.o)
                0x20000a18                __malloc_top_pad
 .bss.__atexit0
                0x20000a1c      0x190 d:/install/arm-none-eabi/bin/../lib/gcc/arm-none-eabi/12.3.1/thumb/v7-m/nofp\libg.a(libc_a-__atexit.o)
                0x20000a1c                __atexit0
 *(COMMON)
                0x20000bac                        . = ALIGN (0x4)
                0x20000bac                        _ebss = .
                0x20000bac                        __bss_end__ = _ebss

._user_heap_stack
                0x20000bac      0x604 load address 0x0800a014
                0x20000bb0                        . = ALIGN (0x8)
 *fill*         0x20000bac        0x4 
                [!provide]                        PROVIDE (end = .)
                0x20000bb0                        PROVIDE (_end = .)
                0x20000db0                        . = (. + _Min_Heap_Size)
 *fill*         0x20000bb0      0x200 
                0x200011b0                        . = (. + _Min_Stack_Size)
 *fill*         0x20000db0      0x400 
                0x200011b0                        . = ALIGN (0x8)

/DISCARD/
 libc.a(*)
 libm.a(*)
 libgcc.a(*)

.ARM.attributes
                0x00000000       0x29
 *(.ARM.attributes)
 .ARM.attributes
                0x00000000       0x1d d:/install/arm-none-eabi/bin/../lib/gcc/arm-none-eabi/12.3.1/thumb/v7-m/nofp/crti.o
 .ARM.attributes
                0x0000001d       0x2d d:/install/arm-none-eabi/bin/../lib/gcc/arm-none-eabi/12.3.1/thumb/v7-m/nofp/crtbegin.o
 .ARM.attributes
                0x0000004a       0x2d CMakeFiles/smart_car.elf.dir/Core/Src/beeper.c.obj
 .ARM.attributes
                0x00000077       0x2d CMakeFiles/smart_car.elf.dir/Core/Src/delay.c.obj
 .ARM.attributes
                0x000000a4       0x2d CMakeFiles/smart_car.elf.dir/Core/Src/fan.c.obj
 .ARM.attributes
                0x000000d1       0x2d CMakeFiles/smart_car.elf.dir/Core/Src/hc_sr04.c.obj
 .ARM.attributes
                0x000000fe       0x2d CMakeFiles/smart_car.elf.dir/Core/Src/main.c.obj
 .ARM.attributes
                0x0000012b       0x2d CMakeFiles/smart_car.elf.dir/Core/Src/printf_redirect.c.obj
 .ARM.attributes
                0x00000158       0x2d CMakeFiles/smart_car.elf.dir/Core/Src/schedule.c.obj
 .ARM.attributes
                0x00000185       0x2d CMakeFiles/smart_car.elf.dir/Core/Src/stm32f1xx_hal_msp.c.obj
 .ARM.attributes
                0x000001b2       0x2d CMakeFiles/smart_car.elf.dir/Core/Src/stm32f1xx_it.c.obj
 .ARM.attributes
                0x000001df       0x2d CMakeFiles/smart_car.elf.dir/Core/Src/syscalls.c.obj
 .ARM.attributes
                0x0000020c       0x2d CMakeFiles/smart_car.elf.dir/Core/Src/sysmem.c.obj
 .ARM.attributes
                0x00000239       0x2d CMakeFiles/smart_car.elf.dir/Core/Src/system_stm32f1xx.c.obj
 .ARM.attributes
                0x00000266       0x21 CMakeFiles/smart_car.elf.dir/Core/Startup/startup_stm32f103c8tx.s.obj
 .ARM.attributes
                0x00000287       0x2d CMakeFiles/smart_car.elf.dir/Drivers/STM32F1xx_HAL_Driver/Src/stm32f1xx_hal.c.obj
 .ARM.attributes
                0x000002b4       0x2d CMakeFiles/smart_car.elf.dir/Drivers/STM32F1xx_HAL_Driver/Src/stm32f1xx_hal_cortex.c.obj
 .ARM.attributes
                0x000002e1       0x2d CMakeFiles/smart_car.elf.dir/Drivers/STM32F1xx_HAL_Driver/Src/stm32f1xx_hal_gpio.c.obj
 .ARM.attributes
                0x0000030e       0x2d CMakeFiles/smart_car.elf.dir/Drivers/STM32F1xx_HAL_Driver/Src/stm32f1xx_hal_rcc.c.obj
 .ARM.attributes
                0x0000033b       0x2d CMakeFiles/smart_car.elf.dir/Drivers/STM32F1xx_HAL_Driver/Src/stm32f1xx_hal_tim.c.obj
 .ARM.attributes
                0x00000368       0x2d CMakeFiles/smart_car.elf.dir/Drivers/STM32F1xx_HAL_Driver/Src/stm32f1xx_hal_tim_ex.c.obj
 .ARM.attributes
                0x00000395       0x2d CMakeFiles/smart_car.elf.dir/Drivers/STM32F1xx_HAL_Driver/Src/stm32f1xx_hal_uart.c.obj
 .ARM.attributes
                0x000003c2       0x1d d:/install/arm-none-eabi/bin/../lib/gcc/arm-none-eabi/12.3.1/thumb/v7-m/nofp\libgcc.a(_arm_addsubdf3.o)
 .ARM.attributes
                0x000003df       0x1d d:/install/arm-none-eabi/bin/../lib/gcc/arm-none-eabi/12.3.1/thumb/v7-m/nofp\libgcc.a(_arm_muldivdf3.o)
 .ARM.attributes
                0x000003fc       0x1d d:/install/arm-none-eabi/bin/../lib/gcc/arm-none-eabi/12.3.1/thumb/v7-m/nofp\libgcc.a(_arm_truncdfsf2.o)
 .ARM.attributes
                0x00000419       0x1d d:/install/arm-none-eabi/bin/../lib/gcc/arm-none-eabi/12.3.1/thumb/v7-m/nofp\libgcc.a(_arm_addsubsf3.o)
 .ARM.attributes
                0x00000436       0x1d d:/install/arm-none-eabi/bin/../lib/gcc/arm-none-eabi/12.3.1/thumb/v7-m/nofp\libgcc.a(_arm_muldivsf3.o)
 .ARM.attributes
                0x00000453       0x1d d:/install/arm-none-eabi/bin/../lib/gcc/arm-none-eabi/12.3.1/thumb/v7-m/nofp\libgcc.a(_arm_fixsfsi.o)
 .ARM.attributes
                0x00000470       0x1d d:/install/arm-none-eabi/bin/../lib/gcc/arm-none-eabi/12.3.1/thumb/v7-m/nofp\libgcc.a(_arm_fixunssfsi.o)
 .ARM.attributes
                0x0000048d       0x2d d:/install/arm-none-eabi/bin/../lib/gcc/arm-none-eabi/12.3.1/thumb/v7-m/nofp\libg.a(libc_a-findfp.o)
 .ARM.attributes
                0x000004ba       0x2d d:/install/arm-none-eabi/bin/../lib/gcc/arm-none-eabi/12.3.1/thumb/v7-m/nofp\libg.a(libc_a-fwalk.o)
 .ARM.attributes
                0x000004e7       0x2d d:/install/arm-none-eabi/bin/../lib/gcc/arm-none-eabi/12.3.1/thumb/v7-m/nofp\libg.a(libc_a-printf.o)
 .ARM.attributes
                0x00000514       0x2d d:/install/arm-none-eabi/bin/../lib/gcc/arm-none-eabi/12.3.1/thumb/v7-m/nofp\libg.a(libc_a-stdio.o)
 .ARM.attributes
                0x00000541       0x2d d:/install/arm-none-eabi/bin/../lib/gcc/arm-none-eabi/12.3.1/thumb/v7-m/nofp\libg.a(libc_a-memset.o)
 .ARM.attributes
                0x0000056e       0x2d d:/install/arm-none-eabi/bin/../lib/gcc/arm-none-eabi/12.3.1/thumb/v7-m/nofp\libg.a(libc_a-closer.o)
 .ARM.attributes
                0x0000059b       0x2d d:/install/arm-none-eabi/bin/../lib/gcc/arm-none-eabi/12.3.1/thumb/v7-m/nofp\libg.a(libc_a-reent.o)
 .ARM.attributes
                0x000005c8       0x2d d:/install/arm-none-eabi/bin/../lib/gcc/arm-none-eabi/12.3.1/thumb/v7-m/nofp\libg.a(libc_a-impure.o)
 .ARM.attributes
                0x000005f5       0x2d d:/install/arm-none-eabi/bin/../lib/gcc/arm-none-eabi/12.3.1/thumb/v7-m/nofp\libg.a(libc_a-lseekr.o)
 .ARM.attributes
                0x00000622       0x2d d:/install/arm-none-eabi/bin/../lib/gcc/arm-none-eabi/12.3.1/thumb/v7-m/nofp\libg.a(libc_a-readr.o)
 .ARM.attributes
                0x0000064f       0x2d d:/install/arm-none-eabi/bin/../lib/gcc/arm-none-eabi/12.3.1/thumb/v7-m/nofp\libg.a(libc_a-writer.o)
 .ARM.attributes
                0x0000067c       0x2d d:/install/arm-none-eabi/bin/../lib/gcc/arm-none-eabi/12.3.1/thumb/v7-m/nofp\libg.a(libc_a-errno.o)
 .ARM.attributes
                0x000006a9       0x2d d:/install/arm-none-eabi/bin/../lib/gcc/arm-none-eabi/12.3.1/thumb/v7-m/nofp\libg.a(libc_a-init.o)
 .ARM.attributes
                0x000006d6       0x2d d:/install/arm-none-eabi/bin/../lib/gcc/arm-none-eabi/12.3.1/thumb/v7-m/nofp\libg.a(libc_a-lock.o)
 .ARM.attributes
                0x00000703       0x2d d:/install/arm-none-eabi/bin/../lib/gcc/arm-none-eabi/12.3.1/thumb/v7-m/nofp\libg.a(libc_a-__call_atexit.o)
 .ARM.attributes
                0x00000730       0x2d d:/install/arm-none-eabi/bin/../lib/gcc/arm-none-eabi/12.3.1/thumb/v7-m/nofp\libg.a(libc_a-atexit.o)
 .ARM.attributes
                0x0000075d       0x2d d:/install/arm-none-eabi/bin/../lib/gcc/arm-none-eabi/12.3.1/thumb/v7-m/nofp\libg.a(libc_a-freer.o)
 .ARM.attributes
                0x0000078a       0x2d d:/install/arm-none-eabi/bin/../lib/gcc/arm-none-eabi/12.3.1/thumb/v7-m/nofp\libg.a(libc_a-mallocr.o)
 .ARM.attributes
                0x000007b7       0x2d d:/install/arm-none-eabi/bin/../lib/gcc/arm-none-eabi/12.3.1/thumb/v7-m/nofp\libg.a(libc_a-mlock.o)
 .ARM.attributes
                0x000007e4       0x2d d:/install/arm-none-eabi/bin/../lib/gcc/arm-none-eabi/12.3.1/thumb/v7-m/nofp\libg.a(libc_a-vfprintf.o)
 .ARM.attributes
                0x00000811       0x2d d:/install/arm-none-eabi/bin/../lib/gcc/arm-none-eabi/12.3.1/thumb/v7-m/nofp\libg.a(libc_a-vfiprintf.o)
 .ARM.attributes
                0x0000083e       0x2d d:/install/arm-none-eabi/bin/../lib/gcc/arm-none-eabi/12.3.1/thumb/v7-m/nofp\libg.a(libc_a-fclose.o)
 .ARM.attributes
                0x0000086b       0x2d d:/install/arm-none-eabi/bin/../lib/gcc/arm-none-eabi/12.3.1/thumb/v7-m/nofp\libg.a(libc_a-fflush.o)
 .ARM.attributes
                0x00000898       0x2d d:/install/arm-none-eabi/bin/../lib/gcc/arm-none-eabi/12.3.1/thumb/v7-m/nofp\libg.a(libc_a-fvwrite.o)
 .ARM.attributes
                0x000008c5       0x2d d:/install/arm-none-eabi/bin/../lib/gcc/arm-none-eabi/12.3.1/thumb/v7-m/nofp\libg.a(libc_a-wsetup.o)
 .ARM.attributes
                0x000008f2       0x2d d:/install/arm-none-eabi/bin/../lib/gcc/arm-none-eabi/12.3.1/thumb/v7-m/nofp\libg.a(libc_a-fputwc.o)
 .ARM.attributes
                0x0000091f       0x2d d:/install/arm-none-eabi/bin/../lib/gcc/arm-none-eabi/12.3.1/thumb/v7-m/nofp\libg.a(libc_a-memmove.o)
 .ARM.attributes
                0x0000094c       0x2d d:/install/arm-none-eabi/bin/../lib/gcc/arm-none-eabi/12.3.1/thumb/v7-m/nofp\libg.a(libc_a-strncpy.o)
 .ARM.attributes
                0x00000979       0x2d d:/install/arm-none-eabi/bin/../lib/gcc/arm-none-eabi/12.3.1/thumb/v7-m/nofp\libg.a(libc_a-locale.o)
 .ARM.attributes
                0x000009a6       0x2d d:/install/arm-none-eabi/bin/../lib/gcc/arm-none-eabi/12.3.1/thumb/v7-m/nofp\libg.a(libc_a-localeconv.o)
 .ARM.attributes
                0x000009d3       0x2d d:/install/arm-none-eabi/bin/../lib/gcc/arm-none-eabi/12.3.1/thumb/v7-m/nofp\libg.a(libc_a-sbrkr.o)
 .ARM.attributes
                0x00000a00       0x2d d:/install/arm-none-eabi/bin/../lib/gcc/arm-none-eabi/12.3.1/thumb/v7-m/nofp\libg.a(libc_a-fini.o)
 .ARM.attributes
                0x00000a2d       0x2d d:/install/arm-none-eabi/bin/../lib/gcc/arm-none-eabi/12.3.1/thumb/v7-m/nofp\libg.a(libc_a-sysconf.o)
 .ARM.attributes
                0x00000a5a       0x2d d:/install/arm-none-eabi/bin/../lib/gcc/arm-none-eabi/12.3.1/thumb/v7-m/nofp\libg.a(libc_a-memchr-stub.o)
 .ARM.attributes
                0x00000a87       0x1b d:/install/arm-none-eabi/bin/../lib/gcc/arm-none-eabi/12.3.1/thumb/v7-m/nofp\libg.a(libc_a-memcpy.o)
 .ARM.attributes
                0x00000aa2       0x2d d:/install/arm-none-eabi/bin/../lib/gcc/arm-none-eabi/12.3.1/thumb/v7-m/nofp\libg.a(libc_a-strlen-stub.o)
 .ARM.attributes
                0x00000acf       0x2d d:/install/arm-none-eabi/bin/../lib/gcc/arm-none-eabi/12.3.1/thumb/v7-m/nofp\libg.a(libm_a-s_frexp.o)
 .ARM.attributes
                0x00000afc       0x2d d:/install/arm-none-eabi/bin/../lib/gcc/arm-none-eabi/12.3.1/thumb/v7-m/nofp\libg.a(libc_a-__atexit.o)
 .ARM.attributes
                0x00000b29       0x2d d:/install/arm-none-eabi/bin/../lib/gcc/arm-none-eabi/12.3.1/thumb/v7-m/nofp\libg.a(libc_a-dtoa.o)
 .ARM.attributes
                0x00000b56       0x2d d:/install/arm-none-eabi/bin/../lib/gcc/arm-none-eabi/12.3.1/thumb/v7-m/nofp\libg.a(libc_a-mbtowc_r.o)
 .ARM.attributes
                0x00000b83       0x2d d:/install/arm-none-eabi/bin/../lib/gcc/arm-none-eabi/12.3.1/thumb/v7-m/nofp\libg.a(libc_a-mprec.o)
 .ARM.attributes
                0x00000bb0       0x2d d:/install/arm-none-eabi/bin/../lib/gcc/arm-none-eabi/12.3.1/thumb/v7-m/nofp\libg.a(libc_a-reallocr.o)
 .ARM.attributes
                0x00000bdd       0x2d d:/install/arm-none-eabi/bin/../lib/gcc/arm-none-eabi/12.3.1/thumb/v7-m/nofp\libg.a(libc_a-wctomb_r.o)
 .ARM.attributes
                0x00000c0a       0x2d d:/install/arm-none-eabi/bin/../lib/gcc/arm-none-eabi/12.3.1/thumb/v7-m/nofp\libg.a(libc_a-wcrtomb.o)
 .ARM.attributes
                0x00000c37       0x2d d:/install/arm-none-eabi/bin/../lib/gcc/arm-none-eabi/12.3.1/thumb/v7-m/nofp\libg.a(libc_a-wcsrtombs.o)
 .ARM.attributes
                0x00000c64       0x2d d:/install/arm-none-eabi/bin/../lib/gcc/arm-none-eabi/12.3.1/thumb/v7-m/nofp\libg.a(libc_a-ctype_.o)
 .ARM.attributes
                0x00000c91       0x2d d:/install/arm-none-eabi/bin/../lib/gcc/arm-none-eabi/12.3.1/thumb/v7-m/nofp\libg.a(libc_a-makebuf.o)
 .ARM.attributes
                0x00000cbe       0x2d d:/install/arm-none-eabi/bin/../lib/gcc/arm-none-eabi/12.3.1/thumb/v7-m/nofp\libg.a(libc_a-wbuf.o)
 .ARM.attributes
                0x00000ceb       0x2d d:/install/arm-none-eabi/bin/../lib/gcc/arm-none-eabi/12.3.1/thumb/v7-m/nofp\libg.a(libc_a-fstatr.o)
 .ARM.attributes
                0x00000d18       0x2d d:/install/arm-none-eabi/bin/../lib/gcc/arm-none-eabi/12.3.1/thumb/v7-m/nofp\libg.a(libc_a-isattyr.o)
 .ARM.attributes
                0x00000d45       0x2d d:/install/arm-none-eabi/bin/../lib/gcc/arm-none-eabi/12.3.1/thumb/v7-m/nofp\libg.a(libc_a-assert.o)
 .ARM.attributes
                0x00000d72       0x2d d:/install/arm-none-eabi/bin/../lib/gcc/arm-none-eabi/12.3.1/thumb/v7-m/nofp\libg.a(libc_a-callocr.o)
 .ARM.attributes
                0x00000d9f       0x2d d:/install/arm-none-eabi/bin/../lib/gcc/arm-none-eabi/12.3.1/thumb/v7-m/nofp\libg.a(libc_a-wcsnrtombs.o)
 .ARM.attributes
                0x00000dcc       0x2d d:/install/arm-none-eabi/bin/../lib/gcc/arm-none-eabi/12.3.1/thumb/v7-m/nofp\libg.a(libc_a-fiprintf.o)
 .ARM.attributes
                0x00000df9       0x2d d:/install/arm-none-eabi/bin/../lib/gcc/arm-none-eabi/12.3.1/thumb/v7-m/nofp\libg.a(libc_a-abort.o)
 .ARM.attributes
                0x00000e26       0x2d d:/install/arm-none-eabi/bin/../lib/gcc/arm-none-eabi/12.3.1/thumb/v7-m/nofp\libg.a(libc_a-signal.o)
 .ARM.attributes
                0x00000e53       0x2d d:/install/arm-none-eabi/bin/../lib/gcc/arm-none-eabi/12.3.1/thumb/v7-m/nofp\libg.a(libc_a-signalr.o)
 .ARM.attributes
                0x00000e80       0x1d d:/install/arm-none-eabi/bin/../lib/gcc/arm-none-eabi/12.3.1/thumb/v7-m/nofp\libgcc.a(_arm_cmpdf2.o)
 .ARM.attributes
                0x00000e9d       0x1d d:/install/arm-none-eabi/bin/../lib/gcc/arm-none-eabi/12.3.1/thumb/v7-m/nofp\libgcc.a(_arm_unorddf2.o)
 .ARM.attributes
                0x00000eba       0x1d d:/install/arm-none-eabi/bin/../lib/gcc/arm-none-eabi/12.3.1/thumb/v7-m/nofp\libgcc.a(_arm_fixdfsi.o)
 .ARM.attributes
                0x00000ed7       0x2d d:/install/arm-none-eabi/bin/../lib/gcc/arm-none-eabi/12.3.1/thumb/v7-m/nofp/crtend.o
 .ARM.attributes
                0x00000f04       0x1d d:/install/arm-none-eabi/bin/../lib/gcc/arm-none-eabi/12.3.1/thumb/v7-m/nofp/crtn.o
OUTPUT(smart_car.elf elf32-littlearm)
LOAD linker stubs
LOAD d:/install/arm-none-eabi/bin/../lib/gcc/arm-none-eabi/12.3.1/thumb/v7-m/nofp\libc.a
LOAD d:/install/arm-none-eabi/bin/../lib/gcc/arm-none-eabi/12.3.1/thumb/v7-m/nofp\libm.a
LOAD d:/install/arm-none-eabi/bin/../lib/gcc/arm-none-eabi/12.3.1/thumb/v7-m/nofp\libgcc.a

.debug_info     0x00000000    0x1108e
 .debug_info    0x00000000      0x45c CMakeFiles/smart_car.elf.dir/Core/Src/beeper.c.obj
 .debug_info    0x0000045c      0x287 CMakeFiles/smart_car.elf.dir/Core/Src/delay.c.obj
 .debug_info    0x000006e3      0x1c2 CMakeFiles/smart_car.elf.dir/Core/Src/fan.c.obj
 .debug_info    0x000008a5      0x50d CMakeFiles/smart_car.elf.dir/Core/Src/hc_sr04.c.obj
 .debug_info    0x00000db2     0x1788 CMakeFiles/smart_car.elf.dir/Core/Src/main.c.obj
 .debug_info    0x0000253a      0x5fc CMakeFiles/smart_car.elf.dir/Core/Src/printf_redirect.c.obj
 .debug_info    0x00002b36      0x8ac CMakeFiles/smart_car.elf.dir/Core/Src/schedule.c.obj
 .debug_info    0x000033e2      0xf4a CMakeFiles/smart_car.elf.dir/Core/Src/stm32f1xx_hal_msp.c.obj
 .debug_info    0x0000432c      0x7af CMakeFiles/smart_car.elf.dir/Core/Src/stm32f1xx_it.c.obj
 .debug_info    0x00004adb      0x783 CMakeFiles/smart_car.elf.dir/Core/Src/syscalls.c.obj
 .debug_info    0x0000525e      0x171 CMakeFiles/smart_car.elf.dir/Core/Src/sysmem.c.obj
 .debug_info    0x000053cf      0x22d CMakeFiles/smart_car.elf.dir/Core/Src/system_stm32f1xx.c.obj
 .debug_info    0x000055fc       0x30 CMakeFiles/smart_car.elf.dir/Core/Startup/startup_stm32f103c8tx.s.obj
 .debug_info    0x0000562c      0x7a2 CMakeFiles/smart_car.elf.dir/Drivers/STM32F1xx_HAL_Driver/Src/stm32f1xx_hal.c.obj
 .debug_info    0x00005dce      0xcad CMakeFiles/smart_car.elf.dir/Drivers/STM32F1xx_HAL_Driver/Src/stm32f1xx_hal_cortex.c.obj
 .debug_info    0x00006a7b      0x604 CMakeFiles/smart_car.elf.dir/Drivers/STM32F1xx_HAL_Driver/Src/stm32f1xx_hal_gpio.c.obj
 .debug_info    0x0000707f      0x9c7 CMakeFiles/smart_car.elf.dir/Drivers/STM32F1xx_HAL_Driver/Src/stm32f1xx_hal_rcc.c.obj
 .debug_info    0x00007a46     0x3b74 CMakeFiles/smart_car.elf.dir/Drivers/STM32F1xx_HAL_Driver/Src/stm32f1xx_hal_tim.c.obj
 .debug_info    0x0000b5ba     0x1a88 CMakeFiles/smart_car.elf.dir/Drivers/STM32F1xx_HAL_Driver/Src/stm32f1xx_hal_tim_ex.c.obj
 .debug_info    0x0000d042     0x404c CMakeFiles/smart_car.elf.dir/Drivers/STM32F1xx_HAL_Driver/Src/stm32f1xx_hal_uart.c.obj

.debug_abbrev   0x00000000     0x271a
 .debug_abbrev  0x00000000      0x1bb CMakeFiles/smart_car.elf.dir/Core/Src/beeper.c.obj
 .debug_abbrev  0x000001bb      0x149 CMakeFiles/smart_car.elf.dir/Core/Src/delay.c.obj
 .debug_abbrev  0x00000304      0x107 CMakeFiles/smart_car.elf.dir/Core/Src/fan.c.obj
 .debug_abbrev  0x0000040b      0x216 CMakeFiles/smart_car.elf.dir/Core/Src/hc_sr04.c.obj
 .debug_abbrev  0x00000621      0x2f2 CMakeFiles/smart_car.elf.dir/Core/Src/main.c.obj
 .debug_abbrev  0x00000913      0x186 CMakeFiles/smart_car.elf.dir/Core/Src/printf_redirect.c.obj
 .debug_abbrev  0x00000a99      0x20c CMakeFiles/smart_car.elf.dir/Core/Src/schedule.c.obj
 .debug_abbrev  0x00000ca5      0x265 CMakeFiles/smart_car.elf.dir/Core/Src/stm32f1xx_hal_msp.c.obj
 .debug_abbrev  0x00000f0a      0x1d3 CMakeFiles/smart_car.elf.dir/Core/Src/stm32f1xx_it.c.obj
 .debug_abbrev  0x000010dd      0x1c1 CMakeFiles/smart_car.elf.dir/Core/Src/syscalls.c.obj
 .debug_abbrev  0x0000129e       0xea CMakeFiles/smart_car.elf.dir/Core/Src/sysmem.c.obj
 .debug_abbrev  0x00001388      0x143 CMakeFiles/smart_car.elf.dir/Core/Src/system_stm32f1xx.c.obj
 .debug_abbrev  0x000014cb       0x24 CMakeFiles/smart_car.elf.dir/Core/Startup/startup_stm32f103c8tx.s.obj
 .debug_abbrev  0x000014ef      0x22d CMakeFiles/smart_car.elf.dir/Drivers/STM32F1xx_HAL_Driver/Src/stm32f1xx_hal.c.obj
 .debug_abbrev  0x0000171c      0x36d CMakeFiles/smart_car.elf.dir/Drivers/STM32F1xx_HAL_Driver/Src/stm32f1xx_hal_cortex.c.obj
 .debug_abbrev  0x00001a89      0x1f7 CMakeFiles/smart_car.elf.dir/Drivers/STM32F1xx_HAL_Driver/Src/stm32f1xx_hal_gpio.c.obj
 .debug_abbrev  0x00001c80      0x2a0 CMakeFiles/smart_car.elf.dir/Drivers/STM32F1xx_HAL_Driver/Src/stm32f1xx_hal_rcc.c.obj
 .debug_abbrev  0x00001f20      0x270 CMakeFiles/smart_car.elf.dir/Drivers/STM32F1xx_HAL_Driver/Src/stm32f1xx_hal_tim.c.obj
 .debug_abbrev  0x00002190      0x26e CMakeFiles/smart_car.elf.dir/Drivers/STM32F1xx_HAL_Driver/Src/stm32f1xx_hal_tim_ex.c.obj
 .debug_abbrev  0x000023fe      0x31c CMakeFiles/smart_car.elf.dir/Drivers/STM32F1xx_HAL_Driver/Src/stm32f1xx_hal_uart.c.obj

.debug_loclists
                0x00000000     0x8286
 .debug_loclists
                0x00000000       0x41 CMakeFiles/smart_car.elf.dir/Core/Src/beeper.c.obj
 .debug_loclists
                0x00000041       0xf6 CMakeFiles/smart_car.elf.dir/Core/Src/delay.c.obj
 .debug_loclists
                0x00000137       0x4a CMakeFiles/smart_car.elf.dir/Core/Src/hc_sr04.c.obj
 .debug_loclists
                0x00000181       0x55 CMakeFiles/smart_car.elf.dir/Core/Src/printf_redirect.c.obj
 .debug_loclists
                0x000001d6       0x35 CMakeFiles/smart_car.elf.dir/Core/Src/schedule.c.obj
 .debug_loclists
                0x0000020b       0xf3 CMakeFiles/smart_car.elf.dir/Core/Src/stm32f1xx_hal_msp.c.obj
 .debug_loclists
                0x000002fe      0x25b CMakeFiles/smart_car.elf.dir/Core/Src/syscalls.c.obj
 .debug_loclists
                0x00000559       0x46 CMakeFiles/smart_car.elf.dir/Core/Src/sysmem.c.obj
 .debug_loclists
                0x0000059f       0xa5 CMakeFiles/smart_car.elf.dir/Core/Src/system_stm32f1xx.c.obj
 .debug_loclists
                0x00000644       0xc9 CMakeFiles/smart_car.elf.dir/Drivers/STM32F1xx_HAL_Driver/Src/stm32f1xx_hal.c.obj
 .debug_loclists
                0x0000070d      0x422 CMakeFiles/smart_car.elf.dir/Drivers/STM32F1xx_HAL_Driver/Src/stm32f1xx_hal_cortex.c.obj
 .debug_loclists
                0x00000b2f      0x2e8 CMakeFiles/smart_car.elf.dir/Drivers/STM32F1xx_HAL_Driver/Src/stm32f1xx_hal_gpio.c.obj
 .debug_loclists
                0x00000e17      0x3f8 CMakeFiles/smart_car.elf.dir/Drivers/STM32F1xx_HAL_Driver/Src/stm32f1xx_hal_rcc.c.obj
 .debug_loclists
                0x0000120f     0x3332 CMakeFiles/smart_car.elf.dir/Drivers/STM32F1xx_HAL_Driver/Src/stm32f1xx_hal_tim.c.obj
 .debug_loclists
                0x00004541     0x124c CMakeFiles/smart_car.elf.dir/Drivers/STM32F1xx_HAL_Driver/Src/stm32f1xx_hal_tim_ex.c.obj
 .debug_loclists
                0x0000578d     0x2af9 CMakeFiles/smart_car.elf.dir/Drivers/STM32F1xx_HAL_Driver/Src/stm32f1xx_hal_uart.c.obj

.debug_aranges  0x00000000      0xd38
 .debug_aranges
                0x00000000       0x38 CMakeFiles/smart_car.elf.dir/Core/Src/beeper.c.obj
 .debug_aranges
                0x00000038       0x38 CMakeFiles/smart_car.elf.dir/Core/Src/delay.c.obj
 .debug_aranges
                0x00000070       0x28 CMakeFiles/smart_car.elf.dir/Core/Src/fan.c.obj
 .debug_aranges
                0x00000098       0x48 CMakeFiles/smart_car.elf.dir/Core/Src/hc_sr04.c.obj
 .debug_aranges
                0x000000e0       0x60 CMakeFiles/smart_car.elf.dir/Core/Src/main.c.obj
 .debug_aranges
                0x00000140       0x20 CMakeFiles/smart_car.elf.dir/Core/Src/printf_redirect.c.obj
 .debug_aranges
                0x00000160       0x30 CMakeFiles/smart_car.elf.dir/Core/Src/schedule.c.obj
 .debug_aranges
                0x00000190       0x58 CMakeFiles/smart_car.elf.dir/Core/Src/stm32f1xx_hal_msp.c.obj
 .debug_aranges
                0x000001e8       0x70 CMakeFiles/smart_car.elf.dir/Core/Src/stm32f1xx_it.c.obj
 .debug_aranges
                0x00000258       0xa8 CMakeFiles/smart_car.elf.dir/Core/Src/syscalls.c.obj
 .debug_aranges
                0x00000300       0x20 CMakeFiles/smart_car.elf.dir/Core/Src/sysmem.c.obj
 .debug_aranges
                0x00000320       0x28 CMakeFiles/smart_car.elf.dir/Core/Src/system_stm32f1xx.c.obj
 .debug_aranges
                0x00000348       0x28 CMakeFiles/smart_car.elf.dir/Core/Startup/startup_stm32f103c8tx.s.obj
 .debug_aranges
                0x00000370       0xe0 CMakeFiles/smart_car.elf.dir/Drivers/STM32F1xx_HAL_Driver/Src/stm32f1xx_hal.c.obj
 .debug_aranges
                0x00000450       0xc0 CMakeFiles/smart_car.elf.dir/Drivers/STM32F1xx_HAL_Driver/Src/stm32f1xx_hal_cortex.c.obj
 .debug_aranges
                0x00000510       0x58 CMakeFiles/smart_car.elf.dir/Drivers/STM32F1xx_HAL_Driver/Src/stm32f1xx_hal_gpio.c.obj
 .debug_aranges
                0x00000568       0x90 CMakeFiles/smart_car.elf.dir/Drivers/STM32F1xx_HAL_Driver/Src/stm32f1xx_hal_rcc.c.obj
 .debug_aranges
                0x000005f8      0x3d0 CMakeFiles/smart_car.elf.dir/Drivers/STM32F1xx_HAL_Driver/Src/stm32f1xx_hal_tim.c.obj
 .debug_aranges
                0x000009c8      0x168 CMakeFiles/smart_car.elf.dir/Drivers/STM32F1xx_HAL_Driver/Src/stm32f1xx_hal_tim_ex.c.obj
 .debug_aranges
                0x00000b30      0x208 CMakeFiles/smart_car.elf.dir/Drivers/STM32F1xx_HAL_Driver/Src/stm32f1xx_hal_uart.c.obj

.debug_rnglists
                0x00000000      0x9ff
 .debug_rnglists
                0x00000000       0x26 CMakeFiles/smart_car.elf.dir/Core/Src/beeper.c.obj
 .debug_rnglists
                0x00000026       0x25 CMakeFiles/smart_car.elf.dir/Core/Src/delay.c.obj
 .debug_rnglists
                0x0000004b       0x19 CMakeFiles/smart_car.elf.dir/Core/Src/fan.c.obj
 .debug_rnglists
                0x00000064       0x32 CMakeFiles/smart_car.elf.dir/Core/Src/hc_sr04.c.obj
 .debug_rnglists
                0x00000096       0x47 CMakeFiles/smart_car.elf.dir/Core/Src/main.c.obj
 .debug_rnglists
                0x000000dd       0x13 CMakeFiles/smart_car.elf.dir/Core/Src/printf_redirect.c.obj
 .debug_rnglists
                0x000000f0       0x20 CMakeFiles/smart_car.elf.dir/Core/Src/schedule.c.obj
 .debug_rnglists
                0x00000110       0x3e CMakeFiles/smart_car.elf.dir/Core/Src/stm32f1xx_hal_msp.c.obj
 .debug_rnglists
                0x0000014e       0x4f CMakeFiles/smart_car.elf.dir/Core/Src/stm32f1xx_it.c.obj
 .debug_rnglists
                0x0000019d       0x79 CMakeFiles/smart_car.elf.dir/Core/Src/syscalls.c.obj
 .debug_rnglists
                0x00000216       0x13 CMakeFiles/smart_car.elf.dir/Core/Src/sysmem.c.obj
 .debug_rnglists
                0x00000229       0x1a CMakeFiles/smart_car.elf.dir/Core/Src/system_stm32f1xx.c.obj
 .debug_rnglists
                0x00000243       0x19 CMakeFiles/smart_car.elf.dir/Core/Startup/startup_stm32f103c8tx.s.obj
 .debug_rnglists
                0x0000025c       0xa3 CMakeFiles/smart_car.elf.dir/Drivers/STM32F1xx_HAL_Driver/Src/stm32f1xx_hal.c.obj
 .debug_rnglists
                0x000002ff       0x8b CMakeFiles/smart_car.elf.dir/Drivers/STM32F1xx_HAL_Driver/Src/stm32f1xx_hal_cortex.c.obj
 .debug_rnglists
                0x0000038a       0x3f CMakeFiles/smart_car.elf.dir/Drivers/STM32F1xx_HAL_Driver/Src/stm32f1xx_hal_gpio.c.obj
 .debug_rnglists
                0x000003c9       0x7d CMakeFiles/smart_car.elf.dir/Drivers/STM32F1xx_HAL_Driver/Src/stm32f1xx_hal_rcc.c.obj
 .debug_rnglists
                0x00000446      0x2fe CMakeFiles/smart_car.elf.dir/Drivers/STM32F1xx_HAL_Driver/Src/stm32f1xx_hal_tim.c.obj
 .debug_rnglists
                0x00000744      0x11a CMakeFiles/smart_car.elf.dir/Drivers/STM32F1xx_HAL_Driver/Src/stm32f1xx_hal_tim_ex.c.obj
 .debug_rnglists
                0x0000085e      0x1a1 CMakeFiles/smart_car.elf.dir/Drivers/STM32F1xx_HAL_Driver/Src/stm32f1xx_hal_uart.c.obj

.debug_line     0x00000000     0xef9a
 .debug_line    0x00000000      0x269 CMakeFiles/smart_car.elf.dir/Core/Src/beeper.c.obj
 .debug_line    0x00000269      0x288 CMakeFiles/smart_car.elf.dir/Core/Src/delay.c.obj
 .debug_line    0x000004f1      0x1bc CMakeFiles/smart_car.elf.dir/Core/Src/fan.c.obj
 .debug_line    0x000006ad      0x3ba CMakeFiles/smart_car.elf.dir/Core/Src/hc_sr04.c.obj
 .debug_line    0x00000a67      0x8d7 CMakeFiles/smart_car.elf.dir/Core/Src/main.c.obj
 .debug_line    0x0000133e      0x1e7 CMakeFiles/smart_car.elf.dir/Core/Src/printf_redirect.c.obj
 .debug_line    0x00001525      0x2e5 CMakeFiles/smart_car.elf.dir/Core/Src/schedule.c.obj
 .debug_line    0x0000180a      0x491 CMakeFiles/smart_car.elf.dir/Core/Src/stm32f1xx_hal_msp.c.obj
 .debug_line    0x00001c9b      0x378 CMakeFiles/smart_car.elf.dir/Core/Src/stm32f1xx_it.c.obj
 .debug_line    0x00002013      0x3d0 CMakeFiles/smart_car.elf.dir/Core/Src/syscalls.c.obj
 .debug_line    0x000023e3      0x194 CMakeFiles/smart_car.elf.dir/Core/Src/sysmem.c.obj
 .debug_line    0x00002577      0x236 CMakeFiles/smart_car.elf.dir/Core/Src/system_stm32f1xx.c.obj
 .debug_line    0x000027ad       0x78 CMakeFiles/smart_car.elf.dir/Core/Startup/startup_stm32f103c8tx.s.obj
 .debug_line    0x00002825      0x55e CMakeFiles/smart_car.elf.dir/Drivers/STM32F1xx_HAL_Driver/Src/stm32f1xx_hal.c.obj
 .debug_line    0x00002d83      0x6e1 CMakeFiles/smart_car.elf.dir/Drivers/STM32F1xx_HAL_Driver/Src/stm32f1xx_hal_cortex.c.obj
 .debug_line    0x00003464      0x5bb CMakeFiles/smart_car.elf.dir/Drivers/STM32F1xx_HAL_Driver/Src/stm32f1xx_hal_gpio.c.obj
 .debug_line    0x00003a1f      0xc26 CMakeFiles/smart_car.elf.dir/Drivers/STM32F1xx_HAL_Driver/Src/stm32f1xx_hal_rcc.c.obj
 .debug_line    0x00004645     0x4917 CMakeFiles/smart_car.elf.dir/Drivers/STM32F1xx_HAL_Driver/Src/stm32f1xx_hal_tim.c.obj
 .debug_line    0x00008f5c     0x1c62 CMakeFiles/smart_car.elf.dir/Drivers/STM32F1xx_HAL_Driver/Src/stm32f1xx_hal_tim_ex.c.obj
 .debug_line    0x0000abbe     0x43dc CMakeFiles/smart_car.elf.dir/Drivers/STM32F1xx_HAL_Driver/Src/stm32f1xx_hal_uart.c.obj

.debug_str      0x00000000     0x3cf1
 .debug_str     0x00000000      0x2c6 CMakeFiles/smart_car.elf.dir/Core/Src/beeper.c.obj
                                0x32f (size before relaxing)
 .debug_str     0x000002c6       0xc4 CMakeFiles/smart_car.elf.dir/Core/Src/delay.c.obj
                                0x287 (size before relaxing)
 .debug_str     0x0000038a       0x3e CMakeFiles/smart_car.elf.dir/Core/Src/fan.c.obj
                                0x247 (size before relaxing)
 .debug_str     0x000003c8      0x19b CMakeFiles/smart_car.elf.dir/Core/Src/hc_sr04.c.obj
                                0x3f7 (size before relaxing)
 .debug_str     0x00000563      0xe95 CMakeFiles/smart_car.elf.dir/Core/Src/main.c.obj
                               0x1192 (size before relaxing)
 .debug_str     0x000013f8       0x5c CMakeFiles/smart_car.elf.dir/Core/Src/printf_redirect.c.obj
                                0x641 (size before relaxing)
 .debug_str     0x00001454       0xae CMakeFiles/smart_car.elf.dir/Core/Src/schedule.c.obj
                                0x8a2 (size before relaxing)
 .debug_str     0x00001502      0x12e CMakeFiles/smart_car.elf.dir/Core/Src/stm32f1xx_hal_msp.c.obj
                                0xd5e (size before relaxing)
 .debug_str     0x00001630      0x125 CMakeFiles/smart_car.elf.dir/Core/Src/stm32f1xx_it.c.obj
                                0x806 (size before relaxing)
 .debug_str     0x00001755      0x22e CMakeFiles/smart_car.elf.dir/Core/Src/syscalls.c.obj
                                0x42c (size before relaxing)
 .debug_str     0x00001983       0x92 CMakeFiles/smart_car.elf.dir/Core/Src/sysmem.c.obj
                                0x258 (size before relaxing)
 .debug_str     0x00001a15       0x9b CMakeFiles/smart_car.elf.dir/Core/Src/system_stm32f1xx.c.obj
                                0x294 (size before relaxing)
 .debug_str     0x00001ab0       0x61 CMakeFiles/smart_car.elf.dir/Core/Startup/startup_stm32f103c8tx.s.obj
                                 0xa5 (size before relaxing)
 .debug_str     0x00001b11      0x2ed CMakeFiles/smart_car.elf.dir/Drivers/STM32F1xx_HAL_Driver/Src/stm32f1xx_hal.c.obj
                                0x86e (size before relaxing)
 .debug_str     0x00001dfe      0x38f CMakeFiles/smart_car.elf.dir/Drivers/STM32F1xx_HAL_Driver/Src/stm32f1xx_hal_cortex.c.obj
                                0x913 (size before relaxing)
 .debug_str     0x0000218d       0xf0 CMakeFiles/smart_car.elf.dir/Drivers/STM32F1xx_HAL_Driver/Src/stm32f1xx_hal_gpio.c.obj
                                0x440 (size before relaxing)
 .debug_str     0x0000227d      0x211 CMakeFiles/smart_car.elf.dir/Drivers/STM32F1xx_HAL_Driver/Src/stm32f1xx_hal_rcc.c.obj
                                0x66b (size before relaxing)
 .debug_str     0x0000248e      0xdc9 CMakeFiles/smart_car.elf.dir/Drivers/STM32F1xx_HAL_Driver/Src/stm32f1xx_hal_tim.c.obj
                               0x16b5 (size before relaxing)
 .debug_str     0x00003257      0x459 CMakeFiles/smart_car.elf.dir/Drivers/STM32F1xx_HAL_Driver/Src/stm32f1xx_hal_tim_ex.c.obj