Archive member included to satisfy reference by file (symbol)

d:/install/arm-none-eabi/bin/../lib/gcc/arm-none-eabi/12.3.1/thumb/v7-m/nofp\libgcc.a(_arm_muldf3.o)
                              CMakeFiles/smart_car.elf.dir/Core/Src/hc_sr04.c.obj (__aeabi_dmul)
d:/install/arm-none-eabi/bin/../lib/gcc/arm-none-eabi/12.3.1/thumb/v7-m/nofp\libgcc.a(_arm_mulsf3.o)
                              CMakeFiles/smart_car.elf.dir/Core/Src/servor.c.obj (__aeabi_fmul)
d:/install/arm-none-eabi/bin/../lib/gcc/arm-none-eabi/12.3.1/thumb/v7-m/nofp\libgcc.a(_arm_addsubdf3.o)
                              CMakeFiles/smart_car.elf.dir/Core/Src/hc_sr04.c.obj (__aeabi_dadd)
d:/install/arm-none-eabi/bin/../lib/gcc/arm-none-eabi/12.3.1/thumb/v7-m/nofp\libgcc.a(_arm_muldivdf3.o)
                              CMakeFiles/smart_car.elf.dir/Core/Src/hc_sr04.c.obj (__aeabi_ddiv)
d:/install/arm-none-eabi/bin/../lib/gcc/arm-none-eabi/12.3.1/thumb/v7-m/nofp\libgcc.a(_arm_truncdfsf2.o)
                              CMakeFiles/smart_car.elf.dir/Core/Src/hc_sr04.c.obj (__aeabi_d2f)
d:/install/arm-none-eabi/bin/../lib/gcc/arm-none-eabi/12.3.1/thumb/v7-m/nofp\libgcc.a(_arm_addsubsf3.o)
                              CMakeFiles/smart_car.elf.dir/Core/Src/servor.c.obj (__aeabi_fadd)
d:/install/arm-none-eabi/bin/../lib/gcc/arm-none-eabi/12.3.1/thumb/v7-m/nofp\libgcc.a(_arm_muldivsf3.o)
                              CMakeFiles/smart_car.elf.dir/Core/Src/servor.c.obj (__aeabi_fdiv)
d:/install/arm-none-eabi/bin/../lib/gcc/arm-none-eabi/12.3.1/thumb/v7-m/nofp\libgcc.a(_arm_fixunssfsi.o)
                              CMakeFiles/smart_car.elf.dir/Core/Src/servor.c.obj (__aeabi_f2uiz)
d:/install/arm-none-eabi/bin/../lib/gcc/arm-none-eabi/12.3.1/thumb/v7-m/nofp\libg.a(libc_a-exit.o)
                              d:/install/arm-none-eabi/bin/../lib/gcc/arm-none-eabi/12.3.1/thumb/v7-m/nofp/crt0.o (exit)
d:/install/arm-none-eabi/bin/../lib/gcc/arm-none-eabi/12.3.1/thumb/v7-m/nofp\libg.a(libc_a-findfp.o)
                              d:/install/arm-none-eabi/bin/../lib/gcc/arm-none-eabi/12.3.1/thumb/v7-m/nofp\libg.a(libc_a-exit.o) (__stdio_exit_handler)
d:/install/arm-none-eabi/bin/../lib/gcc/arm-none-eabi/12.3.1/thumb/v7-m/nofp\libg.a(libc_a-fwalk.o)
                              d:/install/arm-none-eabi/bin/../lib/gcc/arm-none-eabi/12.3.1/thumb/v7-m/nofp\libg.a(libc_a-findfp.o) (_fwalk_sglue)
d:/install/arm-none-eabi/bin/../lib/gcc/arm-none-eabi/12.3.1/thumb/v7-m/nofp\libg.a(libc_a-printf.o)
                              CMakeFiles/smart_car.elf.dir/Core/Src/hc_sr04.c.obj (printf)
d:/install/arm-none-eabi/bin/../lib/gcc/arm-none-eabi/12.3.1/thumb/v7-m/nofp\libg.a(libc_a-stdio.o)
                              d:/install/arm-none-eabi/bin/../lib/gcc/arm-none-eabi/12.3.1/thumb/v7-m/nofp\libg.a(libc_a-findfp.o) (__sread)
d:/install/arm-none-eabi/bin/../lib/gcc/arm-none-eabi/12.3.1/thumb/v7-m/nofp\libg.a(libc_a-memset.o)
                              d:/install/arm-none-eabi/bin/../lib/gcc/arm-none-eabi/12.3.1/thumb/v7-m/nofp/crt0.o (memset)
d:/install/arm-none-eabi/bin/../lib/gcc/arm-none-eabi/12.3.1/thumb/v7-m/nofp\libg.a(libc_a-closer.o)
                              d:/install/arm-none-eabi/bin/../lib/gcc/arm-none-eabi/12.3.1/thumb/v7-m/nofp\libg.a(libc_a-stdio.o) (_close_r)
d:/install/arm-none-eabi/bin/../lib/gcc/arm-none-eabi/12.3.1/thumb/v7-m/nofp\libg.a(libc_a-reent.o)
                              d:/install/arm-none-eabi/bin/../lib/gcc/arm-none-eabi/12.3.1/thumb/v7-m/nofp\libg.a(libc_a-closer.o) (errno)
d:/install/arm-none-eabi/bin/../lib/gcc/arm-none-eabi/12.3.1/thumb/v7-m/nofp\libg.a(libc_a-impure.o)
                              d:/install/arm-none-eabi/bin/../lib/gcc/arm-none-eabi/12.3.1/thumb/v7-m/nofp\libg.a(libc_a-printf.o) (_impure_ptr)
d:/install/arm-none-eabi/bin/../lib/gcc/arm-none-eabi/12.3.1/thumb/v7-m/nofp\libg.a(libc_a-lseekr.o)
                              d:/install/arm-none-eabi/bin/../lib/gcc/arm-none-eabi/12.3.1/thumb/v7-m/nofp\libg.a(libc_a-stdio.o) (_lseek_r)
d:/install/arm-none-eabi/bin/../lib/gcc/arm-none-eabi/12.3.1/thumb/v7-m/nofp\libg.a(libc_a-readr.o)
                              d:/install/arm-none-eabi/bin/../lib/gcc/arm-none-eabi/12.3.1/thumb/v7-m/nofp\libg.a(libc_a-stdio.o) (_read_r)
d:/install/arm-none-eabi/bin/../lib/gcc/arm-none-eabi/12.3.1/thumb/v7-m/nofp\libg.a(libc_a-writer.o)
                              d:/install/arm-none-eabi/bin/../lib/gcc/arm-none-eabi/12.3.1/thumb/v7-m/nofp\libg.a(libc_a-stdio.o) (_write_r)
d:/install/arm-none-eabi/bin/../lib/gcc/arm-none-eabi/12.3.1/thumb/v7-m/nofp\libg.a(libc_a-errno.o)
                              CMakeFiles/smart_car.elf.dir/Core/Src/syscalls.c.obj (__errno)
d:/install/arm-none-eabi/bin/../lib/gcc/arm-none-eabi/12.3.1/thumb/v7-m/nofp\libg.a(libc_a-init.o)
                              d:/install/arm-none-eabi/bin/../lib/gcc/arm-none-eabi/12.3.1/thumb/v7-m/nofp/crt0.o (__libc_init_array)
[...]
Memory Configuration

Name             Origin             Length             Attributes
RAM              0x20000000         0x00005000         xrw
FLASH            0x08000000         0x00010000         xr
*default*        0x00000000         0xffffffff

Linker script and memory map

LOAD d:/install/arm-none-eabi/bin/../lib/gcc/arm-none-eabi/12.3.1/thumb/v7-m/nofp/crti.o
LOAD d:/install/arm-none-eabi/bin/../lib/gcc/arm-none-eabi/12.3.1/thumb/v7-m/nofp/crtbegin.o
LOAD d:/install/arm-none-eabi/bin/../lib/gcc/arm-none-eabi/12.3.1/thumb/v7-m/nofp/crt0.o
LOAD CMakeFiles/smart_car.elf.dir/Core/Src/delay.c.obj
LOAD CMakeFiles/smart_car.elf.dir/Core/Src/fan.c.obj
LOAD CMakeFiles/smart_car.elf.dir/Core/Src/hc_sr04.c.obj
LOAD CMakeFiles/smart_car.elf.dir/Core/Src/main.c.obj
LOAD CMakeFiles/smart_car.elf.dir/Core/Src/motor.c.obj
LOAD CMakeFiles/smart_car.elf.dir/Core/Src/patrol_line.c.obj
LOAD CMakeFiles/smart_car.elf.dir/Core/Src/printf_redirect.c.obj
LOAD CMakeFiles/smart_car.elf.dir/Core/Src/rgb_led.c.obj
LOAD CMakeFiles/smart_car.elf.dir/Core/Src/schedule.c.obj
LOAD CMakeFiles/smart_car.elf.dir/Core/Src/servor.c.obj
LOAD CMakeFiles/smart_car.elf.dir/Core/Src/stm32f1xx_hal_msp.c.obj
LOAD CMakeFiles/smart_car.elf.dir/Core/Src/stm32f1xx_it.c.obj
LOAD CMakeFiles/smart_car.elf.dir/Core/Src/syscalls.c.obj
LOAD CMakeFiles/smart_car.elf.dir/Core/Src/sysmem.c.obj
LOAD CMakeFiles/smart_car.elf.dir/Core/Src/system_stm32f1xx.c.obj
LOAD CMakeFiles/smart_car.elf.dir/Core/Startup/startup_stm32f103c8tx.s.obj
LOAD CMakeFiles/smart_car.elf.dir/Drivers/STM32F1xx_HAL_Driver/Src/stm32f1xx_hal.c.obj
LOAD CMakeFiles/smart_car.elf.dir/Drivers/STM32F1xx_HAL_Driver/Src/stm32f1xx_hal_cortex.c.obj
LOAD CMakeFiles/smart_car.elf.dir/Drivers/STM32F1xx_HAL_Driver/Src/stm32f1xx_hal_dma.c.obj
LOAD CMakeFiles/smart_car.elf.dir/Drivers/STM32F1xx_HAL_Driver/Src/stm32f1xx_hal_exti.c.obj
LOAD CMakeFiles/smart_car.elf.dir/Drivers/STM32F1xx_HAL_Driver/Src/stm32f1xx_hal_flash.c.obj
LOAD CMakeFiles/smart_car.elf.dir/Drivers/STM32F1xx_HAL_Driver/Src/stm32f1xx_hal_flash_ex.c.obj
LOAD CMakeFiles/smart_car.elf.dir/Drivers/STM32F1xx_HAL_Driver/Src/stm32f1xx_hal_gpio.c.obj
LOAD CMakeFiles/smart_car.elf.dir/Drivers/STM32F1xx_HAL_Driver/Src/stm32f1xx_hal_gpio_ex.c.obj
LOAD CMakeFiles/smart_car.elf.dir/Drivers/STM32F1xx_HAL_Driver/Src/stm32f1xx_hal_pwr.c.obj
LOAD CMakeFiles/smart_car.elf.dir/Drivers/STM32F1xx_HAL_Driver/Src/stm32f1xx_hal_rcc.c.obj
LOAD CMakeFiles/smart_car.elf.dir/Drivers/STM32F1xx_HAL_Driver/Src/stm32f1xx_hal_rcc_ex.c.obj
LOAD CMakeFiles/smart_car.elf.dir/Drivers/STM32F1xx_HAL_Driver/Src/stm32f1xx_hal_tim.c.obj
LOAD CMakeFiles/smart_car.elf.dir/Drivers/STM32F1xx_HAL_Driver/Src/stm32f1xx_hal_tim_ex.c.obj
LOAD CMakeFiles/smart_car.elf.dir/Drivers/STM32F1xx_HAL_Driver/Src/stm32f1xx_hal_uart.c.obj
START GROUP
LOAD d:/install/arm-none-eabi/bin/../lib/gcc/arm-none-eabi/12.3.1/thumb/v7-m/nofp\libgcc.a
LOAD d:/install/arm-none-eabi/bin/../lib/gcc/arm-none-eabi/12.3.1/thumb/v7-m/nofp\libg.a
LOAD d:/install/arm-none-eabi/bin/../lib/gcc/arm-none-eabi/12.3.1/thumb/v7-m/nofp\libc.a
END GROUP
LOAD d:/install/arm-none-eabi/bin/../lib/gcc/arm-none-eabi/12.3.1/thumb/v7-m/nofp/crtend.o
LOAD d:/install/arm-none-eabi/bin/../lib/gcc/arm-none-eabi/12.3.1/thumb/v7-m/nofp/crtn.o
                0x20005000                        _estack = (ORIGIN (RAM) + LENGTH (RAM))
                0x00000200                        _Min_Heap_Size = 0x200
                0x00000400                        _Min_Stack_Size = 0x400

.isr_vector     0x08000000      0x10c
                0x08000000                        . = ALIGN (0x4)
 *(.isr_vector)
 .isr_vector    0x08000000      0x10c CMakeFiles/smart_car.elf.dir/Core/Startup/startup_stm32f103c8tx.s.obj
                0x08000000                g_pfnVectors
                0x0800010c                        . = ALIGN (0x4)

.text           0x08000110     0x8f38
                0x08000110                        . = ALIGN (0x4)
 *(.text)
 .text          0x08000110      0x378 d:/install/arm-none-eabi/bin/../lib/gcc/arm-none-eabi/12.3.1/thumb/v7-m/nofp\libgcc.a(_arm_addsubdf3.o)
                0x08000110                __aeabi_drsub
                0x08000118                __aeabi_dsub
                0x08000118                __subdf3
                0x0800011c                __aeabi_dadd
                0x0800011c                __adddf3
                0x08000394                __floatunsidf
                0x08000394                __aeabi_ui2d
                0x080003b4                __floatsidf
                0x080003b4                __aeabi_i2d
                0x080003d8                __aeabi_f2d
                0x080003d8                __extendsfdf2
                0x0800041c                __floatundidf
                0x0800041c                __aeabi_ul2d
                0x0800042c                __floatdidf
                0x0800042c                __aeabi_l2d
 .text          0x08000488      0x424 d:/install/arm-none-eabi/bin/../lib/gcc/arm-none-eabi/12.3.1/thumb/v7-m/nofp\libgcc.a(_arm_muldivdf3.o)
                0x08000488                __aeabi_dmul
                0x08000488                __muldf3
                0x080006dc                __divdf3
                0x080006dc                __aeabi_ddiv
 .text          0x080008ac       0xa0 d:/install/arm-none-eabi/bin/../lib/gcc/arm-none-eabi/12.3.1/thumb/v7-m/nofp\libgcc.a(_arm_truncdfsf2.o)
                0x080008ac                __truncdfsf2
                0x080008ac                __aeabi_d2f
 .text          0x0800094c       0xec d:/install/arm-none-eabi/bin/../lib/gcc/arm-none-eabi/12.3.1/thumb/v7-m/nofp\libg.a(libc_a-memcpy.o)
                0x0800094c                memcpy
 .text          0x08000a38      0x110 d:/install/arm-none-eabi/bin/../lib/gcc/arm-none-eabi/12.3.1/thumb/v7-m/nofp\libgcc.a(_arm_cmpdf2.o)
                0x08000a38                __gtdf2
                0x08000a38                __gedf2
                0x08000a40                __ltdf2
                0x08000a40                __ledf2
                0x08000a48                __nedf2
                0x08000a48                __eqdf2
                0x08000a48                __cmpdf2
                0x08000ac4                __aeabi_cdrcmple
                0x08000ad4                __aeabi_cdcmpeq
                0x08000ad4                __aeabi_cdcmple
                0x08000ae4                __aeabi_dcmpeq
                0x08000af8                __aeabi_dcmplt
                0x08000b0c                __aeabi_dcmple
                0x08000b20                __aeabi_dcmpge
                0x08000b34                __aeabi_dcmpgt
 .text          0x08000b48       0x2c d:/install/arm-none-eabi/bin/../lib/gcc/arm-none-eabi/12.3.1/thumb/v7-m/nofp\libgcc.a(_arm_unorddf2.o)
                0x08000b48                __unorddf2
                0x08000b48                __aeabi_dcmpun
 .text          0x08000b74       0x50 d:/install/arm-none-eabi/bin/../lib/gcc/arm-none-eabi/12.3.1/thumb/v7-m/nofp\libgcc.a(_arm_fixdfsi.o)
                0x08000b74                __aeabi_d2iz
                0x08000b74                __fixdfsi
 *(.text*)
 .text.deregister_tm_clones
                0x08000bc4       0x1c d:/install/arm-none-eabi/bin/../lib/gcc/arm-none-eabi/12.3.1/thumb/v7-m/nofp/crtbegin.o
 .text.register_tm_clones
                0x08000be0       0x24 d:/install/arm-none-eabi/bin/../lib/gcc/arm-none-eabi/12.3.1/thumb/v7-m/nofp/crtbegin.o
 .text.__do_global_dtors_aux
                0x08000c04       0x28 d:/install/arm-none-eabi/bin/../lib/gcc/arm-none-eabi/12.3.1/thumb/v7-m/nofp/crtbegin.o
 .text.frame_dummy
                0x08000c2c       0x24 d:/install/arm-none-eabi/bin/../lib/gcc/arm-none-eabi/12.3.1/thumb/v7-m/nofp/crtbegin.o
 .text.delay_init
                0x08000c50       0x14 CMakeFiles/smart_car.elf.dir/Core/Src/delay.c.obj
                0x08000c50                delay_init
 .text.delay_us
                0x08000c64       0x3c CMakeFiles/smart_car.elf.dir/Core/Src/delay.c.obj
                0x08000c64                delay_us
 .text.delay_ms
                0x08000ca0       0x3c CMakeFiles/smart_car.elf.dir/Core/Src/delay.c.obj
                0x08000ca0                delay_ms
 .text.HAL_Delay
                0x08000cdc        0xa CMakeFiles/smart_car.elf.dir/Core/Src/delay.c.obj
                0x08000cdc                HAL_Delay
 *fill*         0x08000ce6        0x2 
 .text.fan_off  0x08000ce8       0x14 CMakeFiles/smart_car.elf.dir/Core/Src/fan.c.obj
                0x08000ce8                fan_off
 *fill*         0x08000cfc        0x4 
 .text.HAL_GPIO_EXTI_Callback
                0x08000d00      0x140 CMakeFiles/smart_car.elf.dir/Core/Src/hc_sr04.c.obj
                0x08000d00                HAL_GPIO_EXTI_Callback
 .text.hc_sr04_trig
                0x08000e40       0x28 CMakeFiles/smart_car.elf.dir/Core/Src/hc_sr04.c.obj
                0x08000e40                hc_sr04_trig
 .text.hc_sr04_start
                0x08000e68       0x10 CMakeFiles/smart_car.elf.dir/Core/Src/hc_sr04.c.obj
                0x08000e68                hc_sr04_start
 .text.MX_GPIO_Init
                0x08000e78      0x13c CMakeFiles/smart_car.elf.dir/Core/Src/main.c.obj
 .text.Error_Handler
                0x08000fb4        0x4 CMakeFiles/smart_car.elf.dir/Core/Src/main.c.obj
                0x08000fb4                Error_Handler
 .text.MX_USART1_UART_Init
                0x08000fb8       0x34 CMakeFiles/smart_car.elf.dir/Core/Src/main.c.obj
 .text.MX_TIM4_Init
                0x08000fec       0x90 CMakeFiles/smart_car.elf.dir/Core/Src/main.c.obj
 .text.MX_TIM1_Init
                0x0800107c       0xb0 CMakeFiles/smart_car.elf.dir/Core/Src/main.c.obj
 .text.MX_TIM3_Init
                0x0800112c       0xa0 CMakeFiles/smart_car.elf.dir/Core/Src/main.c.obj
 .text.MX_TIM2_Init
                0x080011cc       0x68 CMakeFiles/smart_car.elf.dir/Core/Src/main.c.obj
 .text.SystemClock_Config
                0x08001234       0x64 CMakeFiles/smart_car.elf.dir/Core/Src/main.c.obj
                0x08001234                SystemClock_Config
 .text.main     0x08001298       0x5c CMakeFiles/smart_car.elf.dir/Core/Src/main.c.obj
                0x08001298                main
 .text._write   0x080012f4       0x18 CMakeFiles/smart_car.elf.dir/Core/Src/printf_redirect.c.obj
                0x080012f4                _write
 .text.led_config
                0x0800130c       0x9c CMakeFiles/smart_car.elf.dir/Core/Src/rgb_led.c.obj
                0x0800130c                led_config
 .text.schedule_start
                0x080013a8       0x10 CMakeFiles/smart_car.elf.dir/Core/Src/schedule.c.obj
                0x080013a8                schedule_start
 .text.HAL_TIM_PeriodElapsedCallback
                0x080013b8       0x2c CMakeFiles/smart_car.elf.dir/Core/Src/schedule.c.obj
                0x080013b8                HAL_TIM_PeriodElapsedCallback
 .text.HAL_MspInit
                0x080013e4       0x44 CMakeFiles/smart_car.elf.dir/Core/Src/stm32f1xx_hal_msp.c.obj
                0x080013e4                HAL_MspInit
 .text.HAL_TIM_PWM_MspInit
                0x08001428       0x6c CMakeFiles/smart_car.elf.dir/Core/Src/stm32f1xx_hal_msp.c.obj
                0x08001428                HAL_TIM_PWM_MspInit
 .text.HAL_TIM_Base_MspInit
                0x08001494       0x3a CMakeFiles/smart_car.elf.dir/Core/Src/stm32f1xx_hal_msp.c.obj
                0x08001494                HAL_TIM_Base_MspInit
 *fill*         0x080014ce        0x2 
 .text.HAL_TIM_MspPostInit
                0x080014d0       0xdc CMakeFiles/smart_car.elf.dir/Core/Src/stm32f1xx_hal_msp.c.obj
                0x080014d0                HAL_TIM_MspPostInit
 .text.HAL_UART_MspInit
                0x080015ac       0x78 CMakeFiles/smart_car.elf.dir/Core/Src/stm32f1xx_hal_msp.c.obj
                0x080015ac                HAL_UART_MspInit
 .text.NMI_Handler
                0x08001624        0x2 CMakeFiles/smart_car.elf.dir/Core/Src/stm32f1xx_it.c.obj
                0x08001624                NMI_Handler
 .text.HardFault_Handler
                0x08001626        0x2 CMakeFiles/smart_car.elf.dir/Core/Src/stm32f1xx_it.c.obj
                0x08001626                HardFault_Handler
 .text.MemManage_Handler
                0x08001628        0x2 CMakeFiles/smart_car.elf.dir/Core/Src/stm32f1xx_it.c.obj
                0x08001628                MemManage_Handler
 .text.BusFault_Handler
                0x0800162a        0x2 CMakeFiles/smart_car.elf.dir/Core/Src/stm32f1xx_it.c.obj
                0x0800162a                BusFault_Handler
 .text.UsageFault_Handler
                0x0800162c        0x2 CMakeFiles/smart_car.elf.dir/Core/Src/stm32f1xx_it.c.obj
                0x0800162c                UsageFault_Handler
 .text.SVC_Handler
                0x0800162e        0x2 CMakeFiles/smart_car.elf.dir/Core/Src/stm32f1xx_it.c.obj
                0x0800162e                SVC_Handler
 .text.DebugMon_Handler
                0x08001630        0x2 CMakeFiles/smart_car.elf.dir/Core/Src/stm32f1xx_it.c.obj
                0x08001630                DebugMon_Handler
 .text.PendSV_Handler
                0x08001632        0x2 CMakeFiles/smart_car.elf.dir/Core/Src/stm32f1xx_it.c.obj
                0x08001632                PendSV_Handler
 .text.SysTick_Handler
                0x08001634       0x1c CMakeFiles/smart_car.elf.dir/Core/Src/stm32f1xx_it.c.obj
                0x08001634                SysTick_Handler
 .text.TIM2_IRQHandler
                0x08001650       0x10 CMakeFiles/smart_car.elf.dir/Core/Src/stm32f1xx_it.c.obj
                0x08001650                TIM2_IRQHandler
 .text.EXTI15_10_IRQHandler
                0x08001660        0xc CMakeFiles/smart_car.elf.dir/Core/Src/stm32f1xx_it.c.obj
                0x08001660                EXTI15_10_IRQHandler
 .text._getpid  0x0800166c        0x4 CMakeFiles/smart_car.elf.dir/Core/Src/syscalls.c.obj
                0x0800166c                _getpid
 .text._kill    0x08001670       0x10 CMakeFiles/smart_car.elf.dir/Core/Src/syscalls.c.obj
                0x08001670                _kill
 .text._exit    0x08001680        0xc CMakeFiles/smart_car.elf.dir/Core/Src/syscalls.c.obj
                0x08001680                _exit
 .text._read    0x0800168c       0x20 CMakeFiles/smart_car.elf.dir/Core/Src/syscalls.c.obj
                0x0800168c                _read
 .text._close   0x080016ac        0x6 CMakeFiles/smart_car.elf.dir/Core/Src/syscalls.c.obj
                0x080016ac                _close
 .text._fstat   0x080016b2        0xa CMakeFiles/smart_car.elf.dir/Core/Src/syscalls.c.obj
                0x080016b2                _fstat
 .text._isatty  0x080016bc        0x4 CMakeFiles/smart_car.elf.dir/Core/Src/syscalls.c.obj
                0x080016bc                _isatty
 .text._lseek   0x080016c0        0x4 CMakeFiles/smart_car.elf.dir/Core/Src/syscalls.c.obj
                0x080016c0                _lseek
 .text._sbrk    0x080016c4       0x48 CMakeFiles/smart_car.elf.dir/Core/Src/sysmem.c.obj
                0x080016c4                _sbrk
 .text.SystemInit
                0x0800170c        0x2 CMakeFiles/smart_car.elf.dir/Core/Src/system_stm32f1xx.c.obj
                0x0800170c                SystemInit
 *fill*         0x0800170e        0x2 
 .text.Reset_Handler
                0x08001710       0x48 CMakeFiles/smart_car.elf.dir/Core/Startup/startup_stm32f103c8tx.s.obj
                0x08001710                Reset_Handler
 .text.Default_Handler
                0x08001758        0x2 CMakeFiles/smart_car.elf.dir/Core/Startup/startup_stm32f103c8tx.s.obj
                0x08001758                RTC_Alarm_IRQHandler
                0x08001758                EXTI2_IRQHandler
                0x08001758                TIM1_CC_IRQHandler
                0x08001758                PVD_IRQHandler
                0x08001758                EXTI3_IRQHandler
                0x08001758                EXTI0_IRQHandler
                0x08001758                I2C2_EV_IRQHandler
                0x08001758                ADC1_2_IRQHandler
                0x08001758                SPI1_IRQHandler
                0x08001758                TAMPER_IRQHandler
                0x08001758                DMA1_Channel4_IRQHandler
                0x08001758                USART3_IRQHandler
                0x08001758                RTC_IRQHandler
                0x08001758                DMA1_Channel7_IRQHandler
                0x08001758                CAN1_RX1_IRQHandler
                0x08001758                TIM4_IRQHandler
                0x08001758                I2C1_EV_IRQHandler
                0x08001758                DMA1_Channel6_IRQHandler
                0x08001758                TIM3_IRQHandler
                0x08001758                RCC_IRQHandler
                0x08001758                TIM1_TRG_COM_IRQHandler
                0x08001758                DMA1_Channel1_IRQHandler
                0x08001758                Default_Handler
                0x08001758                EXTI9_5_IRQHandler
                0x08001758                SPI2_IRQHandler
                0x08001758                DMA1_Channel5_IRQHandler
                0x08001758                EXTI4_IRQHandler
                0x08001758                USB_LP_CAN1_RX0_IRQHandler
                0x08001758                USB_HP_CAN1_TX_IRQHandler
                0x08001758                DMA1_Channel3_IRQHandler
                0x08001758                TIM1_UP_IRQHandler
                0x08001758                WWDG_IRQHandler
                0x08001758                TIM1_BRK_IRQHandler
                0x08001758                EXTI1_IRQHandler
                0x08001758                USART2_IRQHandler
                0x08001758                I2C2_ER_IRQHandler
                0x08001758                DMA1_Channel2_IRQHandler
                0x08001758                CAN1_SCE_IRQHandler
                0x08001758                FLASH_IRQHandler
                0x08001758                USART1_IRQHandler
                0x08001758                I2C1_ER_IRQHandler
                0x08001758                USBWakeUp_IRQHandler
 *fill*         0x0800175a        0x2 
 .text.HAL_InitTick
                0x0800175c       0x4c CMakeFiles/smart_car.elf.dir/Drivers/STM32F1xx_HAL_Driver/Src/stm32f1xx_hal.c.obj
                0x0800175c                HAL_InitTick
 .text.HAL_Init
                0x080017a8       0x24 CMakeFiles/smart_car.elf.dir/Drivers/STM32F1xx_HAL_Driver/Src/stm32f1xx_hal.c.obj
                0x080017a8                HAL_Init
 .text.HAL_IncTick
                0x080017cc       0x18 CMakeFiles/smart_car.elf.dir/Drivers/STM32F1xx_HAL_Driver/Src/stm32f1xx_hal.c.obj
                0x080017cc                HAL_IncTick
 .text.HAL_GetTick
                0x080017e4        0xc CMakeFiles/smart_car.elf.dir/Drivers/STM32F1xx_HAL_Driver/Src/stm32f1xx_hal.c.obj
                0x080017e4                HAL_GetTick
 .text.__NVIC_SetPriority
                0x080017f0       0x28 CMakeFiles/smart_car.elf.dir/Drivers/STM32F1xx_HAL_Driver/Src/stm32f1xx_hal_cortex.c.obj
 .text.NVIC_EncodePriority
                0x08001818       0x3e CMakeFiles/smart_car.elf.dir/Drivers/STM32F1xx_HAL_Driver/Src/stm32f1xx_hal_cortex.c.obj
 *fill*         0x08001856        0x2 
 .text.HAL_NVIC_SetPriorityGrouping
                0x08001858       0x24 CMakeFiles/smart_car.elf.dir/Drivers/STM32F1xx_HAL_Driver/Src/stm32f1xx_hal_cortex.c.obj
                0x08001858                HAL_NVIC_SetPriorityGrouping
 .text.HAL_NVIC_SetPriority
                0x0800187c       0x20 CMakeFiles/smart_car.elf.dir/Drivers/STM32F1xx_HAL_Driver/Src/stm32f1xx_hal_cortex.c.obj
                0x0800187c                HAL_NVIC_SetPriority
 .text.HAL_NVIC_EnableIRQ
                0x0800189c       0x1c CMakeFiles/smart_car.elf.dir/Drivers/STM32F1xx_HAL_Driver/Src/stm32f1xx_hal_cortex.c.obj
                0x0800189c                HAL_NVIC_EnableIRQ
 .text.HAL_SYSTICK_Config
                0x080018b8       0x28 CMakeFiles/smart_car.elf.dir/Drivers/STM32F1xx_HAL_Driver/Src/stm32f1xx_hal_cortex.c.obj
                0x080018b8                HAL_SYSTICK_Config
 .text.HAL_SYSTICK_CLKSourceConfig
                0x080018e0       0x20 CMakeFiles/smart_car.elf.dir/Drivers/STM32F1xx_HAL_Driver/Src/stm32f1xx_hal_cortex.c.obj
                0x080018e0                HAL_SYSTICK_CLKSourceConfig
 .text.HAL_GPIO_Init
                0x08001900      0x21c CMakeFiles/smart_car.elf.dir/Drivers/STM32F1xx_HAL_Driver/Src/stm32f1xx_hal_gpio.c.obj
                0x08001900                HAL_GPIO_Init
 .text.HAL_GPIO_WritePin
                0x08001b1c        0xc CMakeFiles/smart_car.elf.dir/Drivers/STM32F1xx_HAL_Driver/Src/stm32f1xx_hal_gpio.c.obj
                0x08001b1c                HAL_GPIO_WritePin
 .text.HAL_GPIO_EXTI_IRQHandler
                0x08001b28       0x1c CMakeFiles/smart_car.elf.dir/Drivers/STM32F1xx_HAL_Driver/Src/stm32f1xx_hal_gpio.c.obj
                0x08001b28                HAL_GPIO_EXTI_IRQHandler
 .text.RCC_Delay
                0x08001b44       0x2c CMakeFiles/smart_car.elf.dir/Drivers/STM32F1xx_HAL_Driver/Src/stm32f1xx_hal_rcc.c.obj
 .text.HAL_RCC_OscConfig
                0x08001b70      0x410 CMakeFiles/smart_car.elf.dir/Drivers/STM32F1xx_HAL_Driver/Src/stm32f1xx_hal_rcc.c.obj
                0x08001b70                HAL_RCC_OscConfig
 .text.HAL_RCC_GetSysClockFreq
                0x08001f80       0x54 CMakeFiles/smart_car.elf.dir/Drivers/STM32F1xx_HAL_Driver/Src/stm32f1xx_hal_rcc.c.obj
                0x08001f80                HAL_RCC_GetSysClockFreq
 .text.HAL_RCC_ClockConfig
                0x08001fd4      0x16c CMakeFiles/smart_car.elf.dir/Drivers/STM32F1xx_HAL_Driver/Src/stm32f1xx_hal_rcc.c.obj
                0x08001fd4                HAL_RCC_ClockConfig
 .text.HAL_RCC_GetHCLKFreq
                0x08002140        0xc CMakeFiles/smart_car.elf.dir/Drivers/STM32F1xx_HAL_Driver/Src/stm32f1xx_hal_rcc.c.obj
                0x08002140                HAL_RCC_GetHCLKFreq
 .text.HAL_RCC_GetPCLK1Freq
                0x0800214c       0x20 CMakeFiles/smart_car.elf.dir/Drivers/STM32F1xx_HAL_Driver/Src/stm32f1xx_hal_rcc.c.obj
                0x0800214c                HAL_RCC_GetPCLK1Freq
 .text.HAL_RCC_GetPCLK2Freq
                0x0800216c       0x20 CMakeFiles/smart_car.elf.dir/Drivers/STM32F1xx_HAL_Driver/Src/stm32f1xx_hal_rcc.c.obj
                0x0800216c                HAL_RCC_GetPCLK2Freq
 .text.TIM_OC1_SetConfig
                0x0800218c       0x54 CMakeFiles/smart_car.elf.dir/Drivers/STM32F1xx_HAL_Driver/Src/stm32f1xx_hal_tim.c.obj
 .text.TIM_OC3_SetConfig
                0x080021e0       0x5c CMakeFiles/smart_car.elf.dir/Drivers/STM32F1xx_HAL_Driver/Src/stm32f1xx_hal_tim.c.obj
 .text.TIM_OC4_SetConfig
                0x0800223c       0x48 CMakeFiles/smart_car.elf.dir/Drivers/STM32F1xx_HAL_Driver/Src/stm32f1xx_hal_tim.c.obj
 .text.TIM_TI1_ConfigInputStage
                0x08002284       0x24 CMakeFiles/smart_car.elf.dir/Drivers/STM32F1xx_HAL_Driver/Src/stm32f1xx_hal_tim.c.obj
 .text.TIM_TI2_ConfigInputStage
                0x080022a8       0x26 CMakeFiles/smart_car.elf.dir/Drivers/STM32F1xx_HAL_Driver/Src/stm32f1xx_hal_tim.c.obj
 .text.TIM_ITRx_SetConfig
                0x080022ce       0x10 CMakeFiles/smart_car.elf.dir/Drivers/STM32F1xx_HAL_Driver/Src/stm32f1xx_hal_tim.c.obj
 *fill*         0x080022de        0x2 
 .text.HAL_TIM_Base_Start_IT
                0x080022e0       0x68 CMakeFiles/smart_car.elf.dir/Drivers/STM32F1xx_HAL_Driver/Src/stm32f1xx_hal_tim.c.obj
                0x080022e0                HAL_TIM_Base_Start_IT
 .text.HAL_TIM_OC_DelayElapsedCallback
                0x08002348        0x2 CMakeFiles/smart_car.elf.dir/Drivers/STM32F1xx_HAL_Driver/Src/stm32f1xx_hal_tim.c.obj
                0x08002348                HAL_TIM_OC_DelayElapsedCallback
 .text.HAL_TIM_IC_CaptureCallback
                0x0800234a        0x2 CMakeFiles/smart_car.elf.dir/Drivers/STM32F1xx_HAL_Driver/Src/stm32f1xx_hal_tim.c.obj
                0x0800234a                HAL_TIM_IC_CaptureCallback
 .text.HAL_TIM_PWM_PulseFinishedCallback
                0x0800234c        0x2 CMakeFiles/smart_car.elf.dir/Drivers/STM32F1xx_HAL_Driver/Src/stm32f1xx_hal_tim.c.obj
                0x0800234c                HAL_TIM_PWM_PulseFinishedCallback
 .text.HAL_TIM_TriggerCallback
                0x0800234e        0x2 CMakeFiles/smart_car.elf.dir/Drivers/STM32F1xx_HAL_Driver/Src/stm32f1xx_hal_tim.c.obj
                0x0800234e                HAL_TIM_TriggerCallback
 .text.HAL_TIM_IRQHandler
                0x08002350      0x17a CMakeFiles/smart_car.elf.dir/Drivers/STM32F1xx_HAL_Driver/Src/stm32f1xx_hal_tim.c.obj
                0x08002350                HAL_TIM_IRQHandler
 *fill*         0x080024ca        0x2 
 .text.TIM_Base_SetConfig
                0x080024cc       0x74 CMakeFiles/smart_car.elf.dir/Drivers/STM32F1xx_HAL_Driver/Src/stm32f1xx_hal_tim.c.obj
                0x080024cc                TIM_Base_SetConfig
 .text.HAL_TIM_Base_Init
                0x08002540       0x58 CMakeFiles/smart_car.elf.dir/Drivers/STM32F1xx_HAL_Driver/Src/stm32f1xx_hal_tim.c.obj
                0x08002540                HAL_TIM_Base_Init
 .text.HAL_TIM_PWM_Init
                0x08002598       0x58 CMakeFiles/smart_car.elf.dir/Drivers/STM32F1xx_HAL_Driver/Src/stm32f1xx_hal_tim.c.obj
                0x08002598                HAL_TIM_PWM_Init
 .text.TIM_OC2_SetConfig
                0x080025f0       0x5c CMakeFiles/smart_car.elf.dir/Drivers/STM32F1xx_HAL_Driver/Src/stm32f1xx_hal_tim.c.obj
                0x080025f0                TIM_OC2_SetConfig
 .text.HAL_TIM_PWM_ConfigChannel
                0x0800264c       0xdc CMakeFiles/smart_car.elf.dir/Drivers/STM32F1xx_HAL_Driver/Src/stm32f1xx_hal_tim.c.obj
                0x0800264c                HAL_TIM_PWM_ConfigChannel
 .text.TIM_ETR_SetConfig
                0x08002728       0x18 CMakeFiles/smart_car.elf.dir/Drivers/STM32F1xx_HAL_Driver/Src/stm32f1xx_hal_tim.c.obj
                0x08002728                TIM_ETR_SetConfig
 .text.HAL_TIM_ConfigClockSource
                0x08002740       0xfe CMakeFiles/smart_car.elf.dir/Drivers/STM32F1xx_HAL_Driver/Src/stm32f1xx_hal_tim.c.obj
                0x08002740                HAL_TIM_ConfigClockSource
 .text.TIM_CCxChannelCmd
                0x0800283e       0x1e CMakeFiles/smart_car.elf.dir/Drivers/STM32F1xx_HAL_Driver/Src/stm32f1xx_hal_tim.c.obj
                0x0800283e                TIM_CCxChannelCmd
 .text.HAL_TIM_PWM_Start
                0x0800285c       0xdc CMakeFiles/smart_car.elf.dir/Drivers/STM32F1xx_HAL_Driver/Src/stm32f1xx_hal_tim.c.obj
                0x0800285c                HAL_TIM_PWM_Start
 .text.HAL_TIMEx_MasterConfigSynchronization
                0x08002938       0x6c CMakeFiles/smart_car.elf.dir/Drivers/STM32F1xx_HAL_Driver/Src/stm32f1xx_hal_tim_ex.c.obj
                0x08002938                HAL_TIMEx_MasterConfigSynchronization
 .text.HAL_TIMEx_ConfigBreakDeadTime
                0x080029a4       0x52 CMakeFiles/smart_car.elf.dir/Drivers/STM32F1xx_HAL_Driver/Src/stm32f1xx_hal_tim_ex.c.obj
                0x080029a4                HAL_TIMEx_ConfigBreakDeadTime
 .text.HAL_TIMEx_CommutCallback
                0x080029f6        0x2 CMakeFiles/smart_car.elf.dir/Drivers/STM32F1xx_HAL_Driver/Src/stm32f1xx_hal_tim_ex.c.obj
                0x080029f6                HAL_TIMEx_CommutCallback
 .text.HAL_TIMEx_BreakCallback
                0x080029f8        0x2 CMakeFiles/smart_car.elf.dir/Drivers/STM32F1xx_HAL_Driver/Src/stm32f1xx_hal_tim_ex.c.obj
                0x080029f8                HAL_TIMEx_BreakCallback
 *fill*         0x080029fa        0x2 
 .text.UART_SetConfig
                0x080029fc       0x94 CMakeFiles/smart_car.elf.dir/Drivers/STM32F1xx_HAL_Driver/Src/stm32f1xx_hal_uart.c.obj
 .text.UART_WaitOnFlagUntilTimeout
                0x08002a90       0x84 CMakeFiles/smart_car.elf.dir/Drivers/STM32F1xx_HAL_Driver/Src/stm32f1xx_hal_uart.c.obj
 .text.HAL_UART_Init
                0x08002b14       0x60 CMakeFiles/smart_car.elf.dir/Drivers/STM32F1xx_HAL_Driver/Src/stm32f1xx_hal_uart.c.obj
                0x08002b14                HAL_UART_Init
 .text.HAL_UART_Transmit
                0x08002b74       0xbe CMakeFiles/smart_car.elf.dir/Drivers/STM32F1xx_HAL_Driver/Src/stm32f1xx_hal_uart.c.obj
                0x08002b74                HAL_UART_Transmit
 *fill*         0x08002c32        0x2 
 .text.stdio_exit_handler
                0x08002c34       0x18 d:/install/arm-none-eabi/bin/../lib/gcc/arm-none-eabi/12.3.1/thumb/v7-m/nofp\libg.a(libc_a-findfp.o)
 .text.cleanup_stdio
                0x08002c4c       0x40 d:/install/arm-none-eabi/bin/../lib/gcc/arm-none-eabi/12.3.1/thumb/v7-m/nofp\libg.a(libc_a-findfp.o)
 .text.global_stdio_init.part.0
                0x08002c8c       0xf0 d:/install/arm-none-eabi/bin/../lib/gcc/arm-none-eabi/12.3.1/thumb/v7-m/nofp\libg.a(libc_a-findfp.o)
 .text.__sinit  0x08002d7c       0x3c d:/install/arm-none-eabi/bin/../lib/gcc/arm-none-eabi/12.3.1/thumb/v7-m/nofp\libg.a(libc_a-findfp.o)
                0x08002d7c                __sinit
 .text.__sfp_lock_acquire
                0x08002db8        0xc d:/install/arm-none-eabi/bin/../lib/gcc/arm-none-eabi/12.3.1/thumb/v7-m/nofp\libg.a(libc_a-findfp.o)
                0x08002db8                __sfp_lock_acquire
 .text.__sfp_lock_release
                0x08002dc4        0xc d:/install/arm-none-eabi/bin/../lib/gcc/arm-none-eabi/12.3.1/thumb/v7-m/nofp\libg.a(libc_a-findfp.o)
                0x08002dc4                __sfp_lock_release
 .text._fwalk_sglue
                0x08002dd0       0x44 d:/install/arm-none-eabi/bin/../lib/gcc/arm-none-eabi/12.3.1/thumb/v7-m/nofp\libg.a(libc_a-fwalk.o)
                0x08002dd0                _fwalk_sglue
 .text.printf   0x08002e14       0x28 d:/install/arm-none-eabi/bin/../lib/gcc/arm-none-eabi/12.3.1/thumb/v7-m/nofp\libg.a(libc_a-printf.o)
                0x08002e14                printf
 .text.__sread  0x08002e3c       0x24 d:/install/arm-none-eabi/bin/../lib/gcc/arm-none-eabi/12.3.1/thumb/v7-m/nofp\libg.a(libc_a-stdio.o)
                0x08002e3c                __sread
 .text.__swrite
                0x08002e60       0x40 d:/install/arm-none-eabi/bin/../lib/gcc/arm-none-eabi/12.3.1/thumb/v7-m/nofp\libg.a(libc_a-stdio.o)
                0x08002e60                __swrite
 .text.__sseek  0x08002ea0       0x24 d:/install/arm-none-eabi/bin/../lib/gcc/arm-none-eabi/12.3.1/thumb/v7-m/nofp\libg.a(libc_a-stdio.o)
                0x08002ea0                __sseek
 .text.__sclose
                0x08002ec4        0x8 d:/install/arm-none-eabi/bin/../lib/gcc/arm-none-eabi/12.3.1/thumb/v7-m/nofp\libg.a(libc_a-stdio.o)
                0x08002ec4                __sclose
 .text.memset   0x08002ecc       0xa0 d:/install/arm-none-eabi/bin/../lib/gcc/arm-none-eabi/12.3.1/thumb/v7-m/nofp\libg.a(libc_a-memset.o)
                0x08002ecc                memset
 .text._close_r
                0x08002f6c       0x24 d:/install/arm-none-eabi/bin/../lib/gcc/arm-none-eabi/12.3.1/thumb/v7-m/nofp\libg.a(libc_a-closer.o)
                0x08002f6c                _close_r
 .text._lseek_r
                0x08002f90       0x2c d:/install/arm-none-eabi/bin/../lib/gcc/arm-none-eabi/12.3.1/thumb/v7-m/nofp\libg.a(libc_a-lseekr.o)
                0x08002f90                _lseek_r
 .text._read_r  0x08002fbc       0x2c d:/install/arm-none-eabi/bin/../lib/gcc/arm-none-eabi/12.3.1/thumb/v7-m/nofp\libg.a(libc_a-readr.o)
                0x08002fbc                _read_r
 .text._write_r
                0x08002fe8       0x2c d:/install/arm-none-eabi/bin/../lib/gcc/arm-none-eabi/12.3.1/thumb/v7-m/nofp\libg.a(libc_a-writer.o)
                0x08002fe8                _write_r
 .text.__errno  0x08003014        0xc d:/install/arm-none-eabi/bin/../lib/gcc/arm-none-eabi/12.3.1/thumb/v7-m/nofp\libg.a(libc_a-errno.o)
                0x08003014                __errno
 .text.__libc_init_array
                0x08003020       0x50 d:/install/arm-none-eabi/bin/../lib/gcc/arm-none-eabi/12.3.1/thumb/v7-m/nofp\libg.a(libc_a-init.o)
                0x08003020                __libc_init_array
 .text.__retarget_lock_init_recursive
                0x08003070        0x4 d:/install/arm-none-eabi/bin/../lib/gcc/arm-none-eabi/12.3.1/thumb/v7-m/nofp\libg.a(libc_a-lock.o)
                0x08003070                __retarget_lock_init_recursive
 .text.__retarget_lock_close_recursive
                0x08003074        0x4 d:/install/arm-none-eabi/bin/../lib/gcc/arm-none-eabi/12.3.1/thumb/v7-m/nofp\libg.a(libc_a-lock.o)
                0x08003074                __retarget_lock_close_recursive
 .text.__retarget_lock_acquire_recursive
                0x08003078        0x4 d:/install/arm-none-eabi/bin/../lib/gcc/arm-none-eabi/12.3.1/thumb/v7-m/nofp\libg.a(libc_a-lock.o)
                0x08003078                __retarget_lock_acquire_recursive
 .text.__retarget_lock_release_recursive
                0x0800307c        0x4 d:/install/arm-none-eabi/bin/../lib/gcc/arm-none-eabi/12.3.1/thumb/v7-m/nofp\libg.a(libc_a-lock.o)
                0x0800307c                __retarget_lock_release_recursive
 .text.startup.register_fini
                0x08003080       0x14 d:/install/arm-none-eabi/bin/../lib/gcc/arm-none-eabi/12.3.1/thumb/v7-m/nofp\libg.a(libc_a-__call_atexit.o)
 .text.atexit   0x08003094        0xc d:/install/arm-none-eabi/bin/../lib/gcc/arm-none-eabi/12.3.1/thumb/v7-m/nofp\libg.a(libc_a-atexit.o)
                0x08003094                atexit
 .text._malloc_trim_r
                0x080030a0       0xb8 d:/install/arm-none-eabi/bin/../lib/gcc/arm-none-eabi/12.3.1/thumb/v7-m/nofp\libg.a(libc_a-freer.o)
                0x080030a0                _malloc_trim_r
 .text._free_r  0x08003158      0x1fc d:/install/arm-none-eabi/bin/../lib/gcc/arm-none-eabi/12.3.1/thumb/v7-m/nofp\libg.a(libc_a-freer.o)
                0x08003158                _free_r
 .text._malloc_r
                0x08003354      0x570 d:/install/arm-none-eabi/bin/../lib/gcc/arm-none-eabi/12.3.1/thumb/v7-m/nofp\libg.a(libc_a-mallocr.o)
                0x08003354                _malloc_r
 .text.__malloc_lock
                0x080038c4        0xc d:/install/arm-none-eabi/bin/../lib/gcc/arm-none-eabi/12.3.1/thumb/v7-m/nofp\libg.a(libc_a-mlock.o)
                0x080038c4                __malloc_lock
 .text.__malloc_unlock
                0x080038d0        0xc d:/install/arm-none-eabi/bin/../lib/gcc/arm-none-eabi/12.3.1/thumb/v7-m/nofp\libg.a(libc_a-mlock.o)
                0x080038d0                __malloc_unlock
 .text._vfprintf_r
                0x080038dc     0x1c6c d:/install/arm-none-eabi/bin/../lib/gcc/arm-none-eabi/12.3.1/thumb/v7-m/nofp\libg.a(libc_a-vfprintf.o)
                0x080038dc                _vfprintf_r
 .text.__sbprintf
                0x08005548       0x80 d:/install/arm-none-eabi/bin/../lib/gcc/arm-none-eabi/12.3.1/thumb/v7-m/nofp\libg.a(libc_a-vfprintf.o)
 .text.__sprint_r.part.0
                0x080055c8       0x78 d:/install/arm-none-eabi/bin/../lib/gcc/arm-none-eabi/12.3.1/thumb/v7-m/nofp\libg.a(libc_a-vfiprintf.o)
 .text.__sprint_r
                0x08005640       0x14 d:/install/arm-none-eabi/bin/../lib/gcc/arm-none-eabi/12.3.1/thumb/v7-m/nofp\libg.a(libc_a-vfiprintf.o)
                0x08005640                __sprint_r
 .text._vfiprintf_r
                0x08005654      0xf9c d:/install/arm-none-eabi/bin/../lib/gcc/arm-none-eabi/12.3.1/thumb/v7-m/nofp\libg.a(libc_a-vfiprintf.o)
                0x08005654                _vfiprintf_r
 .text.__sbprintf
                0x080065f0       0x80 d:/install/arm-none-eabi/bin/../lib/gcc/arm-none-eabi/12.3.1/thumb/v7-m/nofp\libg.a(libc_a-vfiprintf.o)
 .text._fclose_r
                0x08006670       0xc0 d:/install/arm-none-eabi/bin/../lib/gcc/arm-none-eabi/12.3.1/thumb/v7-m/nofp\libg.a(libc_a-fclose.o)
                0x08006670                _fclose_r
 .text.__sflush_r
                0x08006730      0x128 d:/install/arm-none-eabi/bin/../lib/gcc/arm-none-eabi/12.3.1/thumb/v7-m/nofp\libg.a(libc_a-fflush.o)
                0x08006730                __sflush_r
 .text._fflush_r
                0x08006858       0x54 d:/install/arm-none-eabi/bin/../lib/gcc/arm-none-eabi/12.3.1/thumb/v7-m/nofp\libg.a(libc_a-fflush.o)
                0x08006858                _fflush_r
 .text.__sfvwrite_r
                0x080068ac      0x2ec d:/install/arm-none-eabi/bin/../lib/gcc/arm-none-eabi/12.3.1/thumb/v7-m/nofp\libg.a(libc_a-fvwrite.o)
                0x080068ac                __sfvwrite_r
 .text.__swsetup_r
                0x08006b98       0xc0 d:/install/arm-none-eabi/bin/../lib/gcc/arm-none-eabi/12.3.1/thumb/v7-m/nofp\libg.a(libc_a-wsetup.o)
                0x08006b98                __swsetup_r
 .text.__fputwc
                0x08006c58       0x7c d:/install/arm-none-eabi/bin/../lib/gcc/arm-none-eabi/12.3.1/thumb/v7-m/nofp\libg.a(libc_a-fputwc.o)
                0x08006c58                __fputwc
 .text._fputwc_r
                0x08006cd4       0x60 d:/install/arm-none-eabi/bin/../lib/gcc/arm-none-eabi/12.3.1/thumb/v7-m/nofp\libg.a(libc_a-fputwc.o)
                0x08006cd4                _fputwc_r
 .text.memmove  0x08006d34       0xfc d:/install/arm-none-eabi/bin/../lib/gcc/arm-none-eabi/12.3.1/thumb/v7-m/nofp\libg.a(libc_a-memmove.o)
                0x08006d34                memmove
 .text.strncpy  0x08006e30       0x6c d:/install/arm-none-eabi/bin/../lib/gcc/arm-none-eabi/12.3.1/thumb/v7-m/nofp\libg.a(libc_a-strncpy.o)
                0x08006e30                strncpy
 .text.__locale_mb_cur_max
                0x08006e9c        0xc d:/install/arm-none-eabi/bin/../lib/gcc/arm-none-eabi/12.3.1/thumb/v7-m/nofp\libg.a(libc_a-locale.o)
                0x08006e9c                __locale_mb_cur_max
 .text._localeconv_r
                0x08006ea8        0x8 d:/install/arm-none-eabi/bin/../lib/gcc/arm-none-eabi/12.3.1/thumb/v7-m/nofp\libg.a(libc_a-localeconv.o)
                0x08006ea8                _localeconv_r
 .text._sbrk_r  0x08006eb0       0x24 d:/install/arm-none-eabi/bin/../lib/gcc/arm-none-eabi/12.3.1/thumb/v7-m/nofp\libg.a(libc_a-sbrkr.o)
                0x08006eb0                _sbrk_r
 .text.__libc_fini_array
                0x08006ed4       0x28 d:/install/arm-none-eabi/bin/../lib/gcc/arm-none-eabi/12.3.1/thumb/v7-m/nofp\libg.a(libc_a-fini.o)
                0x08006ed4                __libc_fini_array
 .text.sysconf  0x08006efc       0x1c d:/install/arm-none-eabi/bin/../lib/gcc/arm-none-eabi/12.3.1/thumb/v7-m/nofp\libg.a(libc_a-sysconf.o)
                0x08006efc                sysconf
 .text.memchr   0x08006f18       0x98 d:/install/arm-none-eabi/bin/../lib/gcc/arm-none-eabi/12.3.1/thumb/v7-m/nofp\libg.a(libc_a-memchr-stub.o)
                0x08006f18                memchr
 .text.strlen   0x08006fb0       0x5c d:/install/arm-none-eabi/bin/../lib/gcc/arm-none-eabi/12.3.1/thumb/v7-m/nofp\libg.a(libc_a-strlen-stub.o)
                0x08006fb0                strlen
 .text.frexp    0x0800700c       0x70 d:/install/arm-none-eabi/bin/../lib/gcc/arm-none-eabi/12.3.1/thumb/v7-m/nofp\libg.a(libm_a-s_frexp.o)
                0x0800700c                frexp
 .text.__register_exitproc
                0x0800707c       0x80 d:/install/arm-none-eabi/bin/../lib/gcc/arm-none-eabi/12.3.1/thumb/v7-m/nofp\libg.a(libc_a-__atexit.o)
                0x0800707c                __register_exitproc
 .text.quorem   0x080070fc      0x13c d:/install/arm-none-eabi/bin/../lib/gcc/arm-none-eabi/12.3.1/thumb/v7-m/nofp\libg.a(libc_a-dtoa.o)
 .text._dtoa_r  0x08007238      0xe54 d:/install/arm-none-eabi/bin/../lib/gcc/arm-none-eabi/12.3.1/thumb/v7-m/nofp\libg.a(libc_a-dtoa.o)
                0x08007238                _dtoa_r
 .text.__ascii_mbtowc
                0x0800808c       0x2c d:/install/arm-none-eabi/bin/../lib/gcc/arm-none-eabi/12.3.1/thumb/v7-m/nofp\libg.a(libc_a-mbtowc_r.o)
                0x0800808c                __ascii_mbtowc
 .text._Balloc  0x080080b8       0x4c d:/install/arm-none-eabi/bin/../lib/gcc/arm-none-eabi/12.3.1/thumb/v7-m/nofp\libg.a(libc_a-mprec.o)
                0x080080b8                _Balloc
 .text._Bfree   0x08008104       0x14 d:/install/arm-none-eabi/bin/../lib/gcc/arm-none-eabi/12.3.1/thumb/v7-m/nofp\libg.a(libc_a-mprec.o)
                0x08008104                _Bfree
 .text.__multadd
                0x08008118       0xa4 d:/install/arm-none-eabi/bin/../lib/gcc/arm-none-eabi/12.3.1/thumb/v7-m/nofp\libg.a(libc_a-mprec.o)
                0x08008118                __multadd
 .text.__hi0bits
                0x080081bc       0x44 d:/install/arm-none-eabi/bin/../lib/gcc/arm-none-eabi/12.3.1/thumb/v7-m/nofp\libg.a(libc_a-mprec.o)
                0x080081bc                __hi0bits
 .text.__lo0bits
                0x08008200       0x5c d:/install/arm-none-eabi/bin/../lib/gcc/arm-none-eabi/12.3.1/thumb/v7-m/nofp\libg.a(libc_a-mprec.o)
                0x08008200                __lo0bits
 .text.__i2b    0x0800825c       0x5c d:/install/arm-none-eabi/bin/../lib/gcc/arm-none-eabi/12.3.1/thumb/v7-m/nofp\libg.a(libc_a-mprec.o)
                0x0800825c                __i2b
 .text.__multiply
                0x080082b8      0x164 d:/install/arm-none-eabi/bin/../lib/gcc/arm-none-eabi/12.3.1/thumb/v7-m/nofp\libg.a(libc_a-mprec.o)
                0x080082b8                __multiply
 .text.__pow5mult
                0x0800841c       0xb4 d:/install/arm-none-eabi/bin/../lib/gcc/arm-none-eabi/12.3.1/thumb/v7-m/nofp\libg.a(libc_a-mprec.o)
                0x0800841c                __pow5mult
 .text.__lshift
                0x080084d0       0xec d:/install/arm-none-eabi/bin/../lib/gcc/arm-none-eabi/12.3.1/thumb/v7-m/nofp\libg.a(libc_a-mprec.o)
                0x080084d0                __lshift
 .text.__mcmp   0x080085bc       0x40 d:/install/arm-none-eabi/bin/../lib/gcc/arm-none-eabi/12.3.1/thumb/v7-m/nofp\libg.a(libc_a-mprec.o)
                0x080085bc                __mcmp
 .text.__mdiff  0x080085fc      0x160 d:/install/arm-none-eabi/bin/../lib/gcc/arm-none-eabi/12.3.1/thumb/v7-m/nofp\libg.a(libc_a-mprec.o)
                0x080085fc                __mdiff
 .text.__d2b    0x0800875c       0xbc d:/install/arm-none-eabi/bin/../lib/gcc/arm-none-eabi/12.3.1/thumb/v7-m/nofp\libg.a(libc_a-mprec.o)
                0x0800875c                __d2b
 .text._realloc_r
                0x08008818      0x34c d:/install/arm-none-eabi/bin/../lib/gcc/arm-none-eabi/12.3.1/thumb/v7-m/nofp\libg.a(libc_a-reallocr.o)
                0x08008818                _realloc_r
 .text.__ascii_wctomb
                0x08008b64       0x1c d:/install/arm-none-eabi/bin/../lib/gcc/arm-none-eabi/12.3.1/thumb/v7-m/nofp\libg.a(libc_a-wctomb_r.o)
                0x08008b64                __ascii_wctomb
 .text._wcrtomb_r
                0x08008b80       0x4c d:/install/arm-none-eabi/bin/../lib/gcc/arm-none-eabi/12.3.1/thumb/v7-m/nofp\libg.a(libc_a-wcrtomb.o)
                0x08008b80                _wcrtomb_r
 .text._wcsrtombs_r
                0x08008bcc       0x18 d:/install/arm-none-eabi/bin/../lib/gcc/arm-none-eabi/12.3.1/thumb/v7-m/nofp\libg.a(libc_a-wcsrtombs.o)
                0x08008bcc                _wcsrtombs_r
 .text.__smakebuf_r
                0x08008be4       0xdc d:/install/arm-none-eabi/bin/../lib/gcc/arm-none-eabi/12.3.1/thumb/v7-m/nofp\libg.a(libc_a-makebuf.o)
                0x08008be4                __smakebuf_r
 .text.__swbuf_r
                0x08008cc0       0xac d:/install/arm-none-eabi/bin/../lib/gcc/arm-none-eabi/12.3.1/thumb/v7-m/nofp\libg.a(libc_a-wbuf.o)
                0x08008cc0                __swbuf_r
 .text._fstat_r
                0x08008d6c       0x28 d:/install/arm-none-eabi/bin/../lib/gcc/arm-none-eabi/12.3.1/thumb/v7-m/nofp\libg.a(libc_a-fstatr.o)
                0x08008d6c                _fstat_r
 .text._isatty_r
                0x08008d94       0x24 d:/install/arm-none-eabi/bin/../lib/gcc/arm-none-eabi/12.3.1/thumb/v7-m/nofp\libg.a(libc_a-isattyr.o)
                0x08008d94                _isatty_r
 .text.__assert_func
                0x08008db8       0x40 d:/install/arm-none-eabi/bin/../lib/gcc/arm-none-eabi/12.3.1/thumb/v7-m/nofp\libg.a(libc_a-assert.o)
                0x08008db8                __assert_func
 .text._calloc_r
                0x08008df8       0x6c d:/install/arm-none-eabi/bin/../lib/gcc/arm-none-eabi/12.3.1/thumb/v7-m/nofp\libg.a(libc_a-callocr.o)
                0x08008df8                _calloc_r
 .text._wcsnrtombs_l
                0x08008e64       0xec d:/install/arm-none-eabi/bin/../lib/gcc/arm-none-eabi/12.3.1/thumb/v7-m/nofp\libg.a(libc_a-wcsnrtombs.o)
                0x08008e64                _wcsnrtombs_l
 .text._wcsnrtombs_r
                0x08008f50       0x24 d:/install/arm-none-eabi/bin/../lib/gcc/arm-none-eabi/12.3.1/thumb/v7-m/nofp\libg.a(libc_a-wcsnrtombs.o)
                0x08008f50                _wcsnrtombs_r
 .text.fiprintf
                0x08008f74       0x28 d:/install/arm-none-eabi/bin/../lib/gcc/arm-none-eabi/12.3.1/thumb/v7-m/nofp\libg.a(libc_a-fiprintf.o)
                0x08008f74                fiprintf
 .text.abort    0x08008f9c       0x10 d:/install/arm-none-eabi/bin/../lib/gcc/arm-none-eabi/12.3.1/thumb/v7-m/nofp\libg.a(libc_a-abort.o)
                0x08008f9c                abort
 .text.raise    0x08008fac       0x58 d:/install/arm-none-eabi/bin/../lib/gcc/arm-none-eabi/12.3.1/thumb/v7-m/nofp\libg.a(libc_a-signal.o)
                0x08008fac                raise
 .text._kill_r  0x08009004       0x28 d:/install/arm-none-eabi/bin/../lib/gcc/arm-none-eabi/12.3.1/thumb/v7-m/nofp\libg.a(libc_a-signalr.o)
                0x08009004                _kill_r
 .text._getpid_r
                0x0800902c        0x4 d:/install/arm-none-eabi/bin/../lib/gcc/arm-none-eabi/12.3.1/thumb/v7-m/nofp\libg.a(libc_a-signalr.o)
                0x0800902c                _getpid_r
 *(.glue_7)
 .glue_7        0x08009030        0x0 linker stubs
 *(.glue_7t)
 .glue_7t       0x08009030        0x0 linker stubs
 *(.eh_frame)
 .eh_frame      0x08009030        0x0 d:/install/arm-none-eabi/bin/../lib/gcc/arm-none-eabi/12.3.1/thumb/v7-m/nofp/crtbegin.o
 *(.init)
 .init          0x08009030        0x4 d:/install/arm-none-eabi/bin/../lib/gcc/arm-none-eabi/12.3.1/thumb/v7-m/nofp/crti.o
                0x08009030                _init
 .init          0x08009034        0x8 d:/install/arm-none-eabi/bin/../lib/gcc/arm-none-eabi/12.3.1/thumb/v7-m/nofp/crtn.o
 *(.fini)
 .fini          0x0800903c        0x4 d:/install/arm-none-eabi/bin/../lib/gcc/arm-none-eabi/12.3.1/thumb/v7-m/nofp/crti.o
                0x0800903c                _fini
 .fini          0x08009040        0x8 d:/install/arm-none-eabi/bin/../lib/gcc/arm-none-eabi/12.3.1/thumb/v7-m/nofp/crtn.o
                0x08009048                        . = ALIGN (0x4)
                0x08009048                        _etext = .

.vfp11_veneer   0x08009048        0x0
 .vfp11_veneer  0x08009048        0x0 linker stubs

.v4_bx          0x08009048        0x0
 .v4_bx         0x08009048        0x0 linker stubs

.iplt           0x08009048        0x0
 .iplt          0x08009048        0x0 d:/install/arm-none-eabi/bin/../lib/gcc/arm-none-eabi/12.3.1/thumb/v7-m/nofp/crtbegin.o

.rodata         0x08009048      0x45c
                0x08009048                        . = ALIGN (0x4)
 *(.rodata)
 .rodata        0x08009048        0x3 CMakeFiles/smart_car.elf.dir/Core/Src/main.c.obj
 *(.rodata*)
 *fill*         0x0800904b        0x1 
 .rodata.HAL_GPIO_EXTI_Callback.str1.4
                0x0800904c       0x3f CMakeFiles/smart_car.elf.dir/Core/Src/hc_sr04.c.obj
 *fill*         0x0800908b        0x1 
 .rodata.APBPrescTable
                0x0800908c        0x8 CMakeFiles/smart_car.elf.dir/Core/Src/system_stm32f1xx.c.obj
                0x0800908c                APBPrescTable
 .rodata.AHBPrescTable
                0x08009094       0x10 CMakeFiles/smart_car.elf.dir/Core/Src/system_stm32f1xx.c.obj
                0x08009094                AHBPrescTable
 .rodata.aPredivFactorTable.0
                0x080090a4        0x2 CMakeFiles/smart_car.elf.dir/Drivers/STM32F1xx_HAL_Driver/Src/stm32f1xx_hal_rcc.c.obj
 *fill*         0x080090a6        0x2 
 .rodata.aPLLMULFactorTable.1
                0x080090a8       0x10 CMakeFiles/smart_car.elf.dir/Drivers/STM32F1xx_HAL_Driver/Src/stm32f1xx_hal_rcc.c.obj
 .rodata._vfprintf_r.str1.4
                0x080090b8       0x42 d:/install/arm-none-eabi/bin/../lib/gcc/arm-none-eabi/12.3.1/thumb/v7-m/nofp\libg.a(libc_a-vfprintf.o)
 *fill*         0x080090fa        0x2 
 .rodata.zeroes.0
                0x080090fc       0x10 d:/install/arm-none-eabi/bin/../lib/gcc/arm-none-eabi/12.3.1/thumb/v7-m/nofp\libg.a(libc_a-vfprintf.o)
 .rodata.blanks.1
                0x0800910c       0x10 d:/install/arm-none-eabi/bin/../lib/gcc/arm-none-eabi/12.3.1/thumb/v7-m/nofp\libg.a(libc_a-vfprintf.o)
 .rodata._vfiprintf_r.str1.4
                0x0800911c       0x2f d:/install/arm-none-eabi/bin/../lib/gcc/arm-none-eabi/12.3.1/thumb/v7-m/nofp\libg.a(libc_a-vfiprintf.o)
 .rodata.zeroes.0
                0x0800911c       0x10 d:/install/arm-none-eabi/bin/../lib/gcc/arm-none-eabi/12.3.1/thumb/v7-m/nofp\libg.a(libc_a-vfiprintf.o)
 .rodata.blanks.1
                0x0800912c       0x10 d:/install/arm-none-eabi/bin/../lib/gcc/arm-none-eabi/12.3.1/thumb/v7-m/nofp\libg.a(libc_a-vfiprintf.o)
 .rodata.str1.4
                0x0800913c       0x48 d:/install/arm-none-eabi/bin/../lib/gcc/arm-none-eabi/12.3.1/thumb/v7-m/nofp\libg.a(libc_a-locale.o)
                                 0x4c (size before relaxing)
 .rodata._dtoa_r.str1.4
                0x08009184       0x7d d:/install/arm-none-eabi/bin/../lib/gcc/arm-none-eabi/12.3.1/thumb/v7-m/nofp\libg.a(libc_a-dtoa.o)
                                 0x81 (size before relaxing)
 *fill*         0x08009201        0x3 
 .rodata.__multadd.str1.4
                0x08009204       0x5a d:/install/arm-none-eabi/bin/../lib/gcc/arm-none-eabi/12.3.1/thumb/v7-m/nofp\libg.a(libc_a-mprec.o)
                                 0x6e (size before relaxing)
 *fill*         0x0800925e        0x2 
 .rodata.p05.0  0x08009260        0xc d:/install/arm-none-eabi/bin/../lib/gcc/arm-none-eabi/12.3.1/thumb/v7-m/nofp\libg.a(libc_a-mprec.o)
 *fill*         0x0800926c        0x4 
 .rodata.__mprec_bigtens
                0x08009270       0x28 d:/install/arm-none-eabi/bin/../lib/gcc/arm-none-eabi/12.3.1/thumb/v7-m/nofp\libg.a(libc_a-mprec.o)
                0x08009270                __mprec_bigtens
 .rodata.__mprec_tens
                0x08009298       0xc8 d:/install/arm-none-eabi/bin/../lib/gcc/arm-none-eabi/12.3.1/thumb/v7-m/nofp\libg.a(libc_a-mprec.o)
                0x08009298                __mprec_tens
 .rodata._ctype_
                0x08009360      0x101 d:/install/arm-none-eabi/bin/../lib/gcc/arm-none-eabi/12.3.1/thumb/v7-m/nofp\libg.a(libc_a-ctype_.o)
                0x08009360                _ctype_
 *fill*         0x08009461        0x3 
 .rodata.__assert_func.str1.4
                0x08009464       0x3f d:/install/arm-none-eabi/bin/../lib/gcc/arm-none-eabi/12.3.1/thumb/v7-m/nofp\libg.a(libc_a-assert.o)
                                 0x43 (size before relaxing)
                0x080094a4                        . = ALIGN (0x4)
 *fill*         0x080094a3        0x1 

.ARM.extab      0x080094a4        0x0
                0x080094a4                        . = ALIGN (0x4)
 *(.ARM.extab* .gnu.linkonce.armextab.*)
                0x080094a4                        . = ALIGN (0x4)

.ARM            0x080094a4        0x8
                0x080094a4                        . = ALIGN (0x4)
                0x080094a4                        __exidx_start = .
 *(.ARM.exidx*)
 .ARM.exidx     0x080094a4        0x8 d:/install/arm-none-eabi/bin/../lib/gcc/arm-none-eabi/12.3.1/thumb/v7-m/nofp\libg.a(libc_a-memcpy.o)
                0x080094ac                        __exidx_end = .
                0x080094ac                        . = ALIGN (0x4)

.rel.dyn        0x080094ac        0x0
 .rel.iplt      0x080094ac        0x0 d:/install/arm-none-eabi/bin/../lib/gcc/arm-none-eabi/12.3.1/thumb/v7-m/nofp/crtbegin.o

.preinit_array  0x080094ac        0x0
                0x080094ac                        . = ALIGN (0x4)
                0x080094ac                        PROVIDE (__preinit_array_start = .)
 *(.preinit_array*)
                0x080094ac                        PROVIDE (__preinit_array_end = .)
                0x080094ac                        . = ALIGN (0x4)

.init_array     0x080094ac        0x8
                0x080094ac                        . = ALIGN (0x4)
                0x080094ac                        PROVIDE (__init_array_start = .)
 *(SORT_BY_NAME(.init_array.*))
 .init_array.00000
                0x080094ac        0x4 d:/install/arm-none-eabi/bin/../lib/gcc/arm-none-eabi/12.3.1/thumb/v7-m/nofp\libg.a(libc_a-__call_atexit.o)
 *(.init_array*)
 .init_array    0x080094b0        0x4 d:/install/arm-none-eabi/bin/../lib/gcc/arm-none-eabi/12.3.1/thumb/v7-m/nofp/crtbegin.o
                0x080094b4                        PROVIDE (__init_array_end = .)
                0x080094b4                        . = ALIGN (0x4)

.fini_array     0x080094b4        0x4
                0x080094b4                        . = ALIGN (0x4)
                0x080094b4                        PROVIDE (__fini_array_start = .)
 *(SORT_BY_NAME(.fini_array.*))
 *(.fini_array*)
 .fini_array    0x080094b4        0x4 d:/install/arm-none-eabi/bin/../lib/gcc/arm-none-eabi/12.3.1/thumb/v7-m/nofp/crtbegin.o
                0x080094b8                        PROVIDE (__fini_array_end = .)
                0x080094b8                        . = ALIGN (0x4)
                0x080094b8                        _sidata = LOADADDR (.data)

.data           0x20000000      0x6c4 load address 0x080094b8
                0x20000000                        . = ALIGN (0x4)
                0x20000000                        _sdata = .
 *(.data)
 *(.data*)
 .data.SystemCoreClock
                0x20000000        0x4 CMakeFiles/smart_car.elf.dir/Core/Src/system_stm32f1xx.c.obj
                0x20000000                SystemCoreClock
 .data.uwTickFreq
                0x20000004        0x1 CMakeFiles/smart_car.elf.dir/Drivers/STM32F1xx_HAL_Driver/Src/stm32f1xx_hal.c.obj
                0x20000004                uwTickFreq
 *fill*         0x20000005        0x3 
 .data.uwTickPrio
                0x20000008        0x4 CMakeFiles/smart_car.elf.dir/Drivers/STM32F1xx_HAL_Driver/Src/stm32f1xx_hal.c.obj
                0x20000008                uwTickPrio
 .data.__sglue  0x2000000c        0xc d:/install/arm-none-eabi/bin/../lib/gcc/arm-none-eabi/12.3.1/thumb/v7-m/nofp\libg.a(libc_a-findfp.o)
                0x2000000c                __sglue
 .data._impure_ptr
                0x20000018        0x4 d:/install/arm-none-eabi/bin/../lib/gcc/arm-none-eabi/12.3.1/thumb/v7-m/nofp\libg.a(libc_a-impure.o)
                0x20000018                _impure_ptr
 *fill*         0x2000001c        0x4 
 .data._impure_data
                0x20000020      0x120 d:/install/arm-none-eabi/bin/../lib/gcc/arm-none-eabi/12.3.1/thumb/v7-m/nofp\libg.a(libc_a-impure.o)
                0x20000020                _impure_data
 .data.__atexit_recursive_mutex
                0x20000140        0x4 d:/install/arm-none-eabi/bin/../lib/gcc/arm-none-eabi/12.3.1/thumb/v7-m/nofp\libg.a(libc_a-__call_atexit.o)
                0x20000140                __atexit_recursive_mutex
 .data.__malloc_sbrk_base
                0x20000144        0x4 d:/install/arm-none-eabi/bin/../lib/gcc/arm-none-eabi/12.3.1/thumb/v7-m/nofp\libg.a(libc_a-mallocr.o)
                0x20000144                __malloc_sbrk_base
 .data.__malloc_trim_threshold
                0x20000148        0x4 d:/install/arm-none-eabi/bin/../lib/gcc/arm-none-eabi/12.3.1/thumb/v7-m/nofp\libg.a(libc_a-mallocr.o)
                0x20000148                __malloc_trim_threshold
 *fill*         0x2000014c        0x4 
 .data.__malloc_av_
                0x20000150      0x408 d:/install/arm-none-eabi/bin/../lib/gcc/arm-none-eabi/12.3.1/thumb/v7-m/nofp\libg.a(libc_a-mallocr.o)
                0x20000150                __malloc_av_
 .data.__global_locale
                0x20000558      0x16c d:/install/arm-none-eabi/bin/../lib/gcc/arm-none-eabi/12.3.1/thumb/v7-m/nofp\libg.a(libc_a-locale.o)
                0x20000558                __global_locale
 *(.RamFunc)
 *(.RamFunc*)
                0x200006c4                        . = ALIGN (0x4)
                0x200006c4                        _edata = .

.tm_clone_table
                0x200006c4        0x0 load address 0x08009b7c
 .tm_clone_table
                0x200006c4        0x0 d:/install/arm-none-eabi/bin/../lib/gcc/arm-none-eabi/12.3.1/thumb/v7-m/nofp/crtbegin.o
 .tm_clone_table
                0x200006c4        0x0 d:/install/arm-none-eabi/bin/../lib/gcc/arm-none-eabi/12.3.1/thumb/v7-m/nofp/crtend.o

.igot.plt       0x200006c4        0x0 load address 0x08009b7c
 .igot.plt      0x200006c4        0x0 d:/install/arm-none-eabi/bin/../lib/gcc/arm-none-eabi/12.3.1/thumb/v7-m/nofp/crtbegin.o
                0x200006c4                        . = ALIGN (0x4)

.bss            0x200006c4      0x4bc load address 0x08009b7c
                0x200006c4                        _sbss = .
                0x200006c4                        __bss_start__ = _sbss
 *(.bss)
 *(.bss*)
 .bss.completed.1
                0x200006c4        0x1 d:/install/arm-none-eabi/bin/../lib/gcc/arm-none-eabi/12.3.1/thumb/v7-m/nofp/crtbegin.o
 *fill*         0x200006c5        0x3 
 .bss.object.0  0x200006c8       0x18 d:/install/arm-none-eabi/bin/../lib/gcc/arm-none-eabi/12.3.1/thumb/v7-m/nofp/crtbegin.o
 .bss.g_fac_us  0x200006e0        0x4 CMakeFiles/smart_car.elf.dir/Core/Src/delay.c.obj
 .bss.hc_sr04_dev
                0x200006e4       0x14 CMakeFiles/smart_car.elf.dir/Core/Src/hc_sr04.c.obj
                0x200006e4                hc_sr04_dev
 .bss.distance  0x200006f8        0x4 CMakeFiles/smart_car.elf.dir/Core/Src/hc_sr04.c.obj
 .bss.huart1    0x200006fc       0x48 CMakeFiles/smart_car.elf.dir/Core/Src/main.c.obj
                0x200006fc                huart1
 .bss.htim4     0x20000744       0x48 CMakeFiles/smart_car.elf.dir/Core/Src/main.c.obj
                0x20000744                htim4
 .bss.htim3     0x2000078c       0x48 CMakeFiles/smart_car.elf.dir/Core/Src/main.c.obj
                0x2000078c                htim3
 .bss.htim2     0x200007d4       0x48 CMakeFiles/smart_car.elf.dir/Core/Src/main.c.obj
                0x200007d4                htim2
 .bss.htim1     0x2000081c       0x48 CMakeFiles/smart_car.elf.dir/Core/Src/main.c.obj
                0x2000081c                htim1
 .bss.__sbrk_heap_end
                0x20000864        0x4 CMakeFiles/smart_car.elf.dir/Core/Src/sysmem.c.obj
 .bss.uwTick    0x20000868        0x4 CMakeFiles/smart_car.elf.dir/Drivers/STM32F1xx_HAL_Driver/Src/stm32f1xx_hal.c.obj
                0x20000868                uwTick
 .bss.__sf      0x2000086c      0x138 d:/install/arm-none-eabi/bin/../lib/gcc/arm-none-eabi/12.3.1/thumb/v7-m/nofp\libg.a(libc_a-findfp.o)
                0x2000086c                __sf
 .bss.__stdio_exit_handler
                0x200009a4        0x4 d:/install/arm-none-eabi/bin/../lib/gcc/arm-none-eabi/12.3.1/thumb/v7-m/nofp\libg.a(libc_a-findfp.o)
                0x200009a4                __stdio_exit_handler
 .bss.errno     0x200009a8        0x4 d:/install/arm-none-eabi/bin/../lib/gcc/arm-none-eabi/12.3.1/thumb/v7-m/nofp\libg.a(libc_a-reent.o)
                0x200009a8                errno
 .bss.__lock___malloc_recursive_mutex
                0x200009ac        0x1 d:/install/arm-none-eabi/bin/../lib/gcc/arm-none-eabi/12.3.1/thumb/v7-m/nofp\libg.a(libc_a-lock.o)
                0x200009ac                __lock___malloc_recursive_mutex
 *fill*         0x200009ad        0x3 
 .bss.__lock___atexit_recursive_mutex
                0x200009b0        0x1 d:/install/arm-none-eabi/bin/../lib/gcc/arm-none-eabi/12.3.1/thumb/v7-m/nofp\libg.a(libc_a-lock.o)
                0x200009b0                __lock___atexit_recursive_mutex
 *fill*         0x200009b1        0x3 
 .bss.__lock___sfp_recursive_mutex
                0x200009b4        0x1 d:/install/arm-none-eabi/bin/../lib/gcc/arm-none-eabi/12.3.1/thumb/v7-m/nofp\libg.a(libc_a-lock.o)
                0x200009b4                __lock___sfp_recursive_mutex
 *fill*         0x200009b5        0x3 
 .bss.__atexit  0x200009b8        0x4 d:/install/arm-none-eabi/bin/../lib/gcc/arm-none-eabi/12.3.1/thumb/v7-m/nofp\libg.a(libc_a-__call_atexit.o)
                0x200009b8                __atexit
 .bss.__malloc_current_mallinfo
                0x200009bc       0x28 d:/install/arm-none-eabi/bin/../lib/gcc/arm-none-eabi/12.3.1/thumb/v7-m/nofp\libg.a(libc_a-mallocr.o)
                0x200009bc                __malloc_current_mallinfo
 .bss.__malloc_max_total_mem
                0x200009e4        0x4 d:/install/arm-none-eabi/bin/../lib/gcc/arm-none-eabi/12.3.1/thumb/v7-m/nofp\libg.a(libc_a-mallocr.o)
                0x200009e4                __malloc_max_total_mem
 .bss.__malloc_max_sbrked_mem
                0x200009e8        0x4 d:/install/arm-none-eabi/bin/../lib/gcc/arm-none-eabi/12.3.1/thumb/v7-m/nofp\libg.a(libc_a-mallocr.o)
                0x200009e8                __malloc_max_sbrked_mem
 .bss.__malloc_top_pad
                0x200009ec        0x4 d:/install/arm-none-eabi/bin/../lib/gcc/arm-none-eabi/12.3.1/thumb/v7-m/nofp\libg.a(libc_a-mallocr.o)
                0x200009ec                __malloc_top_pad
 .bss.__atexit0
                0x200009f0      0x190 d:/install/arm-none-eabi/bin/../lib/gcc/arm-none-eabi/12.3.1/thumb/v7-m/nofp\libg.a(libc_a-__atexit.o)
                0x200009f0                __atexit0
 *(COMMON)
                0x20000b80                        . = ALIGN (0x4)
                0x20000b80                        _ebss = .
                0x20000b80                        __bss_end__ = _ebss

._user_heap_stack
                0x20000b80      0x600 load address 0x08009b7c
                0x20000b80                        . = ALIGN (0x8)
                [!provide]                        PROVIDE (end = .)
                0x20000b80                        PROVIDE (_end = .)
                0x20000d80                        . = (. + _Min_Heap_Size)
 *fill*         0x20000b80      0x200 
                0x20001180                        . = (. + _Min_Stack_Size)
 *fill*         0x20000d80      0x400 
                0x20001180                        . = ALIGN (0x8)

/DISCARD/
 libc.a(*)
 libm.a(*)
 libgcc.a(*)

.ARM.attributes
                0x00000000       0x29
 *(.ARM.attributes)
 .ARM.attributes
                0x00000000       0x1d d:/install/arm-none-eabi/bin/../lib/gcc/arm-none-eabi/12.3.1/thumb/v7-m/nofp/crti.o
 .ARM.attributes
                0x0000001d       0x2d d:/install/arm-none-eabi/bin/../lib/gcc/arm-none-eabi/12.3.1/thumb/v7-m/nofp/crtbegin.o
 .ARM.attributes
                0x0000004a       0x2d CMakeFiles/smart_car.elf.dir/Core/Src/delay.c.obj
 .ARM.attributes
                0x00000077       0x2d CMakeFiles/smart_car.elf.dir/Core/Src/fan.c.obj
 .ARM.attributes
                0x000000a4       0x2d CMakeFiles/smart_car.elf.dir/Core/Src/hc_sr04.c.obj
 .ARM.attributes
                0x000000d1       0x2d CMakeFiles/smart_car.elf.dir/Core/Src/main.c.obj
 .ARM.attributes
                0x000000fe       0x2d CMakeFiles/smart_car.elf.dir/Core/Src/printf_redirect.c.obj
 .ARM.attributes
                0x0000012b       0x2d CMakeFiles/smart_car.elf.dir/Core/Src/rgb_led.c.obj
 .ARM.attributes
                0x00000158       0x2d CMakeFiles/smart_car.elf.dir/Core/Src/schedule.c.obj
 .ARM.attributes
                0x00000185       0x2d CMakeFiles/smart_car.elf.dir/Core/Src/stm32f1xx_hal_msp.c.obj
 .ARM.attributes
                0x000001b2       0x2d CMakeFiles/smart_car.elf.dir/Core/Src/stm32f1xx_it.c.obj
 .ARM.attributes
                0x000001df       0x2d CMakeFiles/smart_car.elf.dir/Core/Src/syscalls.c.obj
 .ARM.attributes
                0x0000020c       0x2d CMakeFiles/smart_car.elf.dir/Core/Src/sysmem.c.obj
 .ARM.attributes
                0x00000239       0x2d CMakeFiles/smart_car.elf.dir/Core/Src/system_stm32f1xx.c.obj
 .ARM.attributes
                0x00000266       0x21 CMakeFiles/smart_car.elf.dir/Core/Startup/startup_stm32f103c8tx.s.obj
 .ARM.attributes
                0x00000287       0x2d CMakeFiles/smart_car.elf.dir/Drivers/STM32F1xx_HAL_Driver/Src/stm32f1xx_hal.c.obj
 .ARM.attributes
                0x000002b4       0x2d CMakeFiles/smart_car.elf.dir/Drivers/STM32F1xx_HAL_Driver/Src/stm32f1xx_hal_cortex.c.obj
 .ARM.attributes
                0x000002e1       0x2d CMakeFiles/smart_car.elf.dir/Drivers/STM32F1xx_HAL_Driver/Src/stm32f1xx_hal_gpio.c.obj
 .ARM.attributes
                0x0000030e       0x2d CMakeFiles/smart_car.elf.dir/Drivers/STM32F1xx_HAL_Driver/Src/stm32f1xx_hal_rcc.c.obj
 .ARM.attributes
                0x0000033b       0x2d CMakeFiles/smart_car.elf.dir/Drivers/STM32F1xx_HAL_Driver/Src/stm32f1xx_hal_tim.c.obj
 .ARM.attributes
                0x00000368       0x2d CMakeFiles/smart_car.elf.dir/Drivers/STM32F1xx_HAL_Driver/Src/stm32f1xx_hal_tim_ex.c.obj
 .ARM.attributes
                0x00000395       0x2d CMakeFiles/smart_car.elf.dir/Drivers/STM32F1xx_HAL_Driver/Src/stm32f1xx_hal_uart.c.obj
 .ARM.attributes
                0x000003c2       0x1d d:/install/arm-none-eabi/bin/../lib/gcc/arm-none-eabi/12.3.1/thumb/v7-m/nofp\libgcc.a(_arm_addsubdf3.o)
 .ARM.attributes
                0x000003df       0x1d d:/install/arm-none-eabi/bin/../lib/gcc/arm-none-eabi/12.3.1/thumb/v7-m/nofp\libgcc.a(_arm_muldivdf3.o)
 .ARM.attributes
                0x000003fc       0x1d d:/install/arm-none-eabi/bin/../lib/gcc/arm-none-eabi/12.3.1/thumb/v7-m/nofp\libgcc.a(_arm_truncdfsf2.o)
 .ARM.attributes
                0x00000419       0x2d d:/install/arm-none-eabi/bin/../lib/gcc/arm-none-eabi/12.3.1/thumb/v7-m/nofp\libg.a(libc_a-findfp.o)
 .ARM.attributes
                0x00000446       0x2d d:/install/arm-none-eabi/bin/../lib/gcc/arm-none-eabi/12.3.1/thumb/v7-m/nofp\libg.a(libc_a-fwalk.o)
 .ARM.attributes
                0x00000473       0x2d d:/install/arm-none-eabi/bin/../lib/gcc/arm-none-eabi/12.3.1/thumb/v7-m/nofp\libg.a(libc_a-printf.o)
 .ARM.attributes
                0x000004a0       0x2d d:/install/arm-none-eabi/bin/../lib/gcc/arm-none-eabi/12.3.1/thumb/v7-m/nofp\libg.a(libc_a-stdio.o)
 .ARM.attributes
                0x000004cd       0x2d d:/install/arm-none-eabi/bin/../lib/gcc/arm-none-eabi/12.3.1/thumb/v7-m/nofp\libg.a(libc_a-memset.o)
 .ARM.attributes
                0x000004fa       0x2d d:/install/arm-none-eabi/bin/../lib/gcc/arm-none-eabi/12.3.1/thumb/v7-m/nofp\libg.a(libc_a-closer.o)
 .ARM.attributes
                0x00000527       0x2d d:/install/arm-none-eabi/bin/../lib/gcc/arm-none-eabi/12.3.1/thumb/v7-m/nofp\libg.a(libc_a-reent.o)
 .ARM.attributes
                0x00000554       0x2d d:/install/arm-none-eabi/bin/../lib/gcc/arm-none-eabi/12.3.1/thumb/v7-m/nofp\libg.a(libc_a-impure.o)
 .ARM.attributes
                0x00000581       0x2d d:/install/arm-none-eabi/bin/../lib/gcc/arm-none-eabi/12.3.1/thumb/v7-m/nofp\libg.a(libc_a-lseekr.o)
 .ARM.attributes
                0x000005ae       0x2d d:/install/arm-none-eabi/bin/../lib/gcc/arm-none-eabi/12.3.1/thumb/v7-m/nofp\libg.a(libc_a-readr.o)
 .ARM.attributes
                0x000005db       0x2d d:/install/arm-none-eabi/bin/../lib/gcc/arm-none-eabi/12.3.1/thumb/v7-m/nofp\libg.a(libc_a-writer.o)
 .ARM.attributes
                0x00000608       0x2d d:/install/arm-none-eabi/bin/../lib/gcc/arm-none-eabi/12.3.1/thumb/v7-m/nofp\libg.a(libc_a-errno.o)
 .ARM.attributes
                0x00000635       0x2d d:/install/arm-none-eabi/bin/../lib/gcc/arm-none-eabi/12.3.1/thumb/v7-m/nofp\libg.a(libc_a-init.o)
 .ARM.attributes
                0x00000662       0x2d d:/install/arm-none-eabi/bin/../lib/gcc/arm-none-eabi/12.3.1/thumb/v7-m/nofp\libg.a(libc_a-lock.o)
 .ARM.attributes
                0x0000068f       0x2d d:/install/arm-none-eabi/bin/../lib/gcc/arm-none-eabi/12.3.1/thumb/v7-m/nofp\libg.a(libc_a-__call_atexit.o)
 .ARM.attributes
                0x000006bc       0x2d d:/install/arm-none-eabi/bin/../lib/gcc/arm-none-eabi/12.3.1/thumb/v7-m/nofp\libg.a(libc_a-atexit.o)
 .ARM.attributes
                0x000006e9       0x2d d:/install/arm-none-eabi/bin/../lib/gcc/arm-none-eabi/12.3.1/thumb/v7-m/nofp\libg.a(libc_a-freer.o)
 .ARM.attributes
                0x00000716       0x2d d:/install/arm-none-eabi/bin/../lib/gcc/arm-none-eabi/12.3.1/thumb/v7-m/nofp\libg.a(libc_a-mallocr.o)
 .ARM.attributes
                0x00000743       0x2d d:/install/arm-none-eabi/bin/../lib/gcc/arm-none-eabi/12.3.1/thumb/v7-m/nofp\libg.a(libc_a-mlock.o)
 .ARM.attributes
                0x00000770       0x2d d:/install/arm-none-eabi/bin/../lib/gcc/arm-none-eabi/12.3.1/thumb/v7-m/nofp\libg.a(libc_a-vfprintf.o)
 .ARM.attributes
                0x0000079d       0x2d d:/install/arm-none-eabi/bin/../lib/gcc/arm-none-eabi/12.3.1/thumb/v7-m/nofp\libg.a(libc_a-vfiprintf.o)
 .ARM.attributes
                0x000007ca       0x2d d:/install/arm-none-eabi/bin/../lib/gcc/arm-none-eabi/12.3.1/thumb/v7-m/nofp\libg.a(libc_a-fclose.o)
 .ARM.attributes
                0x000007f7       0x2d d:/install/arm-none-eabi/bin/../lib/gcc/arm-none-eabi/12.3.1/thumb/v7-m/nofp\libg.a(libc_a-fflush.o)
 .ARM.attributes
                0x00000824       0x2d d:/install/arm-none-eabi/bin/../lib/gcc/arm-none-eabi/12.3.1/thumb/v7-m/nofp\libg.a(libc_a-fvwrite.o)
 .ARM.attributes
                0x00000851       0x2d d:/install/arm-none-eabi/bin/../lib/gcc/arm-none-eabi/12.3.1/thumb/v7-m/nofp\libg.a(libc_a-wsetup.o)
 .ARM.attributes
                0x0000087e       0x2d d:/install/arm-none-eabi/bin/../lib/gcc/arm-none-eabi/12.3.1/thumb/v7-m/nofp\libg.a(libc_a-fputwc.o)
 .ARM.attributes
                0x000008ab       0x2d d:/install/arm-none-eabi/bin/../lib/gcc/arm-none-eabi/12.3.1/thumb/v7-m/nofp\libg.a(libc_a-memmove.o)
 .ARM.attributes
                0x000008d8       0x2d d:/install/arm-none-eabi/bin/../lib/gcc/arm-none-eabi/12.3.1/thumb/v7-m/nofp\libg.a(libc_a-strncpy.o)
 .ARM.attributes
                0x00000905       0x2d d:/install/arm-none-eabi/bin/../lib/gcc/arm-none-eabi/12.3.1/thumb/v7-m/nofp\libg.a(libc_a-locale.o)
 .ARM.attributes
                0x00000932       0x2d d:/install/arm-none-eabi/bin/../lib/gcc/arm-none-eabi/12.3.1/thumb/v7-m/nofp\libg.a(libc_a-localeconv.o)
 .ARM.attributes
                0x0000095f       0x2d d:/install/arm-none-eabi/bin/../lib/gcc/arm-none-eabi/12.3.1/thumb/v7-m/nofp\libg.a(libc_a-sbrkr.o)
 .ARM.attributes
                0x0000098c       0x2d d:/install/arm-none-eabi/bin/../lib/gcc/arm-none-eabi/12.3.1/thumb/v7-m/nofp\libg.a(libc_a-fini.o)
 .ARM.attributes
                0x000009b9       0x2d d:/install/arm-none-eabi/bin/../lib/gcc/arm-none-eabi/12.3.1/thumb/v7-m/nofp\libg.a(libc_a-sysconf.o)
 .ARM.attributes
                0x000009e6       0x2d d:/install/arm-none-eabi/bin/../lib/gcc/arm-none-eabi/12.3.1/thumb/v7-m/nofp\libg.a(libc_a-memchr-stub.o)
 .ARM.attributes
                0x00000a13       0x1b d:/install/arm-none-eabi/bin/../lib/gcc/arm-none-eabi/12.3.1/thumb/v7-m/nofp\libg.a(libc_a-memcpy.o)
 .ARM.attributes
                0x00000a2e       0x2d d:/install/arm-none-eabi/bin/../lib/gcc/arm-none-eabi/12.3.1/thumb/v7-m/nofp\libg.a(libc_a-strlen-stub.o)
 .ARM.attributes
                0x00000a5b       0x2d d:/install/arm-none-eabi/bin/../lib/gcc/arm-none-eabi/12.3.1/thumb/v7-m/nofp\libg.a(libm_a-s_frexp.o)
 .ARM.attributes
                0x00000a88       0x2d d:/install/arm-none-eabi/bin/../lib/gcc/arm-none-eabi/12.3.1/thumb/v7-m/nofp\libg.a(libc_a-__atexit.o)
 .ARM.attributes
                0x00000ab5       0x2d d:/install/arm-none-eabi/bin/../lib/gcc/arm-none-eabi/12.3.1/thumb/v7-m/nofp\libg.a(libc_a-dtoa.o)
 .ARM.attributes
                0x00000ae2       0x2d d:/install/arm-none-eabi/bin/../lib/gcc/arm-none-eabi/12.3.1/thumb/v7-m/nofp\libg.a(libc_a-mbtowc_r.o)
 .ARM.attributes
                0x00000b0f       0x2d d:/install/arm-none-eabi/bin/../lib/gcc/arm-none-eabi/12.3.1/thumb/v7-m/nofp\libg.a(libc_a-mprec.o)
 .ARM.attributes
                0x00000b3c       0x2d d:/install/arm-none-eabi/bin/../lib/gcc/arm-none-eabi/12.3.1/thumb/v7-m/nofp\libg.a(libc_a-reallocr.o)
 .ARM.attributes
                0x00000b69       0x2d d:/install/arm-none-eabi/bin/../lib/gcc/arm-none-eabi/12.3.1/thumb/v7-m/nofp\libg.a(libc_a-wctomb_r.o)
 .ARM.attributes
                0x00000b96       0x2d d:/install/arm-none-eabi/bin/../lib/gcc/arm-none-eabi/12.3.1/thumb/v7-m/nofp\libg.a(libc_a-wcrtomb.o)
 .ARM.attributes
                0x00000bc3       0x2d d:/install/arm-none-eabi/bin/../lib/gcc/arm-none-eabi/12.3.1/thumb/v7-m/nofp\libg.a(libc_a-wcsrtombs.o)
 .ARM.attributes
                0x00000bf0       0x2d d:/install/arm-none-eabi/bin/../lib/gcc/arm-none-eabi/12.3.1/thumb/v7-m/nofp\libg.a(libc_a-ctype_.o)
 .ARM.attributes
                0x00000c1d       0x2d d:/install/arm-none-eabi/bin/../lib/gcc/arm-none-eabi/12.3.1/thumb/v7-m/nofp\libg.a(libc_a-makebuf.o)
 .ARM.attributes
                0x00000c4a       0x2d d:/install/arm-none-eabi/bin/../lib/gcc/arm-none-eabi/12.3.1/thumb/v7-m/nofp\libg.a(libc_a-wbuf.o)
 .ARM.attributes
                0x00000c77       0x2d d:/install/arm-none-eabi/bin/../lib/gcc/arm-none-eabi/12.3.1/thumb/v7-m/nofp\libg.a(libc_a-fstatr.o)
 .ARM.attributes
                0x00000ca4       0x2d d:/install/arm-none-eabi/bin/../lib/gcc/arm-none-eabi/12.3.1/thumb/v7-m/nofp\libg.a(libc_a-isattyr.o)
 .ARM.attributes
                0x00000cd1       0x2d d:/install/arm-none-eabi/bin/../lib/gcc/arm-none-eabi/12.3.1/thumb/v7-m/nofp\libg.a(libc_a-assert.o)
 .ARM.attributes
                0x00000cfe       0x2d d:/install/arm-none-eabi/bin/../lib/gcc/arm-none-eabi/12.3.1/thumb/v7-m/nofp\libg.a(libc_a-callocr.o)
 .ARM.attributes
                0x00000d2b       0x2d d:/install/arm-none-eabi/bin/../lib/gcc/arm-none-eabi/12.3.1/thumb/v7-m/nofp\libg.a(libc_a-wcsnrtombs.o)
 .ARM.attributes
                0x00000d58       0x2d d:/install/arm-none-eabi/bin/../lib/gcc/arm-none-eabi/12.3.1/thumb/v7-m/nofp\libg.a(libc_a-fiprintf.o)
 .ARM.attributes
                0x00000d85       0x2d d:/install/arm-none-eabi/bin/../lib/gcc/arm-none-eabi/12.3.1/thumb/v7-m/nofp\libg.a(libc_a-abort.o)
 .ARM.attributes
                0x00000db2       0x2d d:/install/arm-none-eabi/bin/../lib/gcc/arm-none-eabi/12.3.1/thumb/v7-m/nofp\libg.a(libc_a-signal.o)
 .ARM.attributes
                0x00000ddf       0x2d d:/install/arm-none-eabi/bin/../lib/gcc/arm-none-eabi/12.3.1/thumb/v7-m/nofp\libg.a(libc_a-signalr.o)
 .ARM.attributes
                0x00000e0c       0x1d d:/install/arm-none-eabi/bin/../lib/gcc/arm-none-eabi/12.3.1/thumb/v7-m/nofp\libgcc.a(_arm_cmpdf2.o)
 .ARM.attributes
                0x00000e29       0x1d d:/install/arm-none-eabi/bin/../lib/gcc/arm-none-eabi/12.3.1/thumb/v7-m/nofp\libgcc.a(_arm_unorddf2.o)
 .ARM.attributes
                0x00000e46       0x1d d:/install/arm-none-eabi/bin/../lib/gcc/arm-none-eabi/12.3.1/thumb/v7-m/nofp\libgcc.a(_arm_fixdfsi.o)
 .ARM.attributes
                0x00000e63       0x2d d:/install/arm-none-eabi/bin/../lib/gcc/arm-none-eabi/12.3.1/thumb/v7-m/nofp/crtend.o
 .ARM.attributes
                0x00000e90       0x1d d:/install/arm-none-eabi/bin/../lib/gcc/arm-none-eabi/12.3.1/thumb/v7-m/nofp/crtn.o
OUTPUT(smart_car.elf elf32-littlearm)
LOAD linker stubs
LOAD d:/install/arm-none-eabi/bin/../lib/gcc/arm-none-eabi/12.3.1/thumb/v7-m/nofp\libc.a
LOAD d:/install/arm-none-eabi/bin/../lib/gcc/arm-none-eabi/12.3.1/thumb/v7-m/nofp\libm.a
LOAD d:/install/arm-none-eabi/bin/../lib/gcc/arm-none-eabi/12.3.1/thumb/v7-m/nofp\libgcc.a

.debug_info     0x00000000    0x112fd
 .debug_info    0x00000000      0x287 CMakeFiles/smart_car.elf.dir/Core/Src/delay.c.obj
 .debug_info    0x00000287      0x1c2 CMakeFiles/smart_car.elf.dir/Core/Src/fan.c.obj
 .debug_info    0x00000449      0x4d0 CMakeFiles/smart_car.elf.dir/Core/Src/hc_sr04.c.obj
 .debug_info    0x00000919     0x17c0 CMakeFiles/smart_car.elf.dir/Core/Src/main.c.obj
 .debug_info    0x000020d9      0x5fc CMakeFiles/smart_car.elf.dir/Core/Src/printf_redirect.c.obj
 .debug_info    0x000026d5      0x7ed CMakeFiles/smart_car.elf.dir/Core/Src/rgb_led.c.obj
 .debug_info    0x00002ec2      0x76a CMakeFiles/smart_car.elf.dir/Core/Src/schedule.c.obj
 .debug_info    0x0000362c      0xf83 CMakeFiles/smart_car.elf.dir/Core/Src/stm32f1xx_hal_msp.c.obj
 .debug_info    0x000045af      0x79b CMakeFiles/smart_car.elf.dir/Core/Src/stm32f1xx_it.c.obj
 .debug_info    0x00004d4a      0x783 CMakeFiles/smart_car.elf.dir/Core/Src/syscalls.c.obj
 .debug_info    0x000054cd      0x171 CMakeFiles/smart_car.elf.dir/Core/Src/sysmem.c.obj
 .debug_info    0x0000563e      0x22d CMakeFiles/smart_car.elf.dir/Core/Src/system_stm32f1xx.c.obj
 .debug_info    0x0000586b       0x30 CMakeFiles/smart_car.elf.dir/Core/Startup/startup_stm32f103c8tx.s.obj
 .debug_info    0x0000589b      0x7a2 CMakeFiles/smart_car.elf.dir/Drivers/STM32F1xx_HAL_Driver/Src/stm32f1xx_hal.c.obj
 .debug_info    0x0000603d      0xcad CMakeFiles/smart_car.elf.dir/Drivers/STM32F1xx_HAL_Driver/Src/stm32f1xx_hal_cortex.c.obj
 .debug_info    0x00006cea      0x604 CMakeFiles/smart_car.elf.dir/Drivers/STM32F1xx_HAL_Driver/Src/stm32f1xx_hal_gpio.c.obj
 .debug_info    0x000072ee      0x9c7 CMakeFiles/smart_car.elf.dir/Drivers/STM32F1xx_HAL_Driver/Src/stm32f1xx_hal_rcc.c.obj
 .debug_info    0x00007cb5     0x3b74 CMakeFiles/smart_car.elf.dir/Drivers/STM32F1xx_HAL_Driver/Src/stm32f1xx_hal_tim.c.obj
 .debug_info    0x0000b829     0x1a88 CMakeFiles/smart_car.elf.dir/Drivers/STM32F1xx_HAL_Driver/Src/stm32f1xx_hal_tim_ex.c.obj
 .debug_info    0x0000d2b1     0x404c CMakeFiles/smart_car.elf.dir/Drivers/STM32F1xx_HAL_Driver/Src/stm32f1xx_hal_uart.c.obj

.debug_abbrev   0x00000000     0x26d9
 .debug_abbrev  0x00000000      0x149 CMakeFiles/smart_car.elf.dir/Core/Src/delay.c.obj
 .debug_abbrev  0x00000149      0x107 CMakeFiles/smart_car.elf.dir/Core/Src/fan.c.obj
 .debug_abbrev  0x00000250      0x217 CMakeFiles/smart_car.elf.dir/Core/Src/hc_sr04.c.obj
 .debug_abbrev  0x00000467      0x2f2 CMakeFiles/smart_car.elf.dir/Core/Src/main.c.obj
 .debug_abbrev  0x00000759      0x186 CMakeFiles/smart_car.elf.dir/Core/Src/printf_redirect.c.obj
 .debug_abbrev  0x000008df      0x1a9 CMakeFiles/smart_car.elf.dir/Core/Src/rgb_led.c.obj
 .debug_abbrev  0x00000a88      0x1dc CMakeFiles/smart_car.elf.dir/Core/Src/schedule.c.obj
 .debug_abbrev  0x00000c64      0x265 CMakeFiles/smart_car.elf.dir/Core/Src/stm32f1xx_hal_msp.c.obj
 .debug_abbrev  0x00000ec9      0x1d3 CMakeFiles/smart_car.elf.dir/Core/Src/stm32f1xx_it.c.obj
 .debug_abbrev  0x0000109c      0x1c1 CMakeFiles/smart_car.elf.dir/Core/Src/syscalls.c.obj
 .debug_abbrev  0x0000125d       0xea CMakeFiles/smart_car.elf.dir/Core/Src/sysmem.c.obj
 .debug_abbrev  0x00001347      0x143 CMakeFiles/smart_car.elf.dir/Core/Src/system_stm32f1xx.c.obj
 .debug_abbrev  0x0000148a       0x24 CMakeFiles/smart_car.elf.dir/Core/Startup/startup_stm32f103c8tx.s.obj
 .debug_abbrev  0x000014ae      0x22d CMakeFiles/smart_car.elf.dir/Drivers/STM32F1xx_HAL_Driver/Src/stm32f1xx_hal.c.obj
 .debug_abbrev  0x000016db      0x36d CMakeFiles/smart_car.elf.dir/Drivers/STM32F1xx_HAL_Driver/Src/stm32f1xx_hal_cortex.c.obj
 .debug_abbrev  0x00001a48      0x1f7 CMakeFiles/smart_car.elf.dir/Drivers/STM32F1xx_HAL_Driver/Src/stm32f1xx_hal_gpio.c.obj
 .debug_abbrev  0x00001c3f      0x2a0 CMakeFiles/smart_car.elf.dir/Drivers/STM32F1xx_HAL_Driver/Src/stm32f1xx_hal_rcc.c.obj
 .debug_abbrev  0x00001edf      0x270 CMakeFiles/smart_car.elf.dir/Drivers/STM32F1xx_HAL_Driver/Src/stm32f1xx_hal_tim.c.obj
 .debug_abbrev  0x0000214f      0x26e CMakeFiles/smart_car.elf.dir/Drivers/STM32F1xx_HAL_Driver/Src/stm32f1xx_hal_tim_ex.c.obj
 .debug_abbrev  0x000023bd      0x31c CMakeFiles/smart_car.elf.dir/Drivers/STM32F1xx_HAL_Driver/Src/stm32f1xx_hal_uart.c.obj

.debug_loclists
                0x00000000     0x825d
 .debug_loclists
                0x00000000       0xf6 CMakeFiles/smart_car.elf.dir/Core/Src/delay.c.obj
 .debug_loclists
                0x000000f6       0x5f CMakeFiles/smart_car.elf.dir/Core/Src/hc_sr04.c.obj
 .debug_loclists
                0x00000155       0x55 CMakeFiles/smart_car.elf.dir/Core/Src/printf_redirect.c.obj
 .debug_loclists
                0x000001aa       0x34 CMakeFiles/smart_car.elf.dir/Core/Src/schedule.c.obj
 .debug_loclists
                0x000001de       0xf7 CMakeFiles/smart_car.elf.dir/Core/Src/stm32f1xx_hal_msp.c.obj
 .debug_loclists
                0x000002d5      0x25b CMakeFiles/smart_car.elf.dir/Core/Src/syscalls.c.obj
 .debug_loclists
                0x00000530       0x46 CMakeFiles/smart_car.elf.dir/Core/Src/sysmem.c.obj
 .debug_loclists
                0x00000576       0xa5 CMakeFiles/smart_car.elf.dir/Core/Src/system_stm32f1xx.c.obj
 .debug_loclists
                0x0000061b       0xc9 CMakeFiles/smart_car.elf.dir/Drivers/STM32F1xx_HAL_Driver/Src/stm32f1xx_hal.c.obj
 .debug_loclists
                0x000006e4      0x422 CMakeFiles/smart_car.elf.dir/Drivers/STM32F1xx_HAL_Driver/Src/stm32f1xx_hal_cortex.c.obj
 .debug_loclists
                0x00000b06      0x2e8 CMakeFiles/smart_car.elf.dir/Drivers/STM32F1xx_HAL_Driver/Src/stm32f1xx_hal_gpio.c.obj
 .debug_loclists
                0x00000dee      0x3f8 CMakeFiles/smart_car.elf.dir/Drivers/STM32F1xx_HAL_Driver/Src/stm32f1xx_hal_rcc.c.obj
 .debug_loclists
                0x000011e6     0x3332 CMakeFiles/smart_car.elf.dir/Drivers/STM32F1xx_HAL_Driver/Src/stm32f1xx_hal_tim.c.obj
 .debug_loclists
                0x00004518     0x124c CMakeFiles/smart_car.elf.dir/Drivers/STM32F1xx_HAL_Driver/Src/stm32f1xx_hal_tim_ex.c.obj
 .debug_loclists
                0x00005764     0x2af9 CMakeFiles/smart_car.elf.dir/Drivers/STM32F1xx_HAL_Driver/Src/stm32f1xx_hal_uart.c.obj

.debug_aranges  0x00000000      0xd20
 .debug_aranges
                0x00000000       0x38 CMakeFiles/smart_car.elf.dir/Core/Src/delay.c.obj
 .debug_aranges
                0x00000038       0x28 CMakeFiles/smart_car.elf.dir/Core/Src/fan.c.obj
 .debug_aranges
                0x00000060       0x48 CMakeFiles/smart_car.elf.dir/Core/Src/hc_sr04.c.obj
 .debug_aranges
                0x000000a8       0x60 CMakeFiles/smart_car.elf.dir/Core/Src/main.c.obj
 .debug_aranges
                0x00000108       0x20 CMakeFiles/smart_car.elf.dir/Core/Src/printf_redirect.c.obj
 .debug_aranges
                0x00000128       0x20 CMakeFiles/smart_car.elf.dir/Core/Src/rgb_led.c.obj
 .debug_aranges
                0x00000148       0x30 CMakeFiles/smart_car.elf.dir/Core/Src/schedule.c.obj
 .debug_aranges
                0x00000178       0x58 CMakeFiles/smart_car.elf.dir/Core/Src/stm32f1xx_hal_msp.c.obj
 .debug_aranges
                0x000001d0       0x70 CMakeFiles/smart_car.elf.dir/Core/Src/stm32f1xx_it.c.obj
 .debug_aranges
                0x00000240       0xa8 CMakeFiles/smart_car.elf.dir/Core/Src/syscalls.c.obj
 .debug_aranges
                0x000002e8       0x20 CMakeFiles/smart_car.elf.dir/Core/Src/sysmem.c.obj
 .debug_aranges
                0x00000308       0x28 CMakeFiles/smart_car.elf.dir/Core/Src/system_stm32f1xx.c.obj
 .debug_aranges
                0x00000330       0x28 CMakeFiles/smart_car.elf.dir/Core/Startup/startup_stm32f103c8tx.s.obj
 .debug_aranges
                0x00000358       0xe0 CMakeFiles/smart_car.elf.dir/Drivers/STM32F1xx_HAL_Driver/Src/stm32f1xx_hal.c.obj
 .debug_aranges
                0x00000438       0xc0 CMakeFiles/smart_car.elf.dir/Drivers/STM32F1xx_HAL_Driver/Src/stm32f1xx_hal_cortex.c.obj
 .debug_aranges
                0x000004f8       0x58 CMakeFiles/smart_car.elf.dir/Drivers/STM32F1xx_HAL_Driver/Src/stm32f1xx_hal_gpio.c.obj
 .debug_aranges
                0x00000550       0x90 CMakeFiles/smart_car.elf.dir/Drivers/STM32F1xx_HAL_Driver/Src/stm32f1xx_hal_rcc.c.obj
 .debug_aranges
                0x000005e0      0x3d0 CMakeFiles/smart_car.elf.dir/Drivers/STM32F1xx_HAL_Driver/Src/stm32f1xx_hal_tim.c.obj
 .debug_aranges
                0x000009b0      0x168 CMakeFiles/smart_car.elf.dir/Drivers/STM32F1xx_HAL_Driver/Src/stm32f1xx_hal_tim_ex.c.obj
 .debug_aranges
                0x00000b18      0x208 CMakeFiles/smart_car.elf.dir/Drivers/STM32F1xx_HAL_Driver/Src/stm32f1xx_hal_uart.c.obj

.debug_rnglists
                0x00000000      0x9ec
 .debug_rnglists
                0x00000000       0x25 CMakeFiles/smart_car.elf.dir/Core/Src/delay.c.obj
 .debug_rnglists
                0x00000025       0x19 CMakeFiles/smart_car.elf.dir/Core/Src/fan.c.obj
 .debug_rnglists
                0x0000003e       0x32 CMakeFiles/smart_car.elf.dir/Core/Src/hc_sr04.c.obj
 .debug_rnglists
                0x00000070       0x47 CMakeFiles/smart_car.elf.dir/Core/Src/main.c.obj
 .debug_rnglists
                0x000000b7       0x13 CMakeFiles/smart_car.elf.dir/Core/Src/printf_redirect.c.obj
 .debug_rnglists
                0x000000ca       0x14 CMakeFiles/smart_car.elf.dir/Core/Src/rgb_led.c.obj
 .debug_rnglists
                0x000000de       0x1f CMakeFiles/smart_car.elf.dir/Core/Src/schedule.c.obj
 .debug_rnglists
                0x000000fd       0x3e CMakeFiles/smart_car.elf.dir/Core/Src/stm32f1xx_hal_msp.c.obj
 .debug_rnglists
                0x0000013b       0x4f CMakeFiles/smart_car.elf.dir/Core/Src/stm32f1xx_it.c.obj
 .debug_rnglists
                0x0000018a       0x79 CMakeFiles/smart_car.elf.dir/Core/Src/syscalls.c.obj
 .debug_rnglists
                0x00000203       0x13 CMakeFiles/smart_car.elf.dir/Core/Src/sysmem.c.obj
 .debug_rnglists
                0x00000216       0x1a CMakeFiles/smart_car.elf.dir/Core/Src/system_stm32f1xx.c.obj
 .debug_rnglists
                0x00000230       0x19 CMakeFiles/smart_car.elf.dir/Core/Startup/startup_stm32f103c8tx.s.obj
 .debug_rnglists
                0x00000249       0xa3 CMakeFiles/smart_car.elf.dir/Drivers/STM32F1xx_HAL_Driver/Src/stm32f1xx_hal.c.obj
 .debug_rnglists
                0x000002ec       0x8b CMakeFiles/smart_car.elf.dir/Drivers/STM32F1xx_HAL_Driver/Src/stm32f1xx_hal_cortex.c.obj
 .debug_rnglists
                0x00000377       0x3f CMakeFiles/smart_car.elf.dir/Drivers/STM32F1xx_HAL_Driver/Src/stm32f1xx_hal_gpio.c.obj
 .debug_rnglists
                0x000003b6       0x7d CMakeFiles/smart_car.elf.dir/Drivers/STM32F1xx_HAL_Driver/Src/stm32f1xx_hal_rcc.c.obj
 .debug_rnglists
                0x00000433      0x2fe CMakeFiles/smart_car.elf.dir/Drivers/STM32F1xx_HAL_Driver/Src/stm32f1xx_hal_tim.c.obj
 .debug_rnglists
                0x00000731      0x11a CMakeFiles/smart_car.elf.dir/Drivers/STM32F1xx_HAL_Driver/Src/stm32f1xx_hal_tim_ex.c.obj
 .debug_rnglists
                0x0000084b      0x1a1 CMakeFiles/smart_car.elf.dir/Drivers/STM32F1xx_HAL_Driver/Src/stm32f1xx_hal_uart.c.obj

.debug_line     0x00000000     0xef69
 .debug_line    0x00000000      0x288 CMakeFiles/smart_car.elf.dir/Core/Src/delay.c.obj
 .debug_line    0x00000288      0x1bc CMakeFiles/smart_car.elf.dir/Core/Src/fan.c.obj
 .debug_line    0x00000444      0x3d3 CMakeFiles/smart_car.elf.dir/Core/Src/hc_sr04.c.obj
 .debug_line    0x00000817      0x8f0 CMakeFiles/smart_car.elf.dir/Core/Src/main.c.obj
 .debug_line    0x00001107      0x1e7 CMakeFiles/smart_car.elf.dir/Core/Src/printf_redirect.c.obj
 .debug_line    0x000012ee      0x257 CMakeFiles/smart_car.elf.dir/Core/Src/rgb_led.c.obj
 .debug_line    0x00001545      0x26f CMakeFiles/smart_car.elf.dir/Core/Src/schedule.c.obj
 .debug_line    0x000017b4      0x4b0 CMakeFiles/smart_car.elf.dir/Core/Src/stm32f1xx_hal_msp.c.obj
 .debug_line    0x00001c64      0x37e CMakeFiles/smart_car.elf.dir/Core/Src/stm32f1xx_it.c.obj
 .debug_line    0x00001fe2      0x3d0 CMakeFiles/smart_car.elf.dir/Core/Src/syscalls.c.obj
 .debug_line    0x000023b2      0x194 CMakeFiles/smart_car.elf.dir/Core/Src/sysmem.c.obj
 .debug_line    0x00002546      0x236 CMakeFiles/smart_car.elf.dir/Core/Src/system_stm32f1xx.c.obj
 .debug_line    0x0000277c       0x78 CMakeFiles/smart_car.elf.dir/Core/Startup/startup_stm32f103c8tx.s.obj
 .debug_line    0x000027f4      0x55e CMakeFiles/smart_car.elf.dir/Drivers/STM32F1xx_HAL_Driver/Src/stm32f1xx_hal.c.obj
 .debug_line    0x00002d52      0x6e1 CMakeFiles/smart_car.elf.dir/Drivers/STM32F1xx_HAL_Driver/Src/stm32f1xx_hal_cortex.c.obj
 .debug_line    0x00003433      0x5bb CMakeFiles/smart_car.elf.dir/Drivers/STM32F1xx_HAL_Driver/Src/stm32f1xx_hal_gpio.c.obj
 .debug_line    0x000039ee      0xc26 CMakeFiles/smart_car.elf.dir/Drivers/STM32F1xx_HAL_Driver/Src/stm32f1xx_hal_rcc.c.obj
 .debug_line    0x00004614     0x4917 CMakeFiles/smart_car.elf.dir/Drivers/STM32F1xx_HAL_Driver/Src/stm32f1xx_hal_tim.c.obj
 .debug_line    0x00008f2b     0x1c62 CMakeFiles/smart_car.elf.dir/Drivers/STM32F1xx_HAL_Driver/Src/stm32f1xx_hal_tim_ex.c.obj
 .debug_line    0x0000ab8d     0x43dc CMakeFiles/smart_car.elf.dir/Drivers/STM32F1xx_HAL_Driver/Src/stm32f1xx_hal_uart.c.obj

.debug_str      0x00000000     0x3be0
 .debug_str     0x00000000      0x234 CMakeFiles/smart_car.elf.dir/Core/Src/delay.c.obj
                                0x287 (size before relaxing)
 .debug_str     0x00000234       0x91 CMakeFiles/smart_car.elf.dir/Core/Src/fan.c.obj
                                0x247 (size before relaxing)
 .debug_str     0x000002c5      0x16d CMakeFiles/smart_car.elf.dir/Core/Src/hc_sr04.c.obj
                                0x3b6 (size before relaxing)
 .debug_str     0x00000432      0xea0 CMakeFiles/smart_car.elf.dir/Core/Src/main.c.obj
                               0x1198 (size before relaxing)
 .debug_str     0x000012d2       0x5c CMakeFiles/smart_car.elf.dir/Core/Src/printf_redirect.c.obj
                                0x641 (size before relaxing)
 .debug_str     0x0000132e       0x45 CMakeFiles/smart_car.elf.dir/Core/Src/rgb_led.c.obj
                                0x7a1 (size before relaxing)
 .debug_str     0x00001373       0x90 CMakeFiles/smart_car.elf.dir/Core/Src/schedule.c.obj
                                0x7bb (size before relaxing)
 .debug_str     0x00001403      0x12e CMakeFiles/smart_car.elf.dir/Core/Src/stm32f1xx_hal_msp.c.obj
                                0xd5e (size before relaxing)
 .debug_str     0x00001531      0x125 CMakeFiles/smart_car.elf.dir/Core/Src/stm32f1xx_it.c.obj
                                0x7f7 (size before relaxing)
 .debug_str     0x00001656      0x22e CMakeFiles/smart_car.elf.dir/Core/Src/syscalls.c.obj
                                0x42c (size before relaxing)
 .debug_str     0x00001884       0x92 CMakeFiles/smart_car.elf.dir/Core/Src/sysmem.c.obj
                                0x258 (size before relaxing)
 .debug_str     0x00001916       0x9b CMakeFiles/smart_car.elf.dir/Core/Src/system_stm32f1xx.c.obj
                                0x294 (size before relaxing)
 .debug_str     0x000019b1       0x61 CMakeFiles/smart_car.elf.dir/Core/Startup/startup_stm32f103c8tx.s.obj
                                 0xa5 (size before relaxing)
 .debug_str     0x00001a12      0x2ed CMakeFiles/smart_car.elf.dir/Drivers/STM32F1xx_HAL_Driver/Src/stm32f1xx_hal.c.obj
                                0x86e (size before relaxing)
 .debug_str     0x00001cff      0x38f CMakeFiles/smart_car.elf.dir/Drivers/STM32F1xx_HAL_Driver/Src/stm32f1xx_hal_cortex.c.obj
                                0x913 (size before relaxing)
 .debug_str     0x0000208e       0xf0 CMakeFiles/smart_car.elf.dir/Drivers/STM32F1xx_HAL_Driver/Src/stm32f1xx_hal_gpio.c.obj
                                0x440 (size before relaxing)
 .debug_str     0x0000217e      0x211 CMakeFiles/smart_car.elf.dir/Drivers/STM32F1xx_HAL_Driver/Src/stm32f1xx_hal_rcc.c.obj
                                0x66b (size before relaxing)
 .debug_str     0x0000238f      0xdb7 CMakeFiles/smart_car.elf.dir/Drivers/STM32F1xx_HAL_Driver/Src/stm32f1xx_hal_tim.c.obj
                               0x16b5 (size before relaxing)
 .debug_str     0x00003146      0x459 CMakeFiles/smart_car.elf.dir/Drivers/STM32F1xx_HAL_Driver/Src/stm32f1xx_hal_tim_ex.c.obj
                                0xed1 (size before relaxing)
 .debug_str     0x0000359f      0x641 CMakeFiles/smart_car.elf.dir/Drivers/STM32F1xx_HAL_Driver/Src/stm32f1xx_hal_uart.c.obj
                                0xd34 (size before relaxing)

.comment        0x00000000       0x45
 .comment       0x00000000       0x45 CMakeFiles/smart_car.elf.dir/Core/Src/delay.c.obj
                                 0x46 (size before relaxing)
 .comment       0x00000045       0x46 CMakeFiles/smart_car.elf.dir/Core/Src/fan.c.obj
 .comment       0x00000045       0x46 CMakeFiles/smart_car.elf.dir/Core/Src/hc_sr04.c.obj
 .comment       0x00000045       0x46 CMakeFiles/smart_car.elf.dir/Core/Src/main.c.obj
 .comment       0x00000045       0x46 CMakeFiles/smart_car.elf.dir/Core/Src/printf_redirect.c.obj
 .comment       0x00000045       0x46 CMakeFiles/smart_car.elf.dir/Core/Src/rgb_led.c.obj
 .comment       0x00000045       0x46 CMakeFiles/smart_car.elf.dir/Core/Src/schedule.c.obj
 .comment       0x00000045       0x46 CMakeFiles/smart_car.elf.dir/Core/Src/stm32f1xx_hal_msp.c.obj
 .comment       0x00000045       0x46 CMakeFiles/smart_car.elf.dir/Core/Src/stm32f1xx_it.c.obj
 .comment       0x00000045       0x46 CMakeFiles/smart_car.elf.dir/Core/Src/syscalls.c.obj
 .comment       0x00000045       0x46 CMakeFiles/smart_car.elf.dir/Core/Src/sysmem.c.obj
 .comment       0x00000045       0x46 CMakeFiles/smart_car.elf.dir/Core/Src/system_stm32f1xx.c.obj
 .comment       0x00000045       0x46 CMakeFiles/smart_car.elf.dir/Drivers/STM32F1xx_HAL_Driver/Src/stm32f1xx_hal.c.obj
 .comment       0x00000045       0x46 CMakeFiles/smart_car.elf.dir/Drivers/STM32F1xx_HAL_Driver/Src/stm32f1xx_hal_cortex.c.obj
 .comment       0x00000045       0x46 CMakeFiles/smart_car.elf.dir/Drivers/STM32F1xx_HAL_Driver/Src/stm32f1xx_hal_gpio.c.obj
 .comment       0x00000045       0x46 CMakeFiles/smart_car.elf.dir/Drivers/STM32F1xx_HAL_Driver/Src/stm32f1xx_hal_rcc.c.obj
 .comment       0x00000045       0x46 CMakeFiles/smart_car.elf.dir/Drivers/STM32F1xx_HAL_Driver/Src/stm32f1xx_hal_tim.c.obj
 .comment       0x00000045       0x46 CMakeFiles/smart_car.elf.dir/Drivers/STM32F1xx_HAL_Driver/Src/stm32f1xx_hal_tim_ex.c.obj
 .comment       0x00000045       0x46 CMakeFiles/smart_car.elf.dir/Drivers/STM32F1xx_HAL_Driver/Src/stm32f1xx_hal_uart.c.obj

.debug_frame    0x00000000     0x3920
 .debug_frame   0x00000000       0x78 CMakeFiles/smart_car.elf.dir/Core/Src/delay.c.obj
 .debug_frame   0x00000078       0x40 CMakeFiles/smart_car.elf.dir/Core/Src/fan.c.obj
 .debug_frame   0x000000b8       0x8c CMakeFiles/smart_car.elf.dir/Core/Src/hc_sr04.c.obj