Archive member included to satisfy reference by file (symbol)

d:/install/arm-none-eabi/bin/../lib/gcc/arm-none-eabi/12.3.1/thumb/v7-m/nofp\libgcc.a(_arm_muldf3.o)
                              CMakeFiles/smart_car.elf.dir/Core/Src/global_it_cb.c.obj (__aeabi_dmul)
d:/install/arm-none-eabi/bin/../lib/gcc/arm-none-eabi/12.3.1/thumb/v7-m/nofp\libgcc.a(_arm_mulsf3.o)
                              CMakeFiles/smart_car.elf.dir/Core/Src/pid.c.obj (__aeabi_fmul)
d:/install/arm-none-eabi/bin/../lib/gcc/arm-none-eabi/12.3.1/thumb/v7-m/nofp\libgcc.a(_arm_addsubdf3.o)
                              CMakeFiles/smart_car.elf.dir/Core/Src/global_it_cb.c.obj (__aeabi_dsub)
d:/install/arm-none-eabi/bin/../lib/gcc/arm-none-eabi/12.3.1/thumb/v7-m/nofp\libgcc.a(_arm_fixunsdfsi.o)
                              CMakeFiles/smart_car.elf.dir/Core/Src/global_it_cb.c.obj (__aeabi_d2uiz)
d:/install/arm-none-eabi/bin/../lib/gcc/arm-none-eabi/12.3.1/thumb/v7-m/nofp\libgcc.a(_arm_addsubsf3.o)
                              CMakeFiles/smart_car.elf.dir/Core/Src/pid.c.obj (__aeabi_fsub)
d:/install/arm-none-eabi/bin/../lib/gcc/arm-none-eabi/12.3.1/thumb/v7-m/nofp\libgcc.a(_arm_muldivsf3.o)
                              CMakeFiles/smart_car.elf.dir/Core/Src/servor.c.obj (__aeabi_fdiv)
d:/install/arm-none-eabi/bin/../lib/gcc/arm-none-eabi/12.3.1/thumb/v7-m/nofp\libgcc.a(_arm_cmpsf2.o)
                              CMakeFiles/smart_car.elf.dir/Core/Src/pid.c.obj (__aeabi_fcmple)
d:/install/arm-none-eabi/bin/../lib/gcc/arm-none-eabi/12.3.1/thumb/v7-m/nofp\libgcc.a(_arm_fixunssfsi.o)
                              CMakeFiles/smart_car.elf.dir/Core/Src/pid.c.obj (__aeabi_f2uiz)
d:/install/arm-none-eabi/bin/../lib/gcc/arm-none-eabi/12.3.1/thumb/v7-m/nofp\libg.a(libc_a-exit.o)
                              d:/install/arm-none-eabi/bin/../lib/gcc/arm-none-eabi/12.3.1/thumb/v7-m/nofp/crt0.o (exit)
d:/install/arm-none-eabi/bin/../lib/gcc/arm-none-eabi/12.3.1/thumb/v7-m/nofp\libg.a(libc_a-findfp.o)
                              d:/install/arm-none-eabi/bin/../lib/gcc/arm-none-eabi/12.3.1/thumb/v7-m/nofp\libg.a(libc_a-exit.o) (__stdio_exit_handler)
d:/install/arm-none-eabi/bin/../lib/gcc/arm-none-eabi/12.3.1/thumb/v7-m/nofp\libg.a(libc_a-fwalk.o)
                              d:/install/arm-none-eabi/bin/../lib/gcc/arm-none-eabi/12.3.1/thumb/v7-m/nofp\libg.a(libc_a-findfp.o) (_fwalk_sglue)
d:/install/arm-none-eabi/bin/../lib/gcc/arm-none-eabi/12.3.1/thumb/v7-m/nofp\libg.a(libc_a-printf.o)
                              CMakeFiles/smart_car.elf.dir/Core/Src/control.c.obj (printf)
d:/install/arm-none-eabi/bin/../lib/gcc/arm-none-eabi/12.3.1/thumb/v7-m/nofp\libg.a(libc_a-puts.o)
                              CMakeFiles/smart_car.elf.dir/Core/Src/control.c.obj (puts)
d:/install/arm-none-eabi/bin/../lib/gcc/arm-none-eabi/12.3.1/thumb/v7-m/nofp\libg.a(libc_a-stdio.o)
                              d:/install/arm-none-eabi/bin/../lib/gcc/arm-none-eabi/12.3.1/thumb/v7-m/nofp\libg.a(libc_a-findfp.o) (__sread)
d:/install/arm-none-eabi/bin/../lib/gcc/arm-none-eabi/12.3.1/thumb/v7-m/nofp\libg.a(libc_a-memset.o)
                              d:/install/arm-none-eabi/bin/../lib/gcc/arm-none-eabi/12.3.1/thumb/v7-m/nofp/crt0.o (memset)
d:/install/arm-none-eabi/bin/../lib/gcc/arm-none-eabi/12.3.1/thumb/v7-m/nofp\libg.a(libc_a-closer.o)
                              d:/install/arm-none-eabi/bin/../lib/gcc/arm-none-eabi/12.3.1/thumb/v7-m/nofp\libg.a(libc_a-stdio.o) (_close_r)
d:/install/arm-none-eabi/bin/../lib/gcc/arm-none-eabi/12.3.1/thumb/v7-m/nofp\libg.a(libc_a-reent.o)
                              d:/install/arm-none-eabi/bin/../lib/gcc/arm-none-eabi/12.3.1/thumb/v7-m/nofp\libg.a(libc_a-closer.o) (errno)
d:/install/arm-none-eabi/bin/../lib/gcc/arm-none-eabi/12.3.1/thumb/v7-m/nofp\libg.a(libc_a-impure.o)
                              d:/install/arm-none-eabi/bin/../lib/gcc/arm-none-eabi/12.3.1/thumb/v7-m/nofp\libg.a(libc_a-printf.o) (_impure_ptr)
d:/install/arm-none-eabi/bin/../lib/gcc/arm-none-eabi/12.3.1/thumb/v7-m/nofp\libg.a(libc_a-lseekr.o)
                              d:/install/arm-none-eabi/bin/../lib/gcc/arm-none-eabi/12.3.1/thumb/v7-m/nofp\libg.a(libc_a-stdio.o) (_lseek_r)
d:/install/arm-none-eabi/bin/../lib/gcc/arm-none-eabi/12.3.1/thumb/v7-m/nofp\libg.a(libc_a-readr.o)
                              d:/install/arm-none-eabi/bin/../lib/gcc/arm-none-eabi/12.3.1/thumb/v7-m/nofp\libg.a(libc_a-stdio.o) (_read_r)
d:/install/arm-none-eabi/bin/../lib/gcc/arm-none-eabi/12.3.1/thumb/v7-m/nofp\libg.a(libc_a-writer.o)
                              d:/install/arm-none-eabi/bin/../lib/gcc/arm-none-eabi/12.3.1/thumb/v7-m/nofp\libg.a(libc_a-stdio.o) (_write_r)
d:/install/arm-none-eabi/bin/../lib/gcc/arm-none-eabi/12.3.1/thumb/v7-m/nofp\libg.a(libc_a-errno.o)
                              CMakeFiles/smart_car.elf.dir/Core/Src/syscalls.c.obj (__errno)
[...]
Memory Configuration

Name             Origin             Length             Attributes
RAM              0x20000000         0x00005000         xrw
FLASH            0x08000000         0x00010000         xr
*default*        0x00000000         0xffffffff

Linker script and memory map

LOAD d:/install/arm-none-eabi/bin/../lib/gcc/arm-none-eabi/12.3.1/thumb/v7-m/nofp/crti.o
LOAD d:/install/arm-none-eabi/bin/../lib/gcc/arm-none-eabi/12.3.1/thumb/v7-m/nofp/crtbegin.o
LOAD d:/install/arm-none-eabi/bin/../lib/gcc/arm-none-eabi/12.3.1/thumb/v7-m/nofp/crt0.o
LOAD CMakeFiles/smart_car.elf.dir/Core/Src/beeper.c.obj
LOAD CMakeFiles/smart_car.elf.dir/Core/Src/control.c.obj
LOAD CMakeFiles/smart_car.elf.dir/Core/Src/delay.c.obj
LOAD CMakeFiles/smart_car.elf.dir/Core/Src/fan.c.obj
LOAD CMakeFiles/smart_car.elf.dir/Core/Src/global_it_cb.c.obj
LOAD CMakeFiles/smart_car.elf.dir/Core/Src/hc_sr04.c.obj
LOAD CMakeFiles/smart_car.elf.dir/Core/Src/main.c.obj
LOAD CMakeFiles/smart_car.elf.dir/Core/Src/motor.c.obj
LOAD CMakeFiles/smart_car.elf.dir/Core/Src/nec.c.obj
LOAD CMakeFiles/smart_car.elf.dir/Core/Src/patrol_line.c.obj
LOAD CMakeFiles/smart_car.elf.dir/Core/Src/pid.c.obj
LOAD CMakeFiles/smart_car.elf.dir/Core/Src/printf_redirect.c.obj
LOAD CMakeFiles/smart_car.elf.dir/Core/Src/rgb_led.c.obj
LOAD CMakeFiles/smart_car.elf.dir/Core/Src/schedule.c.obj
LOAD CMakeFiles/smart_car.elf.dir/Core/Src/servor.c.obj
LOAD CMakeFiles/smart_car.elf.dir/Core/Src/stm32f1xx_hal_msp.c.obj
LOAD CMakeFiles/smart_car.elf.dir/Core/Src/stm32f1xx_it.c.obj
LOAD CMakeFiles/smart_car.elf.dir/Core/Src/syscalls.c.obj
LOAD CMakeFiles/smart_car.elf.dir/Core/Src/sysmem.c.obj
LOAD CMakeFiles/smart_car.elf.dir/Core/Src/system_stm32f1xx.c.obj
LOAD CMakeFiles/smart_car.elf.dir/Core/Startup/startup_stm32f103c8tx.s.obj
LOAD CMakeFiles/smart_car.elf.dir/Drivers/STM32F1xx_HAL_Driver/Src/stm32f1xx_hal.c.obj
LOAD CMakeFiles/smart_car.elf.dir/Drivers/STM32F1xx_HAL_Driver/Src/stm32f1xx_hal_cortex.c.obj
LOAD CMakeFiles/smart_car.elf.dir/Drivers/STM32F1xx_HAL_Driver/Src/stm32f1xx_hal_dma.c.obj
LOAD CMakeFiles/smart_car.elf.dir/Drivers/STM32F1xx_HAL_Driver/Src/stm32f1xx_hal_exti.c.obj
LOAD CMakeFiles/smart_car.elf.dir/Drivers/STM32F1xx_HAL_Driver/Src/stm32f1xx_hal_flash.c.obj
LOAD CMakeFiles/smart_car.elf.dir/Drivers/STM32F1xx_HAL_Driver/Src/stm32f1xx_hal_flash_ex.c.obj
LOAD CMakeFiles/smart_car.elf.dir/Drivers/STM32F1xx_HAL_Driver/Src/stm32f1xx_hal_gpio.c.obj
LOAD CMakeFiles/smart_car.elf.dir/Drivers/STM32F1xx_HAL_Driver/Src/stm32f1xx_hal_gpio_ex.c.obj
LOAD CMakeFiles/smart_car.elf.dir/Drivers/STM32F1xx_HAL_Driver/Src/stm32f1xx_hal_pwr.c.obj
LOAD CMakeFiles/smart_car.elf.dir/Drivers/STM32F1xx_HAL_Driver/Src/stm32f1xx_hal_rcc.c.obj
LOAD CMakeFiles/smart_car.elf.dir/Drivers/STM32F1xx_HAL_Driver/Src/stm32f1xx_hal_rcc_ex.c.obj
LOAD CMakeFiles/smart_car.elf.dir/Drivers/STM32F1xx_HAL_Driver/Src/stm32f1xx_hal_tim.c.obj
LOAD CMakeFiles/smart_car.elf.dir/Drivers/STM32F1xx_HAL_Driver/Src/stm32f1xx_hal_tim_ex.c.obj
LOAD CMakeFiles/smart_car.elf.dir/Drivers/STM32F1xx_HAL_Driver/Src/stm32f1xx_hal_uart.c.obj
START GROUP
LOAD d:/install/arm-none-eabi/bin/../lib/gcc/arm-none-eabi/12.3.1/thumb/v7-m/nofp\libgcc.a
LOAD d:/install/arm-none-eabi/bin/../lib/gcc/arm-none-eabi/12.3.1/thumb/v7-m/nofp\libg.a
LOAD d:/install/arm-none-eabi/bin/../lib/gcc/arm-none-eabi/12.3.1/thumb/v7-m/nofp\libc.a
END GROUP
LOAD d:/install/arm-none-eabi/bin/../lib/gcc/arm-none-eabi/12.3.1/thumb/v7-m/nofp/crtend.o
LOAD d:/install/arm-none-eabi/bin/../lib/gcc/arm-none-eabi/12.3.1/thumb/v7-m/nofp/crtn.o
                0x20005000                        _estack = (ORIGIN (RAM) + LENGTH (RAM))
                0x00000200                        _Min_Heap_Size = 0x200
                0x00000400                        _Min_Stack_Size = 0x400

.isr_vector     0x08000000      0x10c
                0x08000000                        . = ALIGN (0x4)
 *(.isr_vector)
 .isr_vector    0x08000000      0x10c CMakeFiles/smart_car.elf.dir/Core/Startup/startup_stm32f103c8tx.s.obj
                0x08000000                g_pfnVectors
                0x0800010c                        . = ALIGN (0x4)

.text           0x08000110     0xb020
                0x08000110                        . = ALIGN (0x4)
 *(.text)
 .text          0x08000110      0x378 d:/install/arm-none-eabi/bin/../lib/gcc/arm-none-eabi/12.3.1/thumb/v7-m/nofp\libgcc.a(_arm_addsubdf3.o)
                0x08000110                __aeabi_drsub
                0x08000118                __aeabi_dsub
                0x08000118                __subdf3
                0x0800011c                __aeabi_dadd
                0x0800011c                __adddf3
                0x08000394                __floatunsidf
                0x08000394                __aeabi_ui2d
                0x080003b4                __floatsidf
                0x080003b4                __aeabi_i2d
                0x080003d8                __aeabi_f2d
                0x080003d8                __extendsfdf2
                0x0800041c                __floatundidf
                0x0800041c                __aeabi_ul2d
                0x0800042c                __floatdidf
                0x0800042c                __aeabi_l2d
 .text          0x08000488       0x40 d:/install/arm-none-eabi/bin/../lib/gcc/arm-none-eabi/12.3.1/thumb/v7-m/nofp\libgcc.a(_arm_fixunsdfsi.o)
                0x08000488                __aeabi_d2uiz
                0x08000488                __fixunsdfsi
 .text          0x080004c8      0x21c d:/install/arm-none-eabi/bin/../lib/gcc/arm-none-eabi/12.3.1/thumb/v7-m/nofp\libgcc.a(_arm_addsubsf3.o)
                0x080004c8                __aeabi_frsub
                0x080004d0                __subsf3
                0x080004d0                __aeabi_fsub
                0x080004d4                __aeabi_fadd
                0x080004d4                __addsf3
                0x08000634                __aeabi_ui2f
                0x08000634                __floatunsisf
                0x0800063c                __aeabi_i2f
                0x0800063c                __floatsisf
                0x08000658                __aeabi_ul2f
                0x08000658                __floatundisf
                0x08000668                __aeabi_l2f
                0x08000668                __floatdisf
 .text          0x080006e4      0x2a0 d:/install/arm-none-eabi/bin/../lib/gcc/arm-none-eabi/12.3.1/thumb/v7-m/nofp\libgcc.a(_arm_muldivsf3.o)
                0x080006e4                __mulsf3
                0x080006e4                __aeabi_fmul
                0x0800084c                __aeabi_fdiv
                0x0800084c                __divsf3
 .text          0x08000984       0x40 d:/install/arm-none-eabi/bin/../lib/gcc/arm-none-eabi/12.3.1/thumb/v7-m/nofp\libgcc.a(_arm_fixunssfsi.o)
                0x08000984                __fixunssfsi
                0x08000984                __aeabi_f2uiz
 .text          0x080009c4       0xec d:/install/arm-none-eabi/bin/../lib/gcc/arm-none-eabi/12.3.1/thumb/v7-m/nofp\libg.a(libc_a-memcpy.o)
                0x080009c4                memcpy
 .text          0x08000ab0      0x424 d:/install/arm-none-eabi/bin/../lib/gcc/arm-none-eabi/12.3.1/thumb/v7-m/nofp\libgcc.a(_arm_muldivdf3.o)
                0x08000ab0                __aeabi_dmul
                0x08000ab0                __muldf3
                0x08000d04                __divdf3
                0x08000d04                __aeabi_ddiv
 .text          0x08000ed4      0x110 d:/install/arm-none-eabi/bin/../lib/gcc/arm-none-eabi/12.3.1/thumb/v7-m/nofp\libgcc.a(_arm_cmpdf2.o)
                0x08000ed4                __gtdf2
                0x08000ed4                __gedf2
                0x08000edc                __ltdf2
                0x08000edc                __ledf2
                0x08000ee4                __nedf2
                0x08000ee4                __eqdf2
                0x08000ee4                __cmpdf2
                0x08000f60                __aeabi_cdrcmple
                0x08000f70                __aeabi_cdcmpeq
                0x08000f70                __aeabi_cdcmple
                0x08000f80                __aeabi_dcmpeq
                0x08000f94                __aeabi_dcmplt
                0x08000fa8                __aeabi_dcmple
                0x08000fbc                __aeabi_dcmpge
                0x08000fd0                __aeabi_dcmpgt
 .text          0x08000fe4       0x2c d:/install/arm-none-eabi/bin/../lib/gcc/arm-none-eabi/12.3.1/thumb/v7-m/nofp\libgcc.a(_arm_unorddf2.o)
                0x08000fe4                __unorddf2
                0x08000fe4                __aeabi_dcmpun
 .text          0x08001010       0x50 d:/install/arm-none-eabi/bin/../lib/gcc/arm-none-eabi/12.3.1/thumb/v7-m/nofp\libgcc.a(_arm_fixdfsi.o)
                0x08001010                __aeabi_d2iz
                0x08001010                __fixdfsi
 *(.text*)
 .text.deregister_tm_clones
                0x08001060       0x1c d:/install/arm-none-eabi/bin/../lib/gcc/arm-none-eabi/12.3.1/thumb/v7-m/nofp/crtbegin.o
 .text.register_tm_clones
                0x0800107c       0x24 d:/install/arm-none-eabi/bin/../lib/gcc/arm-none-eabi/12.3.1/thumb/v7-m/nofp/crtbegin.o
 .text.__do_global_dtors_aux
                0x080010a0       0x28 d:/install/arm-none-eabi/bin/../lib/gcc/arm-none-eabi/12.3.1/thumb/v7-m/nofp/crtbegin.o
 .text.frame_dummy
                0x080010c8       0x24 d:/install/arm-none-eabi/bin/../lib/gcc/arm-none-eabi/12.3.1/thumb/v7-m/nofp/crtbegin.o
 .text._beeper_load
                0x080010ec       0x48 CMakeFiles/smart_car.elf.dir/Core/Src/beeper.c.obj
                0x080010ec                _beeper_load
 .text._beeper_off
                0x08001134       0x18 CMakeFiles/smart_car.elf.dir/Core/Src/beeper.c.obj
                0x08001134                _beeper_off
 .text._beeper_on
                0x0800114c       0x18 CMakeFiles/smart_car.elf.dir/Core/Src/beeper.c.obj
                0x0800114c                _beeper_on
 .text.beeper_beep
                0x08001164       0xb8 CMakeFiles/smart_car.elf.dir/Core/Src/beeper.c.obj
                0x08001164                beeper_beep
 .text.control_decide_direction
                0x0800121c       0x80 CMakeFiles/smart_car.elf.dir/Core/Src/control.c.obj
                0x0800121c                control_decide_direction
 .text.control_auto_tick
                0x0800129c       0x94 CMakeFiles/smart_car.elf.dir/Core/Src/control.c.obj
                0x0800129c                control_auto_tick
 .text.delay_init
                0x08001330       0x24 CMakeFiles/smart_car.elf.dir/Core/Src/delay.c.obj
                0x08001330                delay_init
 .text.delay_us
                0x08001354       0x7c CMakeFiles/smart_car.elf.dir/Core/Src/delay.c.obj
                0x08001354                delay_us
 .text.delay_ms
                0x080013d0       0x68 CMakeFiles/smart_car.elf.dir/Core/Src/delay.c.obj
                0x080013d0                delay_ms
 .text.fan_off  0x08001438       0x18 CMakeFiles/smart_car.elf.dir/Core/Src/fan.c.obj
                0x08001438                fan_off
 .text.HAL_GPIO_EXTI_Callback
                0x08001450      0x37c CMakeFiles/smart_car.elf.dir/Core/Src/global_it_cb.c.obj
                0x08001450                HAL_GPIO_EXTI_Callback
 .text.hc_sr04_trig
                0x080017cc       0x2c CMakeFiles/smart_car.elf.dir/Core/Src/hc_sr04.c.obj
                0x080017cc                hc_sr04_trig
 .text.hc_sr04_start
                0x080017f8       0x2c CMakeFiles/smart_car.elf.dir/Core/Src/hc_sr04.c.obj
                0x080017f8                hc_sr04_start
 .text.hc_sr04_get_dis
                0x08001824       0x14 CMakeFiles/smart_car.elf.dir/Core/Src/hc_sr04.c.obj
                0x08001824                hc_sr04_get_dis
 .text.main     0x08001838       0x70 CMakeFiles/smart_car.elf.dir/Core/Src/main.c.obj
                0x08001838                main
 .text.SystemClock_Config
                0x080018a8       0x8a CMakeFiles/smart_car.elf.dir/Core/Src/main.c.obj
                0x080018a8                SystemClock_Config
 *fill*         0x08001932        0x2 
 .text.MX_TIM1_Init
                0x08001934      0x104 CMakeFiles/smart_car.elf.dir/Core/Src/main.c.obj
 .text.MX_TIM2_Init
                0x08001a38       0x98 CMakeFiles/smart_car.elf.dir/Core/Src/main.c.obj
 .text.MX_TIM3_Init
                0x08001ad0       0x9c CMakeFiles/smart_car.elf.dir/Core/Src/main.c.obj
 .text.MX_TIM4_Init
                0x08001b6c       0xc8 CMakeFiles/smart_car.elf.dir/Core/Src/main.c.obj
 .text.MX_USART1_UART_Init
                0x08001c34       0x54 CMakeFiles/smart_car.elf.dir/Core/Src/main.c.obj
 .text.MX_GPIO_Init
                0x08001c88      0x1c0 CMakeFiles/smart_car.elf.dir/Core/Src/main.c.obj
 .text.Error_Handler
                0x08001e48        0xa CMakeFiles/smart_car.elf.dir/Core/Src/main.c.obj
                0x08001e48                Error_Handler
 *fill*         0x08001e52        0x2 
 .text.motor_turn_angle
                0x08001e54       0x80 CMakeFiles/smart_car.elf.dir/Core/Src/motor.c.obj
                0x08001e54                motor_turn_angle
 .text.motor_ctl_left
                0x08001ed4       0x98 CMakeFiles/smart_car.elf.dir/Core/Src/motor.c.obj
                0x08001ed4                motor_ctl_left
 .text.motor_ctl_right
                0x08001f6c       0x90 CMakeFiles/smart_car.elf.dir/Core/Src/motor.c.obj
                0x08001f6c                motor_ctl_right
 .text.motor_break
                0x08001ffc       0x14 CMakeFiles/smart_car.elf.dir/Core/Src/motor.c.obj
                0x08001ffc                motor_break
 .text.nec_init
                0x08002010       0x14 CMakeFiles/smart_car.elf.dir/Core/Src/nec.c.obj
                0x08002010                nec_init
 .text.nec_get_code
                0x08002024       0x18 CMakeFiles/smart_car.elf.dir/Core/Src/nec.c.obj
                0x08002024                nec_get_code
 .text.nec_is_data_ready
                0x0800203c       0x24 CMakeFiles/smart_car.elf.dir/Core/Src/nec.c.obj
                0x0800203c                nec_is_data_ready
 .text._write   0x08002060       0x2c CMakeFiles/smart_car.elf.dir/Core/Src/printf_redirect.c.obj
                0x08002060                _write
 .text.led_config
                0x0800208c       0x6c CMakeFiles/smart_car.elf.dir/Core/Src/rgb_led.c.obj
                0x0800208c                led_config
 .text.schedule_start
                0x080020f8       0x14 CMakeFiles/smart_car.elf.dir/Core/Src/schedule.c.obj
                0x080020f8                schedule_start
 .text.HAL_TIM_PeriodElapsedCallback
                0x0800210c      0x2a8 CMakeFiles/smart_car.elf.dir/Core/Src/schedule.c.obj
                0x0800210c                HAL_TIM_PeriodElapsedCallback
 .text.servor_set_angle
                0x080023b4       0xe8 CMakeFiles/smart_car.elf.dir/Core/Src/servor.c.obj
                0x080023b4                servor_set_angle
 .text.HAL_MspInit
                0x0800249c       0x64 CMakeFiles/smart_car.elf.dir/Core/Src/stm32f1xx_hal_msp.c.obj
                0x0800249c                HAL_MspInit
 .text.HAL_TIM_PWM_MspInit
                0x08002500       0x64 CMakeFiles/smart_car.elf.dir/Core/Src/stm32f1xx_hal_msp.c.obj
                0x08002500                HAL_TIM_PWM_MspInit
 .text.HAL_TIM_Base_MspInit
                0x08002564       0x70 CMakeFiles/smart_car.elf.dir/Core/Src/stm32f1xx_hal_msp.c.obj
                0x08002564                HAL_TIM_Base_MspInit
 .text.HAL_TIM_MspPostInit
                0x080025d4       0xac CMakeFiles/smart_car.elf.dir/Core/Src/stm32f1xx_hal_msp.c.obj
                0x080025d4                HAL_TIM_MspPostInit
 .text.HAL_UART_MspInit
                0x08002680       0x98 CMakeFiles/smart_car.elf.dir/Core/Src/stm32f1xx_hal_msp.c.obj
                0x08002680                HAL_UART_MspInit
 .text.NMI_Handler
                0x08002718        0x6 CMakeFiles/smart_car.elf.dir/Core/Src/stm32f1xx_it.c.obj
                0x08002718                NMI_Handler
 .text.HardFault_Handler
                0x0800271e        0x6 CMakeFiles/smart_car.elf.dir/Core/Src/stm32f1xx_it.c.obj
                0x0800271e                HardFault_Handler
 .text.MemManage_Handler
                0x08002724        0x6 CMakeFiles/smart_car.elf.dir/Core/Src/stm32f1xx_it.c.obj
                0x08002724                MemManage_Handler
 .text.BusFault_Handler
                0x0800272a        0x6 CMakeFiles/smart_car.elf.dir/Core/Src/stm32f1xx_it.c.obj
                0x0800272a                BusFault_Handler
 .text.UsageFault_Handler
                0x08002730        0x6 CMakeFiles/smart_car.elf.dir/Core/Src/stm32f1xx_it.c.obj
                0x08002730                UsageFault_Handler
 .text.SVC_Handler
                0x08002736        0xc CMakeFiles/smart_car.elf.dir/Core/Src/stm32f1xx_it.c.obj
                0x08002736                SVC_Handler
 .text.DebugMon_Handler
                0x08002742        0xc CMakeFiles/smart_car.elf.dir/Core/Src/stm32f1xx_it.c.obj
                0x08002742                DebugMon_Handler
 .text.PendSV_Handler
                0x0800274e        0xc CMakeFiles/smart_car.elf.dir/Core/Src/stm32f1xx_it.c.obj
                0x0800274e                PendSV_Handler
 *fill*         0x0800275a        0x2 
 .text.SysTick_Handler
                0x0800275c       0x24 CMakeFiles/smart_car.elf.dir/Core/Src/stm32f1xx_it.c.obj
                0x0800275c                SysTick_Handler
 .text.EXTI3_IRQHandler
                0x08002780        0xe CMakeFiles/smart_car.elf.dir/Core/Src/stm32f1xx_it.c.obj
                0x08002780                EXTI3_IRQHandler
 .text.EXTI4_IRQHandler
                0x0800278e        0xe CMakeFiles/smart_car.elf.dir/Core/Src/stm32f1xx_it.c.obj
                0x0800278e                EXTI4_IRQHandler
 .text.EXTI9_5_IRQHandler
                0x0800279c       0x14 CMakeFiles/smart_car.elf.dir/Core/Src/stm32f1xx_it.c.obj
                0x0800279c                EXTI9_5_IRQHandler
 .text.TIM2_IRQHandler
                0x080027b0       0x14 CMakeFiles/smart_car.elf.dir/Core/Src/stm32f1xx_it.c.obj
                0x080027b0                TIM2_IRQHandler
 .text.EXTI15_10_IRQHandler
                0x080027c4       0x18 CMakeFiles/smart_car.elf.dir/Core/Src/stm32f1xx_it.c.obj
                0x080027c4                EXTI15_10_IRQHandler
 .text._getpid  0x080027dc        0xe CMakeFiles/smart_car.elf.dir/Core/Src/syscalls.c.obj
                0x080027dc                _getpid
 .text._kill    0x080027ea       0x20 CMakeFiles/smart_car.elf.dir/Core/Src/syscalls.c.obj
                0x080027ea                _kill
 .text._exit    0x0800280a       0x14 CMakeFiles/smart_car.elf.dir/Core/Src/syscalls.c.obj
                0x0800280a                _exit
 .text._read    0x0800281e       0x3a CMakeFiles/smart_car.elf.dir/Core/Src/syscalls.c.obj
                0x0800281e                _read
 .text._close   0x08002858       0x16 CMakeFiles/smart_car.elf.dir/Core/Src/syscalls.c.obj
                0x08002858                _close
 .text._fstat   0x0800286e       0x1e CMakeFiles/smart_car.elf.dir/Core/Src/syscalls.c.obj
                0x0800286e                _fstat
 .text._isatty  0x0800288c       0x14 CMakeFiles/smart_car.elf.dir/Core/Src/syscalls.c.obj
                0x0800288c                _isatty
 .text._lseek   0x080028a0       0x18 CMakeFiles/smart_car.elf.dir/Core/Src/syscalls.c.obj
                0x080028a0                _lseek
 .text._sbrk    0x080028b8       0x6c CMakeFiles/smart_car.elf.dir/Core/Src/sysmem.c.obj
                0x080028b8                _sbrk
 .text.SystemInit
                0x08002924        0xc CMakeFiles/smart_car.elf.dir/Core/Src/system_stm32f1xx.c.obj
                0x08002924                SystemInit
 .text.Reset_Handler
                0x08002930       0x48 CMakeFiles/smart_car.elf.dir/Core/Startup/startup_stm32f103c8tx.s.obj
                0x08002930                Reset_Handler
 .text.Default_Handler
                0x08002978        0x2 CMakeFiles/smart_car.elf.dir/Core/Startup/startup_stm32f103c8tx.s.obj
                0x08002978                RTC_Alarm_IRQHandler
                0x08002978                EXTI2_IRQHandler
                0x08002978                TIM1_CC_IRQHandler
                0x08002978                PVD_IRQHandler
                0x08002978                EXTI0_IRQHandler
                0x08002978                I2C2_EV_IRQHandler
                0x08002978                ADC1_2_IRQHandler
                0x08002978                SPI1_IRQHandler
                0x08002978                TAMPER_IRQHandler
                0x08002978                DMA1_Channel4_IRQHandler
                0x08002978                USART3_IRQHandler
                0x08002978                RTC_IRQHandler
                0x08002978                DMA1_Channel7_IRQHandler
                0x08002978                CAN1_RX1_IRQHandler
                0x08002978                TIM4_IRQHandler
                0x08002978                I2C1_EV_IRQHandler
                0x08002978                DMA1_Channel6_IRQHandler
                0x08002978                TIM3_IRQHandler
                0x08002978                RCC_IRQHandler
                0x08002978                TIM1_TRG_COM_IRQHandler
                0x08002978                DMA1_Channel1_IRQHandler
                0x08002978                Default_Handler
                0x08002978                SPI2_IRQHandler
                0x08002978                DMA1_Channel5_IRQHandler
                0x08002978                USB_LP_CAN1_RX0_IRQHandler
                0x08002978                USB_HP_CAN1_TX_IRQHandler
                0x08002978                DMA1_Channel3_IRQHandler
                0x08002978                TIM1_UP_IRQHandler
                0x08002978                WWDG_IRQHandler
                0x08002978                TIM1_BRK_IRQHandler
                0x08002978                EXTI1_IRQHandler
                0x08002978                USART2_IRQHandler
                0x08002978                I2C2_ER_IRQHandler
                0x08002978                DMA1_Channel2_IRQHandler
                0x08002978                CAN1_SCE_IRQHandler
                0x08002978                FLASH_IRQHandler
                0x08002978                USART1_IRQHandler
                0x08002978                I2C1_ER_IRQHandler
                0x08002978                USBWakeUp_IRQHandler
 *fill*         0x0800297a        0x2 
 .text.HAL_Init
                0x0800297c       0x2c CMakeFiles/smart_car.elf.dir/Drivers/STM32F1xx_HAL_Driver/Src/stm32f1xx_hal.c.obj
                0x0800297c                HAL_Init
 .text.HAL_InitTick
                0x080029a8       0x60 CMakeFiles/smart_car.elf.dir/Drivers/STM32F1xx_HAL_Driver/Src/stm32f1xx_hal.c.obj
                0x080029a8                HAL_InitTick
 .text.HAL_IncTick
                0x08002a08       0x24 CMakeFiles/smart_car.elf.dir/Drivers/STM32F1xx_HAL_Driver/Src/stm32f1xx_hal.c.obj
                0x08002a08                HAL_IncTick
 .text.HAL_GetTick
                0x08002a2c       0x14 CMakeFiles/smart_car.elf.dir/Drivers/STM32F1xx_HAL_Driver/Src/stm32f1xx_hal.c.obj
                0x08002a2c                HAL_GetTick
 .text.__NVIC_SetPriorityGrouping
                0x08002a40       0x48 CMakeFiles/smart_car.elf.dir/Drivers/STM32F1xx_HAL_Driver/Src/stm32f1xx_hal_cortex.c.obj
 .text.__NVIC_GetPriorityGrouping
                0x08002a88       0x1c CMakeFiles/smart_car.elf.dir/Drivers/STM32F1xx_HAL_Driver/Src/stm32f1xx_hal_cortex.c.obj
 .text.__NVIC_EnableIRQ
                0x08002aa4       0x38 CMakeFiles/smart_car.elf.dir/Drivers/STM32F1xx_HAL_Driver/Src/stm32f1xx_hal_cortex.c.obj
 .text.__NVIC_SetPriority
                0x08002adc       0x54 CMakeFiles/smart_car.elf.dir/Drivers/STM32F1xx_HAL_Driver/Src/stm32f1xx_hal_cortex.c.obj
 .text.NVIC_EncodePriority
                0x08002b30       0x64 CMakeFiles/smart_car.elf.dir/Drivers/STM32F1xx_HAL_Driver/Src/stm32f1xx_hal_cortex.c.obj
 .text.SysTick_Config
                0x08002b94       0x44 CMakeFiles/smart_car.elf.dir/Drivers/STM32F1xx_HAL_Driver/Src/stm32f1xx_hal_cortex.c.obj
 .text.HAL_NVIC_SetPriorityGrouping
                0x08002bd8       0x16 CMakeFiles/smart_car.elf.dir/Drivers/STM32F1xx_HAL_Driver/Src/stm32f1xx_hal_cortex.c.obj
                0x08002bd8                HAL_NVIC_SetPriorityGrouping
 .text.HAL_NVIC_SetPriority
                0x08002bee       0x38 CMakeFiles/smart_car.elf.dir/Drivers/STM32F1xx_HAL_Driver/Src/stm32f1xx_hal_cortex.c.obj
                0x08002bee                HAL_NVIC_SetPriority
 .text.HAL_NVIC_EnableIRQ
                0x08002c26       0x1c CMakeFiles/smart_car.elf.dir/Drivers/STM32F1xx_HAL_Driver/Src/stm32f1xx_hal_cortex.c.obj
                0x08002c26                HAL_NVIC_EnableIRQ
 .text.HAL_SYSTICK_Config
                0x08002c42       0x18 CMakeFiles/smart_car.elf.dir/Drivers/STM32F1xx_HAL_Driver/Src/stm32f1xx_hal_cortex.c.obj
                0x08002c42                HAL_SYSTICK_Config
 *fill*         0x08002c5a        0x2 
 .text.HAL_SYSTICK_CLKSourceConfig
                0x08002c5c       0x38 CMakeFiles/smart_car.elf.dir/Drivers/STM32F1xx_HAL_Driver/Src/stm32f1xx_hal_cortex.c.obj
                0x08002c5c                HAL_SYSTICK_CLKSourceConfig
 .text.HAL_GPIO_Init
                0x08002c94      0x308 CMakeFiles/smart_car.elf.dir/Drivers/STM32F1xx_HAL_Driver/Src/stm32f1xx_hal_gpio.c.obj
                0x08002c94                HAL_GPIO_Init
 .text.HAL_GPIO_WritePin
                0x08002f9c       0x30 CMakeFiles/smart_car.elf.dir/Drivers/STM32F1xx_HAL_Driver/Src/stm32f1xx_hal_gpio.c.obj
                0x08002f9c                HAL_GPIO_WritePin
 .text.HAL_GPIO_EXTI_IRQHandler
                0x08002fcc       0x30 CMakeFiles/smart_car.elf.dir/Drivers/STM32F1xx_HAL_Driver/Src/stm32f1xx_hal_gpio.c.obj
                0x08002fcc                HAL_GPIO_EXTI_IRQHandler
 .text.HAL_RCC_OscConfig
                0x08002ffc      0x504 CMakeFiles/smart_car.elf.dir/Drivers/STM32F1xx_HAL_Driver/Src/stm32f1xx_hal_rcc.c.obj
                0x08002ffc                HAL_RCC_OscConfig
 .text.HAL_RCC_ClockConfig
                0x08003500      0x1d4 CMakeFiles/smart_car.elf.dir/Drivers/STM32F1xx_HAL_Driver/Src/stm32f1xx_hal_rcc.c.obj
                0x08003500                HAL_RCC_ClockConfig
 .text.HAL_RCC_GetSysClockFreq
                0x080036d4       0xa8 CMakeFiles/smart_car.elf.dir/Drivers/STM32F1xx_HAL_Driver/Src/stm32f1xx_hal_rcc.c.obj
                0x080036d4                HAL_RCC_GetSysClockFreq
 .text.HAL_RCC_GetHCLKFreq
                0x0800377c       0x14 CMakeFiles/smart_car.elf.dir/Drivers/STM32F1xx_HAL_Driver/Src/stm32f1xx_hal_rcc.c.obj
                0x0800377c                HAL_RCC_GetHCLKFreq
 .text.HAL_RCC_GetPCLK1Freq
                0x08003790       0x28 CMakeFiles/smart_car.elf.dir/Drivers/STM32F1xx_HAL_Driver/Src/stm32f1xx_hal_rcc.c.obj
                0x08003790                HAL_RCC_GetPCLK1Freq
 .text.HAL_RCC_GetPCLK2Freq
                0x080037b8       0x28 CMakeFiles/smart_car.elf.dir/Drivers/STM32F1xx_HAL_Driver/Src/stm32f1xx_hal_rcc.c.obj
                0x080037b8                HAL_RCC_GetPCLK2Freq
 .text.RCC_Delay
                0x080037e0       0x3c CMakeFiles/smart_car.elf.dir/Drivers/STM32F1xx_HAL_Driver/Src/stm32f1xx_hal_rcc.c.obj
 .text.HAL_TIM_Base_Init
                0x0800381c       0x9e CMakeFiles/smart_car.elf.dir/Drivers/STM32F1xx_HAL_Driver/Src/stm32f1xx_hal_tim.c.obj
                0x0800381c                HAL_TIM_Base_Init
 *fill*         0x080038ba        0x2 
 .text.HAL_TIM_Base_Start
                0x080038bc       0x94 CMakeFiles/smart_car.elf.dir/Drivers/STM32F1xx_HAL_Driver/Src/stm32f1xx_hal_tim.c.obj
                0x080038bc                HAL_TIM_Base_Start
 .text.HAL_TIM_Base_Start_IT
                0x08003950       0xa4 CMakeFiles/smart_car.elf.dir/Drivers/STM32F1xx_HAL_Driver/Src/stm32f1xx_hal_tim.c.obj
                0x08003950                HAL_TIM_Base_Start_IT
 .text.HAL_TIM_PWM_Init
                0x080039f4       0x9e CMakeFiles/smart_car.elf.dir/Drivers/STM32F1xx_HAL_Driver/Src/stm32f1xx_hal_tim.c.obj
                0x080039f4                HAL_TIM_PWM_Init
 *fill*         0x08003a92        0x2 
 .text.HAL_TIM_PWM_Start
                0x08003a94      0x144 CMakeFiles/smart_car.elf.dir/Drivers/STM32F1xx_HAL_Driver/Src/stm32f1xx_hal_tim.c.obj
                0x08003a94                HAL_TIM_PWM_Start
 .text.HAL_TIM_PWM_Stop
                0x08003bd8       0xc8 CMakeFiles/smart_car.elf.dir/Drivers/STM32F1xx_HAL_Driver/Src/stm32f1xx_hal_tim.c.obj
                0x08003bd8                HAL_TIM_PWM_Stop
 .text.HAL_TIM_IRQHandler
                0x08003ca0      0x210 CMakeFiles/smart_car.elf.dir/Drivers/STM32F1xx_HAL_Driver/Src/stm32f1xx_hal_tim.c.obj
                0x08003ca0                HAL_TIM_IRQHandler
 .text.HAL_TIM_PWM_ConfigChannel
                0x08003eb0      0x184 CMakeFiles/smart_car.elf.dir/Drivers/STM32F1xx_HAL_Driver/Src/stm32f1xx_hal_tim.c.obj
                0x08003eb0                HAL_TIM_PWM_ConfigChannel
 .text.HAL_TIM_ConfigClockSource
                0x08004034      0x18e CMakeFiles/smart_car.elf.dir/Drivers/STM32F1xx_HAL_Driver/Src/stm32f1xx_hal_tim.c.obj
                0x08004034                HAL_TIM_ConfigClockSource
 .text.HAL_TIM_OC_DelayElapsedCallback
                0x080041c2       0x12 CMakeFiles/smart_car.elf.dir/Drivers/STM32F1xx_HAL_Driver/Src/stm32f1xx_hal_tim.c.obj
                0x080041c2                HAL_TIM_OC_DelayElapsedCallback
 .text.HAL_TIM_IC_CaptureCallback
                0x080041d4       0x12 CMakeFiles/smart_car.elf.dir/Drivers/STM32F1xx_HAL_Driver/Src/stm32f1xx_hal_tim.c.obj
                0x080041d4                HAL_TIM_IC_CaptureCallback
 .text.HAL_TIM_PWM_PulseFinishedCallback
                0x080041e6       0x12 CMakeFiles/smart_car.elf.dir/Drivers/STM32F1xx_HAL_Driver/Src/stm32f1xx_hal_tim.c.obj
                0x080041e6                HAL_TIM_PWM_PulseFinishedCallback
 .text.HAL_TIM_TriggerCallback
                0x080041f8       0x12 CMakeFiles/smart_car.elf.dir/Drivers/STM32F1xx_HAL_Driver/Src/stm32f1xx_hal_tim.c.obj
                0x080041f8                HAL_TIM_TriggerCallback
 *fill*         0x0800420a        0x2 
 .text.TIM_Base_SetConfig
                0x0800420c       0xc4 CMakeFiles/smart_car.elf.dir/Drivers/STM32F1xx_HAL_Driver/Src/stm32f1xx_hal_tim.c.obj
                0x0800420c                TIM_Base_SetConfig
 .text.TIM_OC1_SetConfig
                0x080042d0       0xcc CMakeFiles/smart_car.elf.dir/Drivers/STM32F1xx_HAL_Driver/Src/stm32f1xx_hal_tim.c.obj
 .text.TIM_OC2_SetConfig
                0x0800439c       0xd4 CMakeFiles/smart_car.elf.dir/Drivers/STM32F1xx_HAL_Driver/Src/stm32f1xx_hal_tim.c.obj
                0x0800439c                TIM_OC2_SetConfig
 .text.TIM_OC3_SetConfig
                0x08004470       0xd4 CMakeFiles/smart_car.elf.dir/Drivers/STM32F1xx_HAL_Driver/Src/stm32f1xx_hal_tim.c.obj
 .text.TIM_OC4_SetConfig
                0x08004544       0x9c CMakeFiles/smart_car.elf.dir/Drivers/STM32F1xx_HAL_Driver/Src/stm32f1xx_hal_tim.c.obj
 .text.TIM_TI1_ConfigInputStage
                0x080045e0       0x5c CMakeFiles/smart_car.elf.dir/Drivers/STM32F1xx_HAL_Driver/Src/stm32f1xx_hal_tim.c.obj
 .text.TIM_TI2_ConfigInputStage
                0x0800463c       0x5e CMakeFiles/smart_car.elf.dir/Drivers/STM32F1xx_HAL_Driver/Src/stm32f1xx_hal_tim.c.obj
 .text.TIM_ITRx_SetConfig
                0x0800469a       0x34 CMakeFiles/smart_car.elf.dir/Drivers/STM32F1xx_HAL_Driver/Src/stm32f1xx_hal_tim.c.obj
 .text.TIM_ETR_SetConfig
                0x080046ce       0x3e CMakeFiles/smart_car.elf.dir/Drivers/STM32F1xx_HAL_Driver/Src/stm32f1xx_hal_tim.c.obj
                0x080046ce                TIM_ETR_SetConfig
 .text.TIM_CCxChannelCmd
                0x0800470c       0x48 CMakeFiles/smart_car.elf.dir/Drivers/STM32F1xx_HAL_Driver/Src/stm32f1xx_hal_tim.c.obj
                0x0800470c                TIM_CCxChannelCmd
 .text.HAL_TIMEx_MasterConfigSynchronization
                0x08004754       0xbc CMakeFiles/smart_car.elf.dir/Drivers/STM32F1xx_HAL_Driver/Src/stm32f1xx_hal_tim_ex.c.obj
                0x08004754                HAL_TIMEx_MasterConfigSynchronization
 .text.HAL_TIMEx_ConfigBreakDeadTime
                0x08004810       0xa2 CMakeFiles/smart_car.elf.dir/Drivers/STM32F1xx_HAL_Driver/Src/stm32f1xx_hal_tim_ex.c.obj
                0x08004810                HAL_TIMEx_ConfigBreakDeadTime
 .text.HAL_TIMEx_CommutCallback
                0x080048b2       0x12 CMakeFiles/smart_car.elf.dir/Drivers/STM32F1xx_HAL_Driver/Src/stm32f1xx_hal_tim_ex.c.obj
                0x080048b2                HAL_TIMEx_CommutCallback
 .text.HAL_TIMEx_BreakCallback
                0x080048c4       0x12 CMakeFiles/smart_car.elf.dir/Drivers/STM32F1xx_HAL_Driver/Src/stm32f1xx_hal_tim_ex.c.obj
                0x080048c4                HAL_TIMEx_BreakCallback
 .text.HAL_UART_Init
                0x080048d6       0xa0 CMakeFiles/smart_car.elf.dir/Drivers/STM32F1xx_HAL_Driver/Src/stm32f1xx_hal_uart.c.obj
                0x080048d6                HAL_UART_Init
 .text.HAL_UART_Transmit
                0x08004976      0x106 CMakeFiles/smart_car.elf.dir/Drivers/STM32F1xx_HAL_Driver/Src/stm32f1xx_hal_uart.c.obj
                0x08004976                HAL_UART_Transmit
 .text.UART_WaitOnFlagUntilTimeout
                0x08004a7c       0xdc CMakeFiles/smart_car.elf.dir/Drivers/STM32F1xx_HAL_Driver/Src/stm32f1xx_hal_uart.c.obj
 .text.UART_SetConfig
                0x08004b58      0x11c CMakeFiles/smart_car.elf.dir/Drivers/STM32F1xx_HAL_Driver/Src/stm32f1xx_hal_uart.c.obj
 .text.stdio_exit_handler
                0x08004c74       0x18 d:/install/arm-none-eabi/bin/../lib/gcc/arm-none-eabi/12.3.1/thumb/v7-m/nofp\libg.a(libc_a-findfp.o)
 .text.cleanup_stdio
                0x08004c8c       0x40 d:/install/arm-none-eabi/bin/../lib/gcc/arm-none-eabi/12.3.1/thumb/v7-m/nofp\libg.a(libc_a-findfp.o)
 .text.global_stdio_init.part.0
                0x08004ccc       0xf0 d:/install/arm-none-eabi/bin/../lib/gcc/arm-none-eabi/12.3.1/thumb/v7-m/nofp\libg.a(libc_a-findfp.o)
 .text.__sinit  0x08004dbc       0x3c d:/install/arm-none-eabi/bin/../lib/gcc/arm-none-eabi/12.3.1/thumb/v7-m/nofp\libg.a(libc_a-findfp.o)
                0x08004dbc                __sinit
 .text.__sfp_lock_acquire
                0x08004df8        0xc d:/install/arm-none-eabi/bin/../lib/gcc/arm-none-eabi/12.3.1/thumb/v7-m/nofp\libg.a(libc_a-findfp.o)
                0x08004df8                __sfp_lock_acquire
 .text.__sfp_lock_release
                0x08004e04        0xc d:/install/arm-none-eabi/bin/../lib/gcc/arm-none-eabi/12.3.1/thumb/v7-m/nofp\libg.a(libc_a-findfp.o)
                0x08004e04                __sfp_lock_release
 .text._fwalk_sglue
                0x08004e10       0x44 d:/install/arm-none-eabi/bin/../lib/gcc/arm-none-eabi/12.3.1/thumb/v7-m/nofp\libg.a(libc_a-fwalk.o)
                0x08004e10                _fwalk_sglue
 .text.printf   0x08004e54       0x28 d:/install/arm-none-eabi/bin/../lib/gcc/arm-none-eabi/12.3.1/thumb/v7-m/nofp\libg.a(libc_a-printf.o)
                0x08004e54                printf
 .text._puts_r  0x08004e7c       0x98 d:/install/arm-none-eabi/bin/../lib/gcc/arm-none-eabi/12.3.1/thumb/v7-m/nofp\libg.a(libc_a-puts.o)
                0x08004e7c                _puts_r
 .text.puts     0x08004f14       0x10 d:/install/arm-none-eabi/bin/../lib/gcc/arm-none-eabi/12.3.1/thumb/v7-m/nofp\libg.a(libc_a-puts.o)
                0x08004f14                puts
 .text.__sread  0x08004f24       0x24 d:/install/arm-none-eabi/bin/../lib/gcc/arm-none-eabi/12.3.1/thumb/v7-m/nofp\libg.a(libc_a-stdio.o)
                0x08004f24                __sread
 .text.__swrite
                0x08004f48       0x40 d:/install/arm-none-eabi/bin/../lib/gcc/arm-none-eabi/12.3.1/thumb/v7-m/nofp\libg.a(libc_a-stdio.o)
                0x08004f48                __swrite
 .text.__sseek  0x08004f88       0x24 d:/install/arm-none-eabi/bin/../lib/gcc/arm-none-eabi/12.3.1/thumb/v7-m/nofp\libg.a(libc_a-stdio.o)
                0x08004f88                __sseek
 .text.__sclose
                0x08004fac        0x8 d:/install/arm-none-eabi/bin/../lib/gcc/arm-none-eabi/12.3.1/thumb/v7-m/nofp\libg.a(libc_a-stdio.o)
                0x08004fac                __sclose
 .text.memset   0x08004fb4       0xa0 d:/install/arm-none-eabi/bin/../lib/gcc/arm-none-eabi/12.3.1/thumb/v7-m/nofp\libg.a(libc_a-memset.o)
                0x08004fb4                memset
 .text._close_r
                0x08005054       0x24 d:/install/arm-none-eabi/bin/../lib/gcc/arm-none-eabi/12.3.1/thumb/v7-m/nofp\libg.a(libc_a-closer.o)
                0x08005054                _close_r
 .text._lseek_r
                0x08005078       0x2c d:/install/arm-none-eabi/bin/../lib/gcc/arm-none-eabi/12.3.1/thumb/v7-m/nofp\libg.a(libc_a-lseekr.o)
                0x08005078                _lseek_r
 .text._read_r  0x080050a4       0x2c d:/install/arm-none-eabi/bin/../lib/gcc/arm-none-eabi/12.3.1/thumb/v7-m/nofp\libg.a(libc_a-readr.o)
                0x080050a4                _read_r
 .text._write_r
                0x080050d0       0x2c d:/install/arm-none-eabi/bin/../lib/gcc/arm-none-eabi/12.3.1/thumb/v7-m/nofp\libg.a(libc_a-writer.o)
                0x080050d0                _write_r
 .text.__errno  0x080050fc        0xc d:/install/arm-none-eabi/bin/../lib/gcc/arm-none-eabi/12.3.1/thumb/v7-m/nofp\libg.a(libc_a-errno.o)
                0x080050fc                __errno
 .text.__libc_init_array
                0x08005108       0x50 d:/install/arm-none-eabi/bin/../lib/gcc/arm-none-eabi/12.3.1/thumb/v7-m/nofp\libg.a(libc_a-init.o)
                0x08005108                __libc_init_array
 .text.__retarget_lock_init_recursive
                0x08005158        0x4 d:/install/arm-none-eabi/bin/../lib/gcc/arm-none-eabi/12.3.1/thumb/v7-m/nofp\libg.a(libc_a-lock.o)
                0x08005158                __retarget_lock_init_recursive
 .text.__retarget_lock_close_recursive
                0x0800515c        0x4 d:/install/arm-none-eabi/bin/../lib/gcc/arm-none-eabi/12.3.1/thumb/v7-m/nofp\libg.a(libc_a-lock.o)
                0x0800515c                __retarget_lock_close_recursive
 .text.__retarget_lock_acquire_recursive
                0x08005160        0x4 d:/install/arm-none-eabi/bin/../lib/gcc/arm-none-eabi/12.3.1/thumb/v7-m/nofp\libg.a(libc_a-lock.o)
                0x08005160                __retarget_lock_acquire_recursive
 .text.__retarget_lock_release_recursive
                0x08005164        0x4 d:/install/arm-none-eabi/bin/../lib/gcc/arm-none-eabi/12.3.1/thumb/v7-m/nofp\libg.a(libc_a-lock.o)
                0x08005164                __retarget_lock_release_recursive
 .text.strlen   0x08005168       0x5c d:/install/arm-none-eabi/bin/../lib/gcc/arm-none-eabi/12.3.1/thumb/v7-m/nofp\libg.a(libc_a-strlen-stub.o)
                0x08005168                strlen
 .text.startup.register_fini
                0x080051c4       0x14 d:/install/arm-none-eabi/bin/../lib/gcc/arm-none-eabi/12.3.1/thumb/v7-m/nofp\libg.a(libc_a-__call_atexit.o)
 .text.atexit   0x080051d8        0xc d:/install/arm-none-eabi/bin/../lib/gcc/arm-none-eabi/12.3.1/thumb/v7-m/nofp\libg.a(libc_a-atexit.o)
                0x080051d8                atexit
 .text._malloc_trim_r
                0x080051e4       0xb8 d:/install/arm-none-eabi/bin/../lib/gcc/arm-none-eabi/12.3.1/thumb/v7-m/nofp\libg.a(libc_a-freer.o)
                0x080051e4                _malloc_trim_r
 .text._free_r  0x0800529c      0x1fc d:/install/arm-none-eabi/bin/../lib/gcc/arm-none-eabi/12.3.1/thumb/v7-m/nofp\libg.a(libc_a-freer.o)
                0x0800529c                _free_r
 .text._malloc_r
                0x08005498      0x570 d:/install/arm-none-eabi/bin/../lib/gcc/arm-none-eabi/12.3.1/thumb/v7-m/nofp\libg.a(libc_a-mallocr.o)
                0x08005498                _malloc_r
 .text.__malloc_lock
                0x08005a08        0xc d:/install/arm-none-eabi/bin/../lib/gcc/arm-none-eabi/12.3.1/thumb/v7-m/nofp\libg.a(libc_a-mlock.o)
                0x08005a08                __malloc_lock
 .text.__malloc_unlock
                0x08005a14        0xc d:/install/arm-none-eabi/bin/../lib/gcc/arm-none-eabi/12.3.1/thumb/v7-m/nofp\libg.a(libc_a-mlock.o)
                0x08005a14                __malloc_unlock
 .text._vfprintf_r
                0x08005a20     0x1c6c d:/install/arm-none-eabi/bin/../lib/gcc/arm-none-eabi/12.3.1/thumb/v7-m/nofp\libg.a(libc_a-vfprintf.o)
                0x08005a20                _vfprintf_r
 .text.__sbprintf
                0x0800768c       0x80 d:/install/arm-none-eabi/bin/../lib/gcc/arm-none-eabi/12.3.1/thumb/v7-m/nofp\libg.a(libc_a-vfprintf.o)
 .text.__sprint_r.part.0
                0x0800770c       0x78 d:/install/arm-none-eabi/bin/../lib/gcc/arm-none-eabi/12.3.1/thumb/v7-m/nofp\libg.a(libc_a-vfiprintf.o)
 .text.__sprint_r
                0x08007784       0x14 d:/install/arm-none-eabi/bin/../lib/gcc/arm-none-eabi/12.3.1/thumb/v7-m/nofp\libg.a(libc_a-vfiprintf.o)
                0x08007784                __sprint_r
 .text._vfiprintf_r
                0x08007798      0xf9c d:/install/arm-none-eabi/bin/../lib/gcc/arm-none-eabi/12.3.1/thumb/v7-m/nofp\libg.a(libc_a-vfiprintf.o)
                0x08007798                _vfiprintf_r
 .text.__sbprintf
                0x08008734       0x80 d:/install/arm-none-eabi/bin/../lib/gcc/arm-none-eabi/12.3.1/thumb/v7-m/nofp\libg.a(libc_a-vfiprintf.o)
 .text._fclose_r
                0x080087b4       0xc0 d:/install/arm-none-eabi/bin/../lib/gcc/arm-none-eabi/12.3.1/thumb/v7-m/nofp\libg.a(libc_a-fclose.o)
                0x080087b4                _fclose_r
 .text.__sflush_r
                0x08008874      0x128 d:/install/arm-none-eabi/bin/../lib/gcc/arm-none-eabi/12.3.1/thumb/v7-m/nofp\libg.a(libc_a-fflush.o)
                0x08008874                __sflush_r
 .text._fflush_r
                0x0800899c       0x54 d:/install/arm-none-eabi/bin/../lib/gcc/arm-none-eabi/12.3.1/thumb/v7-m/nofp\libg.a(libc_a-fflush.o)
                0x0800899c                _fflush_r
 .text.__sfvwrite_r
                0x080089f0      0x2ec d:/install/arm-none-eabi/bin/../lib/gcc/arm-none-eabi/12.3.1/thumb/v7-m/nofp\libg.a(libc_a-fvwrite.o)
                0x080089f0                __sfvwrite_r
 .text.__swsetup_r
                0x08008cdc       0xc0 d:/install/arm-none-eabi/bin/../lib/gcc/arm-none-eabi/12.3.1/thumb/v7-m/nofp\libg.a(libc_a-wsetup.o)
                0x08008cdc                __swsetup_r
 .text.__fputwc
                0x08008d9c       0x7c d:/install/arm-none-eabi/bin/../lib/gcc/arm-none-eabi/12.3.1/thumb/v7-m/nofp\libg.a(libc_a-fputwc.o)
                0x08008d9c                __fputwc
 .text._fputwc_r
                0x08008e18       0x60 d:/install/arm-none-eabi/bin/../lib/gcc/arm-none-eabi/12.3.1/thumb/v7-m/nofp\libg.a(libc_a-fputwc.o)
                0x08008e18                _fputwc_r
 .text.memmove  0x08008e78       0xfc d:/install/arm-none-eabi/bin/../lib/gcc/arm-none-eabi/12.3.1/thumb/v7-m/nofp\libg.a(libc_a-memmove.o)
                0x08008e78                memmove
 .text.strncpy  0x08008f74       0x6c d:/install/arm-none-eabi/bin/../lib/gcc/arm-none-eabi/12.3.1/thumb/v7-m/nofp\libg.a(libc_a-strncpy.o)
                0x08008f74                strncpy
 .text.__locale_mb_cur_max
                0x08008fe0        0xc d:/install/arm-none-eabi/bin/../lib/gcc/arm-none-eabi/12.3.1/thumb/v7-m/nofp\libg.a(libc_a-locale.o)
                0x08008fe0                __locale_mb_cur_max
 .text._localeconv_r
                0x08008fec        0x8 d:/install/arm-none-eabi/bin/../lib/gcc/arm-none-eabi/12.3.1/thumb/v7-m/nofp\libg.a(libc_a-localeconv.o)
                0x08008fec                _localeconv_r
 .text._sbrk_r  0x08008ff4       0x24 d:/install/arm-none-eabi/bin/../lib/gcc/arm-none-eabi/12.3.1/thumb/v7-m/nofp\libg.a(libc_a-sbrkr.o)
                0x08008ff4                _sbrk_r
 .text.__libc_fini_array
                0x08009018       0x28 d:/install/arm-none-eabi/bin/../lib/gcc/arm-none-eabi/12.3.1/thumb/v7-m/nofp\libg.a(libc_a-fini.o)
                0x08009018                __libc_fini_array
 .text.sysconf  0x08009040       0x1c d:/install/arm-none-eabi/bin/../lib/gcc/arm-none-eabi/12.3.1/thumb/v7-m/nofp\libg.a(libc_a-sysconf.o)
                0x08009040                sysconf
 .text.memchr   0x0800905c       0x98 d:/install/arm-none-eabi/bin/../lib/gcc/arm-none-eabi/12.3.1/thumb/v7-m/nofp\libg.a(libc_a-memchr-stub.o)
                0x0800905c                memchr
 .text.frexp    0x080090f4       0x70 d:/install/arm-none-eabi/bin/../lib/gcc/arm-none-eabi/12.3.1/thumb/v7-m/nofp\libg.a(libm_a-s_frexp.o)
                0x080090f4                frexp
 .text.__register_exitproc
                0x08009164       0x80 d:/install/arm-none-eabi/bin/../lib/gcc/arm-none-eabi/12.3.1/thumb/v7-m/nofp\libg.a(libc_a-__atexit.o)
                0x08009164                __register_exitproc
 .text.quorem   0x080091e4      0x13c d:/install/arm-none-eabi/bin/../lib/gcc/arm-none-eabi/12.3.1/thumb/v7-m/nofp\libg.a(libc_a-dtoa.o)
 .text._dtoa_r  0x08009320      0xe54 d:/install/arm-none-eabi/bin/../lib/gcc/arm-none-eabi/12.3.1/thumb/v7-m/nofp\libg.a(libc_a-dtoa.o)
                0x08009320                _dtoa_r
 .text.__ascii_mbtowc
                0x0800a174       0x2c d:/install/arm-none-eabi/bin/../lib/gcc/arm-none-eabi/12.3.1/thumb/v7-m/nofp\libg.a(libc_a-mbtowc_r.o)
                0x0800a174                __ascii_mbtowc
 .text._Balloc  0x0800a1a0       0x4c d:/install/arm-none-eabi/bin/../lib/gcc/arm-none-eabi/12.3.1/thumb/v7-m/nofp\libg.a(libc_a-mprec.o)
                0x0800a1a0                _Balloc
 .text._Bfree   0x0800a1ec       0x14 d:/install/arm-none-eabi/bin/../lib/gcc/arm-none-eabi/12.3.1/thumb/v7-m/nofp\libg.a(libc_a-mprec.o)
                0x0800a1ec                _Bfree
 .text.__multadd
                0x0800a200       0xa4 d:/install/arm-none-eabi/bin/../lib/gcc/arm-none-eabi/12.3.1/thumb/v7-m/nofp\libg.a(libc_a-mprec.o)
                0x0800a200                __multadd
 .text.__hi0bits
                0x0800a2a4       0x44 d:/install/arm-none-eabi/bin/../lib/gcc/arm-none-eabi/12.3.1/thumb/v7-m/nofp\libg.a(libc_a-mprec.o)
                0x0800a2a4                __hi0bits
 .text.__lo0bits
                0x0800a2e8       0x5c d:/install/arm-none-eabi/bin/../lib/gcc/arm-none-eabi/12.3.1/thumb/v7-m/nofp\libg.a(libc_a-mprec.o)
                0x0800a2e8                __lo0bits
 .text.__i2b    0x0800a344       0x5c d:/install/arm-none-eabi/bin/../lib/gcc/arm-none-eabi/12.3.1/thumb/v7-m/nofp\libg.a(libc_a-mprec.o)
                0x0800a344                __i2b
 .text.__multiply
                0x0800a3a0      0x164 d:/install/arm-none-eabi/bin/../lib/gcc/arm-none-eabi/12.3.1/thumb/v7-m/nofp\libg.a(libc_a-mprec.o)
                0x0800a3a0                __multiply
 .text.__pow5mult
                0x0800a504       0xb4 d:/install/arm-none-eabi/bin/../lib/gcc/arm-none-eabi/12.3.1/thumb/v7-m/nofp\libg.a(libc_a-mprec.o)
                0x0800a504                __pow5mult
 .text.__lshift
                0x0800a5b8       0xec d:/install/arm-none-eabi/bin/../lib/gcc/arm-none-eabi/12.3.1/thumb/v7-m/nofp\libg.a(libc_a-mprec.o)
                0x0800a5b8                __lshift
 .text.__mcmp   0x0800a6a4       0x40 d:/install/arm-none-eabi/bin/../lib/gcc/arm-none-eabi/12.3.1/thumb/v7-m/nofp\libg.a(libc_a-mprec.o)
                0x0800a6a4                __mcmp
 .text.__mdiff  0x0800a6e4      0x160 d:/install/arm-none-eabi/bin/../lib/gcc/arm-none-eabi/12.3.1/thumb/v7-m/nofp\libg.a(libc_a-mprec.o)
                0x0800a6e4                __mdiff
 .text.__d2b    0x0800a844       0xbc d:/install/arm-none-eabi/bin/../lib/gcc/arm-none-eabi/12.3.1/thumb/v7-m/nofp\libg.a(libc_a-mprec.o)
                0x0800a844                __d2b
 .text._realloc_r
                0x0800a900      0x34c d:/install/arm-none-eabi/bin/../lib/gcc/arm-none-eabi/12.3.1/thumb/v7-m/nofp\libg.a(libc_a-reallocr.o)
                0x0800a900                _realloc_r
 .text.__ascii_wctomb
                0x0800ac4c       0x1c d:/install/arm-none-eabi/bin/../lib/gcc/arm-none-eabi/12.3.1/thumb/v7-m/nofp\libg.a(libc_a-wctomb_r.o)
                0x0800ac4c                __ascii_wctomb
 .text._wcrtomb_r
                0x0800ac68       0x4c d:/install/arm-none-eabi/bin/../lib/gcc/arm-none-eabi/12.3.1/thumb/v7-m/nofp\libg.a(libc_a-wcrtomb.o)
                0x0800ac68                _wcrtomb_r
 .text._wcsrtombs_r
                0x0800acb4       0x18 d:/install/arm-none-eabi/bin/../lib/gcc/arm-none-eabi/12.3.1/thumb/v7-m/nofp\libg.a(libc_a-wcsrtombs.o)
                0x0800acb4                _wcsrtombs_r
 .text.__smakebuf_r
                0x0800accc       0xdc d:/install/arm-none-eabi/bin/../lib/gcc/arm-none-eabi/12.3.1/thumb/v7-m/nofp\libg.a(libc_a-makebuf.o)
                0x0800accc                __smakebuf_r
 .text.__swbuf_r
                0x0800ada8       0xac d:/install/arm-none-eabi/bin/../lib/gcc/arm-none-eabi/12.3.1/thumb/v7-m/nofp\libg.a(libc_a-wbuf.o)
                0x0800ada8                __swbuf_r
 .text._fstat_r
                0x0800ae54       0x28 d:/install/arm-none-eabi/bin/../lib/gcc/arm-none-eabi/12.3.1/thumb/v7-m/nofp\libg.a(libc_a-fstatr.o)
                0x0800ae54                _fstat_r
 .text._isatty_r
                0x0800ae7c       0x24 d:/install/arm-none-eabi/bin/../lib/gcc/arm-none-eabi/12.3.1/thumb/v7-m/nofp\libg.a(libc_a-isattyr.o)
                0x0800ae7c                _isatty_r
 .text.__assert_func
                0x0800aea0       0x40 d:/install/arm-none-eabi/bin/../lib/gcc/arm-none-eabi/12.3.1/thumb/v7-m/nofp\libg.a(libc_a-assert.o)
                0x0800aea0                __assert_func
 .text._calloc_r
                0x0800aee0       0x6c d:/install/arm-none-eabi/bin/../lib/gcc/arm-none-eabi/12.3.1/thumb/v7-m/nofp\libg.a(libc_a-callocr.o)
                0x0800aee0                _calloc_r
 .text._wcsnrtombs_l
                0x0800af4c       0xec d:/install/arm-none-eabi/bin/../lib/gcc/arm-none-eabi/12.3.1/thumb/v7-m/nofp\libg.a(libc_a-wcsnrtombs.o)
                0x0800af4c                _wcsnrtombs_l
 .text._wcsnrtombs_r
                0x0800b038       0x24 d:/install/arm-none-eabi/bin/../lib/gcc/arm-none-eabi/12.3.1/thumb/v7-m/nofp\libg.a(libc_a-wcsnrtombs.o)
                0x0800b038                _wcsnrtombs_r
 .text.fiprintf
                0x0800b05c       0x28 d:/install/arm-none-eabi/bin/../lib/gcc/arm-none-eabi/12.3.1/thumb/v7-m/nofp\libg.a(libc_a-fiprintf.o)
                0x0800b05c                fiprintf
 .text.abort    0x0800b084       0x10 d:/install/arm-none-eabi/bin/../lib/gcc/arm-none-eabi/12.3.1/thumb/v7-m/nofp\libg.a(libc_a-abort.o)
                0x0800b084                abort
 .text.raise    0x0800b094       0x58 d:/install/arm-none-eabi/bin/../lib/gcc/arm-none-eabi/12.3.1/thumb/v7-m/nofp\libg.a(libc_a-signal.o)
                0x0800b094                raise
 .text._kill_r  0x0800b0ec       0x28 d:/install/arm-none-eabi/bin/../lib/gcc/arm-none-eabi/12.3.1/thumb/v7-m/nofp\libg.a(libc_a-signalr.o)
                0x0800b0ec                _kill_r
 .text._getpid_r
                0x0800b114        0x4 d:/install/arm-none-eabi/bin/../lib/gcc/arm-none-eabi/12.3.1/thumb/v7-m/nofp\libg.a(libc_a-signalr.o)
                0x0800b114                _getpid_r
 *(.glue_7)
 .glue_7        0x0800b118        0x0 linker stubs
 *(.glue_7t)
 .glue_7t       0x0800b118        0x0 linker stubs
 *(.eh_frame)
 .eh_frame      0x0800b118        0x0 d:/install/arm-none-eabi/bin/../lib/gcc/arm-none-eabi/12.3.1/thumb/v7-m/nofp/crtbegin.o
 *(.init)
 .init          0x0800b118        0x4 d:/install/arm-none-eabi/bin/../lib/gcc/arm-none-eabi/12.3.1/thumb/v7-m/nofp/crti.o
                0x0800b118                _init
 .init          0x0800b11c        0x8 d:/install/arm-none-eabi/bin/../lib/gcc/arm-none-eabi/12.3.1/thumb/v7-m/nofp/crtn.o
 *(.fini)
 .fini          0x0800b124        0x4 d:/install/arm-none-eabi/bin/../lib/gcc/arm-none-eabi/12.3.1/thumb/v7-m/nofp/crti.o
                0x0800b124                _fini
 .fini          0x0800b128        0x8 d:/install/arm-none-eabi/bin/../lib/gcc/arm-none-eabi/12.3.1/thumb/v7-m/nofp/crtn.o
                0x0800b130                        . = ALIGN (0x4)
                0x0800b130                        _etext = .

.vfp11_veneer   0x0800b130        0x0
 .vfp11_veneer  0x0800b130        0x0 linker stubs

.v4_bx          0x0800b130        0x0
 .v4_bx         0x0800b130        0x0 linker stubs

.iplt           0x0800b130        0x0
 .iplt          0x0800b130        0x0 d:/install/arm-none-eabi/bin/../lib/gcc/arm-none-eabi/12.3.1/thumb/v7-m/nofp/crtbegin.o

.rodata         0x0800b130      0x5d4
                0x0800b130                        . = ALIGN (0x4)
 *(.rodata)
 .rodata        0x0800b130      0x10e CMakeFiles/smart_car.elf.dir/Core/Src/control.c.obj
 *fill*         0x0800b23e        0x2 
 .rodata        0x0800b240       0x5f CMakeFiles/smart_car.elf.dir/Core/Src/global_it_cb.c.obj
 *fill*         0x0800b29f        0x1 
 .rodata        0x0800b2a0       0x4a CMakeFiles/smart_car.elf.dir/Core/Src/schedule.c.obj
 *(.rodata*)
 *fill*         0x0800b2ea        0x2 
 .rodata.AHBPrescTable
                0x0800b2ec       0x10 CMakeFiles/smart_car.elf.dir/Core/Src/system_stm32f1xx.c.obj
                0x0800b2ec                AHBPrescTable
 .rodata.APBPrescTable
                0x0800b2fc        0x8 CMakeFiles/smart_car.elf.dir/Core/Src/system_stm32f1xx.c.obj
                0x0800b2fc                APBPrescTable
 .rodata.aPLLMULFactorTable.1
                0x0800b304       0x10 CMakeFiles/smart_car.elf.dir/Drivers/STM32F1xx_HAL_Driver/Src/stm32f1xx_hal_rcc.c.obj
 .rodata.aPredivFactorTable.0
                0x0800b314        0x2 CMakeFiles/smart_car.elf.dir/Drivers/STM32F1xx_HAL_Driver/Src/stm32f1xx_hal_rcc.c.obj
 *fill*         0x0800b316        0x2 
 .rodata._puts_r.str1.4
                0x0800b318        0x2 d:/install/arm-none-eabi/bin/../lib/gcc/arm-none-eabi/12.3.1/thumb/v7-m/nofp\libg.a(libc_a-puts.o)
 *fill*         0x0800b31a        0x2 
 .rodata._vfprintf_r.str1.4
                0x0800b31c       0x42 d:/install/arm-none-eabi/bin/../lib/gcc/arm-none-eabi/12.3.1/thumb/v7-m/nofp\libg.a(libc_a-vfprintf.o)
 *fill*         0x0800b35e        0x2 
 .rodata.zeroes.0
                0x0800b360       0x10 d:/install/arm-none-eabi/bin/../lib/gcc/arm-none-eabi/12.3.1/thumb/v7-m/nofp\libg.a(libc_a-vfprintf.o)
 .rodata.blanks.1
                0x0800b370       0x10 d:/install/arm-none-eabi/bin/../lib/gcc/arm-none-eabi/12.3.1/thumb/v7-m/nofp\libg.a(libc_a-vfprintf.o)
 .rodata._vfiprintf_r.str1.4
                0x0800b380       0x2f d:/install/arm-none-eabi/bin/../lib/gcc/arm-none-eabi/12.3.1/thumb/v7-m/nofp\libg.a(libc_a-vfiprintf.o)
 .rodata.zeroes.0
                0x0800b380       0x10 d:/install/arm-none-eabi/bin/../lib/gcc/arm-none-eabi/12.3.1/thumb/v7-m/nofp\libg.a(libc_a-vfiprintf.o)
 .rodata.blanks.1
                0x0800b390       0x10 d:/install/arm-none-eabi/bin/../lib/gcc/arm-none-eabi/12.3.1/thumb/v7-m/nofp\libg.a(libc_a-vfiprintf.o)
 .rodata.str1.4
                0x0800b3a0       0x48 d:/install/arm-none-eabi/bin/../lib/gcc/arm-none-eabi/12.3.1/thumb/v7-m/nofp\libg.a(libc_a-locale.o)
                                 0x4c (size before relaxing)
 .rodata._dtoa_r.str1.4
                0x0800b3e8       0x7d d:/install/arm-none-eabi/bin/../lib/gcc/arm-none-eabi/12.3.1/thumb/v7-m/nofp\libg.a(libc_a-dtoa.o)
                                 0x81 (size before relaxing)
 *fill*         0x0800b465        0x3 
 .rodata.__multadd.str1.4
                0x0800b468       0x5a d:/install/arm-none-eabi/bin/../lib/gcc/arm-none-eabi/12.3.1/thumb/v7-m/nofp\libg.a(libc_a-mprec.o)
                                 0x6e (size before relaxing)
 *fill*         0x0800b4c2        0x2 
 .rodata.p05.0  0x0800b4c4        0xc d:/install/arm-none-eabi/bin/../lib/gcc/arm-none-eabi/12.3.1/thumb/v7-m/nofp\libg.a(libc_a-mprec.o)
 .rodata.__mprec_bigtens
                0x0800b4d0       0x28 d:/install/arm-none-eabi/bin/../lib/gcc/arm-none-eabi/12.3.1/thumb/v7-m/nofp\libg.a(libc_a-mprec.o)
                0x0800b4d0                __mprec_bigtens
 .rodata.__mprec_tens
                0x0800b4f8       0xc8 d:/install/arm-none-eabi/bin/../lib/gcc/arm-none-eabi/12.3.1/thumb/v7-m/nofp\libg.a(libc_a-mprec.o)
                0x0800b4f8                __mprec_tens
 .rodata._ctype_
                0x0800b5c0      0x101 d:/install/arm-none-eabi/bin/../lib/gcc/arm-none-eabi/12.3.1/thumb/v7-m/nofp\libg.a(libc_a-ctype_.o)
                0x0800b5c0                _ctype_
 *fill*         0x0800b6c1        0x3 
 .rodata.__assert_func.str1.4
                0x0800b6c4       0x3f d:/install/arm-none-eabi/bin/../lib/gcc/arm-none-eabi/12.3.1/thumb/v7-m/nofp\libg.a(libc_a-assert.o)
                                 0x43 (size before relaxing)
                0x0800b704                        . = ALIGN (0x4)
 *fill*         0x0800b703        0x1 

.ARM.extab      0x0800b704        0x0
                0x0800b704                        . = ALIGN (0x4)
 *(.ARM.extab* .gnu.linkonce.armextab.*)
                0x0800b704                        . = ALIGN (0x4)

.ARM            0x0800b704        0x8
                0x0800b704                        . = ALIGN (0x4)
                0x0800b704                        __exidx_start = .
 *(.ARM.exidx*)
 .ARM.exidx     0x0800b704        0x8 d:/install/arm-none-eabi/bin/../lib/gcc/arm-none-eabi/12.3.1/thumb/v7-m/nofp\libg.a(libc_a-memcpy.o)
                0x0800b70c                        __exidx_end = .
                0x0800b70c                        . = ALIGN (0x4)

.rel.dyn        0x0800b70c        0x0
 .rel.iplt      0x0800b70c        0x0 d:/install/arm-none-eabi/bin/../lib/gcc/arm-none-eabi/12.3.1/thumb/v7-m/nofp/crtbegin.o

.preinit_array  0x0800b70c        0x0
                0x0800b70c                        . = ALIGN (0x4)
                0x0800b70c                        PROVIDE (__preinit_array_start = .)
 *(.preinit_array*)
                0x0800b70c                        PROVIDE (__preinit_array_end = .)
                0x0800b70c                        . = ALIGN (0x4)

.init_array     0x0800b70c        0x8
                0x0800b70c                        . = ALIGN (0x4)
                0x0800b70c                        PROVIDE (__init_array_start = .)
 *(SORT_BY_NAME(.init_array.*))
 .init_array.00000
                0x0800b70c        0x4 d:/install/arm-none-eabi/bin/../lib/gcc/arm-none-eabi/12.3.1/thumb/v7-m/nofp\libg.a(libc_a-__call_atexit.o)
 *(.init_array*)
 .init_array    0x0800b710        0x4 d:/install/arm-none-eabi/bin/../lib/gcc/arm-none-eabi/12.3.1/thumb/v7-m/nofp/crtbegin.o
                0x0800b714                        PROVIDE (__init_array_end = .)
                0x0800b714                        . = ALIGN (0x4)

.fini_array     0x0800b714        0x4
                0x0800b714                        . = ALIGN (0x4)
                0x0800b714                        PROVIDE (__fini_array_start = .)
 *(SORT_BY_NAME(.fini_array.*))
 *(.fini_array*)
 .fini_array    0x0800b714        0x4 d:/install/arm-none-eabi/bin/../lib/gcc/arm-none-eabi/12.3.1/thumb/v7-m/nofp/crtbegin.o
                0x0800b718                        PROVIDE (__fini_array_end = .)
                0x0800b718                        . = ALIGN (0x4)
                0x0800b718                        _sidata = LOADADDR (.data)

.data           0x20000000      0x6c4 load address 0x0800b718
                0x20000000                        . = ALIGN (0x4)
                0x20000000                        _sdata = .
 *(.data)
 *(.data*)
 .data.SystemCoreClock
                0x20000000        0x4 CMakeFiles/smart_car.elf.dir/Core/Src/system_stm32f1xx.c.obj
                0x20000000                SystemCoreClock
 .data.uwTickPrio
                0x20000004        0x4 CMakeFiles/smart_car.elf.dir/Drivers/STM32F1xx_HAL_Driver/Src/stm32f1xx_hal.c.obj
                0x20000004                uwTickPrio
 .data.uwTickFreq
                0x20000008        0x1 CMakeFiles/smart_car.elf.dir/Drivers/STM32F1xx_HAL_Driver/Src/stm32f1xx_hal.c.obj
                0x20000008                uwTickFreq
 *fill*         0x20000009        0x3 
 .data.__sglue  0x2000000c        0xc d:/install/arm-none-eabi/bin/../lib/gcc/arm-none-eabi/12.3.1/thumb/v7-m/nofp\libg.a(libc_a-findfp.o)
                0x2000000c                __sglue
 .data._impure_ptr
                0x20000018        0x4 d:/install/arm-none-eabi/bin/../lib/gcc/arm-none-eabi/12.3.1/thumb/v7-m/nofp\libg.a(libc_a-impure.o)
                0x20000018                _impure_ptr
 *fill*         0x2000001c        0x4 
 .data._impure_data
                0x20000020      0x120 d:/install/arm-none-eabi/bin/../lib/gcc/arm-none-eabi/12.3.1/thumb/v7-m/nofp\libg.a(libc_a-impure.o)
                0x20000020                _impure_data
 .data.__atexit_recursive_mutex
                0x20000140        0x4 d:/install/arm-none-eabi/bin/../lib/gcc/arm-none-eabi/12.3.1/thumb/v7-m/nofp\libg.a(libc_a-__call_atexit.o)
                0x20000140                __atexit_recursive_mutex
 .data.__malloc_sbrk_base
                0x20000144        0x4 d:/install/arm-none-eabi/bin/../lib/gcc/arm-none-eabi/12.3.1/thumb/v7-m/nofp\libg.a(libc_a-mallocr.o)
                0x20000144                __malloc_sbrk_base
 .data.__malloc_trim_threshold
                0x20000148        0x4 d:/install/arm-none-eabi/bin/../lib/gcc/arm-none-eabi/12.3.1/thumb/v7-m/nofp\libg.a(libc_a-mallocr.o)
                0x20000148                __malloc_trim_threshold
 *fill*         0x2000014c        0x4 
 .data.__malloc_av_
                0x20000150      0x408 d:/install/arm-none-eabi/bin/../lib/gcc/arm-none-eabi/12.3.1/thumb/v7-m/nofp\libg.a(libc_a-mallocr.o)
                0x20000150                __malloc_av_
 .data.__global_locale
                0x20000558      0x16c d:/install/arm-none-eabi/bin/../lib/gcc/arm-none-eabi/12.3.1/thumb/v7-m/nofp\libg.a(libc_a-locale.o)
                0x20000558                __global_locale
 *(.RamFunc)
 *(.RamFunc*)
                0x200006c4                        . = ALIGN (0x4)
                0x200006c4                        _edata = .

.tm_clone_table
                0x200006c4        0x0 load address 0x0800bddc
 .tm_clone_table
                0x200006c4        0x0 d:/install/arm-none-eabi/bin/../lib/gcc/arm-none-eabi/12.3.1/thumb/v7-m/nofp/crtbegin.o
 .tm_clone_table
                0x200006c4        0x0 d:/install/arm-none-eabi/bin/../lib/gcc/arm-none-eabi/12.3.1/thumb/v7-m/nofp/crtend.o

.igot.plt       0x200006c4        0x0 load address 0x0800bddc
 .igot.plt      0x200006c4        0x0 d:/install/arm-none-eabi/bin/../lib/gcc/arm-none-eabi/12.3.1/thumb/v7-m/nofp/crtbegin.o
                0x200006c4                        . = ALIGN (0x4)

.bss            0x200006c4      0x52c load address 0x0800bddc
                0x200006c4                        _sbss = .
                0x200006c4                        __bss_start__ = _sbss
 *(.bss)
 *(.bss*)
 .bss.completed.1
                0x200006c4        0x1 d:/install/arm-none-eabi/bin/../lib/gcc/arm-none-eabi/12.3.1/thumb/v7-m/nofp/crtbegin.o
 *fill*         0x200006c5        0x3 
 .bss.object.0  0x200006c8       0x18 d:/install/arm-none-eabi/bin/../lib/gcc/arm-none-eabi/12.3.1/thumb/v7-m/nofp/crtbegin.o
 .bss.beeper_dev
                0x200006e0       0x2a CMakeFiles/smart_car.elf.dir/Core/Src/beeper.c.obj
                0x200006e0                beeper_dev
 .bss.turn_left_flag
                0x2000070a        0x1 CMakeFiles/smart_car.elf.dir/Core/Src/control.c.obj
                0x2000070a                turn_left_flag
 .bss.turn_right_flag
                0x2000070b        0x1 CMakeFiles/smart_car.elf.dir/Core/Src/control.c.obj
                0x2000070b                turn_right_flag
 .bss.nec_ctl   0x2000070c        0x1 CMakeFiles/smart_car.elf.dir/Core/Src/control.c.obj
                0x2000070c                nec_ctl
 *fill*         0x2000070d        0x3 
 .bss.g_fac_us  0x20000710        0x4 CMakeFiles/smart_car.elf.dir/Core/Src/delay.c.obj
 .bss.hc_sr04_dev
                0x20000714       0x14 CMakeFiles/smart_car.elf.dir/Core/Src/hc_sr04.c.obj
                0x20000714                hc_sr04_dev
 .bss.htim1     0x20000728       0x48 CMakeFiles/smart_car.elf.dir/Core/Src/main.c.obj
                0x20000728                htim1
 .bss.htim2     0x20000770       0x48 CMakeFiles/smart_car.elf.dir/Core/Src/main.c.obj
                0x20000770                htim2
 .bss.htim3     0x200007b8       0x48 CMakeFiles/smart_car.elf.dir/Core/Src/main.c.obj
                0x200007b8                htim3
 .bss.htim4     0x20000800       0x48 CMakeFiles/smart_car.elf.dir/Core/Src/main.c.obj
                0x20000800                htim4
 .bss.huart1    0x20000848       0x48 CMakeFiles/smart_car.elf.dir/Core/Src/main.c.obj
                0x20000848                huart1
 .bss.motor_dev
                0x20000890       0x3e CMakeFiles/smart_car.elf.dir/Core/Src/motor.c.obj
                0x20000890                motor_dev
 .bss.nec_state_machine
                0x200008ce        0x1 CMakeFiles/smart_car.elf.dir/Core/Src/nec.c.obj
                0x200008ce                nec_state_machine
 .bss.nec_data_ready
                0x200008cf        0x1 CMakeFiles/smart_car.elf.dir/Core/Src/nec.c.obj
                0x200008cf                nec_data_ready
 .bss.nec_data  0x200008d0        0x4 CMakeFiles/smart_car.elf.dir/Core/Src/nec.c.obj
                0x200008d0                nec_data
 .bss.__sbrk_heap_end
                0x200008d4        0x4 CMakeFiles/smart_car.elf.dir/Core/Src/sysmem.c.obj
 .bss.uwTick    0x200008d8        0x4 CMakeFiles/smart_car.elf.dir/Drivers/STM32F1xx_HAL_Driver/Src/stm32f1xx_hal.c.obj
                0x200008d8                uwTick
 .bss.__sf      0x200008dc      0x138 d:/install/arm-none-eabi/bin/../lib/gcc/arm-none-eabi/12.3.1/thumb/v7-m/nofp\libg.a(libc_a-findfp.o)
                0x200008dc                __sf
 .bss.__stdio_exit_handler
                0x20000a14        0x4 d:/install/arm-none-eabi/bin/../lib/gcc/arm-none-eabi/12.3.1/thumb/v7-m/nofp\libg.a(libc_a-findfp.o)
                0x20000a14                __stdio_exit_handler
 .bss.errno     0x20000a18        0x4 d:/install/arm-none-eabi/bin/../lib/gcc/arm-none-eabi/12.3.1/thumb/v7-m/nofp\libg.a(libc_a-reent.o)
                0x20000a18                errno
 .bss.__lock___malloc_recursive_mutex
                0x20000a1c        0x1 d:/install/arm-none-eabi/bin/../lib/gcc/arm-none-eabi/12.3.1/thumb/v7-m/nofp\libg.a(libc_a-lock.o)
                0x20000a1c                __lock___malloc_recursive_mutex
 *fill*         0x20000a1d        0x3 
 .bss.__lock___atexit_recursive_mutex
                0x20000a20        0x1 d:/install/arm-none-eabi/bin/../lib/gcc/arm-none-eabi/12.3.1/thumb/v7-m/nofp\libg.a(libc_a-lock.o)
                0x20000a20                __lock___atexit_recursive_mutex
 *fill*         0x20000a21        0x3 
 .bss.__lock___sfp_recursive_mutex
                0x20000a24        0x1 d:/install/arm-none-eabi/bin/../lib/gcc/arm-none-eabi/12.3.1/thumb/v7-m/nofp\libg.a(libc_a-lock.o)
                0x20000a24                __lock___sfp_recursive_mutex
 *fill*         0x20000a25        0x3 
 .bss.__atexit  0x20000a28        0x4 d:/install/arm-none-eabi/bin/../lib/gcc/arm-none-eabi/12.3.1/thumb/v7-m/nofp\libg.a(libc_a-__call_atexit.o)
                0x20000a28                __atexit
 .bss.__malloc_current_mallinfo
                0x20000a2c       0x28 d:/install/arm-none-eabi/bin/../lib/gcc/arm-none-eabi/12.3.1/thumb/v7-m/nofp\libg.a(libc_a-mallocr.o)
                0x20000a2c                __malloc_current_mallinfo
 .bss.__malloc_max_total_mem
                0x20000a54        0x4 d:/install/arm-none-eabi/bin/../lib/gcc/arm-none-eabi/12.3.1/thumb/v7-m/nofp\libg.a(libc_a-mallocr.o)
                0x20000a54                __malloc_max_total_mem
 .bss.__malloc_max_sbrked_mem
                0x20000a58        0x4 d:/install/arm-none-eabi/bin/../lib/gcc/arm-none-eabi/12.3.1/thumb/v7-m/nofp\libg.a(libc_a-mallocr.o)
                0x20000a58                __malloc_max_sbrked_mem
 .bss.__malloc_top_pad
                0x20000a5c        0x4 d:/install/arm-none-eabi/bin/../lib/gcc/arm-none-eabi/12.3.1/thumb/v7-m/nofp\libg.a(libc_a-mallocr.o)
                0x20000a5c                __malloc_top_pad
 .bss.__atexit0
                0x20000a60      0x190 d:/install/arm-none-eabi/bin/../lib/gcc/arm-none-eabi/12.3.1/thumb/v7-m/nofp\libg.a(libc_a-__atexit.o)
                0x20000a60                __atexit0
 *(COMMON)
                0x20000bf0                        . = ALIGN (0x4)
                0x20000bf0                        _ebss = .
                0x20000bf0                        __bss_end__ = _ebss

._user_heap_stack
                0x20000bf0      0x600 load address 0x0800bddc
                0x20000bf0                        . = ALIGN (0x8)
                [!provide]                        PROVIDE (end = .)
                0x20000bf0                        PROVIDE (_end = .)
                0x20000df0                        . = (. + _Min_Heap_Size)
 *fill*         0x20000bf0      0x200 
                0x200011f0                        . = (. + _Min_Stack_Size)
 *fill*         0x20000df0      0x400 
                0x200011f0                        . = ALIGN (0x8)

/DISCARD/
 libc.a(*)
 libm.a(*)
 libgcc.a(*)

.ARM.attributes
                0x00000000       0x29
 *(.ARM.attributes)
 .ARM.attributes
                0x00000000       0x1d d:/install/arm-none-eabi/bin/../lib/gcc/arm-none-eabi/12.3.1/thumb/v7-m/nofp/crti.o
 .ARM.attributes
                0x0000001d       0x2d d:/install/arm-none-eabi/bin/../lib/gcc/arm-none-eabi/12.3.1/thumb/v7-m/nofp/crtbegin.o
 .ARM.attributes
                0x0000004a       0x2d CMakeFiles/smart_car.elf.dir/Core/Src/beeper.c.obj
 .ARM.attributes
                0x00000077       0x2d CMakeFiles/smart_car.elf.dir/Core/Src/control.c.obj
 .ARM.attributes
                0x000000a4       0x2d CMakeFiles/smart_car.elf.dir/Core/Src/delay.c.obj
 .ARM.attributes
                0x000000d1       0x2d CMakeFiles/smart_car.elf.dir/Core/Src/fan.c.obj
 .ARM.attributes
                0x000000fe       0x2d CMakeFiles/smart_car.elf.dir/Core/Src/global_it_cb.c.obj
 .ARM.attributes
                0x0000012b       0x2d CMakeFiles/smart_car.elf.dir/Core/Src/hc_sr04.c.obj
 .ARM.attributes
                0x00000158       0x2d CMakeFiles/smart_car.elf.dir/Core/Src/main.c.obj
 .ARM.attributes
                0x00000185       0x2d CMakeFiles/smart_car.elf.dir/Core/Src/motor.c.obj
 .ARM.attributes
                0x000001b2       0x2d CMakeFiles/smart_car.elf.dir/Core/Src/nec.c.obj
 .ARM.attributes
                0x000001df       0x2d CMakeFiles/smart_car.elf.dir/Core/Src/printf_redirect.c.obj
 .ARM.attributes
                0x0000020c       0x2d CMakeFiles/smart_car.elf.dir/Core/Src/rgb_led.c.obj
 .ARM.attributes
                0x00000239       0x2d CMakeFiles/smart_car.elf.dir/Core/Src/schedule.c.obj
 .ARM.attributes
                0x00000266       0x2d CMakeFiles/smart_car.elf.dir/Core/Src/servor.c.obj
 .ARM.attributes
                0x00000293       0x2d CMakeFiles/smart_car.elf.dir/Core/Src/stm32f1xx_hal_msp.c.obj
 .ARM.attributes
                0x000002c0       0x2d CMakeFiles/smart_car.elf.dir/Core/Src/stm32f1xx_it.c.obj
 .ARM.attributes
                0x000002ed       0x2d CMakeFiles/smart_car.elf.dir/Core/Src/syscalls.c.obj
 .ARM.attributes
                0x0000031a       0x2d CMakeFiles/smart_car.elf.dir/Core/Src/sysmem.c.obj
 .ARM.attributes
                0x00000347       0x2d CMakeFiles/smart_car.elf.dir/Core/Src/system_stm32f1xx.c.obj
 .ARM.attributes
                0x00000374       0x21 CMakeFiles/smart_car.elf.dir/Core/Startup/startup_stm32f103c8tx.s.obj
 .ARM.attributes
                0x00000395       0x2d CMakeFiles/smart_car.elf.dir/Drivers/STM32F1xx_HAL_Driver/Src/stm32f1xx_hal.c.obj
 .ARM.attributes
                0x000003c2       0x2d CMakeFiles/smart_car.elf.dir/Drivers/STM32F1xx_HAL_Driver/Src/stm32f1xx_hal_cortex.c.obj
 .ARM.attributes
                0x000003ef       0x2d CMakeFiles/smart_car.elf.dir/Drivers/STM32F1xx_HAL_Driver/Src/stm32f1xx_hal_gpio.c.obj
 .ARM.attributes
                0x0000041c       0x2d CMakeFiles/smart_car.elf.dir/Drivers/STM32F1xx_HAL_Driver/Src/stm32f1xx_hal_rcc.c.obj
 .ARM.attributes
                0x00000449       0x2d CMakeFiles/smart_car.elf.dir/Drivers/STM32F1xx_HAL_Driver/Src/stm32f1xx_hal_tim.c.obj
 .ARM.attributes
                0x00000476       0x2d CMakeFiles/smart_car.elf.dir/Drivers/STM32F1xx_HAL_Driver/Src/stm32f1xx_hal_tim_ex.c.obj
 .ARM.attributes
                0x000004a3       0x2d CMakeFiles/smart_car.elf.dir/Drivers/STM32F1xx_HAL_Driver/Src/stm32f1xx_hal_uart.c.obj
 .ARM.attributes
                0x000004d0       0x1d d:/install/arm-none-eabi/bin/../lib/gcc/arm-none-eabi/12.3.1/thumb/v7-m/nofp\libgcc.a(_arm_addsubdf3.o)
 .ARM.attributes
                0x000004ed       0x1d d:/install/arm-none-eabi/bin/../lib/gcc/arm-none-eabi/12.3.1/thumb/v7-m/nofp\libgcc.a(_arm_fixunsdfsi.o)
 .ARM.attributes
                0x0000050a       0x1d d:/install/arm-none-eabi/bin/../lib/gcc/arm-none-eabi/12.3.1/thumb/v7-m/nofp\libgcc.a(_arm_addsubsf3.o)
 .ARM.attributes
                0x00000527       0x1d d:/install/arm-none-eabi/bin/../lib/gcc/arm-none-eabi/12.3.1/thumb/v7-m/nofp\libgcc.a(_arm_muldivsf3.o)
 .ARM.attributes
                0x00000544       0x1d d:/install/arm-none-eabi/bin/../lib/gcc/arm-none-eabi/12.3.1/thumb/v7-m/nofp\libgcc.a(_arm_fixunssfsi.o)
 .ARM.attributes
                0x00000561       0x2d d:/install/arm-none-eabi/bin/../lib/gcc/arm-none-eabi/12.3.1/thumb/v7-m/nofp\libg.a(libc_a-findfp.o)
 .ARM.attributes
                0x0000058e       0x2d d:/install/arm-none-eabi/bin/../lib/gcc/arm-none-eabi/12.3.1/thumb/v7-m/nofp\libg.a(libc_a-fwalk.o)
 .ARM.attributes
                0x000005bb       0x2d d:/install/arm-none-eabi/bin/../lib/gcc/arm-none-eabi/12.3.1/thumb/v7-m/nofp\libg.a(libc_a-printf.o)
 .ARM.attributes
                0x000005e8       0x2d d:/install/arm-none-eabi/bin/../lib/gcc/arm-none-eabi/12.3.1/thumb/v7-m/nofp\libg.a(libc_a-puts.o)
 .ARM.attributes
                0x00000615       0x2d d:/install/arm-none-eabi/bin/../lib/gcc/arm-none-eabi/12.3.1/thumb/v7-m/nofp\libg.a(libc_a-stdio.o)
 .ARM.attributes
                0x00000642       0x2d d:/install/arm-none-eabi/bin/../lib/gcc/arm-none-eabi/12.3.1/thumb/v7-m/nofp\libg.a(libc_a-memset.o)
 .ARM.attributes
                0x0000066f       0x2d d:/install/arm-none-eabi/bin/../lib/gcc/arm-none-eabi/12.3.1/thumb/v7-m/nofp\libg.a(libc_a-closer.o)
 .ARM.attributes
                0x0000069c       0x2d d:/install/arm-none-eabi/bin/../lib/gcc/arm-none-eabi/12.3.1/thumb/v7-m/nofp\libg.a(libc_a-reent.o)
 .ARM.attributes
                0x000006c9       0x2d d:/install/arm-none-eabi/bin/../lib/gcc/arm-none-eabi/12.3.1/thumb/v7-m/nofp\libg.a(libc_a-impure.o)
 .ARM.attributes
                0x000006f6       0x2d d:/install/arm-none-eabi/bin/../lib/gcc/arm-none-eabi/12.3.1/thumb/v7-m/nofp\libg.a(libc_a-lseekr.o)
 .ARM.attributes
                0x00000723       0x2d d:/install/arm-none-eabi/bin/../lib/gcc/arm-none-eabi/12.3.1/thumb/v7-m/nofp\libg.a(libc_a-readr.o)
 .ARM.attributes
                0x00000750       0x2d d:/install/arm-none-eabi/bin/../lib/gcc/arm-none-eabi/12.3.1/thumb/v7-m/nofp\libg.a(libc_a-writer.o)
 .ARM.attributes
                0x0000077d       0x2d d:/install/arm-none-eabi/bin/../lib/gcc/arm-none-eabi/12.3.1/thumb/v7-m/nofp\libg.a(libc_a-errno.o)
 .ARM.attributes
                0x000007aa       0x2d d:/install/arm-none-eabi/bin/../lib/gcc/arm-none-eabi/12.3.1/thumb/v7-m/nofp\libg.a(libc_a-init.o)
 .ARM.attributes
                0x000007d7       0x2d d:/install/arm-none-eabi/bin/../lib/gcc/arm-none-eabi/12.3.1/thumb/v7-m/nofp\libg.a(libc_a-lock.o)
 .ARM.attributes
                0x00000804       0x2d d:/install/arm-none-eabi/bin/../lib/gcc/arm-none-eabi/12.3.1/thumb/v7-m/nofp\libg.a(libc_a-strlen-stub.o)
 .ARM.attributes
                0x00000831       0x2d d:/install/arm-none-eabi/bin/../lib/gcc/arm-none-eabi/12.3.1/thumb/v7-m/nofp\libg.a(libc_a-__call_atexit.o)
 .ARM.attributes
                0x0000085e       0x2d d:/install/arm-none-eabi/bin/../lib/gcc/arm-none-eabi/12.3.1/thumb/v7-m/nofp\libg.a(libc_a-atexit.o)
 .ARM.attributes
                0x0000088b       0x2d d:/install/arm-none-eabi/bin/../lib/gcc/arm-none-eabi/12.3.1/thumb/v7-m/nofp\libg.a(libc_a-freer.o)
 .ARM.attributes
                0x000008b8       0x2d d:/install/arm-none-eabi/bin/../lib/gcc/arm-none-eabi/12.3.1/thumb/v7-m/nofp\libg.a(libc_a-mallocr.o)
 .ARM.attributes
                0x000008e5       0x2d d:/install/arm-none-eabi/bin/../lib/gcc/arm-none-eabi/12.3.1/thumb/v7-m/nofp\libg.a(libc_a-mlock.o)
 .ARM.attributes
                0x00000912       0x2d d:/install/arm-none-eabi/bin/../lib/gcc/arm-none-eabi/12.3.1/thumb/v7-m/nofp\libg.a(libc_a-vfprintf.o)
 .ARM.attributes
                0x0000093f       0x2d d:/install/arm-none-eabi/bin/../lib/gcc/arm-none-eabi/12.3.1/thumb/v7-m/nofp\libg.a(libc_a-vfiprintf.o)
 .ARM.attributes
                0x0000096c       0x2d d:/install/arm-none-eabi/bin/../lib/gcc/arm-none-eabi/12.3.1/thumb/v7-m/nofp\libg.a(libc_a-fclose.o)
 .ARM.attributes
                0x00000999       0x2d d:/install/arm-none-eabi/bin/../lib/gcc/arm-none-eabi/12.3.1/thumb/v7-m/nofp\libg.a(libc_a-fflush.o)
 .ARM.attributes
                0x000009c6       0x2d d:/install/arm-none-eabi/bin/../lib/gcc/arm-none-eabi/12.3.1/thumb/v7-m/nofp\libg.a(libc_a-fvwrite.o)
 .ARM.attributes
                0x000009f3       0x2d d:/install/arm-none-eabi/bin/../lib/gcc/arm-none-eabi/12.3.1/thumb/v7-m/nofp\libg.a(libc_a-wsetup.o)
 .ARM.attributes
                0x00000a20       0x2d d:/install/arm-none-eabi/bin/../lib/gcc/arm-none-eabi/12.3.1/thumb/v7-m/nofp\libg.a(libc_a-fputwc.o)
 .ARM.attributes
                0x00000a4d       0x2d d:/install/arm-none-eabi/bin/../lib/gcc/arm-none-eabi/12.3.1/thumb/v7-m/nofp\libg.a(libc_a-memmove.o)
 .ARM.attributes
                0x00000a7a       0x2d d:/install/arm-none-eabi/bin/../lib/gcc/arm-none-eabi/12.3.1/thumb/v7-m/nofp\libg.a(libc_a-strncpy.o)
 .ARM.attributes
                0x00000aa7       0x2d d:/install/arm-none-eabi/bin/../lib/gcc/arm-none-eabi/12.3.1/thumb/v7-m/nofp\libg.a(libc_a-locale.o)
 .ARM.attributes
                0x00000ad4       0x2d d:/install/arm-none-eabi/bin/../lib/gcc/arm-none-eabi/12.3.1/thumb/v7-m/nofp\libg.a(libc_a-localeconv.o)
 .ARM.attributes
                0x00000b01       0x2d d:/install/arm-none-eabi/bin/../lib/gcc/arm-none-eabi/12.3.1/thumb/v7-m/nofp\libg.a(libc_a-sbrkr.o)
 .ARM.attributes
                0x00000b2e       0x2d d:/install/arm-none-eabi/bin/../lib/gcc/arm-none-eabi/12.3.1/thumb/v7-m/nofp\libg.a(libc_a-fini.o)
 .ARM.attributes
                0x00000b5b       0x2d d:/install/arm-none-eabi/bin/../lib/gcc/arm-none-eabi/12.3.1/thumb/v7-m/nofp\libg.a(libc_a-sysconf.o)
 .ARM.attributes
                0x00000b88       0x2d d:/install/arm-none-eabi/bin/../lib/gcc/arm-none-eabi/12.3.1/thumb/v7-m/nofp\libg.a(libc_a-memchr-stub.o)
 .ARM.attributes
                0x00000bb5       0x1b d:/install/arm-none-eabi/bin/../lib/gcc/arm-none-eabi/12.3.1/thumb/v7-m/nofp\libg.a(libc_a-memcpy.o)
 .ARM.attributes
                0x00000bd0       0x2d d:/install/arm-none-eabi/bin/../lib/gcc/arm-none-eabi/12.3.1/thumb/v7-m/nofp\libg.a(libm_a-s_frexp.o)
 .ARM.attributes
                0x00000bfd       0x2d d:/install/arm-none-eabi/bin/../lib/gcc/arm-none-eabi/12.3.1/thumb/v7-m/nofp\libg.a(libc_a-__atexit.o)
 .ARM.attributes
                0x00000c2a       0x2d d:/install/arm-none-eabi/bin/../lib/gcc/arm-none-eabi/12.3.1/thumb/v7-m/nofp\libg.a(libc_a-dtoa.o)
 .ARM.attributes
                0x00000c57       0x2d d:/install/arm-none-eabi/bin/../lib/gcc/arm-none-eabi/12.3.1/thumb/v7-m/nofp\libg.a(libc_a-mbtowc_r.o)
 .ARM.attributes
                0x00000c84       0x2d d:/install/arm-none-eabi/bin/../lib/gcc/arm-none-eabi/12.3.1/thumb/v7-m/nofp\libg.a(libc_a-mprec.o)
 .ARM.attributes
                0x00000cb1       0x2d d:/install/arm-none-eabi/bin/../lib/gcc/arm-none-eabi/12.3.1/thumb/v7-m/nofp\libg.a(libc_a-reallocr.o)
 .ARM.attributes
                0x00000cde       0x2d d:/install/arm-none-eabi/bin/../lib/gcc/arm-none-eabi/12.3.1/thumb/v7-m/nofp\libg.a(libc_a-wctomb_r.o)
 .ARM.attributes
                0x00000d0b       0x2d d:/install/arm-none-eabi/bin/../lib/gcc/arm-none-eabi/12.3.1/thumb/v7-m/nofp\libg.a(libc_a-wcrtomb.o)
 .ARM.attributes
                0x00000d38       0x2d d:/install/arm-none-eabi/bin/../lib/gcc/arm-none-eabi/12.3.1/thumb/v7-m/nofp\libg.a(libc_a-wcsrtombs.o)
 .ARM.attributes
                0x00000d65       0x2d d:/install/arm-none-eabi/bin/../lib/gcc/arm-none-eabi/12.3.1/thumb/v7-m/nofp\libg.a(libc_a-ctype_.o)
 .ARM.attributes
                0x00000d92       0x2d d:/install/arm-none-eabi/bin/../lib/gcc/arm-none-eabi/12.3.1/thumb/v7-m/nofp\libg.a(libc_a-makebuf.o)
 .ARM.attributes
                0x00000dbf       0x2d d:/install/arm-none-eabi/bin/../lib/gcc/arm-none-eabi/12.3.1/thumb/v7-m/nofp\libg.a(libc_a-wbuf.o)
 .ARM.attributes
                0x00000dec       0x2d d:/install/arm-none-eabi/bin/../lib/gcc/arm-none-eabi/12.3.1/thumb/v7-m/nofp\libg.a(libc_a-fstatr.o)
 .ARM.attributes
                0x00000e19       0x2d d:/install/arm-none-eabi/bin/../lib/gcc/arm-none-eabi/12.3.1/thumb/v7-m/nofp\libg.a(libc_a-isattyr.o)
 .ARM.attributes
                0x00000e46       0x2d d:/install/arm-none-eabi/bin/../lib/gcc/arm-none-eabi/12.3.1/thumb/v7-m/nofp\libg.a(libc_a-assert.o)
 .ARM.attributes
                0x00000e73       0x2d d:/install/arm-none-eabi/bin/../lib/gcc/arm-none-eabi/12.3.1/thumb/v7-m/nofp\libg.a(libc_a-callocr.o)
 .ARM.attributes
                0x00000ea0       0x2d d:/install/arm-none-eabi/bin/../lib/gcc/arm-none-eabi/12.3.1/thumb/v7-m/nofp\libg.a(libc_a-wcsnrtombs.o)
 .ARM.attributes
                0x00000ecd       0x2d d:/install/arm-none-eabi/bin/../lib/gcc/arm-none-eabi/12.3.1/thumb/v7-m/nofp\libg.a(libc_a-fiprintf.o)
 .ARM.attributes
                0x00000efa       0x2d d:/install/arm-none-eabi/bin/../lib/gcc/arm-none-eabi/12.3.1/thumb/v7-m/nofp\libg.a(libc_a-abort.o)
 .ARM.attributes
                0x00000f27       0x2d d:/install/arm-none-eabi/bin/../lib/gcc/arm-none-eabi/12.3.1/thumb/v7-m/nofp\libg.a(libc_a-signal.o)
 .ARM.attributes
                0x00000f54       0x2d d:/install/arm-none-eabi/bin/../lib/gcc/arm-none-eabi/12.3.1/thumb/v7-m/nofp\libg.a(libc_a-signalr.o)
 .ARM.attributes
                0x00000f81       0x1d d:/install/arm-none-eabi/bin/../lib/gcc/arm-none-eabi/12.3.1/thumb/v7-m/nofp\libgcc.a(_arm_muldivdf3.o)
 .ARM.attributes
                0x00000f9e       0x1d d:/install/arm-none-eabi/bin/../lib/gcc/arm-none-eabi/12.3.1/thumb/v7-m/nofp\libgcc.a(_arm_cmpdf2.o)
 .ARM.attributes
                0x00000fbb       0x1d d:/install/arm-none-eabi/bin/../lib/gcc/arm-none-eabi/12.3.1/thumb/v7-m/nofp\libgcc.a(_arm_unorddf2.o)
 .ARM.attributes
                0x00000fd8       0x1d d:/install/arm-none-eabi/bin/../lib/gcc/arm-none-eabi/12.3.1/thumb/v7-m/nofp\libgcc.a(_arm_fixdfsi.o)
 .ARM.attributes
                0x00000ff5       0x2d d:/install/arm-none-eabi/bin/../lib/gcc/arm-none-eabi/12.3.1/thumb/v7-m/nofp/crtend.o
 .ARM.attributes
                0x00001022       0x1d d:/install/arm-none-eabi/bin/../lib/gcc/arm-none-eabi/12.3.1/thumb/v7-m/nofp/crtn.o
OUTPUT(smart_car.elf elf32-littlearm)
LOAD linker stubs
LOAD d:/install/arm-none-eabi/bin/../lib/gcc/arm-none-eabi/12.3.1/thumb/v7-m/nofp\libc.a
LOAD d:/install/arm-none-eabi/bin/../lib/gcc/arm-none-eabi/12.3.1/thumb/v7-m/nofp\libm.a
LOAD d:/install/arm-none-eabi/bin/../lib/gcc/arm-none-eabi/12.3.1/thumb/v7-m/nofp\libgcc.a

.debug_info     0x00000000     0xfb00
 .debug_info    0x00000000      0x2b6 CMakeFiles/smart_car.elf.dir/Core/Src/beeper.c.obj
 .debug_info    0x000002b6      0x26f CMakeFiles/smart_car.elf.dir/Core/Src/control.c.obj
 .debug_info    0x00000525      0x208 CMakeFiles/smart_car.elf.dir/Core/Src/delay.c.obj
 .debug_info    0x0000072d      0x17e CMakeFiles/smart_car.elf.dir/Core/Src/fan.c.obj
 .debug_info    0x000008ab      0x7cd CMakeFiles/smart_car.elf.dir/Core/Src/global_it_cb.c.obj
 .debug_info    0x00001078      0x2c0 CMakeFiles/smart_car.elf.dir/Core/Src/hc_sr04.c.obj
 .debug_info    0x00001338     0x1295 CMakeFiles/smart_car.elf.dir/Core/Src/main.c.obj
 .debug_info    0x000025cd      0x976 CMakeFiles/smart_car.elf.dir/Core/Src/motor.c.obj
 .debug_info    0x00002f43      0x6de CMakeFiles/smart_car.elf.dir/Core/Src/nec.c.obj
 .debug_info    0x00003621      0x5d0 CMakeFiles/smart_car.elf.dir/Core/Src/printf_redirect.c.obj
 .debug_info    0x00003bf1      0x1cf CMakeFiles/smart_car.elf.dir/Core/Src/rgb_led.c.obj
 .debug_info    0x00003dc0      0x97a CMakeFiles/smart_car.elf.dir/Core/Src/schedule.c.obj
 .debug_info    0x0000473a      0x732 CMakeFiles/smart_car.elf.dir/Core/Src/servor.c.obj
 .debug_info    0x00004e6c      0xe2b CMakeFiles/smart_car.elf.dir/Core/Src/stm32f1xx_hal_msp.c.obj
 .debug_info    0x00005c97      0x7ab CMakeFiles/smart_car.elf.dir/Core/Src/stm32f1xx_it.c.obj
 .debug_info    0x00006442      0x69f CMakeFiles/smart_car.elf.dir/Core/Src/syscalls.c.obj
 .debug_info    0x00006ae1      0x164 CMakeFiles/smart_car.elf.dir/Core/Src/sysmem.c.obj
 .debug_info    0x00006c45      0x21e CMakeFiles/smart_car.elf.dir/Core/Src/system_stm32f1xx.c.obj
 .debug_info    0x00006e63       0x30 CMakeFiles/smart_car.elf.dir/Core/Startup/startup_stm32f103c8tx.s.obj
 .debug_info    0x00006e93      0x700 CMakeFiles/smart_car.elf.dir/Drivers/STM32F1xx_HAL_Driver/Src/stm32f1xx_hal.c.obj
 .debug_info    0x00007593      0xa83 CMakeFiles/smart_car.elf.dir/Drivers/STM32F1xx_HAL_Driver/Src/stm32f1xx_hal_cortex.c.obj
 .debug_info    0x00008016      0x5a7 CMakeFiles/smart_car.elf.dir/Drivers/STM32F1xx_HAL_Driver/Src/stm32f1xx_hal_gpio.c.obj
 .debug_info    0x000085bd      0x7d1 CMakeFiles/smart_car.elf.dir/Drivers/STM32F1xx_HAL_Driver/Src/stm32f1xx_hal_rcc.c.obj
 .debug_info    0x00008d8e     0x2937 CMakeFiles/smart_car.elf.dir/Drivers/STM32F1xx_HAL_Driver/Src/stm32f1xx_hal_tim.c.obj
 .debug_info    0x0000b6c5     0x1497 CMakeFiles/smart_car.elf.dir/Drivers/STM32F1xx_HAL_Driver/Src/stm32f1xx_hal_tim_ex.c.obj
 .debug_info    0x0000cb5c     0x2fa4 CMakeFiles/smart_car.elf.dir/Drivers/STM32F1xx_HAL_Driver/Src/stm32f1xx_hal_uart.c.obj

.debug_abbrev   0x00000000     0x2e73
 .debug_abbrev  0x00000000      0x18e CMakeFiles/smart_car.elf.dir/Core/Src/beeper.c.obj
 .debug_abbrev  0x0000018e      0x188 CMakeFiles/smart_car.elf.dir/Core/Src/control.c.obj
 .debug_abbrev  0x00000316      0x12d CMakeFiles/smart_car.elf.dir/Core/Src/delay.c.obj
 .debug_abbrev  0x00000443       0xde CMakeFiles/smart_car.elf.dir/Core/Src/fan.c.obj
 .debug_abbrev  0x00000521      0x1cf CMakeFiles/smart_car.elf.dir/Core/Src/global_it_cb.c.obj
 .debug_abbrev  0x000006f0      0x1d2 CMakeFiles/smart_car.elf.dir/Core/Src/hc_sr04.c.obj
 .debug_abbrev  0x000008c2      0x2d6 CMakeFiles/smart_car.elf.dir/Core/Src/main.c.obj
 .debug_abbrev  0x00000b98      0x203 CMakeFiles/smart_car.elf.dir/Core/Src/motor.c.obj
 .debug_abbrev  0x00000d9b      0x18a CMakeFiles/smart_car.elf.dir/Core/Src/nec.c.obj
 .debug_abbrev  0x00000f25      0x16e CMakeFiles/smart_car.elf.dir/Core/Src/printf_redirect.c.obj
 .debug_abbrev  0x00001093      0x111 CMakeFiles/smart_car.elf.dir/Core/Src/rgb_led.c.obj
 .debug_abbrev  0x000011a4      0x213 CMakeFiles/smart_car.elf.dir/Core/Src/schedule.c.obj
 .debug_abbrev  0x000013b7      0x18d CMakeFiles/smart_car.elf.dir/Core/Src/servor.c.obj
 .debug_abbrev  0x00001544      0x239 CMakeFiles/smart_car.elf.dir/Core/Src/stm32f1xx_hal_msp.c.obj
 .debug_abbrev  0x0000177d      0x1ce CMakeFiles/smart_car.elf.dir/Core/Src/stm32f1xx_it.c.obj
 .debug_abbrev  0x0000194b      0x1b4 CMakeFiles/smart_car.elf.dir/Core/Src/syscalls.c.obj
 .debug_abbrev  0x00001aff       0xba CMakeFiles/smart_car.elf.dir/Core/Src/sysmem.c.obj
 .debug_abbrev  0x00001bb9      0x13d CMakeFiles/smart_car.elf.dir/Core/Src/system_stm32f1xx.c.obj
 .debug_abbrev  0x00001cf6       0x24 CMakeFiles/smart_car.elf.dir/Core/Startup/startup_stm32f103c8tx.s.obj
 .debug_abbrev  0x00001d1a      0x1ff CMakeFiles/smart_car.elf.dir/Drivers/STM32F1xx_HAL_Driver/Src/stm32f1xx_hal.c.obj
 .debug_abbrev  0x00001f19      0x2f6 CMakeFiles/smart_car.elf.dir/Drivers/STM32F1xx_HAL_Driver/Src/stm32f1xx_hal_cortex.c.obj
 .debug_abbrev  0x0000220f      0x1c8 CMakeFiles/smart_car.elf.dir/Drivers/STM32F1xx_HAL_Driver/Src/stm32f1xx_hal_gpio.c.obj
 .debug_abbrev  0x000023d7      0x2b1 CMakeFiles/smart_car.elf.dir/Drivers/STM32F1xx_HAL_Driver/Src/stm32f1xx_hal_rcc.c.obj
 .debug_abbrev  0x00002688      0x275 CMakeFiles/smart_car.elf.dir/Drivers/STM32F1xx_HAL_Driver/Src/stm32f1xx_hal_tim.c.obj
 .debug_abbrev  0x000028fd      0x280 CMakeFiles/smart_car.elf.dir/Drivers/STM32F1xx_HAL_Driver/Src/stm32f1xx_hal_tim_ex.c.obj
 .debug_abbrev  0x00002b7d      0x2f6 CMakeFiles/smart_car.elf.dir/Drivers/STM32F1xx_HAL_Driver/Src/stm32f1xx_hal_uart.c.obj

.debug_aranges  0x00000000      0xe90
 .debug_aranges
                0x00000000       0x38 CMakeFiles/smart_car.elf.dir/Core/Src/beeper.c.obj
 .debug_aranges
                0x00000038       0x38 CMakeFiles/smart_car.elf.dir/Core/Src/control.c.obj
 .debug_aranges
                0x00000070       0x38 CMakeFiles/smart_car.elf.dir/Core/Src/delay.c.obj
 .debug_aranges
                0x000000a8       0x28 CMakeFiles/smart_car.elf.dir/Core/Src/fan.c.obj
 .debug_aranges
                0x000000d0       0x20 CMakeFiles/smart_car.elf.dir/Core/Src/global_it_cb.c.obj
 .debug_aranges
                0x000000f0       0x40 CMakeFiles/smart_car.elf.dir/Core/Src/hc_sr04.c.obj
 .debug_aranges
                0x00000130       0x60 CMakeFiles/smart_car.elf.dir/Core/Src/main.c.obj
 .debug_aranges
                0x00000190       0x40 CMakeFiles/smart_car.elf.dir/Core/Src/motor.c.obj
 .debug_aranges
                0x000001d0       0x30 CMakeFiles/smart_car.elf.dir/Core/Src/nec.c.obj
 .debug_aranges
                0x00000200       0x20 CMakeFiles/smart_car.elf.dir/Core/Src/printf_redirect.c.obj
 .debug_aranges
                0x00000220       0x20 CMakeFiles/smart_car.elf.dir/Core/Src/rgb_led.c.obj
 .debug_aranges
                0x00000240       0x30 CMakeFiles/smart_car.elf.dir/Core/Src/schedule.c.obj
 .debug_aranges
                0x00000270       0x20 CMakeFiles/smart_car.elf.dir/Core/Src/servor.c.obj
 .debug_aranges
                0x00000290       0x58 CMakeFiles/smart_car.elf.dir/Core/Src/stm32f1xx_hal_msp.c.obj
 .debug_aranges
                0x000002e8       0x88 CMakeFiles/smart_car.elf.dir/Core/Src/stm32f1xx_it.c.obj
 .debug_aranges
                0x00000370       0xa8 CMakeFiles/smart_car.elf.dir/Core/Src/syscalls.c.obj
 .debug_aranges
                0x00000418       0x20 CMakeFiles/smart_car.elf.dir/Core/Src/sysmem.c.obj
 .debug_aranges
                0x00000438       0x28 CMakeFiles/smart_car.elf.dir/Core/Src/system_stm32f1xx.c.obj
 .debug_aranges
                0x00000460       0x28 CMakeFiles/smart_car.elf.dir/Core/Startup/startup_stm32f103c8tx.s.obj
 .debug_aranges
                0x00000488       0xe0 CMakeFiles/smart_car.elf.dir/Drivers/STM32F1xx_HAL_Driver/Src/stm32f1xx_hal.c.obj
 .debug_aranges
                0x00000568      0x100 CMakeFiles/smart_car.elf.dir/Drivers/STM32F1xx_HAL_Driver/Src/stm32f1xx_hal_cortex.c.obj
 .debug_aranges
                0x00000668       0x58 CMakeFiles/smart_car.elf.dir/Drivers/STM32F1xx_HAL_Driver/Src/stm32f1xx_hal_gpio.c.obj
 .debug_aranges
                0x000006c0       0x90 CMakeFiles/smart_car.elf.dir/Drivers/STM32F1xx_HAL_Driver/Src/stm32f1xx_hal_rcc.c.obj
 .debug_aranges
                0x00000750      0x3d0 CMakeFiles/smart_car.elf.dir/Drivers/STM32F1xx_HAL_Driver/Src/stm32f1xx_hal_tim.c.obj
 .debug_aranges
                0x00000b20      0x168 CMakeFiles/smart_car.elf.dir/Drivers/STM32F1xx_HAL_Driver/Src/stm32f1xx_hal_tim_ex.c.obj
 .debug_aranges
                0x00000c88      0x208 CMakeFiles/smart_car.elf.dir/Drivers/STM32F1xx_HAL_Driver/Src/stm32f1xx_hal_uart.c.obj

.debug_rnglists
                0x00000000      0xb6a
 .debug_rnglists
                0x00000000       0x26 CMakeFiles/smart_car.elf.dir/Core/Src/beeper.c.obj
 .debug_rnglists
                0x00000026       0x68 CMakeFiles/smart_car.elf.dir/Core/Src/control.c.obj
 .debug_rnglists
                0x0000008e       0x25 CMakeFiles/smart_car.elf.dir/Core/Src/delay.c.obj
 .debug_rnglists
                0x000000b3       0x19 CMakeFiles/smart_car.elf.dir/Core/Src/fan.c.obj
 .debug_rnglists
                0x000000cc       0x20 CMakeFiles/smart_car.elf.dir/Core/Src/global_it_cb.c.obj
 .debug_rnglists
                0x000000ec       0x2b CMakeFiles/smart_car.elf.dir/Core/Src/hc_sr04.c.obj
 .debug_rnglists