Archive member included to satisfy reference by file (symbol)

d:/install/arm-none-eabi/bin/../lib/gcc/arm-none-eabi/12.3.1/thumb/v7-m/nofp\libgcc.a(_arm_muldf3.o)
                              CMakeFiles/smart_car.elf.dir/Core/Src/global_it_cb.c.obj (__aeabi_dmul)
d:/install/arm-none-eabi/bin/../lib/gcc/arm-none-eabi/12.3.1/thumb/v7-m/nofp\libgcc.a(_arm_mulsf3.o)
                              CMakeFiles/smart_car.elf.dir/Core/Src/pid.c.obj (__aeabi_fmul)
d:/install/arm-none-eabi/bin/../lib/gcc/arm-none-eabi/12.3.1/thumb/v7-m/nofp\libgcc.a(_arm_addsubdf3.o)
                              CMakeFiles/smart_car.elf.dir/Core/Src/global_it_cb.c.obj (__aeabi_dsub)
d:/install/arm-none-eabi/bin/../lib/gcc/arm-none-eabi/12.3.1/thumb/v7-m/nofp\libgcc.a(_arm_fixunsdfsi.o)
                              CMakeFiles/smart_car.elf.dir/Core/Src/global_it_cb.c.obj (__aeabi_d2uiz)
d:/install/arm-none-eabi/bin/../lib/gcc/arm-none-eabi/12.3.1/thumb/v7-m/nofp\libgcc.a(_arm_addsubsf3.o)
                              CMakeFiles/smart_car.elf.dir/Core/Src/pid.c.obj (__aeabi_fsub)
d:/install/arm-none-eabi/bin/../lib/gcc/arm-none-eabi/12.3.1/thumb/v7-m/nofp\libgcc.a(_arm_muldivsf3.o)
                              CMakeFiles/smart_car.elf.dir/Core/Src/servor.c.obj (__aeabi_fdiv)
d:/install/arm-none-eabi/bin/../lib/gcc/arm-none-eabi/12.3.1/thumb/v7-m/nofp\libgcc.a(_arm_cmpsf2.o)
                              CMakeFiles/smart_car.elf.dir/Core/Src/pid.c.obj (__aeabi_fcmple)
d:/install/arm-none-eabi/bin/../lib/gcc/arm-none-eabi/12.3.1/thumb/v7-m/nofp\libgcc.a(_arm_fixunssfsi.o)
                              CMakeFiles/smart_car.elf.dir/Core/Src/pid.c.obj (__aeabi_f2uiz)
d:/install/arm-none-eabi/bin/../lib/gcc/arm-none-eabi/12.3.1/thumb/v7-m/nofp\libg.a(libc_a-exit.o)
                              d:/install/arm-none-eabi/bin/../lib/gcc/arm-none-eabi/12.3.1/thumb/v7-m/nofp/crt0.o (exit)
d:/install/arm-none-eabi/bin/../lib/gcc/arm-none-eabi/12.3.1/thumb/v7-m/nofp\libg.a(libc_a-findfp.o)
                              d:/install/arm-none-eabi/bin/../lib/gcc/arm-none-eabi/12.3.1/thumb/v7-m/nofp\libg.a(libc_a-exit.o) (__stdio_exit_handler)
d:/install/arm-none-eabi/bin/../lib/gcc/arm-none-eabi/12.3.1/thumb/v7-m/nofp\libg.a(libc_a-fwalk.o)
                              d:/install/arm-none-eabi/bin/../lib/gcc/arm-none-eabi/12.3.1/thumb/v7-m/nofp\libg.a(libc_a-findfp.o) (_fwalk_sglue)
d:/install/arm-none-eabi/bin/../lib/gcc/arm-none-eabi/12.3.1/thumb/v7-m/nofp\libg.a(libc_a-printf.o)
                              CMakeFiles/smart_car.elf.dir/Core/Src/control.c.obj (printf)
d:/install/arm-none-eabi/bin/../lib/gcc/arm-none-eabi/12.3.1/thumb/v7-m/nofp\libg.a(libc_a-puts.o)
                              CMakeFiles/smart_car.elf.dir/Core/Src/control.c.obj (puts)
d:/install/arm-none-eabi/bin/../lib/gcc/arm-none-eabi/12.3.1/thumb/v7-m/nofp\libg.a(libc_a-stdio.o)
                              d:/install/arm-none-eabi/bin/../lib/gcc/arm-none-eabi/12.3.1/thumb/v7-m/nofp\libg.a(libc_a-findfp.o) (__sread)
d:/install/arm-none-eabi/bin/../lib/gcc/arm-none-eabi/12.3.1/thumb/v7-m/nofp\libg.a(libc_a-memset.o)
                              d:/install/arm-none-eabi/bin/../lib/gcc/arm-none-eabi/12.3.1/thumb/v7-m/nofp/crt0.o (memset)
d:/install/arm-none-eabi/bin/../lib/gcc/arm-none-eabi/12.3.1/thumb/v7-m/nofp\libg.a(libc_a-closer.o)
                              d:/install/arm-none-eabi/bin/../lib/gcc/arm-none-eabi/12.3.1/thumb/v7-m/nofp\libg.a(libc_a-stdio.o) (_close_r)
d:/install/arm-none-eabi/bin/../lib/gcc/arm-none-eabi/12.3.1/thumb/v7-m/nofp\libg.a(libc_a-reent.o)
                              d:/install/arm-none-eabi/bin/../lib/gcc/arm-none-eabi/12.3.1/thumb/v7-m/nofp\libg.a(libc_a-closer.o) (errno)
d:/install/arm-none-eabi/bin/../lib/gcc/arm-none-eabi/12.3.1/thumb/v7-m/nofp\libg.a(libc_a-impure.o)
                              d:/install/arm-none-eabi/bin/../lib/gcc/arm-none-eabi/12.3.1/thumb/v7-m/nofp\libg.a(libc_a-printf.o) (_impure_ptr)
d:/install/arm-none-eabi/bin/../lib/gcc/arm-none-eabi/12.3.1/thumb/v7-m/nofp\libg.a(libc_a-lseekr.o)
                              d:/install/arm-none-eabi/bin/../lib/gcc/arm-none-eabi/12.3.1/thumb/v7-m/nofp\libg.a(libc_a-stdio.o) (_lseek_r)
d:/install/arm-none-eabi/bin/../lib/gcc/arm-none-eabi/12.3.1/thumb/v7-m/nofp\libg.a(libc_a-readr.o)
                              d:/install/arm-none-eabi/bin/../lib/gcc/arm-none-eabi/12.3.1/thumb/v7-m/nofp\libg.a(libc_a-stdio.o) (_read_r)
d:/install/arm-none-eabi/bin/../lib/gcc/arm-none-eabi/12.3.1/thumb/v7-m/nofp\libg.a(libc_a-writer.o)
                              d:/install/arm-none-eabi/bin/../lib/gcc/arm-none-eabi/12.3.1/thumb/v7-m/nofp\libg.a(libc_a-stdio.o) (_write_r)
d:/install/arm-none-eabi/bin/../lib/gcc/arm-none-eabi/12.3.1/thumb/v7-m/nofp\libg.a(libc_a-errno.o)
                              CMakeFiles/smart_car.elf.dir/Core/Src/syscalls.c.obj (__errno)
d:/install/arm-none-eabi/bin/../lib/gcc/arm-none-eabi/12.3.1/thumb/v7-m/nofp\libg.a(libc_a-init.o)
[...]
Memory Configuration

Name             Origin             Length             Attributes
RAM              0x20000000         0x00005000         xrw
FLASH            0x08000000         0x00010000         xr
*default*        0x00000000         0xffffffff

Linker script and memory map

LOAD d:/install/arm-none-eabi/bin/../lib/gcc/arm-none-eabi/12.3.1/thumb/v7-m/nofp/crti.o
LOAD d:/install/arm-none-eabi/bin/../lib/gcc/arm-none-eabi/12.3.1/thumb/v7-m/nofp/crtbegin.o
LOAD d:/install/arm-none-eabi/bin/../lib/gcc/arm-none-eabi/12.3.1/thumb/v7-m/nofp/crt0.o
LOAD CMakeFiles/smart_car.elf.dir/Core/Src/beeper.c.obj
LOAD CMakeFiles/smart_car.elf.dir/Core/Src/control.c.obj
LOAD CMakeFiles/smart_car.elf.dir/Core/Src/delay.c.obj
LOAD CMakeFiles/smart_car.elf.dir/Core/Src/fan.c.obj
LOAD CMakeFiles/smart_car.elf.dir/Core/Src/global_it_cb.c.obj
LOAD CMakeFiles/smart_car.elf.dir/Core/Src/hc_sr04.c.obj
LOAD CMakeFiles/smart_car.elf.dir/Core/Src/main.c.obj
LOAD CMakeFiles/smart_car.elf.dir/Core/Src/motor.c.obj
LOAD CMakeFiles/smart_car.elf.dir/Core/Src/patrol_line.c.obj
LOAD CMakeFiles/smart_car.elf.dir/Core/Src/pid.c.obj
LOAD CMakeFiles/smart_car.elf.dir/Core/Src/printf_redirect.c.obj
LOAD CMakeFiles/smart_car.elf.dir/Core/Src/rgb_led.c.obj
LOAD CMakeFiles/smart_car.elf.dir/Core/Src/schedule.c.obj
LOAD CMakeFiles/smart_car.elf.dir/Core/Src/servor.c.obj
LOAD CMakeFiles/smart_car.elf.dir/Core/Src/stm32f1xx_hal_msp.c.obj
LOAD CMakeFiles/smart_car.elf.dir/Core/Src/stm32f1xx_it.c.obj
LOAD CMakeFiles/smart_car.elf.dir/Core/Src/syscalls.c.obj
LOAD CMakeFiles/smart_car.elf.dir/Core/Src/sysmem.c.obj
LOAD CMakeFiles/smart_car.elf.dir/Core/Src/system_stm32f1xx.c.obj
LOAD CMakeFiles/smart_car.elf.dir/Core/Startup/startup_stm32f103c8tx.s.obj
LOAD CMakeFiles/smart_car.elf.dir/Drivers/STM32F1xx_HAL_Driver/Src/stm32f1xx_hal.c.obj
LOAD CMakeFiles/smart_car.elf.dir/Drivers/STM32F1xx_HAL_Driver/Src/stm32f1xx_hal_cortex.c.obj
LOAD CMakeFiles/smart_car.elf.dir/Drivers/STM32F1xx_HAL_Driver/Src/stm32f1xx_hal_dma.c.obj
LOAD CMakeFiles/smart_car.elf.dir/Drivers/STM32F1xx_HAL_Driver/Src/stm32f1xx_hal_exti.c.obj
LOAD CMakeFiles/smart_car.elf.dir/Drivers/STM32F1xx_HAL_Driver/Src/stm32f1xx_hal_flash.c.obj
LOAD CMakeFiles/smart_car.elf.dir/Drivers/STM32F1xx_HAL_Driver/Src/stm32f1xx_hal_flash_ex.c.obj
LOAD CMakeFiles/smart_car.elf.dir/Drivers/STM32F1xx_HAL_Driver/Src/stm32f1xx_hal_gpio.c.obj
LOAD CMakeFiles/smart_car.elf.dir/Drivers/STM32F1xx_HAL_Driver/Src/stm32f1xx_hal_gpio_ex.c.obj
LOAD CMakeFiles/smart_car.elf.dir/Drivers/STM32F1xx_HAL_Driver/Src/stm32f1xx_hal_pwr.c.obj
LOAD CMakeFiles/smart_car.elf.dir/Drivers/STM32F1xx_HAL_Driver/Src/stm32f1xx_hal_rcc.c.obj
LOAD CMakeFiles/smart_car.elf.dir/Drivers/STM32F1xx_HAL_Driver/Src/stm32f1xx_hal_rcc_ex.c.obj
LOAD CMakeFiles/smart_car.elf.dir/Drivers/STM32F1xx_HAL_Driver/Src/stm32f1xx_hal_tim.c.obj
LOAD CMakeFiles/smart_car.elf.dir/Drivers/STM32F1xx_HAL_Driver/Src/stm32f1xx_hal_tim_ex.c.obj
LOAD CMakeFiles/smart_car.elf.dir/Drivers/STM32F1xx_HAL_Driver/Src/stm32f1xx_hal_uart.c.obj
START GROUP
LOAD d:/install/arm-none-eabi/bin/../lib/gcc/arm-none-eabi/12.3.1/thumb/v7-m/nofp\libgcc.a
LOAD d:/install/arm-none-eabi/bin/../lib/gcc/arm-none-eabi/12.3.1/thumb/v7-m/nofp\libg.a
LOAD d:/install/arm-none-eabi/bin/../lib/gcc/arm-none-eabi/12.3.1/thumb/v7-m/nofp\libc.a
END GROUP
LOAD d:/install/arm-none-eabi/bin/../lib/gcc/arm-none-eabi/12.3.1/thumb/v7-m/nofp/crtend.o
LOAD d:/install/arm-none-eabi/bin/../lib/gcc/arm-none-eabi/12.3.1/thumb/v7-m/nofp/crtn.o
                0x20005000                        _estack = (ORIGIN (RAM) + LENGTH (RAM))
                0x00000200                        _Min_Heap_Size = 0x200
                0x00000400                        _Min_Stack_Size = 0x400

.isr_vector     0x08000000      0x10c
                0x08000000                        . = ALIGN (0x4)
 *(.isr_vector)
 .isr_vector    0x08000000      0x10c CMakeFiles/smart_car.elf.dir/Core/Startup/startup_stm32f103c8tx.s.obj
                0x08000000                g_pfnVectors
                0x0800010c                        . = ALIGN (0x4)

.text           0x08000110     0x93f8
                0x08000110                        . = ALIGN (0x4)
 *(.text)
 .text          0x08000110      0x378 d:/install/arm-none-eabi/bin/../lib/gcc/arm-none-eabi/12.3.1/thumb/v7-m/nofp\libgcc.a(_arm_addsubdf3.o)
                0x08000110                __aeabi_drsub
                0x08000118                __aeabi_dsub
                0x08000118                __subdf3
                0x0800011c                __aeabi_dadd
                0x0800011c                __adddf3
                0x08000394                __floatunsidf
                0x08000394                __aeabi_ui2d
                0x080003b4                __floatsidf
                0x080003b4                __aeabi_i2d
                0x080003d8                __aeabi_f2d
                0x080003d8                __extendsfdf2
                0x0800041c                __floatundidf
                0x0800041c                __aeabi_ul2d
                0x0800042c                __floatdidf
                0x0800042c                __aeabi_l2d
 .text          0x08000488       0x40 d:/install/arm-none-eabi/bin/../lib/gcc/arm-none-eabi/12.3.1/thumb/v7-m/nofp\libgcc.a(_arm_fixunsdfsi.o)
                0x08000488                __aeabi_d2uiz
                0x08000488                __fixunsdfsi
 .text          0x080004c8       0xec d:/install/arm-none-eabi/bin/../lib/gcc/arm-none-eabi/12.3.1/thumb/v7-m/nofp\libg.a(libc_a-memcpy.o)
                0x080004c8                memcpy
 .text          0x080005b4      0x424 d:/install/arm-none-eabi/bin/../lib/gcc/arm-none-eabi/12.3.1/thumb/v7-m/nofp\libgcc.a(_arm_muldivdf3.o)
                0x080005b4                __aeabi_dmul
                0x080005b4                __muldf3
                0x08000808                __divdf3
                0x08000808                __aeabi_ddiv
 .text          0x080009d8      0x110 d:/install/arm-none-eabi/bin/../lib/gcc/arm-none-eabi/12.3.1/thumb/v7-m/nofp\libgcc.a(_arm_cmpdf2.o)
                0x080009d8                __gtdf2
                0x080009d8                __gedf2
                0x080009e0                __ltdf2
                0x080009e0                __ledf2
                0x080009e8                __nedf2
                0x080009e8                __eqdf2
                0x080009e8                __cmpdf2
                0x08000a64                __aeabi_cdrcmple
                0x08000a74                __aeabi_cdcmpeq
                0x08000a74                __aeabi_cdcmple
                0x08000a84                __aeabi_dcmpeq
                0x08000a98                __aeabi_dcmplt
                0x08000aac                __aeabi_dcmple
                0x08000ac0                __aeabi_dcmpge
                0x08000ad4                __aeabi_dcmpgt
 .text          0x08000ae8       0x2c d:/install/arm-none-eabi/bin/../lib/gcc/arm-none-eabi/12.3.1/thumb/v7-m/nofp\libgcc.a(_arm_unorddf2.o)
                0x08000ae8                __unorddf2
                0x08000ae8                __aeabi_dcmpun
 .text          0x08000b14       0x50 d:/install/arm-none-eabi/bin/../lib/gcc/arm-none-eabi/12.3.1/thumb/v7-m/nofp\libgcc.a(_arm_fixdfsi.o)
                0x08000b14                __aeabi_d2iz
                0x08000b14                __fixdfsi
 *(.text*)
 .text.deregister_tm_clones
                0x08000b64       0x1c d:/install/arm-none-eabi/bin/../lib/gcc/arm-none-eabi/12.3.1/thumb/v7-m/nofp/crtbegin.o
 .text.register_tm_clones
                0x08000b80       0x24 d:/install/arm-none-eabi/bin/../lib/gcc/arm-none-eabi/12.3.1/thumb/v7-m/nofp/crtbegin.o
 .text.__do_global_dtors_aux
                0x08000ba4       0x28 d:/install/arm-none-eabi/bin/../lib/gcc/arm-none-eabi/12.3.1/thumb/v7-m/nofp/crtbegin.o
 .text.frame_dummy
                0x08000bcc       0x24 d:/install/arm-none-eabi/bin/../lib/gcc/arm-none-eabi/12.3.1/thumb/v7-m/nofp/crtbegin.o
 .text._beeper_load
                0x08000bf0       0x28 CMakeFiles/smart_car.elf.dir/Core/Src/beeper.c.obj
                0x08000bf0                _beeper_load
 .text._beeper_off
                0x08000c18       0x14 CMakeFiles/smart_car.elf.dir/Core/Src/beeper.c.obj
                0x08000c18                _beeper_off
 .text._beeper_on
                0x08000c2c       0x14 CMakeFiles/smart_car.elf.dir/Core/Src/beeper.c.obj
                0x08000c2c                _beeper_on
 .text.beeper_beep
                0x08000c40       0x92 CMakeFiles/smart_car.elf.dir/Core/Src/beeper.c.obj
                0x08000c40                beeper_beep
 *fill*         0x08000cd2        0x2 
 .text.control_tick
                0x08000cd4       0x9c CMakeFiles/smart_car.elf.dir/Core/Src/control.c.obj
                0x08000cd4                control_tick
 .text.delay_init
                0x08000d70       0x14 CMakeFiles/smart_car.elf.dir/Core/Src/delay.c.obj
                0x08000d70                delay_init
 .text.delay_us
                0x08000d84       0x3c CMakeFiles/smart_car.elf.dir/Core/Src/delay.c.obj
                0x08000d84                delay_us
 .text.delay_ms
                0x08000dc0       0x3c CMakeFiles/smart_car.elf.dir/Core/Src/delay.c.obj
                0x08000dc0                delay_ms
 .text.fan_off  0x08000dfc       0x14 CMakeFiles/smart_car.elf.dir/Core/Src/fan.c.obj
                0x08000dfc                fan_off
 .text.HAL_GPIO_EXTI_Callback
                0x08000e10      0x150 CMakeFiles/smart_car.elf.dir/Core/Src/global_it_cb.c.obj
                0x08000e10                HAL_GPIO_EXTI_Callback
 .text.hc_sr04_trig
                0x08000f60       0x28 CMakeFiles/smart_car.elf.dir/Core/Src/hc_sr04.c.obj
                0x08000f60                hc_sr04_trig
 .text.hc_sr04_start
                0x08000f88       0x10 CMakeFiles/smart_car.elf.dir/Core/Src/hc_sr04.c.obj
                0x08000f88                hc_sr04_start
 .text.MX_GPIO_Init
                0x08000f98      0x184 CMakeFiles/smart_car.elf.dir/Core/Src/main.c.obj
 .text.Error_Handler
                0x0800111c        0x4 CMakeFiles/smart_car.elf.dir/Core/Src/main.c.obj
                0x0800111c                Error_Handler
 .text.MX_USART1_UART_Init
                0x08001120       0x34 CMakeFiles/smart_car.elf.dir/Core/Src/main.c.obj
 .text.MX_TIM4_Init
                0x08001154       0x90 CMakeFiles/smart_car.elf.dir/Core/Src/main.c.obj
 .text.MX_TIM1_Init
                0x080011e4       0xb0 CMakeFiles/smart_car.elf.dir/Core/Src/main.c.obj
 .text.MX_TIM3_Init
                0x08001294       0x8c CMakeFiles/smart_car.elf.dir/Core/Src/main.c.obj
 .text.MX_TIM2_Init
                0x08001320       0x68 CMakeFiles/smart_car.elf.dir/Core/Src/main.c.obj
 .text.SystemClock_Config
                0x08001388       0x64 CMakeFiles/smart_car.elf.dir/Core/Src/main.c.obj
                0x08001388                SystemClock_Config
 .text.main     0x080013ec       0x70 CMakeFiles/smart_car.elf.dir/Core/Src/main.c.obj
                0x080013ec                main
 .text.motor_ctl_left
                0x0800145c       0x80 CMakeFiles/smart_car.elf.dir/Core/Src/motor.c.obj
                0x0800145c                motor_ctl_left
 .text.motor_ctl_right
                0x080014dc       0x78 CMakeFiles/smart_car.elf.dir/Core/Src/motor.c.obj
                0x080014dc                motor_ctl_right
 .text.motor_turn_angle
                0x08001554       0x60 CMakeFiles/smart_car.elf.dir/Core/Src/motor.c.obj
                0x08001554                motor_turn_angle
 .text.motor_break
                0x080015b4       0x10 CMakeFiles/smart_car.elf.dir/Core/Src/motor.c.obj
                0x080015b4                motor_break
 .text.get_patrol_data
                0x080015c4       0x54 CMakeFiles/smart_car.elf.dir/Core/Src/patrol_line.c.obj
                0x080015c4                get_patrol_data
 .text._write   0x08001618       0x18 CMakeFiles/smart_car.elf.dir/Core/Src/printf_redirect.c.obj
                0x08001618                _write
 .text.schedule_start
                0x08001630       0x10 CMakeFiles/smart_car.elf.dir/Core/Src/schedule.c.obj
                0x08001630                schedule_start
 .text.HAL_TIM_PeriodElapsedCallback
                0x08001640      0x100 CMakeFiles/smart_car.elf.dir/Core/Src/schedule.c.obj
                0x08001640                HAL_TIM_PeriodElapsedCallback
 .text.HAL_MspInit
                0x08001740       0x44 CMakeFiles/smart_car.elf.dir/Core/Src/stm32f1xx_hal_msp.c.obj
                0x08001740                HAL_MspInit
 .text.HAL_TIM_PWM_MspInit
                0x08001784       0x80 CMakeFiles/smart_car.elf.dir/Core/Src/stm32f1xx_hal_msp.c.obj
                0x08001784                HAL_TIM_PWM_MspInit
 .text.HAL_TIM_Base_MspInit
                0x08001804       0x3a CMakeFiles/smart_car.elf.dir/Core/Src/stm32f1xx_hal_msp.c.obj
                0x08001804                HAL_TIM_Base_MspInit
 *fill*         0x0800183e        0x2 
 .text.HAL_TIM_MspPostInit
                0x08001840       0xbc CMakeFiles/smart_car.elf.dir/Core/Src/stm32f1xx_hal_msp.c.obj
                0x08001840                HAL_TIM_MspPostInit
 .text.HAL_UART_MspInit
                0x080018fc       0x78 CMakeFiles/smart_car.elf.dir/Core/Src/stm32f1xx_hal_msp.c.obj
                0x080018fc                HAL_UART_MspInit
 .text.NMI_Handler
                0x08001974        0x2 CMakeFiles/smart_car.elf.dir/Core/Src/stm32f1xx_it.c.obj
                0x08001974                NMI_Handler
 .text.HardFault_Handler
                0x08001976        0x2 CMakeFiles/smart_car.elf.dir/Core/Src/stm32f1xx_it.c.obj
                0x08001976                HardFault_Handler
 .text.MemManage_Handler
                0x08001978        0x2 CMakeFiles/smart_car.elf.dir/Core/Src/stm32f1xx_it.c.obj
                0x08001978                MemManage_Handler
 .text.BusFault_Handler
                0x0800197a        0x2 CMakeFiles/smart_car.elf.dir/Core/Src/stm32f1xx_it.c.obj
                0x0800197a                BusFault_Handler
 .text.UsageFault_Handler
                0x0800197c        0x2 CMakeFiles/smart_car.elf.dir/Core/Src/stm32f1xx_it.c.obj
                0x0800197c                UsageFault_Handler
 .text.SVC_Handler
                0x0800197e        0x2 CMakeFiles/smart_car.elf.dir/Core/Src/stm32f1xx_it.c.obj
                0x0800197e                SVC_Handler
 .text.DebugMon_Handler
                0x08001980        0x2 CMakeFiles/smart_car.elf.dir/Core/Src/stm32f1xx_it.c.obj
                0x08001980                DebugMon_Handler
 .text.PendSV_Handler
                0x08001982        0x2 CMakeFiles/smart_car.elf.dir/Core/Src/stm32f1xx_it.c.obj
                0x08001982                PendSV_Handler
 .text.SysTick_Handler
                0x08001984       0x1c CMakeFiles/smart_car.elf.dir/Core/Src/stm32f1xx_it.c.obj
                0x08001984                SysTick_Handler
 .text.EXTI3_IRQHandler
                0x080019a0        0xa CMakeFiles/smart_car.elf.dir/Core/Src/stm32f1xx_it.c.obj
                0x080019a0                EXTI3_IRQHandler
 .text.EXTI4_IRQHandler
                0x080019aa        0xa CMakeFiles/smart_car.elf.dir/Core/Src/stm32f1xx_it.c.obj
                0x080019aa                EXTI4_IRQHandler
 .text.EXTI9_5_IRQHandler
                0x080019b4       0x10 CMakeFiles/smart_car.elf.dir/Core/Src/stm32f1xx_it.c.obj
                0x080019b4                EXTI9_5_IRQHandler
 .text.TIM2_IRQHandler
                0x080019c4       0x10 CMakeFiles/smart_car.elf.dir/Core/Src/stm32f1xx_it.c.obj
                0x080019c4                TIM2_IRQHandler
 .text.TIM3_IRQHandler
                0x080019d4       0x10 CMakeFiles/smart_car.elf.dir/Core/Src/stm32f1xx_it.c.obj
                0x080019d4                TIM3_IRQHandler
 .text.EXTI15_10_IRQHandler
                0x080019e4        0xc CMakeFiles/smart_car.elf.dir/Core/Src/stm32f1xx_it.c.obj
                0x080019e4                EXTI15_10_IRQHandler
 .text._getpid  0x080019f0        0x4 CMakeFiles/smart_car.elf.dir/Core/Src/syscalls.c.obj
                0x080019f0                _getpid
 .text._kill    0x080019f4       0x10 CMakeFiles/smart_car.elf.dir/Core/Src/syscalls.c.obj
                0x080019f4                _kill
 .text._exit    0x08001a04        0xc CMakeFiles/smart_car.elf.dir/Core/Src/syscalls.c.obj
                0x08001a04                _exit
 .text._read    0x08001a10       0x20 CMakeFiles/smart_car.elf.dir/Core/Src/syscalls.c.obj
                0x08001a10                _read
 .text._close   0x08001a30        0x6 CMakeFiles/smart_car.elf.dir/Core/Src/syscalls.c.obj
                0x08001a30                _close
 .text._fstat   0x08001a36        0xa CMakeFiles/smart_car.elf.dir/Core/Src/syscalls.c.obj
                0x08001a36                _fstat
 .text._isatty  0x08001a40        0x4 CMakeFiles/smart_car.elf.dir/Core/Src/syscalls.c.obj
                0x08001a40                _isatty
 .text._lseek   0x08001a44        0x4 CMakeFiles/smart_car.elf.dir/Core/Src/syscalls.c.obj
                0x08001a44                _lseek
 .text._sbrk    0x08001a48       0x48 CMakeFiles/smart_car.elf.dir/Core/Src/sysmem.c.obj
                0x08001a48                _sbrk
 .text.SystemInit
                0x08001a90        0x2 CMakeFiles/smart_car.elf.dir/Core/Src/system_stm32f1xx.c.obj
                0x08001a90                SystemInit
 *fill*         0x08001a92        0x2 
 .text.Reset_Handler
                0x08001a94       0x48 CMakeFiles/smart_car.elf.dir/Core/Startup/startup_stm32f103c8tx.s.obj
                0x08001a94                Reset_Handler
 .text.Default_Handler
                0x08001adc        0x2 CMakeFiles/smart_car.elf.dir/Core/Startup/startup_stm32f103c8tx.s.obj
                0x08001adc                RTC_Alarm_IRQHandler
                0x08001adc                EXTI2_IRQHandler
                0x08001adc                TIM1_CC_IRQHandler
                0x08001adc                PVD_IRQHandler
                0x08001adc                EXTI0_IRQHandler
                0x08001adc                I2C2_EV_IRQHandler
                0x08001adc                ADC1_2_IRQHandler
                0x08001adc                SPI1_IRQHandler
                0x08001adc                TAMPER_IRQHandler
                0x08001adc                DMA1_Channel4_IRQHandler
                0x08001adc                USART3_IRQHandler
                0x08001adc                RTC_IRQHandler
                0x08001adc                DMA1_Channel7_IRQHandler
                0x08001adc                CAN1_RX1_IRQHandler
                0x08001adc                TIM4_IRQHandler
                0x08001adc                I2C1_EV_IRQHandler
                0x08001adc                DMA1_Channel6_IRQHandler
                0x08001adc                RCC_IRQHandler
                0x08001adc                TIM1_TRG_COM_IRQHandler
                0x08001adc                DMA1_Channel1_IRQHandler
                0x08001adc                Default_Handler
                0x08001adc                SPI2_IRQHandler
                0x08001adc                DMA1_Channel5_IRQHandler
                0x08001adc                USB_LP_CAN1_RX0_IRQHandler
                0x08001adc                USB_HP_CAN1_TX_IRQHandler
                0x08001adc                DMA1_Channel3_IRQHandler
                0x08001adc                TIM1_UP_IRQHandler
                0x08001adc                WWDG_IRQHandler
                0x08001adc                TIM1_BRK_IRQHandler
                0x08001adc                EXTI1_IRQHandler
                0x08001adc                USART2_IRQHandler
                0x08001adc                I2C2_ER_IRQHandler
                0x08001adc                DMA1_Channel2_IRQHandler
                0x08001adc                CAN1_SCE_IRQHandler
                0x08001adc                FLASH_IRQHandler
                0x08001adc                USART1_IRQHandler
                0x08001adc                I2C1_ER_IRQHandler
                0x08001adc                USBWakeUp_IRQHandler
 *fill*         0x08001ade        0x2 
 .text.HAL_InitTick
                0x08001ae0       0x4c CMakeFiles/smart_car.elf.dir/Drivers/STM32F1xx_HAL_Driver/Src/stm32f1xx_hal.c.obj
                0x08001ae0                HAL_InitTick
 .text.HAL_Init
                0x08001b2c       0x24 CMakeFiles/smart_car.elf.dir/Drivers/STM32F1xx_HAL_Driver/Src/stm32f1xx_hal.c.obj
                0x08001b2c                HAL_Init
 .text.HAL_IncTick
                0x08001b50       0x18 CMakeFiles/smart_car.elf.dir/Drivers/STM32F1xx_HAL_Driver/Src/stm32f1xx_hal.c.obj
                0x08001b50                HAL_IncTick
 .text.HAL_GetTick
                0x08001b68        0xc CMakeFiles/smart_car.elf.dir/Drivers/STM32F1xx_HAL_Driver/Src/stm32f1xx_hal.c.obj
                0x08001b68                HAL_GetTick
 .text.__NVIC_SetPriority
                0x08001b74       0x28 CMakeFiles/smart_car.elf.dir/Drivers/STM32F1xx_HAL_Driver/Src/stm32f1xx_hal_cortex.c.obj
 .text.NVIC_EncodePriority
                0x08001b9c       0x3e CMakeFiles/smart_car.elf.dir/Drivers/STM32F1xx_HAL_Driver/Src/stm32f1xx_hal_cortex.c.obj
 *fill*         0x08001bda        0x2 
 .text.HAL_NVIC_SetPriorityGrouping
                0x08001bdc       0x24 CMakeFiles/smart_car.elf.dir/Drivers/STM32F1xx_HAL_Driver/Src/stm32f1xx_hal_cortex.c.obj
                0x08001bdc                HAL_NVIC_SetPriorityGrouping
 .text.HAL_NVIC_SetPriority
                0x08001c00       0x20 CMakeFiles/smart_car.elf.dir/Drivers/STM32F1xx_HAL_Driver/Src/stm32f1xx_hal_cortex.c.obj
                0x08001c00                HAL_NVIC_SetPriority
 .text.HAL_NVIC_EnableIRQ
                0x08001c20       0x1c CMakeFiles/smart_car.elf.dir/Drivers/STM32F1xx_HAL_Driver/Src/stm32f1xx_hal_cortex.c.obj
                0x08001c20                HAL_NVIC_EnableIRQ
 .text.HAL_SYSTICK_Config
                0x08001c3c       0x28 CMakeFiles/smart_car.elf.dir/Drivers/STM32F1xx_HAL_Driver/Src/stm32f1xx_hal_cortex.c.obj
                0x08001c3c                HAL_SYSTICK_Config
 .text.HAL_SYSTICK_CLKSourceConfig
                0x08001c64       0x20 CMakeFiles/smart_car.elf.dir/Drivers/STM32F1xx_HAL_Driver/Src/stm32f1xx_hal_cortex.c.obj
                0x08001c64                HAL_SYSTICK_CLKSourceConfig
 .text.HAL_GPIO_Init
                0x08001c84      0x21c CMakeFiles/smart_car.elf.dir/Drivers/STM32F1xx_HAL_Driver/Src/stm32f1xx_hal_gpio.c.obj
                0x08001c84                HAL_GPIO_Init
 .text.HAL_GPIO_ReadPin
                0x08001ea0        0xe CMakeFiles/smart_car.elf.dir/Drivers/STM32F1xx_HAL_Driver/Src/stm32f1xx_hal_gpio.c.obj
                0x08001ea0                HAL_GPIO_ReadPin
 .text.HAL_GPIO_WritePin
                0x08001eae        0xc CMakeFiles/smart_car.elf.dir/Drivers/STM32F1xx_HAL_Driver/Src/stm32f1xx_hal_gpio.c.obj
                0x08001eae                HAL_GPIO_WritePin
 *fill*         0x08001eba        0x2 
 .text.HAL_GPIO_EXTI_IRQHandler
                0x08001ebc       0x1c CMakeFiles/smart_car.elf.dir/Drivers/STM32F1xx_HAL_Driver/Src/stm32f1xx_hal_gpio.c.obj
                0x08001ebc                HAL_GPIO_EXTI_IRQHandler
 .text.RCC_Delay
                0x08001ed8       0x2c CMakeFiles/smart_car.elf.dir/Drivers/STM32F1xx_HAL_Driver/Src/stm32f1xx_hal_rcc.c.obj
 .text.HAL_RCC_OscConfig
                0x08001f04      0x410 CMakeFiles/smart_car.elf.dir/Drivers/STM32F1xx_HAL_Driver/Src/stm32f1xx_hal_rcc.c.obj
                0x08001f04                HAL_RCC_OscConfig
 .text.HAL_RCC_GetSysClockFreq
                0x08002314       0x54 CMakeFiles/smart_car.elf.dir/Drivers/STM32F1xx_HAL_Driver/Src/stm32f1xx_hal_rcc.c.obj
                0x08002314                HAL_RCC_GetSysClockFreq
 .text.HAL_RCC_ClockConfig
                0x08002368      0x16c CMakeFiles/smart_car.elf.dir/Drivers/STM32F1xx_HAL_Driver/Src/stm32f1xx_hal_rcc.c.obj
                0x08002368                HAL_RCC_ClockConfig
 .text.HAL_RCC_GetHCLKFreq
                0x080024d4        0xc CMakeFiles/smart_car.elf.dir/Drivers/STM32F1xx_HAL_Driver/Src/stm32f1xx_hal_rcc.c.obj
                0x080024d4                HAL_RCC_GetHCLKFreq
 .text.HAL_RCC_GetPCLK1Freq
                0x080024e0       0x20 CMakeFiles/smart_car.elf.dir/Drivers/STM32F1xx_HAL_Driver/Src/stm32f1xx_hal_rcc.c.obj
                0x080024e0                HAL_RCC_GetPCLK1Freq
 .text.HAL_RCC_GetPCLK2Freq
                0x08002500       0x20 CMakeFiles/smart_car.elf.dir/Drivers/STM32F1xx_HAL_Driver/Src/stm32f1xx_hal_rcc.c.obj
                0x08002500                HAL_RCC_GetPCLK2Freq
 .text.TIM_OC1_SetConfig
                0x08002520       0x54 CMakeFiles/smart_car.elf.dir/Drivers/STM32F1xx_HAL_Driver/Src/stm32f1xx_hal_tim.c.obj
 .text.TIM_OC3_SetConfig
                0x08002574       0x5c CMakeFiles/smart_car.elf.dir/Drivers/STM32F1xx_HAL_Driver/Src/stm32f1xx_hal_tim.c.obj
 .text.TIM_OC4_SetConfig
                0x080025d0       0x48 CMakeFiles/smart_car.elf.dir/Drivers/STM32F1xx_HAL_Driver/Src/stm32f1xx_hal_tim.c.obj
 .text.TIM_TI1_ConfigInputStage
                0x08002618       0x24 CMakeFiles/smart_car.elf.dir/Drivers/STM32F1xx_HAL_Driver/Src/stm32f1xx_hal_tim.c.obj
 .text.TIM_TI2_ConfigInputStage
                0x0800263c       0x26 CMakeFiles/smart_car.elf.dir/Drivers/STM32F1xx_HAL_Driver/Src/stm32f1xx_hal_tim.c.obj
 .text.TIM_ITRx_SetConfig
                0x08002662       0x10 CMakeFiles/smart_car.elf.dir/Drivers/STM32F1xx_HAL_Driver/Src/stm32f1xx_hal_tim.c.obj
 *fill*         0x08002672        0x2 
 .text.HAL_TIM_Base_Start_IT
                0x08002674       0x68 CMakeFiles/smart_car.elf.dir/Drivers/STM32F1xx_HAL_Driver/Src/stm32f1xx_hal_tim.c.obj
                0x08002674                HAL_TIM_Base_Start_IT
 .text.HAL_TIM_OC_DelayElapsedCallback
                0x080026dc        0x2 CMakeFiles/smart_car.elf.dir/Drivers/STM32F1xx_HAL_Driver/Src/stm32f1xx_hal_tim.c.obj
                0x080026dc                HAL_TIM_OC_DelayElapsedCallback
 .text.HAL_TIM_IC_CaptureCallback
                0x080026de        0x2 CMakeFiles/smart_car.elf.dir/Drivers/STM32F1xx_HAL_Driver/Src/stm32f1xx_hal_tim.c.obj
                0x080026de                HAL_TIM_IC_CaptureCallback
 .text.HAL_TIM_PWM_PulseFinishedCallback
                0x080026e0        0x2 CMakeFiles/smart_car.elf.dir/Drivers/STM32F1xx_HAL_Driver/Src/stm32f1xx_hal_tim.c.obj
                0x080026e0                HAL_TIM_PWM_PulseFinishedCallback
 .text.HAL_TIM_TriggerCallback
                0x080026e2        0x2 CMakeFiles/smart_car.elf.dir/Drivers/STM32F1xx_HAL_Driver/Src/stm32f1xx_hal_tim.c.obj
                0x080026e2                HAL_TIM_TriggerCallback
 .text.HAL_TIM_IRQHandler
                0x080026e4      0x17a CMakeFiles/smart_car.elf.dir/Drivers/STM32F1xx_HAL_Driver/Src/stm32f1xx_hal_tim.c.obj
                0x080026e4                HAL_TIM_IRQHandler
 *fill*         0x0800285e        0x2 
 .text.TIM_Base_SetConfig
                0x08002860       0x74 CMakeFiles/smart_car.elf.dir/Drivers/STM32F1xx_HAL_Driver/Src/stm32f1xx_hal_tim.c.obj
                0x08002860                TIM_Base_SetConfig
 .text.HAL_TIM_Base_Init
                0x080028d4       0x58 CMakeFiles/smart_car.elf.dir/Drivers/STM32F1xx_HAL_Driver/Src/stm32f1xx_hal_tim.c.obj
                0x080028d4                HAL_TIM_Base_Init
 .text.HAL_TIM_PWM_Init
                0x0800292c       0x58 CMakeFiles/smart_car.elf.dir/Drivers/STM32F1xx_HAL_Driver/Src/stm32f1xx_hal_tim.c.obj
                0x0800292c                HAL_TIM_PWM_Init
 .text.TIM_OC2_SetConfig
                0x08002984       0x5c CMakeFiles/smart_car.elf.dir/Drivers/STM32F1xx_HAL_Driver/Src/stm32f1xx_hal_tim.c.obj
                0x08002984                TIM_OC2_SetConfig
 .text.HAL_TIM_PWM_ConfigChannel
                0x080029e0       0xdc CMakeFiles/smart_car.elf.dir/Drivers/STM32F1xx_HAL_Driver/Src/stm32f1xx_hal_tim.c.obj
                0x080029e0                HAL_TIM_PWM_ConfigChannel
 .text.TIM_ETR_SetConfig
                0x08002abc       0x18 CMakeFiles/smart_car.elf.dir/Drivers/STM32F1xx_HAL_Driver/Src/stm32f1xx_hal_tim.c.obj
                0x08002abc                TIM_ETR_SetConfig
 .text.HAL_TIM_ConfigClockSource
                0x08002ad4       0xfe CMakeFiles/smart_car.elf.dir/Drivers/STM32F1xx_HAL_Driver/Src/stm32f1xx_hal_tim.c.obj
                0x08002ad4                HAL_TIM_ConfigClockSource
 .text.TIM_CCxChannelCmd
                0x08002bd2       0x1e CMakeFiles/smart_car.elf.dir/Drivers/STM32F1xx_HAL_Driver/Src/stm32f1xx_hal_tim.c.obj
                0x08002bd2                TIM_CCxChannelCmd
 .text.HAL_TIM_PWM_Start
                0x08002bf0       0xdc CMakeFiles/smart_car.elf.dir/Drivers/STM32F1xx_HAL_Driver/Src/stm32f1xx_hal_tim.c.obj
                0x08002bf0                HAL_TIM_PWM_Start
 .text.HAL_TIM_PWM_Stop
                0x08002ccc       0x84 CMakeFiles/smart_car.elf.dir/Drivers/STM32F1xx_HAL_Driver/Src/stm32f1xx_hal_tim.c.obj
                0x08002ccc                HAL_TIM_PWM_Stop
 .text.HAL_TIMEx_MasterConfigSynchronization
                0x08002d50       0x6c CMakeFiles/smart_car.elf.dir/Drivers/STM32F1xx_HAL_Driver/Src/stm32f1xx_hal_tim_ex.c.obj
                0x08002d50                HAL_TIMEx_MasterConfigSynchronization
 .text.HAL_TIMEx_ConfigBreakDeadTime
                0x08002dbc       0x52 CMakeFiles/smart_car.elf.dir/Drivers/STM32F1xx_HAL_Driver/Src/stm32f1xx_hal_tim_ex.c.obj
                0x08002dbc                HAL_TIMEx_ConfigBreakDeadTime
 .text.HAL_TIMEx_CommutCallback
                0x08002e0e        0x2 CMakeFiles/smart_car.elf.dir/Drivers/STM32F1xx_HAL_Driver/Src/stm32f1xx_hal_tim_ex.c.obj
                0x08002e0e                HAL_TIMEx_CommutCallback
 .text.HAL_TIMEx_BreakCallback
                0x08002e10        0x2 CMakeFiles/smart_car.elf.dir/Drivers/STM32F1xx_HAL_Driver/Src/stm32f1xx_hal_tim_ex.c.obj
                0x08002e10                HAL_TIMEx_BreakCallback
 *fill*         0x08002e12        0x2 
 .text.UART_SetConfig
                0x08002e14       0x94 CMakeFiles/smart_car.elf.dir/Drivers/STM32F1xx_HAL_Driver/Src/stm32f1xx_hal_uart.c.obj
 .text.UART_WaitOnFlagUntilTimeout
                0x08002ea8       0x84 CMakeFiles/smart_car.elf.dir/Drivers/STM32F1xx_HAL_Driver/Src/stm32f1xx_hal_uart.c.obj
 .text.HAL_UART_Init
                0x08002f2c       0x60 CMakeFiles/smart_car.elf.dir/Drivers/STM32F1xx_HAL_Driver/Src/stm32f1xx_hal_uart.c.obj
                0x08002f2c                HAL_UART_Init
 .text.HAL_UART_Transmit
                0x08002f8c       0xbe CMakeFiles/smart_car.elf.dir/Drivers/STM32F1xx_HAL_Driver/Src/stm32f1xx_hal_uart.c.obj
                0x08002f8c                HAL_UART_Transmit
 *fill*         0x0800304a        0x2 
 .text.stdio_exit_handler
                0x0800304c       0x18 d:/install/arm-none-eabi/bin/../lib/gcc/arm-none-eabi/12.3.1/thumb/v7-m/nofp\libg.a(libc_a-findfp.o)
 .text.cleanup_stdio
                0x08003064       0x40 d:/install/arm-none-eabi/bin/../lib/gcc/arm-none-eabi/12.3.1/thumb/v7-m/nofp\libg.a(libc_a-findfp.o)
 .text.global_stdio_init.part.0
                0x080030a4       0xf0 d:/install/arm-none-eabi/bin/../lib/gcc/arm-none-eabi/12.3.1/thumb/v7-m/nofp\libg.a(libc_a-findfp.o)
 .text.__sinit  0x08003194       0x3c d:/install/arm-none-eabi/bin/../lib/gcc/arm-none-eabi/12.3.1/thumb/v7-m/nofp\libg.a(libc_a-findfp.o)
                0x08003194                __sinit
 .text.__sfp_lock_acquire
                0x080031d0        0xc d:/install/arm-none-eabi/bin/../lib/gcc/arm-none-eabi/12.3.1/thumb/v7-m/nofp\libg.a(libc_a-findfp.o)
                0x080031d0                __sfp_lock_acquire
 .text.__sfp_lock_release
                0x080031dc        0xc d:/install/arm-none-eabi/bin/../lib/gcc/arm-none-eabi/12.3.1/thumb/v7-m/nofp\libg.a(libc_a-findfp.o)
                0x080031dc                __sfp_lock_release
 .text._fwalk_sglue
                0x080031e8       0x44 d:/install/arm-none-eabi/bin/../lib/gcc/arm-none-eabi/12.3.1/thumb/v7-m/nofp\libg.a(libc_a-fwalk.o)
                0x080031e8                _fwalk_sglue
 .text.printf   0x0800322c       0x28 d:/install/arm-none-eabi/bin/../lib/gcc/arm-none-eabi/12.3.1/thumb/v7-m/nofp\libg.a(libc_a-printf.o)
                0x0800322c                printf
 .text._puts_r  0x08003254       0x98 d:/install/arm-none-eabi/bin/../lib/gcc/arm-none-eabi/12.3.1/thumb/v7-m/nofp\libg.a(libc_a-puts.o)
                0x08003254                _puts_r
 .text.puts     0x080032ec       0x10 d:/install/arm-none-eabi/bin/../lib/gcc/arm-none-eabi/12.3.1/thumb/v7-m/nofp\libg.a(libc_a-puts.o)
                0x080032ec                puts
 .text.__sread  0x080032fc       0x24 d:/install/arm-none-eabi/bin/../lib/gcc/arm-none-eabi/12.3.1/thumb/v7-m/nofp\libg.a(libc_a-stdio.o)
                0x080032fc                __sread
 .text.__swrite
                0x08003320       0x40 d:/install/arm-none-eabi/bin/../lib/gcc/arm-none-eabi/12.3.1/thumb/v7-m/nofp\libg.a(libc_a-stdio.o)
                0x08003320                __swrite
 .text.__sseek  0x08003360       0x24 d:/install/arm-none-eabi/bin/../lib/gcc/arm-none-eabi/12.3.1/thumb/v7-m/nofp\libg.a(libc_a-stdio.o)
                0x08003360                __sseek
 .text.__sclose
                0x08003384        0x8 d:/install/arm-none-eabi/bin/../lib/gcc/arm-none-eabi/12.3.1/thumb/v7-m/nofp\libg.a(libc_a-stdio.o)
                0x08003384                __sclose
 .text.memset   0x0800338c       0xa0 d:/install/arm-none-eabi/bin/../lib/gcc/arm-none-eabi/12.3.1/thumb/v7-m/nofp\libg.a(libc_a-memset.o)
                0x0800338c                memset
 .text._close_r
                0x0800342c       0x24 d:/install/arm-none-eabi/bin/../lib/gcc/arm-none-eabi/12.3.1/thumb/v7-m/nofp\libg.a(libc_a-closer.o)
                0x0800342c                _close_r
 .text._lseek_r
                0x08003450       0x2c d:/install/arm-none-eabi/bin/../lib/gcc/arm-none-eabi/12.3.1/thumb/v7-m/nofp\libg.a(libc_a-lseekr.o)
                0x08003450                _lseek_r
 .text._read_r  0x0800347c       0x2c d:/install/arm-none-eabi/bin/../lib/gcc/arm-none-eabi/12.3.1/thumb/v7-m/nofp\libg.a(libc_a-readr.o)
                0x0800347c                _read_r
 .text._write_r
                0x080034a8       0x2c d:/install/arm-none-eabi/bin/../lib/gcc/arm-none-eabi/12.3.1/thumb/v7-m/nofp\libg.a(libc_a-writer.o)
                0x080034a8                _write_r
 .text.__errno  0x080034d4        0xc d:/install/arm-none-eabi/bin/../lib/gcc/arm-none-eabi/12.3.1/thumb/v7-m/nofp\libg.a(libc_a-errno.o)
                0x080034d4                __errno
 .text.__libc_init_array
                0x080034e0       0x50 d:/install/arm-none-eabi/bin/../lib/gcc/arm-none-eabi/12.3.1/thumb/v7-m/nofp\libg.a(libc_a-init.o)
                0x080034e0                __libc_init_array
 .text.__retarget_lock_init_recursive
                0x08003530        0x4 d:/install/arm-none-eabi/bin/../lib/gcc/arm-none-eabi/12.3.1/thumb/v7-m/nofp\libg.a(libc_a-lock.o)
                0x08003530                __retarget_lock_init_recursive
 .text.__retarget_lock_close_recursive
                0x08003534        0x4 d:/install/arm-none-eabi/bin/../lib/gcc/arm-none-eabi/12.3.1/thumb/v7-m/nofp\libg.a(libc_a-lock.o)
                0x08003534                __retarget_lock_close_recursive
 .text.__retarget_lock_acquire_recursive
                0x08003538        0x4 d:/install/arm-none-eabi/bin/../lib/gcc/arm-none-eabi/12.3.1/thumb/v7-m/nofp\libg.a(libc_a-lock.o)
                0x08003538                __retarget_lock_acquire_recursive
 .text.__retarget_lock_release_recursive
                0x0800353c        0x4 d:/install/arm-none-eabi/bin/../lib/gcc/arm-none-eabi/12.3.1/thumb/v7-m/nofp\libg.a(libc_a-lock.o)
                0x0800353c                __retarget_lock_release_recursive
 .text.strlen   0x08003540       0x5c d:/install/arm-none-eabi/bin/../lib/gcc/arm-none-eabi/12.3.1/thumb/v7-m/nofp\libg.a(libc_a-strlen-stub.o)
                0x08003540                strlen
 .text.startup.register_fini
                0x0800359c       0x14 d:/install/arm-none-eabi/bin/../lib/gcc/arm-none-eabi/12.3.1/thumb/v7-m/nofp\libg.a(libc_a-__call_atexit.o)
 .text.atexit   0x080035b0        0xc d:/install/arm-none-eabi/bin/../lib/gcc/arm-none-eabi/12.3.1/thumb/v7-m/nofp\libg.a(libc_a-atexit.o)
                0x080035b0                atexit
 .text._malloc_trim_r
                0x080035bc       0xb8 d:/install/arm-none-eabi/bin/../lib/gcc/arm-none-eabi/12.3.1/thumb/v7-m/nofp\libg.a(libc_a-freer.o)
                0x080035bc                _malloc_trim_r
 .text._free_r  0x08003674      0x1fc d:/install/arm-none-eabi/bin/../lib/gcc/arm-none-eabi/12.3.1/thumb/v7-m/nofp\libg.a(libc_a-freer.o)
                0x08003674                _free_r
 .text._malloc_r
                0x08003870      0x570 d:/install/arm-none-eabi/bin/../lib/gcc/arm-none-eabi/12.3.1/thumb/v7-m/nofp\libg.a(libc_a-mallocr.o)
                0x08003870                _malloc_r
 .text.__malloc_lock
                0x08003de0        0xc d:/install/arm-none-eabi/bin/../lib/gcc/arm-none-eabi/12.3.1/thumb/v7-m/nofp\libg.a(libc_a-mlock.o)
                0x08003de0                __malloc_lock
 .text.__malloc_unlock
                0x08003dec        0xc d:/install/arm-none-eabi/bin/../lib/gcc/arm-none-eabi/12.3.1/thumb/v7-m/nofp\libg.a(libc_a-mlock.o)
                0x08003dec                __malloc_unlock
 .text._vfprintf_r
                0x08003df8     0x1c6c d:/install/arm-none-eabi/bin/../lib/gcc/arm-none-eabi/12.3.1/thumb/v7-m/nofp\libg.a(libc_a-vfprintf.o)
                0x08003df8                _vfprintf_r
 .text.__sbprintf
                0x08005a64       0x80 d:/install/arm-none-eabi/bin/../lib/gcc/arm-none-eabi/12.3.1/thumb/v7-m/nofp\libg.a(libc_a-vfprintf.o)
 .text.__sprint_r.part.0
                0x08005ae4       0x78 d:/install/arm-none-eabi/bin/../lib/gcc/arm-none-eabi/12.3.1/thumb/v7-m/nofp\libg.a(libc_a-vfiprintf.o)
 .text.__sprint_r
                0x08005b5c       0x14 d:/install/arm-none-eabi/bin/../lib/gcc/arm-none-eabi/12.3.1/thumb/v7-m/nofp\libg.a(libc_a-vfiprintf.o)
                0x08005b5c                __sprint_r
 .text._vfiprintf_r
                0x08005b70      0xf9c d:/install/arm-none-eabi/bin/../lib/gcc/arm-none-eabi/12.3.1/thumb/v7-m/nofp\libg.a(libc_a-vfiprintf.o)
                0x08005b70                _vfiprintf_r
 .text.__sbprintf
                0x08006b0c       0x80 d:/install/arm-none-eabi/bin/../lib/gcc/arm-none-eabi/12.3.1/thumb/v7-m/nofp\libg.a(libc_a-vfiprintf.o)
 .text._fclose_r
                0x08006b8c       0xc0 d:/install/arm-none-eabi/bin/../lib/gcc/arm-none-eabi/12.3.1/thumb/v7-m/nofp\libg.a(libc_a-fclose.o)
                0x08006b8c                _fclose_r
 .text.__sflush_r
                0x08006c4c      0x128 d:/install/arm-none-eabi/bin/../lib/gcc/arm-none-eabi/12.3.1/thumb/v7-m/nofp\libg.a(libc_a-fflush.o)
                0x08006c4c                __sflush_r
 .text._fflush_r
                0x08006d74       0x54 d:/install/arm-none-eabi/bin/../lib/gcc/arm-none-eabi/12.3.1/thumb/v7-m/nofp\libg.a(libc_a-fflush.o)
                0x08006d74                _fflush_r
 .text.__sfvwrite_r
                0x08006dc8      0x2ec d:/install/arm-none-eabi/bin/../lib/gcc/arm-none-eabi/12.3.1/thumb/v7-m/nofp\libg.a(libc_a-fvwrite.o)
                0x08006dc8                __sfvwrite_r
 .text.__swsetup_r
                0x080070b4       0xc0 d:/install/arm-none-eabi/bin/../lib/gcc/arm-none-eabi/12.3.1/thumb/v7-m/nofp\libg.a(libc_a-wsetup.o)
                0x080070b4                __swsetup_r
 .text.__fputwc
                0x08007174       0x7c d:/install/arm-none-eabi/bin/../lib/gcc/arm-none-eabi/12.3.1/thumb/v7-m/nofp\libg.a(libc_a-fputwc.o)
                0x08007174                __fputwc
 .text._fputwc_r
                0x080071f0       0x60 d:/install/arm-none-eabi/bin/../lib/gcc/arm-none-eabi/12.3.1/thumb/v7-m/nofp\libg.a(libc_a-fputwc.o)
                0x080071f0                _fputwc_r
 .text.memmove  0x08007250       0xfc d:/install/arm-none-eabi/bin/../lib/gcc/arm-none-eabi/12.3.1/thumb/v7-m/nofp\libg.a(libc_a-memmove.o)
                0x08007250                memmove
 .text.strncpy  0x0800734c       0x6c d:/install/arm-none-eabi/bin/../lib/gcc/arm-none-eabi/12.3.1/thumb/v7-m/nofp\libg.a(libc_a-strncpy.o)
                0x0800734c                strncpy
 .text.__locale_mb_cur_max
                0x080073b8        0xc d:/install/arm-none-eabi/bin/../lib/gcc/arm-none-eabi/12.3.1/thumb/v7-m/nofp\libg.a(libc_a-locale.o)
                0x080073b8                __locale_mb_cur_max
 .text._localeconv_r
                0x080073c4        0x8 d:/install/arm-none-eabi/bin/../lib/gcc/arm-none-eabi/12.3.1/thumb/v7-m/nofp\libg.a(libc_a-localeconv.o)
                0x080073c4                _localeconv_r
 .text._sbrk_r  0x080073cc       0x24 d:/install/arm-none-eabi/bin/../lib/gcc/arm-none-eabi/12.3.1/thumb/v7-m/nofp\libg.a(libc_a-sbrkr.o)
                0x080073cc                _sbrk_r
 .text.__libc_fini_array
                0x080073f0       0x28 d:/install/arm-none-eabi/bin/../lib/gcc/arm-none-eabi/12.3.1/thumb/v7-m/nofp\libg.a(libc_a-fini.o)
                0x080073f0                __libc_fini_array
 .text.sysconf  0x08007418       0x1c d:/install/arm-none-eabi/bin/../lib/gcc/arm-none-eabi/12.3.1/thumb/v7-m/nofp\libg.a(libc_a-sysconf.o)
                0x08007418                sysconf
 .text.memchr   0x08007434       0x98 d:/install/arm-none-eabi/bin/../lib/gcc/arm-none-eabi/12.3.1/thumb/v7-m/nofp\libg.a(libc_a-memchr-stub.o)
                0x08007434                memchr
 .text.frexp    0x080074cc       0x70 d:/install/arm-none-eabi/bin/../lib/gcc/arm-none-eabi/12.3.1/thumb/v7-m/nofp\libg.a(libm_a-s_frexp.o)
                0x080074cc                frexp
 .text.__register_exitproc
                0x0800753c       0x80 d:/install/arm-none-eabi/bin/../lib/gcc/arm-none-eabi/12.3.1/thumb/v7-m/nofp\libg.a(libc_a-__atexit.o)
                0x0800753c                __register_exitproc
 .text.quorem   0x080075bc      0x13c d:/install/arm-none-eabi/bin/../lib/gcc/arm-none-eabi/12.3.1/thumb/v7-m/nofp\libg.a(libc_a-dtoa.o)
 .text._dtoa_r  0x080076f8      0xe54 d:/install/arm-none-eabi/bin/../lib/gcc/arm-none-eabi/12.3.1/thumb/v7-m/nofp\libg.a(libc_a-dtoa.o)
                0x080076f8                _dtoa_r
 .text.__ascii_mbtowc
                0x0800854c       0x2c d:/install/arm-none-eabi/bin/../lib/gcc/arm-none-eabi/12.3.1/thumb/v7-m/nofp\libg.a(libc_a-mbtowc_r.o)
                0x0800854c                __ascii_mbtowc
 .text._Balloc  0x08008578       0x4c d:/install/arm-none-eabi/bin/../lib/gcc/arm-none-eabi/12.3.1/thumb/v7-m/nofp\libg.a(libc_a-mprec.o)
                0x08008578                _Balloc
 .text._Bfree   0x080085c4       0x14 d:/install/arm-none-eabi/bin/../lib/gcc/arm-none-eabi/12.3.1/thumb/v7-m/nofp\libg.a(libc_a-mprec.o)
                0x080085c4                _Bfree
 .text.__multadd
                0x080085d8       0xa4 d:/install/arm-none-eabi/bin/../lib/gcc/arm-none-eabi/12.3.1/thumb/v7-m/nofp\libg.a(libc_a-mprec.o)
                0x080085d8                __multadd
 .text.__hi0bits
                0x0800867c       0x44 d:/install/arm-none-eabi/bin/../lib/gcc/arm-none-eabi/12.3.1/thumb/v7-m/nofp\libg.a(libc_a-mprec.o)
                0x0800867c                __hi0bits
 .text.__lo0bits
                0x080086c0       0x5c d:/install/arm-none-eabi/bin/../lib/gcc/arm-none-eabi/12.3.1/thumb/v7-m/nofp\libg.a(libc_a-mprec.o)
                0x080086c0                __lo0bits
 .text.__i2b    0x0800871c       0x5c d:/install/arm-none-eabi/bin/../lib/gcc/arm-none-eabi/12.3.1/thumb/v7-m/nofp\libg.a(libc_a-mprec.o)
                0x0800871c                __i2b
 .text.__multiply
                0x08008778      0x164 d:/install/arm-none-eabi/bin/../lib/gcc/arm-none-eabi/12.3.1/thumb/v7-m/nofp\libg.a(libc_a-mprec.o)
                0x08008778                __multiply
 .text.__pow5mult
                0x080088dc       0xb4 d:/install/arm-none-eabi/bin/../lib/gcc/arm-none-eabi/12.3.1/thumb/v7-m/nofp\libg.a(libc_a-mprec.o)
                0x080088dc                __pow5mult
 .text.__lshift
                0x08008990       0xec d:/install/arm-none-eabi/bin/../lib/gcc/arm-none-eabi/12.3.1/thumb/v7-m/nofp\libg.a(libc_a-mprec.o)
                0x08008990                __lshift
 .text.__mcmp   0x08008a7c       0x40 d:/install/arm-none-eabi/bin/../lib/gcc/arm-none-eabi/12.3.1/thumb/v7-m/nofp\libg.a(libc_a-mprec.o)
                0x08008a7c                __mcmp
 .text.__mdiff  0x08008abc      0x160 d:/install/arm-none-eabi/bin/../lib/gcc/arm-none-eabi/12.3.1/thumb/v7-m/nofp\libg.a(libc_a-mprec.o)
                0x08008abc                __mdiff
 .text.__d2b    0x08008c1c       0xbc d:/install/arm-none-eabi/bin/../lib/gcc/arm-none-eabi/12.3.1/thumb/v7-m/nofp\libg.a(libc_a-mprec.o)
                0x08008c1c                __d2b
 .text._realloc_r
                0x08008cd8      0x34c d:/install/arm-none-eabi/bin/../lib/gcc/arm-none-eabi/12.3.1/thumb/v7-m/nofp\libg.a(libc_a-reallocr.o)
                0x08008cd8                _realloc_r
 .text.__ascii_wctomb
                0x08009024       0x1c d:/install/arm-none-eabi/bin/../lib/gcc/arm-none-eabi/12.3.1/thumb/v7-m/nofp\libg.a(libc_a-wctomb_r.o)
                0x08009024                __ascii_wctomb
 .text._wcrtomb_r
                0x08009040       0x4c d:/install/arm-none-eabi/bin/../lib/gcc/arm-none-eabi/12.3.1/thumb/v7-m/nofp\libg.a(libc_a-wcrtomb.o)
                0x08009040                _wcrtomb_r
 .text._wcsrtombs_r
                0x0800908c       0x18 d:/install/arm-none-eabi/bin/../lib/gcc/arm-none-eabi/12.3.1/thumb/v7-m/nofp\libg.a(libc_a-wcsrtombs.o)
                0x0800908c                _wcsrtombs_r
 .text.__smakebuf_r
                0x080090a4       0xdc d:/install/arm-none-eabi/bin/../lib/gcc/arm-none-eabi/12.3.1/thumb/v7-m/nofp\libg.a(libc_a-makebuf.o)
                0x080090a4                __smakebuf_r
 .text.__swbuf_r
                0x08009180       0xac d:/install/arm-none-eabi/bin/../lib/gcc/arm-none-eabi/12.3.1/thumb/v7-m/nofp\libg.a(libc_a-wbuf.o)
                0x08009180                __swbuf_r
 .text._fstat_r
                0x0800922c       0x28 d:/install/arm-none-eabi/bin/../lib/gcc/arm-none-eabi/12.3.1/thumb/v7-m/nofp\libg.a(libc_a-fstatr.o)
                0x0800922c                _fstat_r
 .text._isatty_r
                0x08009254       0x24 d:/install/arm-none-eabi/bin/../lib/gcc/arm-none-eabi/12.3.1/thumb/v7-m/nofp\libg.a(libc_a-isattyr.o)
                0x08009254                _isatty_r
 .text.__assert_func
                0x08009278       0x40 d:/install/arm-none-eabi/bin/../lib/gcc/arm-none-eabi/12.3.1/thumb/v7-m/nofp\libg.a(libc_a-assert.o)
                0x08009278                __assert_func
 .text._calloc_r
                0x080092b8       0x6c d:/install/arm-none-eabi/bin/../lib/gcc/arm-none-eabi/12.3.1/thumb/v7-m/nofp\libg.a(libc_a-callocr.o)
                0x080092b8                _calloc_r
 .text._wcsnrtombs_l
                0x08009324       0xec d:/install/arm-none-eabi/bin/../lib/gcc/arm-none-eabi/12.3.1/thumb/v7-m/nofp\libg.a(libc_a-wcsnrtombs.o)
                0x08009324                _wcsnrtombs_l
 .text._wcsnrtombs_r
                0x08009410       0x24 d:/install/arm-none-eabi/bin/../lib/gcc/arm-none-eabi/12.3.1/thumb/v7-m/nofp\libg.a(libc_a-wcsnrtombs.o)
                0x08009410                _wcsnrtombs_r
 .text.fiprintf
                0x08009434       0x28 d:/install/arm-none-eabi/bin/../lib/gcc/arm-none-eabi/12.3.1/thumb/v7-m/nofp\libg.a(libc_a-fiprintf.o)
                0x08009434                fiprintf
 .text.abort    0x0800945c       0x10 d:/install/arm-none-eabi/bin/../lib/gcc/arm-none-eabi/12.3.1/thumb/v7-m/nofp\libg.a(libc_a-abort.o)
                0x0800945c                abort
 .text.raise    0x0800946c       0x58 d:/install/arm-none-eabi/bin/../lib/gcc/arm-none-eabi/12.3.1/thumb/v7-m/nofp\libg.a(libc_a-signal.o)
                0x0800946c                raise
 .text._kill_r  0x080094c4       0x28 d:/install/arm-none-eabi/bin/../lib/gcc/arm-none-eabi/12.3.1/thumb/v7-m/nofp\libg.a(libc_a-signalr.o)
                0x080094c4                _kill_r
 .text._getpid_r
                0x080094ec        0x4 d:/install/arm-none-eabi/bin/../lib/gcc/arm-none-eabi/12.3.1/thumb/v7-m/nofp\libg.a(libc_a-signalr.o)
                0x080094ec                _getpid_r
 *(.glue_7)
 .glue_7        0x080094f0        0x0 linker stubs
 *(.glue_7t)
 .glue_7t       0x080094f0        0x0 linker stubs
 *(.eh_frame)
 .eh_frame      0x080094f0        0x0 d:/install/arm-none-eabi/bin/../lib/gcc/arm-none-eabi/12.3.1/thumb/v7-m/nofp/crtbegin.o
 *(.init)
 .init          0x080094f0        0x4 d:/install/arm-none-eabi/bin/../lib/gcc/arm-none-eabi/12.3.1/thumb/v7-m/nofp/crti.o
                0x080094f0                _init
 .init          0x080094f4        0x8 d:/install/arm-none-eabi/bin/../lib/gcc/arm-none-eabi/12.3.1/thumb/v7-m/nofp/crtn.o
 *(.fini)
 .fini          0x080094fc        0x4 d:/install/arm-none-eabi/bin/../lib/gcc/arm-none-eabi/12.3.1/thumb/v7-m/nofp/crti.o
                0x080094fc                _fini
 .fini          0x08009500        0x8 d:/install/arm-none-eabi/bin/../lib/gcc/arm-none-eabi/12.3.1/thumb/v7-m/nofp/crtn.o
                0x08009508                        . = ALIGN (0x4)
                0x08009508                        _etext = .

.vfp11_veneer   0x08009508        0x0
 .vfp11_veneer  0x08009508        0x0 linker stubs

.v4_bx          0x08009508        0x0
 .v4_bx         0x08009508        0x0 linker stubs

.iplt           0x08009508        0x0
 .iplt          0x08009508        0x0 d:/install/arm-none-eabi/bin/../lib/gcc/arm-none-eabi/12.3.1/thumb/v7-m/nofp/crtbegin.o

.rodata         0x08009508      0x53c
                0x08009508                        . = ALIGN (0x4)
 *(.rodata)
 .rodata        0x08009508        0x3 CMakeFiles/smart_car.elf.dir/Core/Src/main.c.obj
 *(.rodata*)
 *fill*         0x0800950b        0x1 
 .rodata.control_tick.str1.4
                0x0800950c       0xa2 CMakeFiles/smart_car.elf.dir/Core/Src/control.c.obj
 *fill*         0x080095ae        0x2 
 .rodata.HAL_GPIO_EXTI_Callback.str1.4
                0x080095b0       0x79 CMakeFiles/smart_car.elf.dir/Core/Src/global_it_cb.c.obj
 *fill*         0x08009629        0x3 
 .rodata.APBPrescTable
                0x0800962c        0x8 CMakeFiles/smart_car.elf.dir/Core/Src/system_stm32f1xx.c.obj
                0x0800962c                APBPrescTable
 .rodata.AHBPrescTable
                0x08009634       0x10 CMakeFiles/smart_car.elf.dir/Core/Src/system_stm32f1xx.c.obj
                0x08009634                AHBPrescTable
 .rodata.aPredivFactorTable.0
                0x08009644        0x2 CMakeFiles/smart_car.elf.dir/Drivers/STM32F1xx_HAL_Driver/Src/stm32f1xx_hal_rcc.c.obj
 *fill*         0x08009646        0x2 
 .rodata.aPLLMULFactorTable.1
                0x08009648       0x10 CMakeFiles/smart_car.elf.dir/Drivers/STM32F1xx_HAL_Driver/Src/stm32f1xx_hal_rcc.c.obj
 .rodata._puts_r.str1.4
                0x08009658        0x2 d:/install/arm-none-eabi/bin/../lib/gcc/arm-none-eabi/12.3.1/thumb/v7-m/nofp\libg.a(libc_a-puts.o)
 *fill*         0x0800965a        0x2 
 .rodata._vfprintf_r.str1.4
                0x0800965c       0x42 d:/install/arm-none-eabi/bin/../lib/gcc/arm-none-eabi/12.3.1/thumb/v7-m/nofp\libg.a(libc_a-vfprintf.o)
 *fill*         0x0800969e        0x2 
 .rodata.zeroes.0
                0x080096a0       0x10 d:/install/arm-none-eabi/bin/../lib/gcc/arm-none-eabi/12.3.1/thumb/v7-m/nofp\libg.a(libc_a-vfprintf.o)
 .rodata.blanks.1
                0x080096b0       0x10 d:/install/arm-none-eabi/bin/../lib/gcc/arm-none-eabi/12.3.1/thumb/v7-m/nofp\libg.a(libc_a-vfprintf.o)
 .rodata._vfiprintf_r.str1.4
                0x080096c0       0x2f d:/install/arm-none-eabi/bin/../lib/gcc/arm-none-eabi/12.3.1/thumb/v7-m/nofp\libg.a(libc_a-vfiprintf.o)
 .rodata.zeroes.0
                0x080096c0       0x10 d:/install/arm-none-eabi/bin/../lib/gcc/arm-none-eabi/12.3.1/thumb/v7-m/nofp\libg.a(libc_a-vfiprintf.o)
 .rodata.blanks.1
                0x080096d0       0x10 d:/install/arm-none-eabi/bin/../lib/gcc/arm-none-eabi/12.3.1/thumb/v7-m/nofp\libg.a(libc_a-vfiprintf.o)
 .rodata.str1.4
                0x080096e0       0x48 d:/install/arm-none-eabi/bin/../lib/gcc/arm-none-eabi/12.3.1/thumb/v7-m/nofp\libg.a(libc_a-locale.o)
                                 0x4c (size before relaxing)
 .rodata._dtoa_r.str1.4
                0x08009728       0x7d d:/install/arm-none-eabi/bin/../lib/gcc/arm-none-eabi/12.3.1/thumb/v7-m/nofp\libg.a(libc_a-dtoa.o)
                                 0x81 (size before relaxing)
 *fill*         0x080097a5        0x3 
 .rodata.__multadd.str1.4
                0x080097a8       0x5a d:/install/arm-none-eabi/bin/../lib/gcc/arm-none-eabi/12.3.1/thumb/v7-m/nofp\libg.a(libc_a-mprec.o)
                                 0x6e (size before relaxing)
 *fill*         0x08009802        0x2 
 .rodata.p05.0  0x08009804        0xc d:/install/arm-none-eabi/bin/../lib/gcc/arm-none-eabi/12.3.1/thumb/v7-m/nofp\libg.a(libc_a-mprec.o)
 .rodata.__mprec_bigtens
                0x08009810       0x28 d:/install/arm-none-eabi/bin/../lib/gcc/arm-none-eabi/12.3.1/thumb/v7-m/nofp\libg.a(libc_a-mprec.o)
                0x08009810                __mprec_bigtens
 .rodata.__mprec_tens
                0x08009838       0xc8 d:/install/arm-none-eabi/bin/../lib/gcc/arm-none-eabi/12.3.1/thumb/v7-m/nofp\libg.a(libc_a-mprec.o)
                0x08009838                __mprec_tens
 .rodata._ctype_
                0x08009900      0x101 d:/install/arm-none-eabi/bin/../lib/gcc/arm-none-eabi/12.3.1/thumb/v7-m/nofp\libg.a(libc_a-ctype_.o)
                0x08009900                _ctype_
 *fill*         0x08009a01        0x3 
 .rodata.__assert_func.str1.4
                0x08009a04       0x3f d:/install/arm-none-eabi/bin/../lib/gcc/arm-none-eabi/12.3.1/thumb/v7-m/nofp\libg.a(libc_a-assert.o)
                                 0x43 (size before relaxing)
                0x08009a44                        . = ALIGN (0x4)
 *fill*         0x08009a43        0x1 

.ARM.extab      0x08009a44        0x0
                0x08009a44                        . = ALIGN (0x4)
 *(.ARM.extab* .gnu.linkonce.armextab.*)
                0x08009a44                        . = ALIGN (0x4)

.ARM            0x08009a44        0x8
                0x08009a44                        . = ALIGN (0x4)
                0x08009a44                        __exidx_start = .
 *(.ARM.exidx*)
 .ARM.exidx     0x08009a44        0x8 d:/install/arm-none-eabi/bin/../lib/gcc/arm-none-eabi/12.3.1/thumb/v7-m/nofp\libg.a(libc_a-memcpy.o)
                0x08009a4c                        __exidx_end = .
                0x08009a4c                        . = ALIGN (0x4)

.rel.dyn        0x08009a4c        0x0
 .rel.iplt      0x08009a4c        0x0 d:/install/arm-none-eabi/bin/../lib/gcc/arm-none-eabi/12.3.1/thumb/v7-m/nofp/crtbegin.o

.preinit_array  0x08009a4c        0x0
                0x08009a4c                        . = ALIGN (0x4)
                0x08009a4c                        PROVIDE (__preinit_array_start = .)
 *(.preinit_array*)
                0x08009a4c                        PROVIDE (__preinit_array_end = .)
                0x08009a4c                        . = ALIGN (0x4)

.init_array     0x08009a4c        0x8
                0x08009a4c                        . = ALIGN (0x4)
                0x08009a4c                        PROVIDE (__init_array_start = .)
 *(SORT_BY_NAME(.init_array.*))
 .init_array.00000
                0x08009a4c        0x4 d:/install/arm-none-eabi/bin/../lib/gcc/arm-none-eabi/12.3.1/thumb/v7-m/nofp\libg.a(libc_a-__call_atexit.o)
 *(.init_array*)
 .init_array    0x08009a50        0x4 d:/install/arm-none-eabi/bin/../lib/gcc/arm-none-eabi/12.3.1/thumb/v7-m/nofp/crtbegin.o
                0x08009a54                        PROVIDE (__init_array_end = .)
                0x08009a54                        . = ALIGN (0x4)

.fini_array     0x08009a54        0x4
                0x08009a54                        . = ALIGN (0x4)
                0x08009a54                        PROVIDE (__fini_array_start = .)
 *(SORT_BY_NAME(.fini_array.*))
 *(.fini_array*)
 .fini_array    0x08009a54        0x4 d:/install/arm-none-eabi/bin/../lib/gcc/arm-none-eabi/12.3.1/thumb/v7-m/nofp/crtbegin.o
                0x08009a58                        PROVIDE (__fini_array_end = .)
                0x08009a58                        . = ALIGN (0x4)
                0x08009a58                        _sidata = LOADADDR (.data)

.data           0x20000000      0x6c4 load address 0x08009a58
                0x20000000                        . = ALIGN (0x4)
                0x20000000                        _sdata = .
 *(.data)
 *(.data*)
 .data.beeper_declipse
                0x20000000        0x2 CMakeFiles/smart_car.elf.dir/Core/Src/schedule.c.obj
 *fill*         0x20000002        0x2 
 .data.SystemCoreClock
                0x20000004        0x4 CMakeFiles/smart_car.elf.dir/Core/Src/system_stm32f1xx.c.obj
                0x20000004                SystemCoreClock
 .data.uwTickFreq
                0x20000008        0x1 CMakeFiles/smart_car.elf.dir/Drivers/STM32F1xx_HAL_Driver/Src/stm32f1xx_hal.c.obj
                0x20000008                uwTickFreq
 *fill*         0x20000009        0x3 
 .data.uwTickPrio
                0x2000000c        0x4 CMakeFiles/smart_car.elf.dir/Drivers/STM32F1xx_HAL_Driver/Src/stm32f1xx_hal.c.obj
                0x2000000c                uwTickPrio
 .data.__sglue  0x20000010        0xc d:/install/arm-none-eabi/bin/../lib/gcc/arm-none-eabi/12.3.1/thumb/v7-m/nofp\libg.a(libc_a-findfp.o)
                0x20000010                __sglue
 .data._impure_ptr
                0x2000001c        0x4 d:/install/arm-none-eabi/bin/../lib/gcc/arm-none-eabi/12.3.1/thumb/v7-m/nofp\libg.a(libc_a-impure.o)
                0x2000001c                _impure_ptr
 .data._impure_data
                0x20000020      0x120 d:/install/arm-none-eabi/bin/../lib/gcc/arm-none-eabi/12.3.1/thumb/v7-m/nofp\libg.a(libc_a-impure.o)
                0x20000020                _impure_data
 .data.__atexit_recursive_mutex
                0x20000140        0x4 d:/install/arm-none-eabi/bin/../lib/gcc/arm-none-eabi/12.3.1/thumb/v7-m/nofp\libg.a(libc_a-__call_atexit.o)
                0x20000140                __atexit_recursive_mutex
 .data.__malloc_sbrk_base
                0x20000144        0x4 d:/install/arm-none-eabi/bin/../lib/gcc/arm-none-eabi/12.3.1/thumb/v7-m/nofp\libg.a(libc_a-mallocr.o)
                0x20000144                __malloc_sbrk_base
 .data.__malloc_trim_threshold
                0x20000148        0x4 d:/install/arm-none-eabi/bin/../lib/gcc/arm-none-eabi/12.3.1/thumb/v7-m/nofp\libg.a(libc_a-mallocr.o)
                0x20000148                __malloc_trim_threshold
 *fill*         0x2000014c        0x4 
 .data.__malloc_av_
                0x20000150      0x408 d:/install/arm-none-eabi/bin/../lib/gcc/arm-none-eabi/12.3.1/thumb/v7-m/nofp\libg.a(libc_a-mallocr.o)
                0x20000150                __malloc_av_
 .data.__global_locale
                0x20000558      0x16c d:/install/arm-none-eabi/bin/../lib/gcc/arm-none-eabi/12.3.1/thumb/v7-m/nofp\libg.a(libc_a-locale.o)
                0x20000558                __global_locale
 *(.RamFunc)
 *(.RamFunc*)
                0x200006c4                        . = ALIGN (0x4)
                0x200006c4                        _edata = .

.tm_clone_table
                0x200006c4        0x0 load address 0x0800a11c
 .tm_clone_table
                0x200006c4        0x0 d:/install/arm-none-eabi/bin/../lib/gcc/arm-none-eabi/12.3.1/thumb/v7-m/nofp/crtbegin.o
 .tm_clone_table
                0x200006c4        0x0 d:/install/arm-none-eabi/bin/../lib/gcc/arm-none-eabi/12.3.1/thumb/v7-m/nofp/crtend.o

.igot.plt       0x200006c4        0x0 load address 0x0800a11c
 .igot.plt      0x200006c4        0x0 d:/install/arm-none-eabi/bin/../lib/gcc/arm-none-eabi/12.3.1/thumb/v7-m/nofp/crtbegin.o
                0x200006c4                        . = ALIGN (0x4)

.bss            0x200006c4      0x524 load address 0x0800a11c
                0x200006c4                        _sbss = .
                0x200006c4                        __bss_start__ = _sbss
 *(.bss)
 *(.bss*)
 .bss.completed.1
                0x200006c4        0x1 d:/install/arm-none-eabi/bin/../lib/gcc/arm-none-eabi/12.3.1/thumb/v7-m/nofp/crtbegin.o
 *fill*         0x200006c5        0x3 
 .bss.object.0  0x200006c8       0x18 d:/install/arm-none-eabi/bin/../lib/gcc/arm-none-eabi/12.3.1/thumb/v7-m/nofp/crtbegin.o
 .bss.beeper_dev
                0x200006e0       0x2a CMakeFiles/smart_car.elf.dir/Core/Src/beeper.c.obj
                0x200006e0                beeper_dev
 .bss.turn_left_flag
                0x2000070a        0x1 CMakeFiles/smart_car.elf.dir/Core/Src/control.c.obj
                0x2000070a                turn_left_flag
 .bss.turn_right_flag
                0x2000070b        0x1 CMakeFiles/smart_car.elf.dir/Core/Src/control.c.obj
                0x2000070b                turn_right_flag
 .bss.g_fac_us  0x2000070c        0x4 CMakeFiles/smart_car.elf.dir/Core/Src/delay.c.obj
 .bss.hc_sr04_dev
                0x20000710       0x14 CMakeFiles/smart_car.elf.dir/Core/Src/hc_sr04.c.obj
                0x20000710                hc_sr04_dev
 .bss.huart1    0x20000724       0x48 CMakeFiles/smart_car.elf.dir/Core/Src/main.c.obj
                0x20000724                huart1
 .bss.htim4     0x2000076c       0x48 CMakeFiles/smart_car.elf.dir/Core/Src/main.c.obj
                0x2000076c                htim4
 .bss.htim3     0x200007b4       0x48 CMakeFiles/smart_car.elf.dir/Core/Src/main.c.obj
                0x200007b4                htim3
 .bss.htim2     0x200007fc       0x48 CMakeFiles/smart_car.elf.dir/Core/Src/main.c.obj
                0x200007fc                htim2
 .bss.htim1     0x20000844       0x48 CMakeFiles/smart_car.elf.dir/Core/Src/main.c.obj
                0x20000844                htim1
 .bss.motor_dev
                0x2000088c       0x3e CMakeFiles/smart_car.elf.dir/Core/Src/motor.c.obj
                0x2000088c                motor_dev
 *fill*         0x200008ca        0x2 
 .bss.__sbrk_heap_end
                0x200008cc        0x4 CMakeFiles/smart_car.elf.dir/Core/Src/sysmem.c.obj
 .bss.uwTick    0x200008d0        0x4 CMakeFiles/smart_car.elf.dir/Drivers/STM32F1xx_HAL_Driver/Src/stm32f1xx_hal.c.obj
                0x200008d0                uwTick
 .bss.__sf      0x200008d4      0x138 d:/install/arm-none-eabi/bin/../lib/gcc/arm-none-eabi/12.3.1/thumb/v7-m/nofp\libg.a(libc_a-findfp.o)
                0x200008d4                __sf
 .bss.__stdio_exit_handler
                0x20000a0c        0x4 d:/install/arm-none-eabi/bin/../lib/gcc/arm-none-eabi/12.3.1/thumb/v7-m/nofp\libg.a(libc_a-findfp.o)
                0x20000a0c                __stdio_exit_handler
 .bss.errno     0x20000a10        0x4 d:/install/arm-none-eabi/bin/../lib/gcc/arm-none-eabi/12.3.1/thumb/v7-m/nofp\libg.a(libc_a-reent.o)
                0x20000a10                errno
 .bss.__lock___malloc_recursive_mutex
                0x20000a14        0x1 d:/install/arm-none-eabi/bin/../lib/gcc/arm-none-eabi/12.3.1/thumb/v7-m/nofp\libg.a(libc_a-lock.o)
                0x20000a14                __lock___malloc_recursive_mutex
 *fill*         0x20000a15        0x3 
 .bss.__lock___atexit_recursive_mutex
                0x20000a18        0x1 d:/install/arm-none-eabi/bin/../lib/gcc/arm-none-eabi/12.3.1/thumb/v7-m/nofp\libg.a(libc_a-lock.o)
                0x20000a18                __lock___atexit_recursive_mutex
 *fill*         0x20000a19        0x3 
 .bss.__lock___sfp_recursive_mutex
                0x20000a1c        0x1 d:/install/arm-none-eabi/bin/../lib/gcc/arm-none-eabi/12.3.1/thumb/v7-m/nofp\libg.a(libc_a-lock.o)
                0x20000a1c                __lock___sfp_recursive_mutex
 *fill*         0x20000a1d        0x3 
 .bss.__atexit  0x20000a20        0x4 d:/install/arm-none-eabi/bin/../lib/gcc/arm-none-eabi/12.3.1/thumb/v7-m/nofp\libg.a(libc_a-__call_atexit.o)
                0x20000a20                __atexit
 .bss.__malloc_current_mallinfo
                0x20000a24       0x28 d:/install/arm-none-eabi/bin/../lib/gcc/arm-none-eabi/12.3.1/thumb/v7-m/nofp\libg.a(libc_a-mallocr.o)
                0x20000a24                __malloc_current_mallinfo
 .bss.__malloc_max_total_mem
                0x20000a4c        0x4 d:/install/arm-none-eabi/bin/../lib/gcc/arm-none-eabi/12.3.1/thumb/v7-m/nofp\libg.a(libc_a-mallocr.o)
                0x20000a4c                __malloc_max_total_mem
 .bss.__malloc_max_sbrked_mem
                0x20000a50        0x4 d:/install/arm-none-eabi/bin/../lib/gcc/arm-none-eabi/12.3.1/thumb/v7-m/nofp\libg.a(libc_a-mallocr.o)
                0x20000a50                __malloc_max_sbrked_mem
 .bss.__malloc_top_pad
                0x20000a54        0x4 d:/install/arm-none-eabi/bin/../lib/gcc/arm-none-eabi/12.3.1/thumb/v7-m/nofp\libg.a(libc_a-mallocr.o)
                0x20000a54                __malloc_top_pad
 .bss.__atexit0
                0x20000a58      0x190 d:/install/arm-none-eabi/bin/../lib/gcc/arm-none-eabi/12.3.1/thumb/v7-m/nofp\libg.a(libc_a-__atexit.o)
                0x20000a58                __atexit0
 *(COMMON)
                0x20000be8                        . = ALIGN (0x4)
                0x20000be8                        _ebss = .
                0x20000be8                        __bss_end__ = _ebss

._user_heap_stack
                0x20000be8      0x600 load address 0x0800a11c
                0x20000be8                        . = ALIGN (0x8)
                [!provide]                        PROVIDE (end = .)
                0x20000be8                        PROVIDE (_end = .)
                0x20000de8                        . = (. + _Min_Heap_Size)
 *fill*         0x20000be8      0x200 
                0x200011e8                        . = (. + _Min_Stack_Size)
 *fill*         0x20000de8      0x400 
                0x200011e8                        . = ALIGN (0x8)

/DISCARD/
 libc.a(*)
 libm.a(*)
 libgcc.a(*)

.ARM.attributes
                0x00000000       0x29
 *(.ARM.attributes)
 .ARM.attributes
                0x00000000       0x1d d:/install/arm-none-eabi/bin/../lib/gcc/arm-none-eabi/12.3.1/thumb/v7-m/nofp/crti.o
 .ARM.attributes
                0x0000001d       0x2d d:/install/arm-none-eabi/bin/../lib/gcc/arm-none-eabi/12.3.1/thumb/v7-m/nofp/crtbegin.o
 .ARM.attributes
                0x0000004a       0x2d CMakeFiles/smart_car.elf.dir/Core/Src/beeper.c.obj
 .ARM.attributes
                0x00000077       0x2d CMakeFiles/smart_car.elf.dir/Core/Src/control.c.obj
 .ARM.attributes
                0x000000a4       0x2d CMakeFiles/smart_car.elf.dir/Core/Src/delay.c.obj
 .ARM.attributes
                0x000000d1       0x2d CMakeFiles/smart_car.elf.dir/Core/Src/fan.c.obj
 .ARM.attributes
                0x000000fe       0x2d CMakeFiles/smart_car.elf.dir/Core/Src/global_it_cb.c.obj
 .ARM.attributes
                0x0000012b       0x2d CMakeFiles/smart_car.elf.dir/Core/Src/hc_sr04.c.obj
 .ARM.attributes
                0x00000158       0x2d CMakeFiles/smart_car.elf.dir/Core/Src/main.c.obj
 .ARM.attributes
                0x00000185       0x2d CMakeFiles/smart_car.elf.dir/Core/Src/motor.c.obj
 .ARM.attributes
                0x000001b2       0x2d CMakeFiles/smart_car.elf.dir/Core/Src/patrol_line.c.obj
 .ARM.attributes
                0x000001df       0x2d CMakeFiles/smart_car.elf.dir/Core/Src/printf_redirect.c.obj
 .ARM.attributes
                0x0000020c       0x2d CMakeFiles/smart_car.elf.dir/Core/Src/schedule.c.obj
 .ARM.attributes
                0x00000239       0x2d CMakeFiles/smart_car.elf.dir/Core/Src/stm32f1xx_hal_msp.c.obj
 .ARM.attributes
                0x00000266       0x2d CMakeFiles/smart_car.elf.dir/Core/Src/stm32f1xx_it.c.obj
 .ARM.attributes
                0x00000293       0x2d CMakeFiles/smart_car.elf.dir/Core/Src/syscalls.c.obj
 .ARM.attributes
                0x000002c0       0x2d CMakeFiles/smart_car.elf.dir/Core/Src/sysmem.c.obj
 .ARM.attributes
                0x000002ed       0x2d CMakeFiles/smart_car.elf.dir/Core/Src/system_stm32f1xx.c.obj
 .ARM.attributes
                0x0000031a       0x21 CMakeFiles/smart_car.elf.dir/Core/Startup/startup_stm32f103c8tx.s.obj
 .ARM.attributes
                0x0000033b       0x2d CMakeFiles/smart_car.elf.dir/Drivers/STM32F1xx_HAL_Driver/Src/stm32f1xx_hal.c.obj
 .ARM.attributes
                0x00000368       0x2d CMakeFiles/smart_car.elf.dir/Drivers/STM32F1xx_HAL_Driver/Src/stm32f1xx_hal_cortex.c.obj
 .ARM.attributes
                0x00000395       0x2d CMakeFiles/smart_car.elf.dir/Drivers/STM32F1xx_HAL_Driver/Src/stm32f1xx_hal_gpio.c.obj
 .ARM.attributes
                0x000003c2       0x2d CMakeFiles/smart_car.elf.dir/Drivers/STM32F1xx_HAL_Driver/Src/stm32f1xx_hal_rcc.c.obj
 .ARM.attributes
                0x000003ef       0x2d CMakeFiles/smart_car.elf.dir/Drivers/STM32F1xx_HAL_Driver/Src/stm32f1xx_hal_tim.c.obj
 .ARM.attributes
                0x0000041c       0x2d CMakeFiles/smart_car.elf.dir/Drivers/STM32F1xx_HAL_Driver/Src/stm32f1xx_hal_tim_ex.c.obj
 .ARM.attributes
                0x00000449       0x2d CMakeFiles/smart_car.elf.dir/Drivers/STM32F1xx_HAL_Driver/Src/stm32f1xx_hal_uart.c.obj
 .ARM.attributes
                0x00000476       0x1d d:/install/arm-none-eabi/bin/../lib/gcc/arm-none-eabi/12.3.1/thumb/v7-m/nofp\libgcc.a(_arm_addsubdf3.o)
 .ARM.attributes
                0x00000493       0x1d d:/install/arm-none-eabi/bin/../lib/gcc/arm-none-eabi/12.3.1/thumb/v7-m/nofp\libgcc.a(_arm_fixunsdfsi.o)
 .ARM.attributes
                0x000004b0       0x2d d:/install/arm-none-eabi/bin/../lib/gcc/arm-none-eabi/12.3.1/thumb/v7-m/nofp\libg.a(libc_a-findfp.o)
 .ARM.attributes
                0x000004dd       0x2d d:/install/arm-none-eabi/bin/../lib/gcc/arm-none-eabi/12.3.1/thumb/v7-m/nofp\libg.a(libc_a-fwalk.o)
 .ARM.attributes
                0x0000050a       0x2d d:/install/arm-none-eabi/bin/../lib/gcc/arm-none-eabi/12.3.1/thumb/v7-m/nofp\libg.a(libc_a-printf.o)
 .ARM.attributes
                0x00000537       0x2d d:/install/arm-none-eabi/bin/../lib/gcc/arm-none-eabi/12.3.1/thumb/v7-m/nofp\libg.a(libc_a-puts.o)
 .ARM.attributes
                0x00000564       0x2d d:/install/arm-none-eabi/bin/../lib/gcc/arm-none-eabi/12.3.1/thumb/v7-m/nofp\libg.a(libc_a-stdio.o)
 .ARM.attributes
                0x00000591       0x2d d:/install/arm-none-eabi/bin/../lib/gcc/arm-none-eabi/12.3.1/thumb/v7-m/nofp\libg.a(libc_a-memset.o)
 .ARM.attributes
                0x000005be       0x2d d:/install/arm-none-eabi/bin/../lib/gcc/arm-none-eabi/12.3.1/thumb/v7-m/nofp\libg.a(libc_a-closer.o)
 .ARM.attributes
                0x000005eb       0x2d d:/install/arm-none-eabi/bin/../lib/gcc/arm-none-eabi/12.3.1/thumb/v7-m/nofp\libg.a(libc_a-reent.o)
 .ARM.attributes
                0x00000618       0x2d d:/install/arm-none-eabi/bin/../lib/gcc/arm-none-eabi/12.3.1/thumb/v7-m/nofp\libg.a(libc_a-impure.o)
 .ARM.attributes
                0x00000645       0x2d d:/install/arm-none-eabi/bin/../lib/gcc/arm-none-eabi/12.3.1/thumb/v7-m/nofp\libg.a(libc_a-lseekr.o)
 .ARM.attributes
                0x00000672       0x2d d:/install/arm-none-eabi/bin/../lib/gcc/arm-none-eabi/12.3.1/thumb/v7-m/nofp\libg.a(libc_a-readr.o)
 .ARM.attributes
                0x0000069f       0x2d d:/install/arm-none-eabi/bin/../lib/gcc/arm-none-eabi/12.3.1/thumb/v7-m/nofp\libg.a(libc_a-writer.o)
 .ARM.attributes
                0x000006cc       0x2d d:/install/arm-none-eabi/bin/../lib/gcc/arm-none-eabi/12.3.1/thumb/v7-m/nofp\libg.a(libc_a-errno.o)
 .ARM.attributes
                0x000006f9       0x2d d:/install/arm-none-eabi/bin/../lib/gcc/arm-none-eabi/12.3.1/thumb/v7-m/nofp\libg.a(libc_a-init.o)
 .ARM.attributes
                0x00000726       0x2d d:/install/arm-none-eabi/bin/../lib/gcc/arm-none-eabi/12.3.1/thumb/v7-m/nofp\libg.a(libc_a-lock.o)
 .ARM.attributes
                0x00000753       0x2d d:/install/arm-none-eabi/bin/../lib/gcc/arm-none-eabi/12.3.1/thumb/v7-m/nofp\libg.a(libc_a-strlen-stub.o)
 .ARM.attributes
                0x00000780       0x2d d:/install/arm-none-eabi/bin/../lib/gcc/arm-none-eabi/12.3.1/thumb/v7-m/nofp\libg.a(libc_a-__call_atexit.o)
 .ARM.attributes
                0x000007ad       0x2d d:/install/arm-none-eabi/bin/../lib/gcc/arm-none-eabi/12.3.1/thumb/v7-m/nofp\libg.a(libc_a-atexit.o)
 .ARM.attributes
                0x000007da       0x2d d:/install/arm-none-eabi/bin/../lib/gcc/arm-none-eabi/12.3.1/thumb/v7-m/nofp\libg.a(libc_a-freer.o)
 .ARM.attributes
                0x00000807       0x2d d:/install/arm-none-eabi/bin/../lib/gcc/arm-none-eabi/12.3.1/thumb/v7-m/nofp\libg.a(libc_a-mallocr.o)
 .ARM.attributes
                0x00000834       0x2d d:/install/arm-none-eabi/bin/../lib/gcc/arm-none-eabi/12.3.1/thumb/v7-m/nofp\libg.a(libc_a-mlock.o)
 .ARM.attributes
                0x00000861       0x2d d:/install/arm-none-eabi/bin/../lib/gcc/arm-none-eabi/12.3.1/thumb/v7-m/nofp\libg.a(libc_a-vfprintf.o)
 .ARM.attributes
                0x0000088e       0x2d d:/install/arm-none-eabi/bin/../lib/gcc/arm-none-eabi/12.3.1/thumb/v7-m/nofp\libg.a(libc_a-vfiprintf.o)
 .ARM.attributes
                0x000008bb       0x2d d:/install/arm-none-eabi/bin/../lib/gcc/arm-none-eabi/12.3.1/thumb/v7-m/nofp\libg.a(libc_a-fclose.o)
 .ARM.attributes
                0x000008e8       0x2d d:/install/arm-none-eabi/bin/../lib/gcc/arm-none-eabi/12.3.1/thumb/v7-m/nofp\libg.a(libc_a-fflush.o)
 .ARM.attributes
                0x00000915       0x2d d:/install/arm-none-eabi/bin/../lib/gcc/arm-none-eabi/12.3.1/thumb/v7-m/nofp\libg.a(libc_a-fvwrite.o)
 .ARM.attributes
                0x00000942       0x2d d:/install/arm-none-eabi/bin/../lib/gcc/arm-none-eabi/12.3.1/thumb/v7-m/nofp\libg.a(libc_a-wsetup.o)
 .ARM.attributes
                0x0000096f       0x2d d:/install/arm-none-eabi/bin/../lib/gcc/arm-none-eabi/12.3.1/thumb/v7-m/nofp\libg.a(libc_a-fputwc.o)
 .ARM.attributes
                0x0000099c       0x2d d:/install/arm-none-eabi/bin/../lib/gcc/arm-none-eabi/12.3.1/thumb/v7-m/nofp\libg.a(libc_a-memmove.o)
 .ARM.attributes
                0x000009c9       0x2d d:/install/arm-none-eabi/bin/../lib/gcc/arm-none-eabi/12.3.1/thumb/v7-m/nofp\libg.a(libc_a-strncpy.o)
 .ARM.attributes
                0x000009f6       0x2d d:/install/arm-none-eabi/bin/../lib/gcc/arm-none-eabi/12.3.1/thumb/v7-m/nofp\libg.a(libc_a-locale.o)
 .ARM.attributes
                0x00000a23       0x2d d:/install/arm-none-eabi/bin/../lib/gcc/arm-none-eabi/12.3.1/thumb/v7-m/nofp\libg.a(libc_a-localeconv.o)
 .ARM.attributes
                0x00000a50       0x2d d:/install/arm-none-eabi/bin/../lib/gcc/arm-none-eabi/12.3.1/thumb/v7-m/nofp\libg.a(libc_a-sbrkr.o)
 .ARM.attributes
                0x00000a7d       0x2d d:/install/arm-none-eabi/bin/../lib/gcc/arm-none-eabi/12.3.1/thumb/v7-m/nofp\libg.a(libc_a-fini.o)
 .ARM.attributes
                0x00000aaa       0x2d d:/install/arm-none-eabi/bin/../lib/gcc/arm-none-eabi/12.3.1/thumb/v7-m/nofp\libg.a(libc_a-sysconf.o)
 .ARM.attributes
                0x00000ad7       0x2d d:/install/arm-none-eabi/bin/../lib/gcc/arm-none-eabi/12.3.1/thumb/v7-m/nofp\libg.a(libc_a-memchr-stub.o)
 .ARM.attributes
                0x00000b04       0x1b d:/install/arm-none-eabi/bin/../lib/gcc/arm-none-eabi/12.3.1/thumb/v7-m/nofp\libg.a(libc_a-memcpy.o)
 .ARM.attributes
                0x00000b1f       0x2d d:/install/arm-none-eabi/bin/../lib/gcc/arm-none-eabi/12.3.1/thumb/v7-m/nofp\libg.a(libm_a-s_frexp.o)
 .ARM.attributes
                0x00000b4c       0x2d d:/install/arm-none-eabi/bin/../lib/gcc/arm-none-eabi/12.3.1/thumb/v7-m/nofp\libg.a(libc_a-__atexit.o)
 .ARM.attributes
                0x00000b79       0x2d d:/install/arm-none-eabi/bin/../lib/gcc/arm-none-eabi/12.3.1/thumb/v7-m/nofp\libg.a(libc_a-dtoa.o)
 .ARM.attributes
                0x00000ba6       0x2d d:/install/arm-none-eabi/bin/../lib/gcc/arm-none-eabi/12.3.1/thumb/v7-m/nofp\libg.a(libc_a-mbtowc_r.o)
 .ARM.attributes
                0x00000bd3       0x2d d:/install/arm-none-eabi/bin/../lib/gcc/arm-none-eabi/12.3.1/thumb/v7-m/nofp\libg.a(libc_a-mprec.o)
 .ARM.attributes
                0x00000c00       0x2d d:/install/arm-none-eabi/bin/../lib/gcc/arm-none-eabi/12.3.1/thumb/v7-m/nofp\libg.a(libc_a-reallocr.o)
 .ARM.attributes
                0x00000c2d       0x2d d:/install/arm-none-eabi/bin/../lib/gcc/arm-none-eabi/12.3.1/thumb/v7-m/nofp\libg.a(libc_a-wctomb_r.o)
 .ARM.attributes
                0x00000c5a       0x2d d:/install/arm-none-eabi/bin/../lib/gcc/arm-none-eabi/12.3.1/thumb/v7-m/nofp\libg.a(libc_a-wcrtomb.o)
 .ARM.attributes
                0x00000c87       0x2d d:/install/arm-none-eabi/bin/../lib/gcc/arm-none-eabi/12.3.1/thumb/v7-m/nofp\libg.a(libc_a-wcsrtombs.o)
 .ARM.attributes
                0x00000cb4       0x2d d:/install/arm-none-eabi/bin/../lib/gcc/arm-none-eabi/12.3.1/thumb/v7-m/nofp\libg.a(libc_a-ctype_.o)
 .ARM.attributes
                0x00000ce1       0x2d d:/install/arm-none-eabi/bin/../lib/gcc/arm-none-eabi/12.3.1/thumb/v7-m/nofp\libg.a(libc_a-makebuf.o)
 .ARM.attributes
                0x00000d0e       0x2d d:/install/arm-none-eabi/bin/../lib/gcc/arm-none-eabi/12.3.1/thumb/v7-m/nofp\libg.a(libc_a-wbuf.o)
 .ARM.attributes
                0x00000d3b       0x2d d:/install/arm-none-eabi/bin/../lib/gcc/arm-none-eabi/12.3.1/thumb/v7-m/nofp\libg.a(libc_a-fstatr.o)
 .ARM.attributes
                0x00000d68       0x2d d:/install/arm-none-eabi/bin/../lib/gcc/arm-none-eabi/12.3.1/thumb/v7-m/nofp\libg.a(libc_a-isattyr.o)
 .ARM.attributes
                0x00000d95       0x2d d:/install/arm-none-eabi/bin/../lib/gcc/arm-none-eabi/12.3.1/thumb/v7-m/nofp\libg.a(libc_a-assert.o)
 .ARM.attributes
                0x00000dc2       0x2d d:/install/arm-none-eabi/bin/../lib/gcc/arm-none-eabi/12.3.1/thumb/v7-m/nofp\libg.a(libc_a-callocr.o)
 .ARM.attributes
                0x00000def       0x2d d:/install/arm-none-eabi/bin/../lib/gcc/arm-none-eabi/12.3.1/thumb/v7-m/nofp\libg.a(libc_a-wcsnrtombs.o)
 .ARM.attributes
                0x00000e1c       0x2d d:/install/arm-none-eabi/bin/../lib/gcc/arm-none-eabi/12.3.1/thumb/v7-m/nofp\libg.a(libc_a-fiprintf.o)
 .ARM.attributes
                0x00000e49       0x2d d:/install/arm-none-eabi/bin/../lib/gcc/arm-none-eabi/12.3.1/thumb/v7-m/nofp\libg.a(libc_a-abort.o)
 .ARM.attributes
                0x00000e76       0x2d d:/install/arm-none-eabi/bin/../lib/gcc/arm-none-eabi/12.3.1/thumb/v7-m/nofp\libg.a(libc_a-signal.o)
 .ARM.attributes
                0x00000ea3       0x2d d:/install/arm-none-eabi/bin/../lib/gcc/arm-none-eabi/12.3.1/thumb/v7-m/nofp\libg.a(libc_a-signalr.o)
 .ARM.attributes
                0x00000ed0       0x1d d:/install/arm-none-eabi/bin/../lib/gcc/arm-none-eabi/12.3.1/thumb/v7-m/nofp\libgcc.a(_arm_muldivdf3.o)
 .ARM.attributes
                0x00000eed       0x1d d:/install/arm-none-eabi/bin/../lib/gcc/arm-none-eabi/12.3.1/thumb/v7-m/nofp\libgcc.a(_arm_cmpdf2.o)
 .ARM.attributes
                0x00000f0a       0x1d d:/install/arm-none-eabi/bin/../lib/gcc/arm-none-eabi/12.3.1/thumb/v7-m/nofp\libgcc.a(_arm_unorddf2.o)
 .ARM.attributes
                0x00000f27       0x1d d:/install/arm-none-eabi/bin/../lib/gcc/arm-none-eabi/12.3.1/thumb/v7-m/nofp\libgcc.a(_arm_fixdfsi.o)
 .ARM.attributes
                0x00000f44       0x2d d:/install/arm-none-eabi/bin/../lib/gcc/arm-none-eabi/12.3.1/thumb/v7-m/nofp/crtend.o
 .ARM.attributes
                0x00000f71       0x1d d:/install/arm-none-eabi/bin/../lib/gcc/arm-none-eabi/12.3.1/thumb/v7-m/nofp/crtn.o
OUTPUT(smart_car.elf elf32-littlearm)
LOAD linker stubs
LOAD d:/install/arm-none-eabi/bin/../lib/gcc/arm-none-eabi/12.3.1/thumb/v7-m/nofp\libc.a
LOAD d:/install/arm-none-eabi/bin/../lib/gcc/arm-none-eabi/12.3.1/thumb/v7-m/nofp\libm.a
LOAD d:/install/arm-none-eabi/bin/../lib/gcc/arm-none-eabi/12.3.1/thumb/v7-m/nofp\libgcc.a

.debug_info     0x00000000    0x123bd
 .debug_info    0x00000000      0x464 CMakeFiles/smart_car.elf.dir/Core/Src/beeper.c.obj
 .debug_info    0x00000464      0x1ec CMakeFiles/smart_car.elf.dir/Core/Src/control.c.obj
 .debug_info    0x00000650      0x287 CMakeFiles/smart_car.elf.dir/Core/Src/delay.c.obj
 .debug_info    0x000008d7      0x1c2 CMakeFiles/smart_car.elf.dir/Core/Src/fan.c.obj
 .debug_info    0x00000a99      0x334 CMakeFiles/smart_car.elf.dir/Core/Src/global_it_cb.c.obj
 .debug_info    0x00000dcd      0x313 CMakeFiles/smart_car.elf.dir/Core/Src/hc_sr04.c.obj
 .debug_info    0x000010e0     0x188b CMakeFiles/smart_car.elf.dir/Core/Src/main.c.obj
 .debug_info    0x0000296b      0xb1a CMakeFiles/smart_car.elf.dir/Core/Src/motor.c.obj
 .debug_info    0x00003485      0x214 CMakeFiles/smart_car.elf.dir/Core/Src/patrol_line.c.obj
 .debug_info    0x00003699      0x5fc CMakeFiles/smart_car.elf.dir/Core/Src/printf_redirect.c.obj
 .debug_info    0x00003c95      0x989 CMakeFiles/smart_car.elf.dir/Core/Src/schedule.c.obj
 .debug_info    0x0000461e      0xf95 CMakeFiles/smart_car.elf.dir/Core/Src/stm32f1xx_hal_msp.c.obj
 .debug_info    0x000055b3      0x857 CMakeFiles/smart_car.elf.dir/Core/Src/stm32f1xx_it.c.obj
 .debug_info    0x00005e0a      0x783 CMakeFiles/smart_car.elf.dir/Core/Src/syscalls.c.obj
 .debug_info    0x0000658d      0x171 CMakeFiles/smart_car.elf.dir/Core/Src/sysmem.c.obj
 .debug_info    0x000066fe      0x22d CMakeFiles/smart_car.elf.dir/Core/Src/system_stm32f1xx.c.obj
 .debug_info    0x0000692b       0x30 CMakeFiles/smart_car.elf.dir/Core/Startup/startup_stm32f103c8tx.s.obj
 .debug_info    0x0000695b      0x7a2 CMakeFiles/smart_car.elf.dir/Drivers/STM32F1xx_HAL_Driver/Src/stm32f1xx_hal.c.obj
 .debug_info    0x000070fd      0xcad CMakeFiles/smart_car.elf.dir/Drivers/STM32F1xx_HAL_Driver/Src/stm32f1xx_hal_cortex.c.obj
 .debug_info    0x00007daa      0x604 CMakeFiles/smart_car.elf.dir/Drivers/STM32F1xx_HAL_Driver/Src/stm32f1xx_hal_gpio.c.obj
 .debug_info    0x000083ae      0x9c7 CMakeFiles/smart_car.elf.dir/Drivers/STM32F1xx_HAL_Driver/Src/stm32f1xx_hal_rcc.c.obj
 .debug_info    0x00008d75     0x3b74 CMakeFiles/smart_car.elf.dir/Drivers/STM32F1xx_HAL_Driver/Src/stm32f1xx_hal_tim.c.obj
 .debug_info    0x0000c8e9     0x1a88 CMakeFiles/smart_car.elf.dir/Drivers/STM32F1xx_HAL_Driver/Src/stm32f1xx_hal_tim_ex.c.obj
 .debug_info    0x0000e371     0x404c CMakeFiles/smart_car.elf.dir/Drivers/STM32F1xx_HAL_Driver/Src/stm32f1xx_hal_uart.c.obj

.debug_abbrev   0x00000000     0x2cc2
 .debug_abbrev  0x00000000      0x1ca CMakeFiles/smart_car.elf.dir/Core/Src/beeper.c.obj
 .debug_abbrev  0x000001ca      0x10b CMakeFiles/smart_car.elf.dir/Core/Src/control.c.obj
 .debug_abbrev  0x000002d5      0x149 CMakeFiles/smart_car.elf.dir/Core/Src/delay.c.obj
 .debug_abbrev  0x0000041e      0x107 CMakeFiles/smart_car.elf.dir/Core/Src/fan.c.obj
 .debug_abbrev  0x00000525      0x164 CMakeFiles/smart_car.elf.dir/Core/Src/global_it_cb.c.obj
 .debug_abbrev  0x00000689      0x1f1 CMakeFiles/smart_car.elf.dir/Core/Src/hc_sr04.c.obj
 .debug_abbrev  0x0000087a      0x2f2 CMakeFiles/smart_car.elf.dir/Core/Src/main.c.obj
 .debug_abbrev  0x00000b6c      0x20e CMakeFiles/smart_car.elf.dir/Core/Src/motor.c.obj
 .debug_abbrev  0x00000d7a      0x111 CMakeFiles/smart_car.elf.dir/Core/Src/patrol_line.c.obj
 .debug_abbrev  0x00000e8b      0x186 CMakeFiles/smart_car.elf.dir/Core/Src/printf_redirect.c.obj
 .debug_abbrev  0x00001011      0x227 CMakeFiles/smart_car.elf.dir/Core/Src/schedule.c.obj
 .debug_abbrev  0x00001238      0x253 CMakeFiles/smart_car.elf.dir/Core/Src/stm32f1xx_hal_msp.c.obj
 .debug_abbrev  0x0000148b      0x1fa CMakeFiles/smart_car.elf.dir/Core/Src/stm32f1xx_it.c.obj
 .debug_abbrev  0x00001685      0x1c1 CMakeFiles/smart_car.elf.dir/Core/Src/syscalls.c.obj
 .debug_abbrev  0x00001846       0xea CMakeFiles/smart_car.elf.dir/Core/Src/sysmem.c.obj
 .debug_abbrev  0x00001930      0x143 CMakeFiles/smart_car.elf.dir/Core/Src/system_stm32f1xx.c.obj
 .debug_abbrev  0x00001a73       0x24 CMakeFiles/smart_car.elf.dir/Core/Startup/startup_stm32f103c8tx.s.obj
 .debug_abbrev  0x00001a97      0x22d CMakeFiles/smart_car.elf.dir/Drivers/STM32F1xx_HAL_Driver/Src/stm32f1xx_hal.c.obj
 .debug_abbrev  0x00001cc4      0x36d CMakeFiles/smart_car.elf.dir/Drivers/STM32F1xx_HAL_Driver/Src/stm32f1xx_hal_cortex.c.obj
 .debug_abbrev  0x00002031      0x1f7 CMakeFiles/smart_car.elf.dir/Drivers/STM32F1xx_HAL_Driver/Src/stm32f1xx_hal_gpio.c.obj
 .debug_abbrev  0x00002228      0x2a0 CMakeFiles/smart_car.elf.dir/Drivers/STM32F1xx_HAL_Driver/Src/stm32f1xx_hal_rcc.c.obj
 .debug_abbrev  0x000024c8      0x270 CMakeFiles/smart_car.elf.dir/Drivers/STM32F1xx_HAL_Driver/Src/stm32f1xx_hal_tim.c.obj
 .debug_abbrev  0x00002738      0x26e CMakeFiles/smart_car.elf.dir/Drivers/STM32F1xx_HAL_Driver/Src/stm32f1xx_hal_tim_ex.c.obj
 .debug_abbrev  0x000029a6      0x31c CMakeFiles/smart_car.elf.dir/Drivers/STM32F1xx_HAL_Driver/Src/stm32f1xx_hal_uart.c.obj

.debug_loclists
                0x00000000     0x8419
 .debug_loclists
                0x00000000       0x41 CMakeFiles/smart_car.elf.dir/Core/Src/beeper.c.obj
 .debug_loclists
                0x00000041       0x17 CMakeFiles/smart_car.elf.dir/Core/Src/control.c.obj
 .debug_loclists
                0x00000058       0xf6 CMakeFiles/smart_car.elf.dir/Core/Src/delay.c.obj
 .debug_loclists
                0x0000014e       0x92 CMakeFiles/smart_car.elf.dir/Core/Src/global_it_cb.c.obj
 .debug_loclists
                0x000001e0       0x9f CMakeFiles/smart_car.elf.dir/Core/Src/motor.c.obj
 .debug_loclists
                0x0000027f       0x36 CMakeFiles/smart_car.elf.dir/Core/Src/patrol_line.c.obj
 .debug_loclists
                0x000002b5       0x55 CMakeFiles/smart_car.elf.dir/Core/Src/printf_redirect.c.obj
 .debug_loclists
                0x0000030a       0x35 CMakeFiles/smart_car.elf.dir/Core/Src/schedule.c.obj
 .debug_loclists
                0x0000033f      0x152 CMakeFiles/smart_car.elf.dir/Core/Src/stm32f1xx_hal_msp.c.obj
 .debug_loclists
                0x00000491      0x25b CMakeFiles/smart_car.elf.dir/Core/Src/syscalls.c.obj
 .debug_loclists
                0x000006ec       0x46 CMakeFiles/smart_car.elf.dir/Core/Src/sysmem.c.obj
 .debug_loclists
                0x00000732       0xa5 CMakeFiles/smart_car.elf.dir/Core/Src/system_stm32f1xx.c.obj
 .debug_loclists
                0x000007d7       0xc9 CMakeFiles/smart_car.elf.dir/Drivers/STM32F1xx_HAL_Driver/Src/stm32f1xx_hal.c.obj
 .debug_loclists
                0x000008a0      0x422 CMakeFiles/smart_car.elf.dir/Drivers/STM32F1xx_HAL_Driver/Src/stm32f1xx_hal_cortex.c.obj
 .debug_loclists
                0x00000cc2      0x2e8 CMakeFiles/smart_car.elf.dir/Drivers/STM32F1xx_HAL_Driver/Src/stm32f1xx_hal_gpio.c.obj
 .debug_loclists
                0x00000faa      0x3f8 CMakeFiles/smart_car.elf.dir/Drivers/STM32F1xx_HAL_Driver/Src/stm32f1xx_hal_rcc.c.obj
 .debug_loclists
                0x000013a2     0x3332 CMakeFiles/smart_car.elf.dir/Drivers/STM32F1xx_HAL_Driver/Src/stm32f1xx_hal_tim.c.obj
 .debug_loclists
                0x000046d4     0x124c CMakeFiles/smart_car.elf.dir/Drivers/STM32F1xx_HAL_Driver/Src/stm32f1xx_hal_tim_ex.c.obj
 .debug_loclists
                0x00005920     0x2af9 CMakeFiles/smart_car.elf.dir/Drivers/STM32F1xx_HAL_Driver/Src/stm32f1xx_hal_uart.c.obj

.debug_aranges  0x00000000      0xde8
 .debug_aranges
                0x00000000       0x38 CMakeFiles/smart_car.elf.dir/Core/Src/beeper.c.obj
 .debug_aranges
                0x00000038       0x20 CMakeFiles/smart_car.elf.dir/Core/Src/control.c.obj
 .debug_aranges
                0x00000058       0x38 CMakeFiles/smart_car.elf.dir/Core/Src/delay.c.obj
 .debug_aranges
                0x00000090       0x28 CMakeFiles/smart_car.elf.dir/Core/Src/fan.c.obj
 .debug_aranges
                0x000000b8       0x20 CMakeFiles/smart_car.elf.dir/Core/Src/global_it_cb.c.obj
 .debug_aranges
                0x000000d8       0x40 CMakeFiles/smart_car.elf.dir/Core/Src/hc_sr04.c.obj
 .debug_aranges
                0x00000118       0x60 CMakeFiles/smart_car.elf.dir/Core/Src/main.c.obj
 .debug_aranges
                0x00000178       0x38 CMakeFiles/smart_car.elf.dir/Core/Src/motor.c.obj
 .debug_aranges
                0x000001b0       0x20 CMakeFiles/smart_car.elf.dir/Core/Src/patrol_line.c.obj
 .debug_aranges
                0x000001d0       0x20 CMakeFiles/smart_car.elf.dir/Core/Src/printf_redirect.c.obj
 .debug_aranges
                0x000001f0       0x30 CMakeFiles/smart_car.elf.dir/Core/Src/schedule.c.obj
 .debug_aranges
                0x00000220       0x58 CMakeFiles/smart_car.elf.dir/Core/Src/stm32f1xx_hal_msp.c.obj
 .debug_aranges
                0x00000278       0x90 CMakeFiles/smart_car.elf.dir/Core/Src/stm32f1xx_it.c.obj
 .debug_aranges
                0x00000308       0xa8 CMakeFiles/smart_car.elf.dir/Core/Src/syscalls.c.obj
 .debug_aranges
                0x000003b0       0x20 CMakeFiles/smart_car.elf.dir/Core/Src/sysmem.c.obj
 .debug_aranges
                0x000003d0       0x28 CMakeFiles/smart_car.elf.dir/Core/Src/system_stm32f1xx.c.obj
 .debug_aranges
                0x000003f8       0x28 CMakeFiles/smart_car.elf.dir/Core/Startup/startup_stm32f103c8tx.s.obj
 .debug_aranges
                0x00000420       0xe0 CMakeFiles/smart_car.elf.dir/Drivers/STM32F1xx_HAL_Driver/Src/stm32f1xx_hal.c.obj
 .debug_aranges
                0x00000500       0xc0 CMakeFiles/smart_car.elf.dir/Drivers/STM32F1xx_HAL_Driver/Src/stm32f1xx_hal_cortex.c.obj
 .debug_aranges
                0x000005c0       0x58 CMakeFiles/smart_car.elf.dir/Drivers/STM32F1xx_HAL_Driver/Src/stm32f1xx_hal_gpio.c.obj
 .debug_aranges
                0x00000618       0x90 CMakeFiles/smart_car.elf.dir/Drivers/STM32F1xx_HAL_Driver/Src/stm32f1xx_hal_rcc.c.obj
 .debug_aranges
                0x000006a8      0x3d0 CMakeFiles/smart_car.elf.dir/Drivers/STM32F1xx_HAL_Driver/Src/stm32f1xx_hal_tim.c.obj
 .debug_aranges
                0x00000a78      0x168 CMakeFiles/smart_car.elf.dir/Drivers/STM32F1xx_HAL_Driver/Src/stm32f1xx_hal_tim_ex.c.obj
 .debug_aranges
                0x00000be0      0x208 CMakeFiles/smart_car.elf.dir/Drivers/STM32F1xx_HAL_Driver/Src/stm32f1xx_hal_uart.c.obj

.debug_rnglists
                0x00000000      0xa72
 .debug_rnglists
                0x00000000       0x26 CMakeFiles/smart_car.elf.dir/Core/Src/beeper.c.obj
 .debug_rnglists
                0x00000026       0x14 CMakeFiles/smart_car.elf.dir/Core/Src/control.c.obj
 .debug_rnglists
                0x0000003a       0x25 CMakeFiles/smart_car.elf.dir/Core/Src/delay.c.obj
 .debug_rnglists
                0x0000005f       0x19 CMakeFiles/smart_car.elf.dir/Core/Src/fan.c.obj
 .debug_rnglists
                0x00000078       0x14 CMakeFiles/smart_car.elf.dir/Core/Src/global_it_cb.c.obj
 .debug_rnglists
                0x0000008c       0x2b CMakeFiles/smart_car.elf.dir/Core/Src/hc_sr04.c.obj
 .debug_rnglists
                0x000000b7       0x47 CMakeFiles/smart_car.elf.dir/Core/Src/main.c.obj
 .debug_rnglists
                0x000000fe       0x26 CMakeFiles/smart_car.elf.dir/Core/Src/motor.c.obj
 .debug_rnglists
                0x00000124       0x13 CMakeFiles/smart_car.elf.dir/Core/Src/patrol_line.c.obj
 .debug_rnglists
                0x00000137       0x13 CMakeFiles/smart_car.elf.dir/Core/Src/printf_redirect.c.obj
 .debug_rnglists
                0x0000014a       0x20 CMakeFiles/smart_car.elf.dir/Core/Src/schedule.c.obj
 .debug_rnglists
                0x0000016a       0x3f CMakeFiles/smart_car.elf.dir/Core/Src/stm32f1xx_hal_msp.c.obj
 .debug_rnglists
                0x000001a9       0x67 CMakeFiles/smart_car.elf.dir/Core/Src/stm32f1xx_it.c.obj
 .debug_rnglists
                0x00000210       0x79 CMakeFiles/smart_car.elf.dir/Core/Src/syscalls.c.obj
 .debug_rnglists
                0x00000289       0x13 CMakeFiles/smart_car.elf.dir/Core/Src/sysmem.c.obj
 .debug_rnglists
                0x0000029c       0x1a CMakeFiles/smart_car.elf.dir/Core/Src/system_stm32f1xx.c.obj
 .debug_rnglists
                0x000002b6       0x19 CMakeFiles/smart_car.elf.dir/Core/Startup/startup_stm32f103c8tx.s.obj
 .debug_rnglists
                0x000002cf       0xa3 CMakeFiles/smart_car.elf.dir/Drivers/STM32F1xx_HAL_Driver/Src/stm32f1xx_hal.c.obj
 .debug_rnglists
                0x00000372       0x8b CMakeFiles/smart_car.elf.dir/Drivers/STM32F1xx_HAL_Driver/Src/stm32f1xx_hal_cortex.c.obj
 .debug_rnglists
                0x000003fd       0x3f CMakeFiles/smart_car.elf.dir/Drivers/STM32F1xx_HAL_Driver/Src/stm32f1xx_hal_gpio.c.obj
 .debug_rnglists
                0x0000043c       0x7d CMakeFiles/smart_car.elf.dir/Drivers/STM32F1xx_HAL_Driver/Src/stm32f1xx_hal_rcc.c.obj
 .debug_rnglists
                0x000004b9      0x2fe CMakeFiles/smart_car.elf.dir/Drivers/STM32F1xx_HAL_Driver/Src/stm32f1xx_hal_tim.c.obj
 .debug_rnglists
                0x000007b7      0x11a CMakeFiles/smart_car.elf.dir/Drivers/STM32F1xx_HAL_Driver/Src/stm32f1xx_hal_tim_ex.c.obj
 .debug_rnglists
                0x000008d1      0x1a1 CMakeFiles/smart_car.elf.dir/Drivers/STM32F1xx_HAL_Driver/Src/stm32f1xx_hal_uart.c.obj

.debug_line     0x00000000     0xf8e7
 .debug_line    0x00000000      0x269 CMakeFiles/smart_car.elf.dir/Core/Src/beeper.c.obj
 .debug_line    0x00000269      0x1b9 CMakeFiles/smart_car.elf.dir/Core/Src/control.c.obj
 .debug_line    0x00000422      0x288 CMakeFiles/smart_car.elf.dir/Core/Src/delay.c.obj
 .debug_line    0x000006aa      0x1bc CMakeFiles/smart_car.elf.dir/Core/Src/fan.c.obj
 .debug_line    0x00000866      0x287 CMakeFiles/smart_car.elf.dir/Core/Src/global_it_cb.c.obj
 .debug_line    0x00000aed      0x26b CMakeFiles/smart_car.elf.dir/Core/Src/hc_sr04.c.obj
 .debug_line    0x00000d58      0x91f CMakeFiles/smart_car.elf.dir/Core/Src/main.c.obj
 .debug_line    0x00001677      0x328 CMakeFiles/smart_car.elf.dir/Core/Src/motor.c.obj
 .debug_line    0x0000199f      0x1fa CMakeFiles/smart_car.elf.dir/Core/Src/patrol_line.c.obj
 .debug_line    0x00001b99      0x1e7 CMakeFiles/smart_car.elf.dir/Core/Src/printf_redirect.c.obj
 .debug_line    0x00001d80      0x366 CMakeFiles/smart_car.elf.dir/Core/Src/schedule.c.obj
 .debug_line    0x000020e6      0x49d CMakeFiles/smart_car.elf.dir/Core/Src/stm32f1xx_hal_msp.c.obj
 .debug_line    0x00002583      0x3dd CMakeFiles/smart_car.elf.dir/Core/Src/stm32f1xx_it.c.obj
 .debug_line    0x00002960      0x3d0 CMakeFiles/smart_car.elf.dir/Core/Src/syscalls.c.obj
 .debug_line    0x00002d30      0x194 CMakeFiles/smart_car.elf.dir/Core/Src/sysmem.c.obj