Archive member included to satisfy reference by file (symbol)

d:/install/arm-none-eabi/bin/../lib/gcc/arm-none-eabi/12.3.1/thumb/v7-m/nofp\libgcc.a(_arm_muldf3.o)
                              CMakeFiles/smart_car.elf.dir/Core/Src/global_it_cb.c.obj (__aeabi_dmul)
d:/install/arm-none-eabi/bin/../lib/gcc/arm-none-eabi/12.3.1/thumb/v7-m/nofp\libgcc.a(_arm_mulsf3.o)
                              CMakeFiles/smart_car.elf.dir/Core/Src/pid.c.obj (__aeabi_fmul)
d:/install/arm-none-eabi/bin/../lib/gcc/arm-none-eabi/12.3.1/thumb/v7-m/nofp\libgcc.a(_arm_addsubdf3.o)
                              CMakeFiles/smart_car.elf.dir/Core/Src/global_it_cb.c.obj (__aeabi_dsub)
d:/install/arm-none-eabi/bin/../lib/gcc/arm-none-eabi/12.3.1/thumb/v7-m/nofp\libgcc.a(_arm_fixunsdfsi.o)
                              CMakeFiles/smart_car.elf.dir/Core/Src/global_it_cb.c.obj (__aeabi_d2uiz)
d:/install/arm-none-eabi/bin/../lib/gcc/arm-none-eabi/12.3.1/thumb/v7-m/nofp\libgcc.a(_arm_addsubsf3.o)
                              CMakeFiles/smart_car.elf.dir/Core/Src/pid.c.obj (__aeabi_fsub)
d:/install/arm-none-eabi/bin/../lib/gcc/arm-none-eabi/12.3.1/thumb/v7-m/nofp\libgcc.a(_arm_muldivsf3.o)
                              CMakeFiles/smart_car.elf.dir/Core/Src/servor.c.obj (__aeabi_fdiv)
d:/install/arm-none-eabi/bin/../lib/gcc/arm-none-eabi/12.3.1/thumb/v7-m/nofp\libgcc.a(_arm_cmpsf2.o)
                              CMakeFiles/smart_car.elf.dir/Core/Src/pid.c.obj (__aeabi_fcmple)
d:/install/arm-none-eabi/bin/../lib/gcc/arm-none-eabi/12.3.1/thumb/v7-m/nofp\libgcc.a(_arm_fixunssfsi.o)
                              CMakeFiles/smart_car.elf.dir/Core/Src/pid.c.obj (__aeabi_f2uiz)
d:/install/arm-none-eabi/bin/../lib/gcc/arm-none-eabi/12.3.1/thumb/v7-m/nofp\libg.a(libc_a-exit.o)
                              d:/install/arm-none-eabi/bin/../lib/gcc/arm-none-eabi/12.3.1/thumb/v7-m/nofp/crt0.o (exit)
d:/install/arm-none-eabi/bin/../lib/gcc/arm-none-eabi/12.3.1/thumb/v7-m/nofp\libg.a(libc_a-findfp.o)
                              d:/install/arm-none-eabi/bin/../lib/gcc/arm-none-eabi/12.3.1/thumb/v7-m/nofp\libg.a(libc_a-exit.o) (__stdio_exit_handler)
d:/install/arm-none-eabi/bin/../lib/gcc/arm-none-eabi/12.3.1/thumb/v7-m/nofp\libg.a(libc_a-fwalk.o)
                              d:/install/arm-none-eabi/bin/../lib/gcc/arm-none-eabi/12.3.1/thumb/v7-m/nofp\libg.a(libc_a-findfp.o) (_fwalk_sglue)
d:/install/arm-none-eabi/bin/../lib/gcc/arm-none-eabi/12.3.1/thumb/v7-m/nofp\libg.a(libc_a-puts.o)
                              CMakeFiles/smart_car.elf.dir/Core/Src/motor.c.obj (puts)
d:/install/arm-none-eabi/bin/../lib/gcc/arm-none-eabi/12.3.1/thumb/v7-m/nofp\libg.a(libc_a-stdio.o)
                              d:/install/arm-none-eabi/bin/../lib/gcc/arm-none-eabi/12.3.1/thumb/v7-m/nofp\libg.a(libc_a-findfp.o) (__sread)
d:/install/arm-none-eabi/bin/../lib/gcc/arm-none-eabi/12.3.1/thumb/v7-m/nofp\libg.a(libc_a-memset.o)
                              d:/install/arm-none-eabi/bin/../lib/gcc/arm-none-eabi/12.3.1/thumb/v7-m/nofp/crt0.o (memset)
d:/install/arm-none-eabi/bin/../lib/gcc/arm-none-eabi/12.3.1/thumb/v7-m/nofp\libg.a(libc_a-closer.o)
                              d:/install/arm-none-eabi/bin/../lib/gcc/arm-none-eabi/12.3.1/thumb/v7-m/nofp\libg.a(libc_a-stdio.o) (_close_r)
d:/install/arm-none-eabi/bin/../lib/gcc/arm-none-eabi/12.3.1/thumb/v7-m/nofp\libg.a(libc_a-reent.o)
                              d:/install/arm-none-eabi/bin/../lib/gcc/arm-none-eabi/12.3.1/thumb/v7-m/nofp\libg.a(libc_a-closer.o) (errno)
d:/install/arm-none-eabi/bin/../lib/gcc/arm-none-eabi/12.3.1/thumb/v7-m/nofp\libg.a(libc_a-impure.o)
                              d:/install/arm-none-eabi/bin/../lib/gcc/arm-none-eabi/12.3.1/thumb/v7-m/nofp\libg.a(libc_a-puts.o) (_impure_ptr)
d:/install/arm-none-eabi/bin/../lib/gcc/arm-none-eabi/12.3.1/thumb/v7-m/nofp\libg.a(libc_a-lseekr.o)
                              d:/install/arm-none-eabi/bin/../lib/gcc/arm-none-eabi/12.3.1/thumb/v7-m/nofp\libg.a(libc_a-stdio.o) (_lseek_r)
d:/install/arm-none-eabi/bin/../lib/gcc/arm-none-eabi/12.3.1/thumb/v7-m/nofp\libg.a(libc_a-readr.o)
                              d:/install/arm-none-eabi/bin/../lib/gcc/arm-none-eabi/12.3.1/thumb/v7-m/nofp\libg.a(libc_a-stdio.o) (_read_r)
d:/install/arm-none-eabi/bin/../lib/gcc/arm-none-eabi/12.3.1/thumb/v7-m/nofp\libg.a(libc_a-writer.o)
                              d:/install/arm-none-eabi/bin/../lib/gcc/arm-none-eabi/12.3.1/thumb/v7-m/nofp\libg.a(libc_a-stdio.o) (_write_r)
d:/install/arm-none-eabi/bin/../lib/gcc/arm-none-eabi/12.3.1/thumb/v7-m/nofp\libg.a(libc_a-errno.o)
                              CMakeFiles/smart_car.elf.dir/Core/Src/syscalls.c.obj (__errno)
d:/install/arm-none-eabi/bin/../lib/gcc/arm-none-eabi/12.3.1/thumb/v7-m/nofp\libg.a(libc_a-init.o)
                              d:/install/arm-none-eabi/bin/../lib/gcc/arm-none-eabi/12.3.1/thumb/v7-m/nofp/crt0.o (__libc_init_array)
[...]
Memory Configuration

Name             Origin             Length             Attributes
RAM              0x20000000         0x00005000         xrw
FLASH            0x08000000         0x00010000         xr
*default*        0x00000000         0xffffffff

Linker script and memory map

LOAD d:/install/arm-none-eabi/bin/../lib/gcc/arm-none-eabi/12.3.1/thumb/v7-m/nofp/crti.o
LOAD d:/install/arm-none-eabi/bin/../lib/gcc/arm-none-eabi/12.3.1/thumb/v7-m/nofp/crtbegin.o
LOAD d:/install/arm-none-eabi/bin/../lib/gcc/arm-none-eabi/12.3.1/thumb/v7-m/nofp/crt0.o
LOAD CMakeFiles/smart_car.elf.dir/Core/Src/beeper.c.obj
LOAD CMakeFiles/smart_car.elf.dir/Core/Src/control.c.obj
LOAD CMakeFiles/smart_car.elf.dir/Core/Src/delay.c.obj
LOAD CMakeFiles/smart_car.elf.dir/Core/Src/fan.c.obj
LOAD CMakeFiles/smart_car.elf.dir/Core/Src/global_it_cb.c.obj
LOAD CMakeFiles/smart_car.elf.dir/Core/Src/hc_sr04.c.obj
LOAD CMakeFiles/smart_car.elf.dir/Core/Src/main.c.obj
LOAD CMakeFiles/smart_car.elf.dir/Core/Src/motor.c.obj
LOAD CMakeFiles/smart_car.elf.dir/Core/Src/patrol_line.c.obj
LOAD CMakeFiles/smart_car.elf.dir/Core/Src/pid.c.obj
LOAD CMakeFiles/smart_car.elf.dir/Core/Src/printf_redirect.c.obj
LOAD CMakeFiles/smart_car.elf.dir/Core/Src/rgb_led.c.obj
LOAD CMakeFiles/smart_car.elf.dir/Core/Src/schedule.c.obj
LOAD CMakeFiles/smart_car.elf.dir/Core/Src/servor.c.obj
LOAD CMakeFiles/smart_car.elf.dir/Core/Src/stm32f1xx_hal_msp.c.obj
LOAD CMakeFiles/smart_car.elf.dir/Core/Src/stm32f1xx_it.c.obj
LOAD CMakeFiles/smart_car.elf.dir/Core/Src/syscalls.c.obj
LOAD CMakeFiles/smart_car.elf.dir/Core/Src/sysmem.c.obj
LOAD CMakeFiles/smart_car.elf.dir/Core/Src/system_stm32f1xx.c.obj
LOAD CMakeFiles/smart_car.elf.dir/Core/Startup/startup_stm32f103c8tx.s.obj
LOAD CMakeFiles/smart_car.elf.dir/Drivers/STM32F1xx_HAL_Driver/Src/stm32f1xx_hal.c.obj
LOAD CMakeFiles/smart_car.elf.dir/Drivers/STM32F1xx_HAL_Driver/Src/stm32f1xx_hal_cortex.c.obj
LOAD CMakeFiles/smart_car.elf.dir/Drivers/STM32F1xx_HAL_Driver/Src/stm32f1xx_hal_dma.c.obj
LOAD CMakeFiles/smart_car.elf.dir/Drivers/STM32F1xx_HAL_Driver/Src/stm32f1xx_hal_exti.c.obj
LOAD CMakeFiles/smart_car.elf.dir/Drivers/STM32F1xx_HAL_Driver/Src/stm32f1xx_hal_flash.c.obj
LOAD CMakeFiles/smart_car.elf.dir/Drivers/STM32F1xx_HAL_Driver/Src/stm32f1xx_hal_flash_ex.c.obj
LOAD CMakeFiles/smart_car.elf.dir/Drivers/STM32F1xx_HAL_Driver/Src/stm32f1xx_hal_gpio.c.obj
LOAD CMakeFiles/smart_car.elf.dir/Drivers/STM32F1xx_HAL_Driver/Src/stm32f1xx_hal_gpio_ex.c.obj
LOAD CMakeFiles/smart_car.elf.dir/Drivers/STM32F1xx_HAL_Driver/Src/stm32f1xx_hal_pwr.c.obj
LOAD CMakeFiles/smart_car.elf.dir/Drivers/STM32F1xx_HAL_Driver/Src/stm32f1xx_hal_rcc.c.obj
LOAD CMakeFiles/smart_car.elf.dir/Drivers/STM32F1xx_HAL_Driver/Src/stm32f1xx_hal_rcc_ex.c.obj
LOAD CMakeFiles/smart_car.elf.dir/Drivers/STM32F1xx_HAL_Driver/Src/stm32f1xx_hal_tim.c.obj
LOAD CMakeFiles/smart_car.elf.dir/Drivers/STM32F1xx_HAL_Driver/Src/stm32f1xx_hal_tim_ex.c.obj
LOAD CMakeFiles/smart_car.elf.dir/Drivers/STM32F1xx_HAL_Driver/Src/stm32f1xx_hal_uart.c.obj
START GROUP
LOAD d:/install/arm-none-eabi/bin/../lib/gcc/arm-none-eabi/12.3.1/thumb/v7-m/nofp\libgcc.a
LOAD d:/install/arm-none-eabi/bin/../lib/gcc/arm-none-eabi/12.3.1/thumb/v7-m/nofp\libg.a
LOAD d:/install/arm-none-eabi/bin/../lib/gcc/arm-none-eabi/12.3.1/thumb/v7-m/nofp\libc.a
END GROUP
LOAD d:/install/arm-none-eabi/bin/../lib/gcc/arm-none-eabi/12.3.1/thumb/v7-m/nofp/crtend.o
LOAD d:/install/arm-none-eabi/bin/../lib/gcc/arm-none-eabi/12.3.1/thumb/v7-m/nofp/crtn.o
                0x20005000                        _estack = (ORIGIN (RAM) + LENGTH (RAM))
                0x00000200                        _Min_Heap_Size = 0x200
                0x00000400                        _Min_Stack_Size = 0x400

.isr_vector     0x08000000      0x10c
                0x08000000                        . = ALIGN (0x4)
 *(.isr_vector)
 .isr_vector    0x08000000      0x10c CMakeFiles/smart_car.elf.dir/Core/Startup/startup_stm32f103c8tx.s.obj
                0x08000000                g_pfnVectors
                0x0800010c                        . = ALIGN (0x4)

.text           0x08000110     0x45dc
                0x08000110                        . = ALIGN (0x4)
 *(.text)
 .text          0x08000110      0x254 d:/install/arm-none-eabi/bin/../lib/gcc/arm-none-eabi/12.3.1/thumb/v7-m/nofp\libgcc.a(_arm_muldf3.o)
                0x08000110                __muldf3
                0x08000110                __aeabi_dmul
 .text          0x08000364      0x378 d:/install/arm-none-eabi/bin/../lib/gcc/arm-none-eabi/12.3.1/thumb/v7-m/nofp\libgcc.a(_arm_addsubdf3.o)
                0x08000364                __aeabi_drsub
                0x0800036c                __aeabi_dsub
                0x0800036c                __subdf3
                0x08000370                __aeabi_dadd
                0x08000370                __adddf3
                0x080005e8                __floatunsidf
                0x080005e8                __aeabi_ui2d
                0x08000608                __floatsidf
                0x08000608                __aeabi_i2d
                0x0800062c                __aeabi_f2d
                0x0800062c                __extendsfdf2
                0x08000670                __floatundidf
                0x08000670                __aeabi_ul2d
                0x08000680                __floatdidf
                0x08000680                __aeabi_l2d
 .text          0x080006dc       0x40 d:/install/arm-none-eabi/bin/../lib/gcc/arm-none-eabi/12.3.1/thumb/v7-m/nofp\libgcc.a(_arm_fixunsdfsi.o)
                0x080006dc                __aeabi_d2uiz
                0x080006dc                __fixunsdfsi
 .text          0x0800071c       0xec d:/install/arm-none-eabi/bin/../lib/gcc/arm-none-eabi/12.3.1/thumb/v7-m/nofp\libg.a(libc_a-memcpy.o)
                0x0800071c                memcpy
 *(.text*)
 .text.deregister_tm_clones
                0x08000808       0x1c d:/install/arm-none-eabi/bin/../lib/gcc/arm-none-eabi/12.3.1/thumb/v7-m/nofp/crtbegin.o
 .text.register_tm_clones
                0x08000824       0x24 d:/install/arm-none-eabi/bin/../lib/gcc/arm-none-eabi/12.3.1/thumb/v7-m/nofp/crtbegin.o
 .text.__do_global_dtors_aux
                0x08000848       0x28 d:/install/arm-none-eabi/bin/../lib/gcc/arm-none-eabi/12.3.1/thumb/v7-m/nofp/crtbegin.o
 .text.frame_dummy
                0x08000870       0x24 d:/install/arm-none-eabi/bin/../lib/gcc/arm-none-eabi/12.3.1/thumb/v7-m/nofp/crtbegin.o
 .text._beeper_load
                0x08000894       0x28 CMakeFiles/smart_car.elf.dir/Core/Src/beeper.c.obj
                0x08000894                _beeper_load
 .text._beeper_off
                0x080008bc       0x14 CMakeFiles/smart_car.elf.dir/Core/Src/beeper.c.obj
                0x080008bc                _beeper_off
 .text._beeper_on
                0x080008d0       0x14 CMakeFiles/smart_car.elf.dir/Core/Src/beeper.c.obj
                0x080008d0                _beeper_on
 .text.beeper_beep
                0x080008e4       0x92 CMakeFiles/smart_car.elf.dir/Core/Src/beeper.c.obj
                0x080008e4                beeper_beep
 *fill*         0x08000976        0x2 
 .text.control_tick
                0x08000978       0x40 CMakeFiles/smart_car.elf.dir/Core/Src/control.c.obj
                0x08000978                control_tick
 .text.delay_init
                0x080009b8       0x14 CMakeFiles/smart_car.elf.dir/Core/Src/delay.c.obj
                0x080009b8                delay_init
 .text.delay_us
                0x080009cc       0x3c CMakeFiles/smart_car.elf.dir/Core/Src/delay.c.obj
                0x080009cc                delay_us
 .text.delay_ms
                0x08000a08       0x3c CMakeFiles/smart_car.elf.dir/Core/Src/delay.c.obj
                0x08000a08                delay_ms
 .text.fan_off  0x08000a44       0x14 CMakeFiles/smart_car.elf.dir/Core/Src/fan.c.obj
                0x08000a44                fan_off
 .text.HAL_GPIO_EXTI_Callback
                0x08000a58      0x104 CMakeFiles/smart_car.elf.dir/Core/Src/global_it_cb.c.obj
                0x08000a58                HAL_GPIO_EXTI_Callback
 .text.hc_sr04_trig
                0x08000b5c       0x28 CMakeFiles/smart_car.elf.dir/Core/Src/hc_sr04.c.obj
                0x08000b5c                hc_sr04_trig
 .text.hc_sr04_start
                0x08000b84       0x10 CMakeFiles/smart_car.elf.dir/Core/Src/hc_sr04.c.obj
                0x08000b84                hc_sr04_start
 .text.MX_GPIO_Init
                0x08000b94      0x184 CMakeFiles/smart_car.elf.dir/Core/Src/main.c.obj
 .text.Error_Handler
                0x08000d18        0x4 CMakeFiles/smart_car.elf.dir/Core/Src/main.c.obj
                0x08000d18                Error_Handler
 .text.MX_USART1_UART_Init
                0x08000d1c       0x34 CMakeFiles/smart_car.elf.dir/Core/Src/main.c.obj
 .text.MX_TIM4_Init
                0x08000d50       0x90 CMakeFiles/smart_car.elf.dir/Core/Src/main.c.obj
 .text.MX_TIM1_Init
                0x08000de0       0xb0 CMakeFiles/smart_car.elf.dir/Core/Src/main.c.obj
 .text.MX_TIM3_Init
                0x08000e90       0x8c CMakeFiles/smart_car.elf.dir/Core/Src/main.c.obj
 .text.MX_TIM2_Init
                0x08000f1c       0x68 CMakeFiles/smart_car.elf.dir/Core/Src/main.c.obj
 .text.SystemClock_Config
                0x08000f84       0x64 CMakeFiles/smart_car.elf.dir/Core/Src/main.c.obj
                0x08000f84                SystemClock_Config
 .text.main     0x08000fe8       0x70 CMakeFiles/smart_car.elf.dir/Core/Src/main.c.obj
                0x08000fe8                main
 .text.motor_ctl_left
                0x08001058       0x80 CMakeFiles/smart_car.elf.dir/Core/Src/motor.c.obj
                0x08001058                motor_ctl_left
 .text.motor_ctl_right
                0x080010d8       0x78 CMakeFiles/smart_car.elf.dir/Core/Src/motor.c.obj
                0x080010d8                motor_ctl_right
 .text.motor_turn_angle
                0x08001150       0x70 CMakeFiles/smart_car.elf.dir/Core/Src/motor.c.obj
                0x08001150                motor_turn_angle
 .text.motor_break
                0x080011c0       0x10 CMakeFiles/smart_car.elf.dir/Core/Src/motor.c.obj
                0x080011c0                motor_break
 .text.get_patrol_data
                0x080011d0       0x54 CMakeFiles/smart_car.elf.dir/Core/Src/patrol_line.c.obj
                0x080011d0                get_patrol_data
 .text._write   0x08001224       0x18 CMakeFiles/smart_car.elf.dir/Core/Src/printf_redirect.c.obj
                0x08001224                _write
 .text.schedule_start
                0x0800123c       0x10 CMakeFiles/smart_car.elf.dir/Core/Src/schedule.c.obj
                0x0800123c                schedule_start
 .text.HAL_TIM_PeriodElapsedCallback
                0x0800124c      0x140 CMakeFiles/smart_car.elf.dir/Core/Src/schedule.c.obj
                0x0800124c                HAL_TIM_PeriodElapsedCallback
 .text.HAL_MspInit
                0x0800138c       0x44 CMakeFiles/smart_car.elf.dir/Core/Src/stm32f1xx_hal_msp.c.obj
                0x0800138c                HAL_MspInit
 .text.HAL_TIM_PWM_MspInit
                0x080013d0       0x80 CMakeFiles/smart_car.elf.dir/Core/Src/stm32f1xx_hal_msp.c.obj
                0x080013d0                HAL_TIM_PWM_MspInit
 .text.HAL_TIM_Base_MspInit
                0x08001450       0x3a CMakeFiles/smart_car.elf.dir/Core/Src/stm32f1xx_hal_msp.c.obj
                0x08001450                HAL_TIM_Base_MspInit
 *fill*         0x0800148a        0x2 
 .text.HAL_TIM_MspPostInit
                0x0800148c       0xbc CMakeFiles/smart_car.elf.dir/Core/Src/stm32f1xx_hal_msp.c.obj
                0x0800148c                HAL_TIM_MspPostInit
 .text.HAL_UART_MspInit
                0x08001548       0x78 CMakeFiles/smart_car.elf.dir/Core/Src/stm32f1xx_hal_msp.c.obj
                0x08001548                HAL_UART_MspInit
 .text.NMI_Handler
                0x080015c0        0x2 CMakeFiles/smart_car.elf.dir/Core/Src/stm32f1xx_it.c.obj
                0x080015c0                NMI_Handler
 .text.HardFault_Handler
                0x080015c2        0x2 CMakeFiles/smart_car.elf.dir/Core/Src/stm32f1xx_it.c.obj
                0x080015c2                HardFault_Handler
 .text.MemManage_Handler
                0x080015c4        0x2 CMakeFiles/smart_car.elf.dir/Core/Src/stm32f1xx_it.c.obj
                0x080015c4                MemManage_Handler
 .text.BusFault_Handler
                0x080015c6        0x2 CMakeFiles/smart_car.elf.dir/Core/Src/stm32f1xx_it.c.obj
                0x080015c6                BusFault_Handler
 .text.UsageFault_Handler
                0x080015c8        0x2 CMakeFiles/smart_car.elf.dir/Core/Src/stm32f1xx_it.c.obj
                0x080015c8                UsageFault_Handler
 .text.SVC_Handler
                0x080015ca        0x2 CMakeFiles/smart_car.elf.dir/Core/Src/stm32f1xx_it.c.obj
                0x080015ca                SVC_Handler
 .text.DebugMon_Handler
                0x080015cc        0x2 CMakeFiles/smart_car.elf.dir/Core/Src/stm32f1xx_it.c.obj
                0x080015cc                DebugMon_Handler
 .text.PendSV_Handler
                0x080015ce        0x2 CMakeFiles/smart_car.elf.dir/Core/Src/stm32f1xx_it.c.obj
                0x080015ce                PendSV_Handler
 .text.SysTick_Handler
                0x080015d0       0x1c CMakeFiles/smart_car.elf.dir/Core/Src/stm32f1xx_it.c.obj
                0x080015d0                SysTick_Handler
 .text.EXTI3_IRQHandler
                0x080015ec        0xa CMakeFiles/smart_car.elf.dir/Core/Src/stm32f1xx_it.c.obj
                0x080015ec                EXTI3_IRQHandler
 .text.EXTI4_IRQHandler
                0x080015f6        0xa CMakeFiles/smart_car.elf.dir/Core/Src/stm32f1xx_it.c.obj
                0x080015f6                EXTI4_IRQHandler
 .text.EXTI9_5_IRQHandler
                0x08001600       0x10 CMakeFiles/smart_car.elf.dir/Core/Src/stm32f1xx_it.c.obj
                0x08001600                EXTI9_5_IRQHandler
 .text.TIM2_IRQHandler
                0x08001610       0x10 CMakeFiles/smart_car.elf.dir/Core/Src/stm32f1xx_it.c.obj
                0x08001610                TIM2_IRQHandler
 .text.TIM3_IRQHandler
                0x08001620       0x10 CMakeFiles/smart_car.elf.dir/Core/Src/stm32f1xx_it.c.obj
                0x08001620                TIM3_IRQHandler
 .text.EXTI15_10_IRQHandler
                0x08001630        0xc CMakeFiles/smart_car.elf.dir/Core/Src/stm32f1xx_it.c.obj
                0x08001630                EXTI15_10_IRQHandler
 .text._read    0x0800163c       0x20 CMakeFiles/smart_car.elf.dir/Core/Src/syscalls.c.obj
                0x0800163c                _read
 .text._close   0x0800165c        0x6 CMakeFiles/smart_car.elf.dir/Core/Src/syscalls.c.obj
                0x0800165c                _close
 .text._fstat   0x08001662        0xa CMakeFiles/smart_car.elf.dir/Core/Src/syscalls.c.obj
                0x08001662                _fstat
 .text._isatty  0x0800166c        0x4 CMakeFiles/smart_car.elf.dir/Core/Src/syscalls.c.obj
                0x0800166c                _isatty
 .text._lseek   0x08001670        0x4 CMakeFiles/smart_car.elf.dir/Core/Src/syscalls.c.obj
                0x08001670                _lseek
 .text._sbrk    0x08001674       0x48 CMakeFiles/smart_car.elf.dir/Core/Src/sysmem.c.obj
                0x08001674                _sbrk
 .text.SystemInit
                0x080016bc        0x2 CMakeFiles/smart_car.elf.dir/Core/Src/system_stm32f1xx.c.obj
                0x080016bc                SystemInit
 *fill*         0x080016be        0x2 
 .text.Reset_Handler
                0x080016c0       0x48 CMakeFiles/smart_car.elf.dir/Core/Startup/startup_stm32f103c8tx.s.obj
                0x080016c0                Reset_Handler
 .text.Default_Handler
                0x08001708        0x2 CMakeFiles/smart_car.elf.dir/Core/Startup/startup_stm32f103c8tx.s.obj
                0x08001708                RTC_Alarm_IRQHandler
                0x08001708                EXTI2_IRQHandler
                0x08001708                TIM1_CC_IRQHandler
                0x08001708                PVD_IRQHandler
                0x08001708                EXTI0_IRQHandler
                0x08001708                I2C2_EV_IRQHandler
                0x08001708                ADC1_2_IRQHandler
                0x08001708                SPI1_IRQHandler
                0x08001708                TAMPER_IRQHandler
                0x08001708                DMA1_Channel4_IRQHandler
                0x08001708                USART3_IRQHandler
                0x08001708                RTC_IRQHandler
                0x08001708                DMA1_Channel7_IRQHandler
                0x08001708                CAN1_RX1_IRQHandler
                0x08001708                TIM4_IRQHandler
                0x08001708                I2C1_EV_IRQHandler
                0x08001708                DMA1_Channel6_IRQHandler
                0x08001708                RCC_IRQHandler
                0x08001708                TIM1_TRG_COM_IRQHandler
                0x08001708                DMA1_Channel1_IRQHandler
                0x08001708                Default_Handler
                0x08001708                SPI2_IRQHandler
                0x08001708                DMA1_Channel5_IRQHandler
                0x08001708                USB_LP_CAN1_RX0_IRQHandler
                0x08001708                USB_HP_CAN1_TX_IRQHandler
                0x08001708                DMA1_Channel3_IRQHandler
                0x08001708                TIM1_UP_IRQHandler
                0x08001708                WWDG_IRQHandler
                0x08001708                TIM1_BRK_IRQHandler
                0x08001708                EXTI1_IRQHandler
                0x08001708                USART2_IRQHandler
                0x08001708                I2C2_ER_IRQHandler
                0x08001708                DMA1_Channel2_IRQHandler
                0x08001708                CAN1_SCE_IRQHandler
                0x08001708                FLASH_IRQHandler
                0x08001708                USART1_IRQHandler
                0x08001708                I2C1_ER_IRQHandler
                0x08001708                USBWakeUp_IRQHandler
 *fill*         0x0800170a        0x2 
 .text.HAL_InitTick
                0x0800170c       0x4c CMakeFiles/smart_car.elf.dir/Drivers/STM32F1xx_HAL_Driver/Src/stm32f1xx_hal.c.obj
                0x0800170c                HAL_InitTick
 .text.HAL_Init
                0x08001758       0x24 CMakeFiles/smart_car.elf.dir/Drivers/STM32F1xx_HAL_Driver/Src/stm32f1xx_hal.c.obj
                0x08001758                HAL_Init
 .text.HAL_IncTick
                0x0800177c       0x18 CMakeFiles/smart_car.elf.dir/Drivers/STM32F1xx_HAL_Driver/Src/stm32f1xx_hal.c.obj
                0x0800177c                HAL_IncTick
 .text.HAL_GetTick
                0x08001794        0xc CMakeFiles/smart_car.elf.dir/Drivers/STM32F1xx_HAL_Driver/Src/stm32f1xx_hal.c.obj
                0x08001794                HAL_GetTick
 .text.__NVIC_SetPriority
                0x080017a0       0x28 CMakeFiles/smart_car.elf.dir/Drivers/STM32F1xx_HAL_Driver/Src/stm32f1xx_hal_cortex.c.obj
 .text.NVIC_EncodePriority
                0x080017c8       0x3e CMakeFiles/smart_car.elf.dir/Drivers/STM32F1xx_HAL_Driver/Src/stm32f1xx_hal_cortex.c.obj
 *fill*         0x08001806        0x2 
 .text.HAL_NVIC_SetPriorityGrouping
                0x08001808       0x24 CMakeFiles/smart_car.elf.dir/Drivers/STM32F1xx_HAL_Driver/Src/stm32f1xx_hal_cortex.c.obj
                0x08001808                HAL_NVIC_SetPriorityGrouping
 .text.HAL_NVIC_SetPriority
                0x0800182c       0x20 CMakeFiles/smart_car.elf.dir/Drivers/STM32F1xx_HAL_Driver/Src/stm32f1xx_hal_cortex.c.obj
                0x0800182c                HAL_NVIC_SetPriority
 .text.HAL_NVIC_EnableIRQ
                0x0800184c       0x1c CMakeFiles/smart_car.elf.dir/Drivers/STM32F1xx_HAL_Driver/Src/stm32f1xx_hal_cortex.c.obj
                0x0800184c                HAL_NVIC_EnableIRQ
 .text.HAL_SYSTICK_Config
                0x08001868       0x28 CMakeFiles/smart_car.elf.dir/Drivers/STM32F1xx_HAL_Driver/Src/stm32f1xx_hal_cortex.c.obj
                0x08001868                HAL_SYSTICK_Config
 .text.HAL_SYSTICK_CLKSourceConfig
                0x08001890       0x20 CMakeFiles/smart_car.elf.dir/Drivers/STM32F1xx_HAL_Driver/Src/stm32f1xx_hal_cortex.c.obj
                0x08001890                HAL_SYSTICK_CLKSourceConfig
 .text.HAL_GPIO_Init
                0x080018b0      0x21c CMakeFiles/smart_car.elf.dir/Drivers/STM32F1xx_HAL_Driver/Src/stm32f1xx_hal_gpio.c.obj
                0x080018b0                HAL_GPIO_Init
 .text.HAL_GPIO_ReadPin
                0x08001acc        0xe CMakeFiles/smart_car.elf.dir/Drivers/STM32F1xx_HAL_Driver/Src/stm32f1xx_hal_gpio.c.obj
                0x08001acc                HAL_GPIO_ReadPin
 .text.HAL_GPIO_WritePin
                0x08001ada        0xc CMakeFiles/smart_car.elf.dir/Drivers/STM32F1xx_HAL_Driver/Src/stm32f1xx_hal_gpio.c.obj
                0x08001ada                HAL_GPIO_WritePin
 *fill*         0x08001ae6        0x2 
 .text.HAL_GPIO_EXTI_IRQHandler
                0x08001ae8       0x1c CMakeFiles/smart_car.elf.dir/Drivers/STM32F1xx_HAL_Driver/Src/stm32f1xx_hal_gpio.c.obj
                0x08001ae8                HAL_GPIO_EXTI_IRQHandler
 .text.RCC_Delay
                0x08001b04       0x2c CMakeFiles/smart_car.elf.dir/Drivers/STM32F1xx_HAL_Driver/Src/stm32f1xx_hal_rcc.c.obj
 .text.HAL_RCC_OscConfig
                0x08001b30      0x410 CMakeFiles/smart_car.elf.dir/Drivers/STM32F1xx_HAL_Driver/Src/stm32f1xx_hal_rcc.c.obj
                0x08001b30                HAL_RCC_OscConfig
 .text.HAL_RCC_GetSysClockFreq
                0x08001f40       0x54 CMakeFiles/smart_car.elf.dir/Drivers/STM32F1xx_HAL_Driver/Src/stm32f1xx_hal_rcc.c.obj
                0x08001f40                HAL_RCC_GetSysClockFreq
 .text.HAL_RCC_ClockConfig
                0x08001f94      0x16c CMakeFiles/smart_car.elf.dir/Drivers/STM32F1xx_HAL_Driver/Src/stm32f1xx_hal_rcc.c.obj
                0x08001f94                HAL_RCC_ClockConfig
 .text.HAL_RCC_GetHCLKFreq
                0x08002100        0xc CMakeFiles/smart_car.elf.dir/Drivers/STM32F1xx_HAL_Driver/Src/stm32f1xx_hal_rcc.c.obj
                0x08002100                HAL_RCC_GetHCLKFreq
 .text.HAL_RCC_GetPCLK1Freq
                0x0800210c       0x20 CMakeFiles/smart_car.elf.dir/Drivers/STM32F1xx_HAL_Driver/Src/stm32f1xx_hal_rcc.c.obj
                0x0800210c                HAL_RCC_GetPCLK1Freq
 .text.HAL_RCC_GetPCLK2Freq
                0x0800212c       0x20 CMakeFiles/smart_car.elf.dir/Drivers/STM32F1xx_HAL_Driver/Src/stm32f1xx_hal_rcc.c.obj
                0x0800212c                HAL_RCC_GetPCLK2Freq
 .text.TIM_OC1_SetConfig
                0x0800214c       0x54 CMakeFiles/smart_car.elf.dir/Drivers/STM32F1xx_HAL_Driver/Src/stm32f1xx_hal_tim.c.obj
 .text.TIM_OC3_SetConfig
                0x080021a0       0x5c CMakeFiles/smart_car.elf.dir/Drivers/STM32F1xx_HAL_Driver/Src/stm32f1xx_hal_tim.c.obj
 .text.TIM_OC4_SetConfig
                0x080021fc       0x48 CMakeFiles/smart_car.elf.dir/Drivers/STM32F1xx_HAL_Driver/Src/stm32f1xx_hal_tim.c.obj
 .text.TIM_TI1_ConfigInputStage
                0x08002244       0x24 CMakeFiles/smart_car.elf.dir/Drivers/STM32F1xx_HAL_Driver/Src/stm32f1xx_hal_tim.c.obj
 .text.TIM_TI2_ConfigInputStage
                0x08002268       0x26 CMakeFiles/smart_car.elf.dir/Drivers/STM32F1xx_HAL_Driver/Src/stm32f1xx_hal_tim.c.obj
 .text.TIM_ITRx_SetConfig
                0x0800228e       0x10 CMakeFiles/smart_car.elf.dir/Drivers/STM32F1xx_HAL_Driver/Src/stm32f1xx_hal_tim.c.obj
 *fill*         0x0800229e        0x2 
 .text.HAL_TIM_Base_Start_IT
                0x080022a0       0x68 CMakeFiles/smart_car.elf.dir/Drivers/STM32F1xx_HAL_Driver/Src/stm32f1xx_hal_tim.c.obj
                0x080022a0                HAL_TIM_Base_Start_IT
 .text.HAL_TIM_OC_DelayElapsedCallback
                0x08002308        0x2 CMakeFiles/smart_car.elf.dir/Drivers/STM32F1xx_HAL_Driver/Src/stm32f1xx_hal_tim.c.obj
                0x08002308                HAL_TIM_OC_DelayElapsedCallback
 .text.HAL_TIM_IC_CaptureCallback
                0x0800230a        0x2 CMakeFiles/smart_car.elf.dir/Drivers/STM32F1xx_HAL_Driver/Src/stm32f1xx_hal_tim.c.obj
                0x0800230a                HAL_TIM_IC_CaptureCallback
 .text.HAL_TIM_PWM_PulseFinishedCallback
                0x0800230c        0x2 CMakeFiles/smart_car.elf.dir/Drivers/STM32F1xx_HAL_Driver/Src/stm32f1xx_hal_tim.c.obj
                0x0800230c                HAL_TIM_PWM_PulseFinishedCallback
 .text.HAL_TIM_TriggerCallback
                0x0800230e        0x2 CMakeFiles/smart_car.elf.dir/Drivers/STM32F1xx_HAL_Driver/Src/stm32f1xx_hal_tim.c.obj
                0x0800230e                HAL_TIM_TriggerCallback
 .text.HAL_TIM_IRQHandler
                0x08002310      0x17a CMakeFiles/smart_car.elf.dir/Drivers/STM32F1xx_HAL_Driver/Src/stm32f1xx_hal_tim.c.obj
                0x08002310                HAL_TIM_IRQHandler
 *fill*         0x0800248a        0x2 
 .text.TIM_Base_SetConfig
                0x0800248c       0x74 CMakeFiles/smart_car.elf.dir/Drivers/STM32F1xx_HAL_Driver/Src/stm32f1xx_hal_tim.c.obj
                0x0800248c                TIM_Base_SetConfig
 .text.HAL_TIM_Base_Init
                0x08002500       0x58 CMakeFiles/smart_car.elf.dir/Drivers/STM32F1xx_HAL_Driver/Src/stm32f1xx_hal_tim.c.obj
                0x08002500                HAL_TIM_Base_Init
 .text.HAL_TIM_PWM_Init
                0x08002558       0x58 CMakeFiles/smart_car.elf.dir/Drivers/STM32F1xx_HAL_Driver/Src/stm32f1xx_hal_tim.c.obj
                0x08002558                HAL_TIM_PWM_Init
 .text.TIM_OC2_SetConfig
                0x080025b0       0x5c CMakeFiles/smart_car.elf.dir/Drivers/STM32F1xx_HAL_Driver/Src/stm32f1xx_hal_tim.c.obj
                0x080025b0                TIM_OC2_SetConfig
 .text.HAL_TIM_PWM_ConfigChannel
                0x0800260c       0xdc CMakeFiles/smart_car.elf.dir/Drivers/STM32F1xx_HAL_Driver/Src/stm32f1xx_hal_tim.c.obj
                0x0800260c                HAL_TIM_PWM_ConfigChannel
 .text.TIM_ETR_SetConfig
                0x080026e8       0x18 CMakeFiles/smart_car.elf.dir/Drivers/STM32F1xx_HAL_Driver/Src/stm32f1xx_hal_tim.c.obj
                0x080026e8                TIM_ETR_SetConfig
 .text.HAL_TIM_ConfigClockSource
                0x08002700       0xfe CMakeFiles/smart_car.elf.dir/Drivers/STM32F1xx_HAL_Driver/Src/stm32f1xx_hal_tim.c.obj
                0x08002700                HAL_TIM_ConfigClockSource
 .text.TIM_CCxChannelCmd
                0x080027fe       0x1e CMakeFiles/smart_car.elf.dir/Drivers/STM32F1xx_HAL_Driver/Src/stm32f1xx_hal_tim.c.obj
                0x080027fe                TIM_CCxChannelCmd
 .text.HAL_TIM_PWM_Start
                0x0800281c       0xdc CMakeFiles/smart_car.elf.dir/Drivers/STM32F1xx_HAL_Driver/Src/stm32f1xx_hal_tim.c.obj
                0x0800281c                HAL_TIM_PWM_Start
 .text.HAL_TIM_PWM_Stop
                0x080028f8       0x84 CMakeFiles/smart_car.elf.dir/Drivers/STM32F1xx_HAL_Driver/Src/stm32f1xx_hal_tim.c.obj
                0x080028f8                HAL_TIM_PWM_Stop
 .text.HAL_TIMEx_MasterConfigSynchronization
                0x0800297c       0x6c CMakeFiles/smart_car.elf.dir/Drivers/STM32F1xx_HAL_Driver/Src/stm32f1xx_hal_tim_ex.c.obj
                0x0800297c                HAL_TIMEx_MasterConfigSynchronization
 .text.HAL_TIMEx_ConfigBreakDeadTime
                0x080029e8       0x52 CMakeFiles/smart_car.elf.dir/Drivers/STM32F1xx_HAL_Driver/Src/stm32f1xx_hal_tim_ex.c.obj
                0x080029e8                HAL_TIMEx_ConfigBreakDeadTime
 .text.HAL_TIMEx_CommutCallback
                0x08002a3a        0x2 CMakeFiles/smart_car.elf.dir/Drivers/STM32F1xx_HAL_Driver/Src/stm32f1xx_hal_tim_ex.c.obj
                0x08002a3a                HAL_TIMEx_CommutCallback
 .text.HAL_TIMEx_BreakCallback
                0x08002a3c        0x2 CMakeFiles/smart_car.elf.dir/Drivers/STM32F1xx_HAL_Driver/Src/stm32f1xx_hal_tim_ex.c.obj
                0x08002a3c                HAL_TIMEx_BreakCallback
 *fill*         0x08002a3e        0x2 
 .text.UART_SetConfig
                0x08002a40       0x94 CMakeFiles/smart_car.elf.dir/Drivers/STM32F1xx_HAL_Driver/Src/stm32f1xx_hal_uart.c.obj
 .text.UART_WaitOnFlagUntilTimeout
                0x08002ad4       0x84 CMakeFiles/smart_car.elf.dir/Drivers/STM32F1xx_HAL_Driver/Src/stm32f1xx_hal_uart.c.obj
 .text.HAL_UART_Init
                0x08002b58       0x60 CMakeFiles/smart_car.elf.dir/Drivers/STM32F1xx_HAL_Driver/Src/stm32f1xx_hal_uart.c.obj
                0x08002b58                HAL_UART_Init
 .text.HAL_UART_Transmit
                0x08002bb8       0xbe CMakeFiles/smart_car.elf.dir/Drivers/STM32F1xx_HAL_Driver/Src/stm32f1xx_hal_uart.c.obj
                0x08002bb8                HAL_UART_Transmit
 *fill*         0x08002c76        0x2 
 .text.stdio_exit_handler
                0x08002c78       0x18 d:/install/arm-none-eabi/bin/../lib/gcc/arm-none-eabi/12.3.1/thumb/v7-m/nofp\libg.a(libc_a-findfp.o)
 .text.cleanup_stdio
                0x08002c90       0x40 d:/install/arm-none-eabi/bin/../lib/gcc/arm-none-eabi/12.3.1/thumb/v7-m/nofp\libg.a(libc_a-findfp.o)
 .text.global_stdio_init.part.0
                0x08002cd0       0xf0 d:/install/arm-none-eabi/bin/../lib/gcc/arm-none-eabi/12.3.1/thumb/v7-m/nofp\libg.a(libc_a-findfp.o)
 .text.__sinit  0x08002dc0       0x3c d:/install/arm-none-eabi/bin/../lib/gcc/arm-none-eabi/12.3.1/thumb/v7-m/nofp\libg.a(libc_a-findfp.o)
                0x08002dc0                __sinit
 .text.__sfp_lock_acquire
                0x08002dfc        0xc d:/install/arm-none-eabi/bin/../lib/gcc/arm-none-eabi/12.3.1/thumb/v7-m/nofp\libg.a(libc_a-findfp.o)
                0x08002dfc                __sfp_lock_acquire
 .text.__sfp_lock_release
                0x08002e08        0xc d:/install/arm-none-eabi/bin/../lib/gcc/arm-none-eabi/12.3.1/thumb/v7-m/nofp\libg.a(libc_a-findfp.o)
                0x08002e08                __sfp_lock_release
 .text._fwalk_sglue
                0x08002e14       0x44 d:/install/arm-none-eabi/bin/../lib/gcc/arm-none-eabi/12.3.1/thumb/v7-m/nofp\libg.a(libc_a-fwalk.o)
                0x08002e14                _fwalk_sglue
 .text._puts_r  0x08002e58       0x98 d:/install/arm-none-eabi/bin/../lib/gcc/arm-none-eabi/12.3.1/thumb/v7-m/nofp\libg.a(libc_a-puts.o)
                0x08002e58                _puts_r
 .text.puts     0x08002ef0       0x10 d:/install/arm-none-eabi/bin/../lib/gcc/arm-none-eabi/12.3.1/thumb/v7-m/nofp\libg.a(libc_a-puts.o)
                0x08002ef0                puts
 .text.__sread  0x08002f00       0x24 d:/install/arm-none-eabi/bin/../lib/gcc/arm-none-eabi/12.3.1/thumb/v7-m/nofp\libg.a(libc_a-stdio.o)
                0x08002f00                __sread
 .text.__swrite
                0x08002f24       0x40 d:/install/arm-none-eabi/bin/../lib/gcc/arm-none-eabi/12.3.1/thumb/v7-m/nofp\libg.a(libc_a-stdio.o)
                0x08002f24                __swrite
 .text.__sseek  0x08002f64       0x24 d:/install/arm-none-eabi/bin/../lib/gcc/arm-none-eabi/12.3.1/thumb/v7-m/nofp\libg.a(libc_a-stdio.o)
                0x08002f64                __sseek
 .text.__sclose
                0x08002f88        0x8 d:/install/arm-none-eabi/bin/../lib/gcc/arm-none-eabi/12.3.1/thumb/v7-m/nofp\libg.a(libc_a-stdio.o)
                0x08002f88                __sclose
 .text.memset   0x08002f90       0xa0 d:/install/arm-none-eabi/bin/../lib/gcc/arm-none-eabi/12.3.1/thumb/v7-m/nofp\libg.a(libc_a-memset.o)
                0x08002f90                memset
 .text._close_r
                0x08003030       0x24 d:/install/arm-none-eabi/bin/../lib/gcc/arm-none-eabi/12.3.1/thumb/v7-m/nofp\libg.a(libc_a-closer.o)
                0x08003030                _close_r
 .text._lseek_r
                0x08003054       0x2c d:/install/arm-none-eabi/bin/../lib/gcc/arm-none-eabi/12.3.1/thumb/v7-m/nofp\libg.a(libc_a-lseekr.o)
                0x08003054                _lseek_r
 .text._read_r  0x08003080       0x2c d:/install/arm-none-eabi/bin/../lib/gcc/arm-none-eabi/12.3.1/thumb/v7-m/nofp\libg.a(libc_a-readr.o)
                0x08003080                _read_r
 .text._write_r
                0x080030ac       0x2c d:/install/arm-none-eabi/bin/../lib/gcc/arm-none-eabi/12.3.1/thumb/v7-m/nofp\libg.a(libc_a-writer.o)
                0x080030ac                _write_r
 .text.__errno  0x080030d8        0xc d:/install/arm-none-eabi/bin/../lib/gcc/arm-none-eabi/12.3.1/thumb/v7-m/nofp\libg.a(libc_a-errno.o)
                0x080030d8                __errno
 .text.__libc_init_array
                0x080030e4       0x50 d:/install/arm-none-eabi/bin/../lib/gcc/arm-none-eabi/12.3.1/thumb/v7-m/nofp\libg.a(libc_a-init.o)
                0x080030e4                __libc_init_array
 .text.__retarget_lock_init_recursive
                0x08003134        0x4 d:/install/arm-none-eabi/bin/../lib/gcc/arm-none-eabi/12.3.1/thumb/v7-m/nofp\libg.a(libc_a-lock.o)
                0x08003134                __retarget_lock_init_recursive
 .text.__retarget_lock_close_recursive
                0x08003138        0x4 d:/install/arm-none-eabi/bin/../lib/gcc/arm-none-eabi/12.3.1/thumb/v7-m/nofp\libg.a(libc_a-lock.o)
                0x08003138                __retarget_lock_close_recursive
 .text.__retarget_lock_acquire_recursive
                0x0800313c        0x4 d:/install/arm-none-eabi/bin/../lib/gcc/arm-none-eabi/12.3.1/thumb/v7-m/nofp\libg.a(libc_a-lock.o)
                0x0800313c                __retarget_lock_acquire_recursive
 .text.__retarget_lock_release_recursive
                0x08003140        0x4 d:/install/arm-none-eabi/bin/../lib/gcc/arm-none-eabi/12.3.1/thumb/v7-m/nofp\libg.a(libc_a-lock.o)
                0x08003140                __retarget_lock_release_recursive
 .text.strlen   0x08003144       0x5c d:/install/arm-none-eabi/bin/../lib/gcc/arm-none-eabi/12.3.1/thumb/v7-m/nofp\libg.a(libc_a-strlen-stub.o)
                0x08003144                strlen
 .text.startup.register_fini
                0x080031a0       0x14 d:/install/arm-none-eabi/bin/../lib/gcc/arm-none-eabi/12.3.1/thumb/v7-m/nofp\libg.a(libc_a-__call_atexit.o)
 .text.atexit   0x080031b4        0xc d:/install/arm-none-eabi/bin/../lib/gcc/arm-none-eabi/12.3.1/thumb/v7-m/nofp\libg.a(libc_a-atexit.o)
                0x080031b4                atexit
 .text._malloc_trim_r
                0x080031c0       0xb8 d:/install/arm-none-eabi/bin/../lib/gcc/arm-none-eabi/12.3.1/thumb/v7-m/nofp\libg.a(libc_a-freer.o)
                0x080031c0                _malloc_trim_r
 .text._free_r  0x08003278      0x1fc d:/install/arm-none-eabi/bin/../lib/gcc/arm-none-eabi/12.3.1/thumb/v7-m/nofp\libg.a(libc_a-freer.o)
                0x08003278                _free_r
 .text._malloc_r
                0x08003474      0x570 d:/install/arm-none-eabi/bin/../lib/gcc/arm-none-eabi/12.3.1/thumb/v7-m/nofp\libg.a(libc_a-mallocr.o)
                0x08003474                _malloc_r
 .text.__malloc_lock
                0x080039e4        0xc d:/install/arm-none-eabi/bin/../lib/gcc/arm-none-eabi/12.3.1/thumb/v7-m/nofp\libg.a(libc_a-mlock.o)
                0x080039e4                __malloc_lock
 .text.__malloc_unlock
                0x080039f0        0xc d:/install/arm-none-eabi/bin/../lib/gcc/arm-none-eabi/12.3.1/thumb/v7-m/nofp\libg.a(libc_a-mlock.o)
                0x080039f0                __malloc_unlock
 .text._fclose_r
                0x080039fc       0xc0 d:/install/arm-none-eabi/bin/../lib/gcc/arm-none-eabi/12.3.1/thumb/v7-m/nofp\libg.a(libc_a-fclose.o)
                0x080039fc                _fclose_r
 .text.__sflush_r
                0x08003abc      0x128 d:/install/arm-none-eabi/bin/../lib/gcc/arm-none-eabi/12.3.1/thumb/v7-m/nofp\libg.a(libc_a-fflush.o)
                0x08003abc                __sflush_r
 .text._fflush_r
                0x08003be4       0x54 d:/install/arm-none-eabi/bin/../lib/gcc/arm-none-eabi/12.3.1/thumb/v7-m/nofp\libg.a(libc_a-fflush.o)
                0x08003be4                _fflush_r
 .text.__sfvwrite_r
                0x08003c38      0x2ec d:/install/arm-none-eabi/bin/../lib/gcc/arm-none-eabi/12.3.1/thumb/v7-m/nofp\libg.a(libc_a-fvwrite.o)
                0x08003c38                __sfvwrite_r
 .text.__swsetup_r
                0x08003f24       0xc0 d:/install/arm-none-eabi/bin/../lib/gcc/arm-none-eabi/12.3.1/thumb/v7-m/nofp\libg.a(libc_a-wsetup.o)
                0x08003f24                __swsetup_r
 .text.memmove  0x08003fe4       0xfc d:/install/arm-none-eabi/bin/../lib/gcc/arm-none-eabi/12.3.1/thumb/v7-m/nofp\libg.a(libc_a-memmove.o)
                0x08003fe4                memmove
 .text._sbrk_r  0x080040e0       0x24 d:/install/arm-none-eabi/bin/../lib/gcc/arm-none-eabi/12.3.1/thumb/v7-m/nofp\libg.a(libc_a-sbrkr.o)
                0x080040e0                _sbrk_r
 .text.__libc_fini_array
                0x08004104       0x28 d:/install/arm-none-eabi/bin/../lib/gcc/arm-none-eabi/12.3.1/thumb/v7-m/nofp\libg.a(libc_a-fini.o)
                0x08004104                __libc_fini_array
 .text.sysconf  0x0800412c       0x1c d:/install/arm-none-eabi/bin/../lib/gcc/arm-none-eabi/12.3.1/thumb/v7-m/nofp\libg.a(libc_a-sysconf.o)
                0x0800412c                sysconf
 .text.memchr   0x08004148       0x98 d:/install/arm-none-eabi/bin/../lib/gcc/arm-none-eabi/12.3.1/thumb/v7-m/nofp\libg.a(libc_a-memchr-stub.o)
                0x08004148                memchr
 .text.__register_exitproc
                0x080041e0       0x80 d:/install/arm-none-eabi/bin/../lib/gcc/arm-none-eabi/12.3.1/thumb/v7-m/nofp\libg.a(libc_a-__atexit.o)
                0x080041e0                __register_exitproc
 .text._realloc_r
                0x08004260      0x34c d:/install/arm-none-eabi/bin/../lib/gcc/arm-none-eabi/12.3.1/thumb/v7-m/nofp\libg.a(libc_a-reallocr.o)
                0x08004260                _realloc_r
 .text.__smakebuf_r
                0x080045ac       0xdc d:/install/arm-none-eabi/bin/../lib/gcc/arm-none-eabi/12.3.1/thumb/v7-m/nofp\libg.a(libc_a-makebuf.o)
                0x080045ac                __smakebuf_r
 .text._fstat_r
                0x08004688       0x28 d:/install/arm-none-eabi/bin/../lib/gcc/arm-none-eabi/12.3.1/thumb/v7-m/nofp\libg.a(libc_a-fstatr.o)
                0x08004688                _fstat_r
 .text._isatty_r
                0x080046b0       0x24 d:/install/arm-none-eabi/bin/../lib/gcc/arm-none-eabi/12.3.1/thumb/v7-m/nofp\libg.a(libc_a-isattyr.o)
                0x080046b0                _isatty_r
 *(.glue_7)
 .glue_7        0x080046d4        0x0 linker stubs
 *(.glue_7t)
 .glue_7t       0x080046d4        0x0 linker stubs
 *(.eh_frame)
 .eh_frame      0x080046d4        0x0 d:/install/arm-none-eabi/bin/../lib/gcc/arm-none-eabi/12.3.1/thumb/v7-m/nofp/crtbegin.o
 *(.init)
 .init          0x080046d4        0x4 d:/install/arm-none-eabi/bin/../lib/gcc/arm-none-eabi/12.3.1/thumb/v7-m/nofp/crti.o
                0x080046d4                _init
 .init          0x080046d8        0x8 d:/install/arm-none-eabi/bin/../lib/gcc/arm-none-eabi/12.3.1/thumb/v7-m/nofp/crtn.o
 *(.fini)
 .fini          0x080046e0        0x4 d:/install/arm-none-eabi/bin/../lib/gcc/arm-none-eabi/12.3.1/thumb/v7-m/nofp/crti.o
                0x080046e0                _fini
 .fini          0x080046e4        0x8 d:/install/arm-none-eabi/bin/../lib/gcc/arm-none-eabi/12.3.1/thumb/v7-m/nofp/crtn.o
                0x080046ec                        . = ALIGN (0x4)
                0x080046ec                        _etext = .

.vfp11_veneer   0x080046ec        0x0
 .vfp11_veneer  0x080046ec        0x0 linker stubs

.v4_bx          0x080046ec        0x0
 .v4_bx         0x080046ec        0x0 linker stubs

.iplt           0x080046ec        0x0
 .iplt          0x080046ec        0x0 d:/install/arm-none-eabi/bin/../lib/gcc/arm-none-eabi/12.3.1/thumb/v7-m/nofp/crtbegin.o

.rodata         0x080046ec       0x4c
                0x080046ec                        . = ALIGN (0x4)
 *(.rodata)
 .rodata        0x080046ec        0x3 CMakeFiles/smart_car.elf.dir/Core/Src/main.c.obj
 *(.rodata*)
 *fill*         0x080046ef        0x1 
 .rodata.motor_turn_angle.str1.4
                0x080046f0       0x16 CMakeFiles/smart_car.elf.dir/Core/Src/motor.c.obj
 *fill*         0x08004706        0x2 
 .rodata.APBPrescTable
                0x08004708        0x8 CMakeFiles/smart_car.elf.dir/Core/Src/system_stm32f1xx.c.obj
                0x08004708                APBPrescTable
 .rodata.AHBPrescTable
                0x08004710       0x10 CMakeFiles/smart_car.elf.dir/Core/Src/system_stm32f1xx.c.obj
                0x08004710                AHBPrescTable
 .rodata.aPredivFactorTable.0
                0x08004720        0x2 CMakeFiles/smart_car.elf.dir/Drivers/STM32F1xx_HAL_Driver/Src/stm32f1xx_hal_rcc.c.obj
 *fill*         0x08004722        0x2 
 .rodata.aPLLMULFactorTable.1
                0x08004724       0x10 CMakeFiles/smart_car.elf.dir/Drivers/STM32F1xx_HAL_Driver/Src/stm32f1xx_hal_rcc.c.obj
 .rodata._puts_r.str1.4
                0x08004734        0x2 d:/install/arm-none-eabi/bin/../lib/gcc/arm-none-eabi/12.3.1/thumb/v7-m/nofp\libg.a(libc_a-puts.o)
                0x08004738                        . = ALIGN (0x4)
 *fill*         0x08004736        0x2 

.ARM.extab      0x08004738        0x0
                0x08004738                        . = ALIGN (0x4)
 *(.ARM.extab* .gnu.linkonce.armextab.*)
                0x08004738                        . = ALIGN (0x4)

.ARM            0x08004738        0x8
                0x08004738                        . = ALIGN (0x4)
                0x08004738                        __exidx_start = .
 *(.ARM.exidx*)
 .ARM.exidx     0x08004738        0x8 d:/install/arm-none-eabi/bin/../lib/gcc/arm-none-eabi/12.3.1/thumb/v7-m/nofp\libg.a(libc_a-memcpy.o)
                0x08004740                        __exidx_end = .
                0x08004740                        . = ALIGN (0x4)

.rel.dyn        0x08004740        0x0
 .rel.iplt      0x08004740        0x0 d:/install/arm-none-eabi/bin/../lib/gcc/arm-none-eabi/12.3.1/thumb/v7-m/nofp/crtbegin.o

.preinit_array  0x08004740        0x0
                0x08004740                        . = ALIGN (0x4)
                0x08004740                        PROVIDE (__preinit_array_start = .)
 *(.preinit_array*)
                0x08004740                        PROVIDE (__preinit_array_end = .)
                0x08004740                        . = ALIGN (0x4)

.init_array     0x08004740        0x8
                0x08004740                        . = ALIGN (0x4)
                0x08004740                        PROVIDE (__init_array_start = .)
 *(SORT_BY_NAME(.init_array.*))
 .init_array.00000
                0x08004740        0x4 d:/install/arm-none-eabi/bin/../lib/gcc/arm-none-eabi/12.3.1/thumb/v7-m/nofp\libg.a(libc_a-__call_atexit.o)
 *(.init_array*)
 .init_array    0x08004744        0x4 d:/install/arm-none-eabi/bin/../lib/gcc/arm-none-eabi/12.3.1/thumb/v7-m/nofp/crtbegin.o
                0x08004748                        PROVIDE (__init_array_end = .)
                0x08004748                        . = ALIGN (0x4)

.fini_array     0x08004748        0x4
                0x08004748                        . = ALIGN (0x4)
                0x08004748                        PROVIDE (__fini_array_start = .)
 *(SORT_BY_NAME(.fini_array.*))
 *(.fini_array*)
 .fini_array    0x08004748        0x4 d:/install/arm-none-eabi/bin/../lib/gcc/arm-none-eabi/12.3.1/thumb/v7-m/nofp/crtbegin.o
                0x0800474c                        PROVIDE (__fini_array_end = .)
                0x0800474c                        . = ALIGN (0x4)
                0x0800474c                        _sidata = LOADADDR (.data)

.data           0x20000000      0x558 load address 0x0800474c
                0x20000000                        . = ALIGN (0x4)
                0x20000000                        _sdata = .
 *(.data)
 *(.data*)
 .data.beeper_declipse
                0x20000000        0x2 CMakeFiles/smart_car.elf.dir/Core/Src/schedule.c.obj
 *fill*         0x20000002        0x2 
 .data.SystemCoreClock
                0x20000004        0x4 CMakeFiles/smart_car.elf.dir/Core/Src/system_stm32f1xx.c.obj
                0x20000004                SystemCoreClock
 .data.uwTickFreq
                0x20000008        0x1 CMakeFiles/smart_car.elf.dir/Drivers/STM32F1xx_HAL_Driver/Src/stm32f1xx_hal.c.obj
                0x20000008                uwTickFreq
 *fill*         0x20000009        0x3 
 .data.uwTickPrio
                0x2000000c        0x4 CMakeFiles/smart_car.elf.dir/Drivers/STM32F1xx_HAL_Driver/Src/stm32f1xx_hal.c.obj
                0x2000000c                uwTickPrio
 .data.__sglue  0x20000010        0xc d:/install/arm-none-eabi/bin/../lib/gcc/arm-none-eabi/12.3.1/thumb/v7-m/nofp\libg.a(libc_a-findfp.o)
                0x20000010                __sglue
 .data._impure_ptr
                0x2000001c        0x4 d:/install/arm-none-eabi/bin/../lib/gcc/arm-none-eabi/12.3.1/thumb/v7-m/nofp\libg.a(libc_a-impure.o)
                0x2000001c                _impure_ptr
 .data._impure_data
                0x20000020      0x120 d:/install/arm-none-eabi/bin/../lib/gcc/arm-none-eabi/12.3.1/thumb/v7-m/nofp\libg.a(libc_a-impure.o)
                0x20000020                _impure_data
 .data.__atexit_recursive_mutex
                0x20000140        0x4 d:/install/arm-none-eabi/bin/../lib/gcc/arm-none-eabi/12.3.1/thumb/v7-m/nofp\libg.a(libc_a-__call_atexit.o)
                0x20000140                __atexit_recursive_mutex
 .data.__malloc_sbrk_base
                0x20000144        0x4 d:/install/arm-none-eabi/bin/../lib/gcc/arm-none-eabi/12.3.1/thumb/v7-m/nofp\libg.a(libc_a-mallocr.o)
                0x20000144                __malloc_sbrk_base
 .data.__malloc_trim_threshold
                0x20000148        0x4 d:/install/arm-none-eabi/bin/../lib/gcc/arm-none-eabi/12.3.1/thumb/v7-m/nofp\libg.a(libc_a-mallocr.o)
                0x20000148                __malloc_trim_threshold
 *fill*         0x2000014c        0x4 
 .data.__malloc_av_
                0x20000150      0x408 d:/install/arm-none-eabi/bin/../lib/gcc/arm-none-eabi/12.3.1/thumb/v7-m/nofp\libg.a(libc_a-mallocr.o)
                0x20000150                __malloc_av_
 *(.RamFunc)
 *(.RamFunc*)
                0x20000558                        . = ALIGN (0x4)
                0x20000558                        _edata = .

.tm_clone_table
                0x20000558        0x0 load address 0x08004ca4
 .tm_clone_table
                0x20000558        0x0 d:/install/arm-none-eabi/bin/../lib/gcc/arm-none-eabi/12.3.1/thumb/v7-m/nofp/crtbegin.o
 .tm_clone_table
                0x20000558        0x0 d:/install/arm-none-eabi/bin/../lib/gcc/arm-none-eabi/12.3.1/thumb/v7-m/nofp/crtend.o

.igot.plt       0x20000558        0x0 load address 0x08004ca4
 .igot.plt      0x20000558        0x0 d:/install/arm-none-eabi/bin/../lib/gcc/arm-none-eabi/12.3.1/thumb/v7-m/nofp/crtbegin.o
                0x20000558                        . = ALIGN (0x4)

.bss            0x20000558      0x524 load address 0x08004ca4
                0x20000558                        _sbss = .
                0x20000558                        __bss_start__ = _sbss
 *(.bss)
 *(.bss*)
 .bss.completed.1
                0x20000558        0x1 d:/install/arm-none-eabi/bin/../lib/gcc/arm-none-eabi/12.3.1/thumb/v7-m/nofp/crtbegin.o
 *fill*         0x20000559        0x3 
 .bss.object.0  0x2000055c       0x18 d:/install/arm-none-eabi/bin/../lib/gcc/arm-none-eabi/12.3.1/thumb/v7-m/nofp/crtbegin.o
 .bss.beeper_dev
                0x20000574       0x2a CMakeFiles/smart_car.elf.dir/Core/Src/beeper.c.obj
                0x20000574                beeper_dev
 .bss.turn_right_flag
                0x2000059e        0x1 CMakeFiles/smart_car.elf.dir/Core/Src/control.c.obj
                0x2000059e                turn_right_flag
 .bss.turn_left_flag
                0x2000059f        0x1 CMakeFiles/smart_car.elf.dir/Core/Src/control.c.obj
                0x2000059f                turn_left_flag
 .bss.g_fac_us  0x200005a0        0x4 CMakeFiles/smart_car.elf.dir/Core/Src/delay.c.obj
 .bss.hc_sr04_dev
                0x200005a4       0x14 CMakeFiles/smart_car.elf.dir/Core/Src/hc_sr04.c.obj
                0x200005a4                hc_sr04_dev
 .bss.huart1    0x200005b8       0x48 CMakeFiles/smart_car.elf.dir/Core/Src/main.c.obj
                0x200005b8                huart1
 .bss.htim4     0x20000600       0x48 CMakeFiles/smart_car.elf.dir/Core/Src/main.c.obj
                0x20000600                htim4
 .bss.htim3     0x20000648       0x48 CMakeFiles/smart_car.elf.dir/Core/Src/main.c.obj
                0x20000648                htim3
 .bss.htim2     0x20000690       0x48 CMakeFiles/smart_car.elf.dir/Core/Src/main.c.obj
                0x20000690                htim2
 .bss.htim1     0x200006d8       0x48 CMakeFiles/smart_car.elf.dir/Core/Src/main.c.obj
                0x200006d8                htim1
 .bss.motor_dev
                0x20000720       0x3e CMakeFiles/smart_car.elf.dir/Core/Src/motor.c.obj
                0x20000720                motor_dev
 *fill*         0x2000075e        0x2 
 .bss.__sbrk_heap_end
                0x20000760        0x4 CMakeFiles/smart_car.elf.dir/Core/Src/sysmem.c.obj
 .bss.uwTick    0x20000764        0x4 CMakeFiles/smart_car.elf.dir/Drivers/STM32F1xx_HAL_Driver/Src/stm32f1xx_hal.c.obj
                0x20000764                uwTick
 .bss.__sf      0x20000768      0x138 d:/install/arm-none-eabi/bin/../lib/gcc/arm-none-eabi/12.3.1/thumb/v7-m/nofp\libg.a(libc_a-findfp.o)
                0x20000768                __sf
 .bss.__stdio_exit_handler
                0x200008a0        0x4 d:/install/arm-none-eabi/bin/../lib/gcc/arm-none-eabi/12.3.1/thumb/v7-m/nofp\libg.a(libc_a-findfp.o)
                0x200008a0                __stdio_exit_handler
 .bss.errno     0x200008a4        0x4 d:/install/arm-none-eabi/bin/../lib/gcc/arm-none-eabi/12.3.1/thumb/v7-m/nofp\libg.a(libc_a-reent.o)
                0x200008a4                errno
 .bss.__lock___malloc_recursive_mutex
                0x200008a8        0x1 d:/install/arm-none-eabi/bin/../lib/gcc/arm-none-eabi/12.3.1/thumb/v7-m/nofp\libg.a(libc_a-lock.o)
                0x200008a8                __lock___malloc_recursive_mutex
 *fill*         0x200008a9        0x3 
 .bss.__lock___atexit_recursive_mutex
                0x200008ac        0x1 d:/install/arm-none-eabi/bin/../lib/gcc/arm-none-eabi/12.3.1/thumb/v7-m/nofp\libg.a(libc_a-lock.o)
                0x200008ac                __lock___atexit_recursive_mutex
 *fill*         0x200008ad        0x3 
 .bss.__lock___sfp_recursive_mutex
                0x200008b0        0x1 d:/install/arm-none-eabi/bin/../lib/gcc/arm-none-eabi/12.3.1/thumb/v7-m/nofp\libg.a(libc_a-lock.o)
                0x200008b0                __lock___sfp_recursive_mutex
 *fill*         0x200008b1        0x3 
 .bss.__atexit  0x200008b4        0x4 d:/install/arm-none-eabi/bin/../lib/gcc/arm-none-eabi/12.3.1/thumb/v7-m/nofp\libg.a(libc_a-__call_atexit.o)
                0x200008b4                __atexit
 .bss.__malloc_current_mallinfo
                0x200008b8       0x28 d:/install/arm-none-eabi/bin/../lib/gcc/arm-none-eabi/12.3.1/thumb/v7-m/nofp\libg.a(libc_a-mallocr.o)
                0x200008b8                __malloc_current_mallinfo
 .bss.__malloc_max_total_mem
                0x200008e0        0x4 d:/install/arm-none-eabi/bin/../lib/gcc/arm-none-eabi/12.3.1/thumb/v7-m/nofp\libg.a(libc_a-mallocr.o)
                0x200008e0                __malloc_max_total_mem
 .bss.__malloc_max_sbrked_mem
                0x200008e4        0x4 d:/install/arm-none-eabi/bin/../lib/gcc/arm-none-eabi/12.3.1/thumb/v7-m/nofp\libg.a(libc_a-mallocr.o)
                0x200008e4                __malloc_max_sbrked_mem
 .bss.__malloc_top_pad
                0x200008e8        0x4 d:/install/arm-none-eabi/bin/../lib/gcc/arm-none-eabi/12.3.1/thumb/v7-m/nofp\libg.a(libc_a-mallocr.o)
                0x200008e8                __malloc_top_pad
 .bss.__atexit0
                0x200008ec      0x190 d:/install/arm-none-eabi/bin/../lib/gcc/arm-none-eabi/12.3.1/thumb/v7-m/nofp\libg.a(libc_a-__atexit.o)
                0x200008ec                __atexit0
 *(COMMON)
                0x20000a7c                        . = ALIGN (0x4)
                0x20000a7c                        _ebss = .
                0x20000a7c                        __bss_end__ = _ebss

._user_heap_stack
                0x20000a7c      0x604 load address 0x08004ca4
                0x20000a80                        . = ALIGN (0x8)
 *fill*         0x20000a7c        0x4 
                [!provide]                        PROVIDE (end = .)
                0x20000a80                        PROVIDE (_end = .)
                0x20000c80                        . = (. + _Min_Heap_Size)
 *fill*         0x20000a80      0x200 
                0x20001080                        . = (. + _Min_Stack_Size)
 *fill*         0x20000c80      0x400 
                0x20001080                        . = ALIGN (0x8)

/DISCARD/
 libc.a(*)
 libm.a(*)
 libgcc.a(*)

.ARM.attributes
                0x00000000       0x29
 *(.ARM.attributes)
 .ARM.attributes
                0x00000000       0x1d d:/install/arm-none-eabi/bin/../lib/gcc/arm-none-eabi/12.3.1/thumb/v7-m/nofp/crti.o
 .ARM.attributes
                0x0000001d       0x2d d:/install/arm-none-eabi/bin/../lib/gcc/arm-none-eabi/12.3.1/thumb/v7-m/nofp/crtbegin.o
 .ARM.attributes
                0x0000004a       0x2d CMakeFiles/smart_car.elf.dir/Core/Src/beeper.c.obj
 .ARM.attributes
                0x00000077       0x2d CMakeFiles/smart_car.elf.dir/Core/Src/control.c.obj
 .ARM.attributes
                0x000000a4       0x2d CMakeFiles/smart_car.elf.dir/Core/Src/delay.c.obj
 .ARM.attributes
                0x000000d1       0x2d CMakeFiles/smart_car.elf.dir/Core/Src/fan.c.obj
 .ARM.attributes
                0x000000fe       0x2d CMakeFiles/smart_car.elf.dir/Core/Src/global_it_cb.c.obj
 .ARM.attributes
                0x0000012b       0x2d CMakeFiles/smart_car.elf.dir/Core/Src/hc_sr04.c.obj
 .ARM.attributes
                0x00000158       0x2d CMakeFiles/smart_car.elf.dir/Core/Src/main.c.obj
 .ARM.attributes
                0x00000185       0x2d CMakeFiles/smart_car.elf.dir/Core/Src/motor.c.obj
 .ARM.attributes
                0x000001b2       0x2d CMakeFiles/smart_car.elf.dir/Core/Src/patrol_line.c.obj
 .ARM.attributes
                0x000001df       0x2d CMakeFiles/smart_car.elf.dir/Core/Src/printf_redirect.c.obj
 .ARM.attributes
                0x0000020c       0x2d CMakeFiles/smart_car.elf.dir/Core/Src/schedule.c.obj
 .ARM.attributes
                0x00000239       0x2d CMakeFiles/smart_car.elf.dir/Core/Src/stm32f1xx_hal_msp.c.obj
 .ARM.attributes
                0x00000266       0x2d CMakeFiles/smart_car.elf.dir/Core/Src/stm32f1xx_it.c.obj
 .ARM.attributes
                0x00000293       0x2d CMakeFiles/smart_car.elf.dir/Core/Src/syscalls.c.obj
 .ARM.attributes
                0x000002c0       0x2d CMakeFiles/smart_car.elf.dir/Core/Src/sysmem.c.obj
 .ARM.attributes
                0x000002ed       0x2d CMakeFiles/smart_car.elf.dir/Core/Src/system_stm32f1xx.c.obj
 .ARM.attributes
                0x0000031a       0x21 CMakeFiles/smart_car.elf.dir/Core/Startup/startup_stm32f103c8tx.s.obj
 .ARM.attributes
                0x0000033b       0x2d CMakeFiles/smart_car.elf.dir/Drivers/STM32F1xx_HAL_Driver/Src/stm32f1xx_hal.c.obj
 .ARM.attributes
                0x00000368       0x2d CMakeFiles/smart_car.elf.dir/Drivers/STM32F1xx_HAL_Driver/Src/stm32f1xx_hal_cortex.c.obj
 .ARM.attributes
                0x00000395       0x2d CMakeFiles/smart_car.elf.dir/Drivers/STM32F1xx_HAL_Driver/Src/stm32f1xx_hal_gpio.c.obj
 .ARM.attributes
                0x000003c2       0x2d CMakeFiles/smart_car.elf.dir/Drivers/STM32F1xx_HAL_Driver/Src/stm32f1xx_hal_rcc.c.obj
 .ARM.attributes
                0x000003ef       0x2d CMakeFiles/smart_car.elf.dir/Drivers/STM32F1xx_HAL_Driver/Src/stm32f1xx_hal_tim.c.obj
 .ARM.attributes
                0x0000041c       0x2d CMakeFiles/smart_car.elf.dir/Drivers/STM32F1xx_HAL_Driver/Src/stm32f1xx_hal_tim_ex.c.obj
 .ARM.attributes
                0x00000449       0x2d CMakeFiles/smart_car.elf.dir/Drivers/STM32F1xx_HAL_Driver/Src/stm32f1xx_hal_uart.c.obj
 .ARM.attributes
                0x00000476       0x1d d:/install/arm-none-eabi/bin/../lib/gcc/arm-none-eabi/12.3.1/thumb/v7-m/nofp\libgcc.a(_arm_muldf3.o)
 .ARM.attributes
                0x00000493       0x1d d:/install/arm-none-eabi/bin/../lib/gcc/arm-none-eabi/12.3.1/thumb/v7-m/nofp\libgcc.a(_arm_addsubdf3.o)
 .ARM.attributes
                0x000004b0       0x1d d:/install/arm-none-eabi/bin/../lib/gcc/arm-none-eabi/12.3.1/thumb/v7-m/nofp\libgcc.a(_arm_fixunsdfsi.o)
 .ARM.attributes
                0x000004cd       0x2d d:/install/arm-none-eabi/bin/../lib/gcc/arm-none-eabi/12.3.1/thumb/v7-m/nofp\libg.a(libc_a-findfp.o)
 .ARM.attributes
                0x000004fa       0x2d d:/install/arm-none-eabi/bin/../lib/gcc/arm-none-eabi/12.3.1/thumb/v7-m/nofp\libg.a(libc_a-fwalk.o)
 .ARM.attributes
                0x00000527       0x2d d:/install/arm-none-eabi/bin/../lib/gcc/arm-none-eabi/12.3.1/thumb/v7-m/nofp\libg.a(libc_a-puts.o)
 .ARM.attributes
                0x00000554       0x2d d:/install/arm-none-eabi/bin/../lib/gcc/arm-none-eabi/12.3.1/thumb/v7-m/nofp\libg.a(libc_a-stdio.o)
 .ARM.attributes
                0x00000581       0x2d d:/install/arm-none-eabi/bin/../lib/gcc/arm-none-eabi/12.3.1/thumb/v7-m/nofp\libg.a(libc_a-memset.o)
 .ARM.attributes
                0x000005ae       0x2d d:/install/arm-none-eabi/bin/../lib/gcc/arm-none-eabi/12.3.1/thumb/v7-m/nofp\libg.a(libc_a-closer.o)
 .ARM.attributes
                0x000005db       0x2d d:/install/arm-none-eabi/bin/../lib/gcc/arm-none-eabi/12.3.1/thumb/v7-m/nofp\libg.a(libc_a-reent.o)
 .ARM.attributes
                0x00000608       0x2d d:/install/arm-none-eabi/bin/../lib/gcc/arm-none-eabi/12.3.1/thumb/v7-m/nofp\libg.a(libc_a-impure.o)
 .ARM.attributes
                0x00000635       0x2d d:/install/arm-none-eabi/bin/../lib/gcc/arm-none-eabi/12.3.1/thumb/v7-m/nofp\libg.a(libc_a-lseekr.o)
 .ARM.attributes
                0x00000662       0x2d d:/install/arm-none-eabi/bin/../lib/gcc/arm-none-eabi/12.3.1/thumb/v7-m/nofp\libg.a(libc_a-readr.o)
 .ARM.attributes
                0x0000068f       0x2d d:/install/arm-none-eabi/bin/../lib/gcc/arm-none-eabi/12.3.1/thumb/v7-m/nofp\libg.a(libc_a-writer.o)
 .ARM.attributes
                0x000006bc       0x2d d:/install/arm-none-eabi/bin/../lib/gcc/arm-none-eabi/12.3.1/thumb/v7-m/nofp\libg.a(libc_a-errno.o)
 .ARM.attributes
                0x000006e9       0x2d d:/install/arm-none-eabi/bin/../lib/gcc/arm-none-eabi/12.3.1/thumb/v7-m/nofp\libg.a(libc_a-init.o)
 .ARM.attributes
                0x00000716       0x2d d:/install/arm-none-eabi/bin/../lib/gcc/arm-none-eabi/12.3.1/thumb/v7-m/nofp\libg.a(libc_a-lock.o)
 .ARM.attributes
                0x00000743       0x2d d:/install/arm-none-eabi/bin/../lib/gcc/arm-none-eabi/12.3.1/thumb/v7-m/nofp\libg.a(libc_a-strlen-stub.o)
 .ARM.attributes
                0x00000770       0x2d d:/install/arm-none-eabi/bin/../lib/gcc/arm-none-eabi/12.3.1/thumb/v7-m/nofp\libg.a(libc_a-__call_atexit.o)
 .ARM.attributes
                0x0000079d       0x2d d:/install/arm-none-eabi/bin/../lib/gcc/arm-none-eabi/12.3.1/thumb/v7-m/nofp\libg.a(libc_a-atexit.o)
 .ARM.attributes
                0x000007ca       0x2d d:/install/arm-none-eabi/bin/../lib/gcc/arm-none-eabi/12.3.1/thumb/v7-m/nofp\libg.a(libc_a-freer.o)
 .ARM.attributes
                0x000007f7       0x2d d:/install/arm-none-eabi/bin/../lib/gcc/arm-none-eabi/12.3.1/thumb/v7-m/nofp\libg.a(libc_a-mallocr.o)
 .ARM.attributes
                0x00000824       0x2d d:/install/arm-none-eabi/bin/../lib/gcc/arm-none-eabi/12.3.1/thumb/v7-m/nofp\libg.a(libc_a-mlock.o)
 .ARM.attributes
                0x00000851       0x2d d:/install/arm-none-eabi/bin/../lib/gcc/arm-none-eabi/12.3.1/thumb/v7-m/nofp\libg.a(libc_a-fclose.o)
 .ARM.attributes
                0x0000087e       0x2d d:/install/arm-none-eabi/bin/../lib/gcc/arm-none-eabi/12.3.1/thumb/v7-m/nofp\libg.a(libc_a-fflush.o)
 .ARM.attributes
                0x000008ab       0x2d d:/install/arm-none-eabi/bin/../lib/gcc/arm-none-eabi/12.3.1/thumb/v7-m/nofp\libg.a(libc_a-fvwrite.o)
 .ARM.attributes
                0x000008d8       0x2d d:/install/arm-none-eabi/bin/../lib/gcc/arm-none-eabi/12.3.1/thumb/v7-m/nofp\libg.a(libc_a-wsetup.o)
 .ARM.attributes
                0x00000905       0x2d d:/install/arm-none-eabi/bin/../lib/gcc/arm-none-eabi/12.3.1/thumb/v7-m/nofp\libg.a(libc_a-memmove.o)
 .ARM.attributes
                0x00000932       0x2d d:/install/arm-none-eabi/bin/../lib/gcc/arm-none-eabi/12.3.1/thumb/v7-m/nofp\libg.a(libc_a-sbrkr.o)
 .ARM.attributes
                0x0000095f       0x2d d:/install/arm-none-eabi/bin/../lib/gcc/arm-none-eabi/12.3.1/thumb/v7-m/nofp\libg.a(libc_a-fini.o)
 .ARM.attributes
                0x0000098c       0x2d d:/install/arm-none-eabi/bin/../lib/gcc/arm-none-eabi/12.3.1/thumb/v7-m/nofp\libg.a(libc_a-sysconf.o)
 .ARM.attributes
                0x000009b9       0x2d d:/install/arm-none-eabi/bin/../lib/gcc/arm-none-eabi/12.3.1/thumb/v7-m/nofp\libg.a(libc_a-memchr-stub.o)
 .ARM.attributes
                0x000009e6       0x1b d:/install/arm-none-eabi/bin/../lib/gcc/arm-none-eabi/12.3.1/thumb/v7-m/nofp\libg.a(libc_a-memcpy.o)
 .ARM.attributes
                0x00000a01       0x2d d:/install/arm-none-eabi/bin/../lib/gcc/arm-none-eabi/12.3.1/thumb/v7-m/nofp\libg.a(libc_a-__atexit.o)
 .ARM.attributes
                0x00000a2e       0x2d d:/install/arm-none-eabi/bin/../lib/gcc/arm-none-eabi/12.3.1/thumb/v7-m/nofp\libg.a(libc_a-reallocr.o)
 .ARM.attributes
                0x00000a5b       0x2d d:/install/arm-none-eabi/bin/../lib/gcc/arm-none-eabi/12.3.1/thumb/v7-m/nofp\libg.a(libc_a-makebuf.o)
 .ARM.attributes
                0x00000a88       0x2d d:/install/arm-none-eabi/bin/../lib/gcc/arm-none-eabi/12.3.1/thumb/v7-m/nofp\libg.a(libc_a-fstatr.o)
 .ARM.attributes
                0x00000ab5       0x2d d:/install/arm-none-eabi/bin/../lib/gcc/arm-none-eabi/12.3.1/thumb/v7-m/nofp\libg.a(libc_a-isattyr.o)
 .ARM.attributes
                0x00000ae2       0x2d d:/install/arm-none-eabi/bin/../lib/gcc/arm-none-eabi/12.3.1/thumb/v7-m/nofp/crtend.o
 .ARM.attributes
                0x00000b0f       0x1d d:/install/arm-none-eabi/bin/../lib/gcc/arm-none-eabi/12.3.1/thumb/v7-m/nofp/crtn.o
OUTPUT(smart_car.elf elf32-littlearm)
LOAD linker stubs
LOAD d:/install/arm-none-eabi/bin/../lib/gcc/arm-none-eabi/12.3.1/thumb/v7-m/nofp\libc.a
LOAD d:/install/arm-none-eabi/bin/../lib/gcc/arm-none-eabi/12.3.1/thumb/v7-m/nofp\libm.a
LOAD d:/install/arm-none-eabi/bin/../lib/gcc/arm-none-eabi/12.3.1/thumb/v7-m/nofp\libgcc.a

.debug_info     0x00000000    0x122ea
 .debug_info    0x00000000      0x464 CMakeFiles/smart_car.elf.dir/Core/Src/beeper.c.obj
 .debug_info    0x00000464      0x101 CMakeFiles/smart_car.elf.dir/Core/Src/control.c.obj
 .debug_info    0x00000565      0x287 CMakeFiles/smart_car.elf.dir/Core/Src/delay.c.obj
 .debug_info    0x000007ec      0x1c2 CMakeFiles/smart_car.elf.dir/Core/Src/fan.c.obj
 .debug_info    0x000009ae      0x294 CMakeFiles/smart_car.elf.dir/Core/Src/global_it_cb.c.obj
 .debug_info    0x00000c42      0x313 CMakeFiles/smart_car.elf.dir/Core/Src/hc_sr04.c.obj
 .debug_info    0x00000f55     0x18a3 CMakeFiles/smart_car.elf.dir/Core/Src/main.c.obj
 .debug_info    0x000027f8      0xb5d CMakeFiles/smart_car.elf.dir/Core/Src/motor.c.obj
 .debug_info    0x00003355      0x214 CMakeFiles/smart_car.elf.dir/Core/Src/patrol_line.c.obj
 .debug_info    0x00003569      0x5fc CMakeFiles/smart_car.elf.dir/Core/Src/printf_redirect.c.obj
 .debug_info    0x00003b65      0x9e6 CMakeFiles/smart_car.elf.dir/Core/Src/schedule.c.obj
 .debug_info    0x0000454b      0xf95 CMakeFiles/smart_car.elf.dir/Core/Src/stm32f1xx_hal_msp.c.obj
 .debug_info    0x000054e0      0x857 CMakeFiles/smart_car.elf.dir/Core/Src/stm32f1xx_it.c.obj
 .debug_info    0x00005d37      0x783 CMakeFiles/smart_car.elf.dir/Core/Src/syscalls.c.obj
 .debug_info    0x000064ba      0x171 CMakeFiles/smart_car.elf.dir/Core/Src/sysmem.c.obj
 .debug_info    0x0000662b      0x22d CMakeFiles/smart_car.elf.dir/Core/Src/system_stm32f1xx.c.obj
 .debug_info    0x00006858       0x30 CMakeFiles/smart_car.elf.dir/Core/Startup/startup_stm32f103c8tx.s.obj
 .debug_info    0x00006888      0x7a2 CMakeFiles/smart_car.elf.dir/Drivers/STM32F1xx_HAL_Driver/Src/stm32f1xx_hal.c.obj
 .debug_info    0x0000702a      0xcad CMakeFiles/smart_car.elf.dir/Drivers/STM32F1xx_HAL_Driver/Src/stm32f1xx_hal_cortex.c.obj
 .debug_info    0x00007cd7      0x604 CMakeFiles/smart_car.elf.dir/Drivers/STM32F1xx_HAL_Driver/Src/stm32f1xx_hal_gpio.c.obj
 .debug_info    0x000082db      0x9c7 CMakeFiles/smart_car.elf.dir/Drivers/STM32F1xx_HAL_Driver/Src/stm32f1xx_hal_rcc.c.obj
 .debug_info    0x00008ca2     0x3b74 CMakeFiles/smart_car.elf.dir/Drivers/STM32F1xx_HAL_Driver/Src/stm32f1xx_hal_tim.c.obj
 .debug_info    0x0000c816     0x1a88 CMakeFiles/smart_car.elf.dir/Drivers/STM32F1xx_HAL_Driver/Src/stm32f1xx_hal_tim_ex.c.obj
 .debug_info    0x0000e29e     0x404c CMakeFiles/smart_car.elf.dir/Drivers/STM32F1xx_HAL_Driver/Src/stm32f1xx_hal_uart.c.obj

.debug_abbrev   0x00000000     0x2c16
 .debug_abbrev  0x00000000      0x1ca CMakeFiles/smart_car.elf.dir/Core/Src/beeper.c.obj
 .debug_abbrev  0x000001ca       0xad CMakeFiles/smart_car.elf.dir/Core/Src/control.c.obj
 .debug_abbrev  0x00000277      0x149 CMakeFiles/smart_car.elf.dir/Core/Src/delay.c.obj
 .debug_abbrev  0x000003c0      0x107 CMakeFiles/smart_car.elf.dir/Core/Src/fan.c.obj
 .debug_abbrev  0x000004c7      0x113 CMakeFiles/smart_car.elf.dir/Core/Src/global_it_cb.c.obj
 .debug_abbrev  0x000005da      0x1f1 CMakeFiles/smart_car.elf.dir/Core/Src/hc_sr04.c.obj
 .debug_abbrev  0x000007cb      0x2f2 CMakeFiles/smart_car.elf.dir/Core/Src/main.c.obj
 .debug_abbrev  0x00000abd      0x206 CMakeFiles/smart_car.elf.dir/Core/Src/motor.c.obj
 .debug_abbrev  0x00000cc3      0x111 CMakeFiles/smart_car.elf.dir/Core/Src/patrol_line.c.obj
 .debug_abbrev  0x00000dd4      0x186 CMakeFiles/smart_car.elf.dir/Core/Src/printf_redirect.c.obj
 .debug_abbrev  0x00000f5a      0x232 CMakeFiles/smart_car.elf.dir/Core/Src/schedule.c.obj
 .debug_abbrev  0x0000118c      0x253 CMakeFiles/smart_car.elf.dir/Core/Src/stm32f1xx_hal_msp.c.obj
 .debug_abbrev  0x000013df      0x1fa CMakeFiles/smart_car.elf.dir/Core/Src/stm32f1xx_it.c.obj
 .debug_abbrev  0x000015d9      0x1c1 CMakeFiles/smart_car.elf.dir/Core/Src/syscalls.c.obj
 .debug_abbrev  0x0000179a       0xea CMakeFiles/smart_car.elf.dir/Core/Src/sysmem.c.obj
 .debug_abbrev  0x00001884      0x143 CMakeFiles/smart_car.elf.dir/Core/Src/system_stm32f1xx.c.obj
 .debug_abbrev  0x000019c7       0x24 CMakeFiles/smart_car.elf.dir/Core/Startup/startup_stm32f103c8tx.s.obj
 .debug_abbrev  0x000019eb      0x22d CMakeFiles/smart_car.elf.dir/Drivers/STM32F1xx_HAL_Driver/Src/stm32f1xx_hal.c.obj
 .debug_abbrev  0x00001c18      0x36d CMakeFiles/smart_car.elf.dir/Drivers/STM32F1xx_HAL_Driver/Src/stm32f1xx_hal_cortex.c.obj
 .debug_abbrev  0x00001f85      0x1f7 CMakeFiles/smart_car.elf.dir/Drivers/STM32F1xx_HAL_Driver/Src/stm32f1xx_hal_gpio.c.obj
 .debug_abbrev  0x0000217c      0x2a0 CMakeFiles/smart_car.elf.dir/Drivers/STM32F1xx_HAL_Driver/Src/stm32f1xx_hal_rcc.c.obj
 .debug_abbrev  0x0000241c      0x270 CMakeFiles/smart_car.elf.dir/Drivers/STM32F1xx_HAL_Driver/Src/stm32f1xx_hal_tim.c.obj
 .debug_abbrev  0x0000268c      0x26e CMakeFiles/smart_car.elf.dir/Drivers/STM32F1xx_HAL_Driver/Src/stm32f1xx_hal_tim_ex.c.obj
 .debug_abbrev  0x000028fa      0x31c CMakeFiles/smart_car.elf.dir/Drivers/STM32F1xx_HAL_Driver/Src/stm32f1xx_hal_uart.c.obj

.debug_loclists
                0x00000000     0x83f8
 .debug_loclists
                0x00000000       0x41 CMakeFiles/smart_car.elf.dir/Core/Src/beeper.c.obj
 .debug_loclists
                0x00000041       0x17 CMakeFiles/smart_car.elf.dir/Core/Src/control.c.obj
 .debug_loclists
                0x00000058       0xf6 CMakeFiles/smart_car.elf.dir/Core/Src/delay.c.obj
 .debug_loclists
                0x0000014e       0x4a CMakeFiles/smart_car.elf.dir/Core/Src/global_it_cb.c.obj
 .debug_loclists
                0x00000198       0xc4 CMakeFiles/smart_car.elf.dir/Core/Src/motor.c.obj
 .debug_loclists
                0x0000025c       0x36 CMakeFiles/smart_car.elf.dir/Core/Src/patrol_line.c.obj
 .debug_loclists
                0x00000292       0x55 CMakeFiles/smart_car.elf.dir/Core/Src/printf_redirect.c.obj
 .debug_loclists
                0x000002e7       0x37 CMakeFiles/smart_car.elf.dir/Core/Src/schedule.c.obj
 .debug_loclists
                0x0000031e      0x152 CMakeFiles/smart_car.elf.dir/Core/Src/stm32f1xx_hal_msp.c.obj
 .debug_loclists
                0x00000470      0x25b CMakeFiles/smart_car.elf.dir/Core/Src/syscalls.c.obj
 .debug_loclists
                0x000006cb       0x46 CMakeFiles/smart_car.elf.dir/Core/Src/sysmem.c.obj
 .debug_loclists
                0x00000711       0xa5 CMakeFiles/smart_car.elf.dir/Core/Src/system_stm32f1xx.c.obj
 .debug_loclists
                0x000007b6       0xc9 CMakeFiles/smart_car.elf.dir/Drivers/STM32F1xx_HAL_Driver/Src/stm32f1xx_hal.c.obj
 .debug_loclists
                0x0000087f      0x422 CMakeFiles/smart_car.elf.dir/Drivers/STM32F1xx_HAL_Driver/Src/stm32f1xx_hal_cortex.c.obj
 .debug_loclists
                0x00000ca1      0x2e8 CMakeFiles/smart_car.elf.dir/Drivers/STM32F1xx_HAL_Driver/Src/stm32f1xx_hal_gpio.c.obj
 .debug_loclists
                0x00000f89      0x3f8 CMakeFiles/smart_car.elf.dir/Drivers/STM32F1xx_HAL_Driver/Src/stm32f1xx_hal_rcc.c.obj
 .debug_loclists
                0x00001381     0x3332 CMakeFiles/smart_car.elf.dir/Drivers/STM32F1xx_HAL_Driver/Src/stm32f1xx_hal_tim.c.obj
 .debug_loclists
                0x000046b3     0x124c CMakeFiles/smart_car.elf.dir/Drivers/STM32F1xx_HAL_Driver/Src/stm32f1xx_hal_tim_ex.c.obj
 .debug_loclists
                0x000058ff     0x2af9 CMakeFiles/smart_car.elf.dir/Drivers/STM32F1xx_HAL_Driver/Src/stm32f1xx_hal_uart.c.obj

.debug_aranges  0x00000000      0xde8
 .debug_aranges
                0x00000000       0x38 CMakeFiles/smart_car.elf.dir/Core/Src/beeper.c.obj
 .debug_aranges
                0x00000038       0x20 CMakeFiles/smart_car.elf.dir/Core/Src/control.c.obj
 .debug_aranges
                0x00000058       0x38 CMakeFiles/smart_car.elf.dir/Core/Src/delay.c.obj
 .debug_aranges
                0x00000090       0x28 CMakeFiles/smart_car.elf.dir/Core/Src/fan.c.obj
 .debug_aranges
                0x000000b8       0x20 CMakeFiles/smart_car.elf.dir/Core/Src/global_it_cb.c.obj
 .debug_aranges
                0x000000d8       0x40 CMakeFiles/smart_car.elf.dir/Core/Src/hc_sr04.c.obj
 .debug_aranges
                0x00000118       0x60 CMakeFiles/smart_car.elf.dir/Core/Src/main.c.obj
 .debug_aranges
                0x00000178       0x38 CMakeFiles/smart_car.elf.dir/Core/Src/motor.c.obj
 .debug_aranges
                0x000001b0       0x20 CMakeFiles/smart_car.elf.dir/Core/Src/patrol_line.c.obj
 .debug_aranges
                0x000001d0       0x20 CMakeFiles/smart_car.elf.dir/Core/Src/printf_redirect.c.obj
 .debug_aranges
                0x000001f0       0x30 CMakeFiles/smart_car.elf.dir/Core/Src/schedule.c.obj
 .debug_aranges
                0x00000220       0x58 CMakeFiles/smart_car.elf.dir/Core/Src/stm32f1xx_hal_msp.c.obj
 .debug_aranges
                0x00000278       0x90 CMakeFiles/smart_car.elf.dir/Core/Src/stm32f1xx_it.c.obj
 .debug_aranges
                0x00000308       0xa8 CMakeFiles/smart_car.elf.dir/Core/Src/syscalls.c.obj
 .debug_aranges
                0x000003b0       0x20 CMakeFiles/smart_car.elf.dir/Core/Src/sysmem.c.obj
 .debug_aranges
                0x000003d0       0x28 CMakeFiles/smart_car.elf.dir/Core/Src/system_stm32f1xx.c.obj
 .debug_aranges
                0x000003f8       0x28 CMakeFiles/smart_car.elf.dir/Core/Startup/startup_stm32f103c8tx.s.obj
 .debug_aranges
                0x00000420       0xe0 CMakeFiles/smart_car.elf.dir/Drivers/STM32F1xx_HAL_Driver/Src/stm32f1xx_hal.c.obj
 .debug_aranges
                0x00000500       0xc0 CMakeFiles/smart_car.elf.dir/Drivers/STM32F1xx_HAL_Driver/Src/stm32f1xx_hal_cortex.c.obj
 .debug_aranges
                0x000005c0       0x58 CMakeFiles/smart_car.elf.dir/Drivers/STM32F1xx_HAL_Driver/Src/stm32f1xx_hal_gpio.c.obj
 .debug_aranges
                0x00000618       0x90 CMakeFiles/smart_car.elf.dir/Drivers/STM32F1xx_HAL_Driver/Src/stm32f1xx_hal_rcc.c.obj
 .debug_aranges
                0x000006a8      0x3d0 CMakeFiles/smart_car.elf.dir/Drivers/STM32F1xx_HAL_Driver/Src/stm32f1xx_hal_tim.c.obj
 .debug_aranges
                0x00000a78      0x168 CMakeFiles/smart_car.elf.dir/Drivers/STM32F1xx_HAL_Driver/Src/stm32f1xx_hal_tim_ex.c.obj
 .debug_aranges
                0x00000be0      0x208 CMakeFiles/smart_car.elf.dir/Drivers/STM32F1xx_HAL_Driver/Src/stm32f1xx_hal_uart.c.obj

.debug_rnglists
                0x00000000      0xa71
 .debug_rnglists
                0x00000000       0x26 CMakeFiles/smart_car.elf.dir/Core/Src/beeper.c.obj
 .debug_rnglists
                0x00000026       0x13 CMakeFiles/smart_car.elf.dir/Core/Src/control.c.obj
 .debug_rnglists
                0x00000039       0x25 CMakeFiles/smart_car.elf.dir/Core/Src/delay.c.obj
 .debug_rnglists
                0x0000005e       0x19 CMakeFiles/smart_car.elf.dir/Core/Src/fan.c.obj
 .debug_rnglists
                0x00000077       0x14 CMakeFiles/smart_car.elf.dir/Core/Src/global_it_cb.c.obj
 .debug_rnglists
                0x0000008b       0x2b CMakeFiles/smart_car.elf.dir/Core/Src/hc_sr04.c.obj
 .debug_rnglists
                0x000000b6       0x47 CMakeFiles/smart_car.elf.dir/Core/Src/main.c.obj
 .debug_rnglists
                0x000000fd       0x26 CMakeFiles/smart_car.elf.dir/Core/Src/motor.c.obj
 .debug_rnglists
                0x00000123       0x13 CMakeFiles/smart_car.elf.dir/Core/Src/patrol_line.c.obj
 .debug_rnglists
                0x00000136       0x13 CMakeFiles/smart_car.elf.dir/Core/Src/printf_redirect.c.obj
 .debug_rnglists
                0x00000149       0x20 CMakeFiles/smart_car.elf.dir/Core/Src/schedule.c.obj
 .debug_rnglists
                0x00000169       0x3f CMakeFiles/smart_car.elf.dir/Core/Src/stm32f1xx_hal_msp.c.obj
 .debug_rnglists
                0x000001a8       0x67 CMakeFiles/smart_car.elf.dir/Core/Src/stm32f1xx_it.c.obj
 .debug_rnglists
                0x0000020f       0x79 CMakeFiles/smart_car.elf.dir/Core/Src/syscalls.c.obj
 .debug_rnglists
                0x00000288       0x13 CMakeFiles/smart_car.elf.dir/Core/Src/sysmem.c.obj
 .debug_rnglists
                0x0000029b       0x1a CMakeFiles/smart_car.elf.dir/Core/Src/system_stm32f1xx.c.obj
 .debug_rnglists
                0x000002b5       0x19 CMakeFiles/smart_car.elf.dir/Core/Startup/startup_stm32f103c8tx.s.obj
 .debug_rnglists
                0x000002ce       0xa3 CMakeFiles/smart_car.elf.dir/Drivers/STM32F1xx_HAL_Driver/Src/stm32f1xx_hal.c.obj
 .debug_rnglists
                0x00000371       0x8b CMakeFiles/smart_car.elf.dir/Drivers/STM32F1xx_HAL_Driver/Src/stm32f1xx_hal_cortex.c.obj
 .debug_rnglists
                0x000003fc       0x3f CMakeFiles/smart_car.elf.dir/Drivers/STM32F1xx_HAL_Driver/Src/stm32f1xx_hal_gpio.c.obj
 .debug_rnglists
                0x0000043b       0x7d CMakeFiles/smart_car.elf.dir/Drivers/STM32F1xx_HAL_Driver/Src/stm32f1xx_hal_rcc.c.obj
 .debug_rnglists
                0x000004b8      0x2fe CMakeFiles/smart_car.elf.dir/Drivers/STM32F1xx_HAL_Driver/Src/stm32f1xx_hal_tim.c.obj
 .debug_rnglists
                0x000007b6      0x11a CMakeFiles/smart_car.elf.dir/Drivers/STM32F1xx_HAL_Driver/Src/stm32f1xx_hal_tim_ex.c.obj
 .debug_rnglists
                0x000008d0      0x1a1 CMakeFiles/smart_car.elf.dir/Drivers/STM32F1xx_HAL_Driver/Src/stm32f1xx_hal_uart.c.obj

.debug_line     0x00000000     0xf869
 .debug_line    0x00000000      0x269 CMakeFiles/smart_car.elf.dir/Core/Src/beeper.c.obj
 .debug_line    0x00000269      0x176 CMakeFiles/smart_car.elf.dir/Core/Src/control.c.obj
 .debug_line    0x000003df      0x288 CMakeFiles/smart_car.elf.dir/Core/Src/delay.c.obj
 .debug_line    0x00000667      0x1bc CMakeFiles/smart_car.elf.dir/Core/Src/fan.c.obj
 .debug_line    0x00000823      0x212 CMakeFiles/smart_car.elf.dir/Core/Src/global_it_cb.c.obj
 .debug_line    0x00000a35      0x26b CMakeFiles/smart_car.elf.dir/Core/Src/hc_sr04.c.obj
 .debug_line    0x00000ca0      0x91f CMakeFiles/smart_car.elf.dir/Core/Src/main.c.obj
 .debug_line    0x000015bf      0x344 CMakeFiles/smart_car.elf.dir/Core/Src/motor.c.obj
 .debug_line    0x00001903      0x1fa CMakeFiles/smart_car.elf.dir/Core/Src/patrol_line.c.obj
 .debug_line    0x00001afd      0x1e7 CMakeFiles/smart_car.elf.dir/Core/Src/printf_redirect.c.obj
 .debug_line    0x00001ce4      0x384 CMakeFiles/smart_car.elf.dir/Core/Src/schedule.c.obj
 .debug_line    0x00002068      0x49d CMakeFiles/smart_car.elf.dir/Core/Src/stm32f1xx_hal_msp.c.obj
 .debug_line    0x00002505      0x3dd CMakeFiles/smart_car.elf.dir/Core/Src/stm32f1xx_it.c.obj
 .debug_line    0x000028e2      0x3d0 CMakeFiles/smart_car.elf.dir/Core/Src/syscalls.c.obj
 .debug_line    0x00002cb2      0x194 CMakeFiles/smart_car.elf.dir/Core/Src/sysmem.c.obj
 .debug_line    0x00002e46      0x236 CMakeFiles/smart_car.elf.dir/Core/Src/system_stm32f1xx.c.obj
 .debug_line    0x0000307c       0x78 CMakeFiles/smart_car.elf.dir/Core/Startup/startup_stm32f103c8tx.s.obj
 .debug_line    0x000030f4      0x55e CMakeFiles/smart_car.elf.dir/Drivers/STM32F1xx_HAL_Driver/Src/stm32f1xx_hal.c.obj
 .debug_line    0x00003652      0x6e1 CMakeFiles/smart_car.elf.dir/Drivers/STM32F1xx_HAL_Driver/Src/stm32f1xx_hal_cortex.c.obj
 .debug_line    0x00003d33      0x5bb CMakeFiles/smart_car.elf.dir/Drivers/STM32F1xx_HAL_Driver/Src/stm32f1xx_hal_gpio.c.obj
 .debug_line    0x000042ee      0xc26 CMakeFiles/smart_car.elf.dir/Drivers/STM32F1xx_HAL_Driver/Src/stm32f1xx_hal_rcc.c.obj
 .debug_line    0x00004f14     0x4917 CMakeFiles/smart_car.elf.dir/Drivers/STM32F1xx_HAL_Driver/Src/stm32f1xx_hal_tim.c.obj
 .debug_line    0x0000982b     0x1c62 CMakeFiles/smart_car.elf.dir/Drivers/STM32F1xx_HAL_Driver/Src/stm32f1xx_hal_tim_ex.c.obj
 .debug_line    0x0000b48d     0x43dc CMakeFiles/smart_car.elf.dir/Drivers/STM32F1xx_HAL_Driver/Src/stm32f1xx_hal_uart.c.obj

.debug_str      0x00000000     0x3e9f
 .debug_str     0x00000000      0x2c6 CMakeFiles/smart_car.elf.dir/Core/Src/beeper.c.obj
                                0x32f (size before relaxing)
 .debug_str     0x000002c6       0x82 CMakeFiles/smart_car.elf.dir/Core/Src/control.c.obj
                                0x227 (size before relaxing)
 .debug_str     0x00000348       0xc4 CMakeFiles/smart_car.elf.dir/Core/Src/delay.c.obj
                                0x287 (size before relaxing)
 .debug_str     0x0000040c       0x3e CMakeFiles/smart_car.elf.dir/Core/Src/fan.c.obj
                                0x247 (size before relaxing)
 .debug_str     0x0000044a       0xe9 CMakeFiles/smart_car.elf.dir/Core/Src/global_it_cb.c.obj
                                0x2e9 (size before relaxing)
 .debug_str     0x00000533       0x92 CMakeFiles/smart_car.elf.dir/Core/Src/hc_sr04.c.obj
                                0x314 (size before relaxing)
 .debug_str     0x000005c5      0xeaf CMakeFiles/smart_car.elf.dir/Core/Src/main.c.obj
                               0x11ba (size before relaxing)
 .debug_str     0x00001474       0xd7 CMakeFiles/smart_car.elf.dir/Core/Src/motor.c.obj
                                0x8d7 (size before relaxing)
 .debug_str     0x0000154b       0x58 CMakeFiles/smart_car.elf.dir/Core/Src/patrol_line.c.obj
                                0x271 (size before relaxing)
 .debug_str     0x000015a3       0x5c CMakeFiles/smart_car.elf.dir/Core/Src/printf_redirect.c.obj
                                0x641 (size before relaxing)
 .debug_str     0x000015ff       0xa0 CMakeFiles/smart_car.elf.dir/Core/Src/schedule.c.obj
                                0x948 (size before relaxing)
 .debug_str     0x0000169f      0x12e CMakeFiles/smart_car.elf.dir/Core/Src/stm32f1xx_hal_msp.c.obj
                                0xd5e (size before relaxing)
 .debug_str     0x000017cd      0x16a CMakeFiles/smart_car.elf.dir/Core/Src/stm32f1xx_it.c.obj
                                0x84b (size before relaxing)
 .debug_str     0x00001937      0x22e CMakeFiles/smart_car.elf.dir/Core/Src/syscalls.c.obj
                                0x42c (size before relaxing)
 .debug_str     0x00001b65       0x92 CMakeFiles/smart_car.elf.dir/Core/Src/sysmem.c.obj
                                0x258 (size before relaxing)
 .debug_str     0x00001bf7       0x9b CMakeFiles/smart_car.elf.dir/Core/Src/system_stm32f1xx.c.obj
                                0x294 (size before relaxing)
 .debug_str     0x00001c92       0x61 CMakeFiles/smart_car.elf.dir/Core/Startup/startup_stm32f103c8tx.s.obj
                                 0xa5 (size before relaxing)
 .debug_str     0x00001cf3      0x2ed CMakeFiles/smart_car.elf.dir/Drivers/STM32F1xx_HAL_Driver/Src/stm32f1xx_hal.c.obj
                                0x86e (size before relaxing)
 .debug_str     0x00001fe0      0x38f CMakeFiles/smart_car.elf.dir/Drivers/STM32F1xx_HAL_Driver/Src/stm32f1xx_hal_cortex.c.obj
                                0x913 (size before relaxing)
 .debug_str     0x0000236f       0xdf CMakeFiles/smart_car.elf.dir/Drivers/STM32F1xx_HAL_Driver/Src/stm32f1xx_hal_gpio.c.obj
                                0x440 (size before relaxing)
 .debug_str     0x0000244e      0x211 CMakeFiles/smart_car.elf.dir/Drivers/STM32F1xx_HAL_Driver/Src/stm32f1xx_hal_rcc.c.obj
                                0x66b (size before relaxing)
 .debug_str     0x0000265f      0xda6 CMakeFiles/smart_car.elf.dir/Drivers/STM32F1xx_HAL_Driver/Src/stm32f1xx_hal_tim.c.obj
                               0x16b5 (size before relaxing)
 .debug_str     0x00003405      0x459 CMakeFiles/smart_car.elf.dir/Drivers/STM32F1xx_HAL_Driver/Src/stm32f1xx_hal_tim_ex.c.obj
                                0xed1 (size before relaxing)
 .debug_str     0x0000385e      0x641 CMakeFiles/smart_car.elf.dir/Drivers/STM32F1xx_HAL_Driver/Src/stm32f1xx_hal_uart.c.obj
                                0xd34 (size before relaxing)

.comment        0x00000000       0x45
 .comment       0x00000000       0x45 CMakeFiles/smart_car.elf.dir/Core/Src/beeper.c.obj
                                 0x46 (size before relaxing)
 .comment       0x00000045       0x46 CMakeFiles/smart_car.elf.dir/Core/Src/control.c.obj
 .comment       0x00000045       0x46 CMakeFiles/smart_car.elf.dir/Core/Src/delay.c.obj
 .comment       0x00000045       0x46 CMakeFiles/smart_car.elf.dir/Core/Src/fan.c.obj
 .comment       0x00000045       0x46 CMakeFiles/smart_car.elf.dir/Core/Src/global_it_cb.c.obj
 .comment       0x00000045       0x46 CMakeFiles/smart_car.elf.dir/Core/Src/hc_sr04.c.obj
 .comment       0x00000045       0x46 CMakeFiles/smart_car.elf.dir/Core/Src/main.c.obj
 .comment       0x00000045       0x46 CMakeFiles/smart_car.elf.dir/Core/Src/motor.c.obj
 .comment       0x00000045       0x46 CMakeFiles/smart_car.elf.dir/Core/Src/patrol_line.c.obj
 .comment       0x00000045       0x46 CMakeFiles/smart_car.elf.dir/Core/Src/printf_redirect.c.obj
 .comment       0x00000045       0x46 CMakeFiles/smart_car.elf.dir/Core/Src/schedule.c.obj
 .comment       0x00000045       0x46 CMakeFiles/smart_car.elf.dir/Core/Src/stm32f1xx_hal_msp.c.obj
 .comment       0x00000045       0x46 CMakeFiles/smart_car.elf.dir/Core/Src/stm32f1xx_it.c.obj
 .comment       0x00000045       0x46 CMakeFiles/smart_car.elf.dir/Core/Src/syscalls.c.obj
 .comment       0x00000045       0x46 CMakeFiles/smart_car.elf.dir/Core/Src/sysmem.c.obj
 .comment       0x00000045       0x46 CMakeFiles/smart_car.elf.dir/Core/Src/system_stm32f1xx.c.obj
 .comment       0x00000045       0x46 CMakeFiles/smart_car.elf.dir/Drivers/STM32F1xx_HAL_Driver/Src/stm32f1xx_hal.c.obj
 .comment       0x00000045       0x46 CMakeFiles/smart_car.elf.dir/Drivers/STM32F1xx_HAL_Driver/Src/stm32f1xx_hal_cortex.c.obj
 .comment       0x00000045       0x46 CMakeFiles/smart_car.elf.dir/Drivers/STM32F1xx_HAL_Driver/Src/stm32f1xx_hal_gpio.c.obj
 .comment       0x00000045       0x46 CMakeFiles/smart_car.elf.dir/Drivers/STM32F1xx_HAL_Driver/Src/stm32f1xx_hal_rcc.c.obj
 .comment       0x00000045       0x46 CMakeFiles/smart_car.elf.dir/Drivers/STM32F1xx_HAL_Driver/Src/stm32f1xx_hal_tim.c.obj
 .comment       0x00000045       0x46 CMakeFiles/smart_car.elf.dir/Drivers/STM32F1xx_HAL_Driver/Src/stm32f1xx_hal_tim_ex.c.obj
 .comment       0x00000045       0x46 CMakeFiles/smart_car.elf.dir/Drivers/STM32F1xx_HAL_Driver/Src/stm32f1xx_hal_uart.c.obj

.debug_frame    0x00000000     0x2d68
 .debug_frame   0x00000000       0x70 CMakeFiles/smart_car.elf.dir/Core/Src/beeper.c.obj
 .debug_frame   0x00000070       0x28 CMakeFiles/smart_car.elf.dir/Core/Src/control.c.obj
 .debug_frame   0x00000098       0x78 CMakeFiles/smart_car.elf.dir/Core/Src/delay.c.obj
 .debug_frame   0x00000110       0x40 CMakeFiles/smart_car.elf.dir/Core/Src/fan.c.obj
 .debug_frame   0x00000150       0x30 CMakeFiles/smart_car.elf.dir/Core/Src/global_it_cb.c.obj
 .debug_frame   0x00000180       0x68 CMakeFiles/smart_car.elf.dir/Core/Src/hc_sr04.c.obj
 .debug_frame   0x000001e8      0x120 CMakeFiles/smart_car.elf.dir/Core/Src/main.c.obj
 .debug_frame   0x00000308       0x90 CMakeFiles/smart_car.elf.dir/Core/Src/motor.c.obj
 .debug_frame   0x00000398       0x28 CMakeFiles/smart_car.elf.dir/Core/Src/patrol_line.c.obj
 .debug_frame   0x000003c0       0x28 CMakeFiles/smart_car.elf.dir/Core/Src/printf_redirect.c.obj
 .debug_frame   0x000003e8       0x58 CMakeFiles/smart_car.elf.dir/Core/Src/schedule.c.obj
 .debug_frame   0x00000440       0xec CMakeFiles/smart_car.elf.dir/Core/Src/stm32f1xx_hal_msp.c.obj
 .debug_frame   0x0000052c      0x138 CMakeFiles/smart_car.elf.dir/Core/Src/stm32f1xx_it.c.obj
 .debug_frame   0x00000664      0x190 CMakeFiles/smart_car.elf.dir/Core/Src/syscalls.c.obj
 .debug_frame   0x000007f4       0x28 CMakeFiles/smart_car.elf.dir/Core/Src/sysmem.c.obj
 .debug_frame   0x0000081c       0x30 CMakeFiles/smart_car.elf.dir/Core/Src/system_stm32f1xx.c.obj
 .debug_frame   0x0000084c      0x1cc CMakeFiles/smart_car.elf.dir/Drivers/STM32F1xx_HAL_Driver/Src/stm32f1xx_hal.c.obj
 .debug_frame   0x00000a18      0x19c CMakeFiles/smart_car.elf.dir/Drivers/STM32F1xx_HAL_Driver/Src/stm32f1xx_hal_cortex.c.obj
 .debug_frame   0x00000bb4       0xe4 CMakeFiles/smart_car.elf.dir/Drivers/STM32F1xx_HAL_Driver/Src/stm32f1xx_hal_gpio.c.obj
 .debug_frame   0x00000c98      0x184 CMakeFiles/smart_car.elf.dir/Drivers/STM32F1xx_HAL_Driver/Src/stm32f1xx_hal_rcc.c.obj
 .debug_frame   0x00000e1c      0xb14 CMakeFiles/smart_car.elf.dir/Drivers/STM32F1xx_HAL_Driver/Src/stm32f1xx_hal_tim.c.obj
 .debug_frame   0x00001930      0x40c CMakeFiles/smart_car.elf.dir/Drivers/STM32F1xx_HAL_Driver/Src/stm32f1xx_hal_tim_ex.c.obj
 .debug_frame   0x00001d3c      0x5d4 CMakeFiles/smart_car.elf.dir/Drivers/STM32F1xx_HAL_Driver/Src/stm32f1xx_hal_uart.c.obj
 .debug_frame   0x00002310       0x30 d:/install/arm-none-eabi/bin/../lib/gcc/arm-none-eabi/12.3.1/thumb/v7-m/nofp\libgcc.a(_arm_muldf3.o)
 .debug_frame   0x00002340       0xac d:/install/arm-none-eabi/bin/../lib/gcc/arm-none-eabi/12.3.1/thumb/v7-m/nofp\libgcc.a(_arm_addsubdf3.o)
 .debug_frame   0x000023ec       0x24 d:/install/arm-none-eabi/bin/../lib/gcc/arm-none-eabi/12.3.1/thumb/v7-m/nofp\libgcc.a(_arm_fixunsdfsi.o)
 .debug_frame   0x00002410      0x13c d:/install/arm-none-eabi/bin/../lib/gcc/arm-none-eabi/12.3.1/thumb/v7-m/nofp\libg.a(libc_a-findfp.o)
 .debug_frame   0x0000254c       0x34 d:/install/arm-none-eabi/bin/../lib/gcc/arm-none-eabi/12.3.1/thumb/v7-m/nofp\libg.a(libc_a-fwalk.o)
 .debug_frame   0x00002580       0x48 d:/install/arm-none-eabi/bin/../lib/gcc/arm-none-eabi/12.3.1/thumb/v7-m/nofp\libg.a(libc_a-puts.o)
 .debug_frame   0x000025c8       0x8c d:/install/arm-none-eabi/bin/../lib/gcc/arm-none-eabi/12.3.1/thumb/v7-m/nofp\libg.a(libc_a-stdio.o)
 .debug_frame   0x00002654       0x2c d:/install/arm-none-eabi/bin/../lib/gcc/arm-none-eabi/12.3.1/thumb/v7-m/nofp\libg.a(libc_a-memset.o)
 .debug_frame   0x00002680       0x2c d:/install/arm-none-eabi/bin/../lib/gcc/arm-none-eabi/12.3.1/thumb/v7-m/nofp\libg.a(libc_a-closer.o)
 .debug_frame   0x000026ac       0x3c d:/install/arm-none-eabi/bin/../lib/gcc/arm-none-eabi/12.3.1/thumb/v7-m/nofp\libg.a(libc_a-reent.o)
 .debug_frame   0x000026e8       0x2c d:/install/arm-none-eabi/bin/../lib/gcc/arm-none-eabi/12.3.1/thumb/v7-m/nofp\libg.a(libc_a-lseekr.o)
 .debug_frame   0x00002714       0x2c d:/install/arm-none-eabi/bin/../lib/gcc/arm-none-eabi/12.3.1/thumb/v7-m/nofp\libg.a(libc_a-readr.o)
 .debug_frame   0x00002740       0x2c d:/install/arm-none-eabi/bin/../lib/gcc/arm-none-eabi/12.3.1/thumb/v7-m/nofp\libg.a(libc_a-writer.o)
 .debug_frame   0x0000276c       0x20 d:/install/arm-none-eabi/bin/../lib/gcc/arm-none-eabi/12.3.1/thumb/v7-m/nofp\libg.a(libc_a-errno.o)
 .debug_frame   0x0000278c       0x2c d:/install/arm-none-eabi/bin/../lib/gcc/arm-none-eabi/12.3.1/thumb/v7-m/nofp\libg.a(libc_a-init.o)
 .debug_frame   0x000027b8       0xb0 d:/install/arm-none-eabi/bin/../lib/gcc/arm-none-eabi/12.3.1/thumb/v7-m/nofp\libg.a(libc_a-lock.o)
 .debug_frame   0x00002868       0x20 d:/install/arm-none-eabi/bin/../lib/gcc/arm-none-eabi/12.3.1/thumb/v7-m/nofp\libg.a(libc_a-strlen-stub.o)
 .debug_frame   0x00002888       0x5c d:/install/arm-none-eabi/bin/../lib/gcc/arm-none-eabi/12.3.1/thumb/v7-m/nofp\libg.a(libc_a-__call_atexit.o)
 .debug_frame   0x000028e4       0x20 d:/install/arm-none-eabi/bin/../lib/gcc/arm-none-eabi/12.3.1/thumb/v7-m/nofp\libg.a(libc_a-atexit.o)
 .debug_frame   0x00002904       0x78 d:/install/arm-none-eabi/bin/../lib/gcc/arm-none-eabi/12.3.1/thumb/v7-m/nofp\libg.a(libc_a-freer.o)
 .debug_frame   0x0000297c       0x48 d:/install/arm-none-eabi/bin/../lib/gcc/arm-none-eabi/12.3.1/thumb/v7-m/nofp\libg.a(libc_a-mallocr.o)
 .debug_frame   0x000029c4       0x30 d:/install/arm-none-eabi/bin/../lib/gcc/arm-none-eabi/12.3.1/thumb/v7-m/nofp\libg.a(libc_a-mlock.o)
 .debug_frame   0x000029f4       0x3c d:/install/arm-none-eabi/bin/../lib/gcc/arm-none-eabi/12.3.1/thumb/v7-m/nofp\libg.a(libc_a-fclose.o)
 .debug_frame   0x00002a30       0x70 d:/install/arm-none-eabi/bin/../lib/gcc/arm-none-eabi/12.3.1/thumb/v7-m/nofp\libg.a(libc_a-fflush.o)
 .debug_frame   0x00002aa0       0x64 d:/install/arm-none-eabi/bin/../lib/gcc/arm-none-eabi/12.3.1/thumb/v7-m/nofp\libg.a(libc_a-fvwrite.o)
 .debug_frame   0x00002b04       0x2c d:/install/arm-none-eabi/bin/../lib/gcc/arm-none-eabi/12.3.1/thumb/v7-m/nofp\libg.a(libc_a-wsetup.o)
 .debug_frame   0x00002b30       0x40 d:/install/arm-none-eabi/bin/../lib/gcc/arm-none-eabi/12.3.1/thumb/v7-m/nofp\libg.a(libc_a-memmove.o)
 .debug_frame   0x00002b70       0x2c d:/install/arm-none-eabi/bin/../lib/gcc/arm-none-eabi/12.3.1/thumb/v7-m/nofp\libg.a(libc_a-sbrkr.o)
 .debug_frame   0x00002b9c       0x34 d:/install/arm-none-eabi/bin/../lib/gcc/arm-none-eabi/12.3.1/thumb/v7-m/nofp\libg.a(libc_a-fini.o)
 .debug_frame   0x00002bd0       0x28 d:/install/arm-none-eabi/bin/../lib/gcc/arm-none-eabi/12.3.1/thumb/v7-m/nofp\libg.a(libc_a-sysconf.o)
 .debug_frame   0x00002bf8       0x2c d:/install/arm-none-eabi/bin/../lib/gcc/arm-none-eabi/12.3.1/thumb/v7-m/nofp\libg.a(libc_a-memchr-stub.o)
 .debug_frame   0x00002c24       0x34 d:/install/arm-none-eabi/bin/../lib/gcc/arm-none-eabi/12.3.1/thumb/v7-m/nofp\libg.a(libc_a-__atexit.o)
 .debug_frame   0x00002c58       0x48 d:/install/arm-none-eabi/bin/../lib/gcc/arm-none-eabi/12.3.1/thumb/v7-m/nofp\libg.a(libc_a-reallocr.o)
 .debug_frame   0x00002ca0       0x70 d:/install/arm-none-eabi/bin/../lib/gcc/arm-none-eabi/12.3.1/thumb/v7-m/nofp\libg.a(libc_a-makebuf.o)
 .debug_frame   0x00002d10       0x2c d:/install/arm-none-eabi/bin/../lib/gcc/arm-none-eabi/12.3.1/thumb/v7-m/nofp\libg.a(libc_a-fstatr.o)
 .debug_frame   0x00002d3c       0x2c d:/install/arm-none-eabi/bin/../lib/gcc/arm-none-eabi/12.3.1/thumb/v7-m/nofp\libg.a(libc_a-isattyr.o)

.debug_line_str
                0x00000000      0x232
 .debug_line_str
                0x00000000       0x89 CMakeFiles/smart_car.elf.dir/Core/Startup/startup_stm32f103c8tx.s.obj
 .debug_line_str
                0x00000089       0xca d:/install/arm-none-eabi/bin/../lib/gcc/arm-none-eabi/12.3.1/thumb/v7-m/nofp\libgcc.a(_arm_muldf3.o)
 .debug_line_str
                0x00000153       0xca d:/install/arm-none-eabi/bin/../lib/gcc/arm-none-eabi/12.3.1/thumb/v7-m/nofp\libgcc.a(_arm_addsubdf3.o)
 .debug_line_str
                0x00000153       0xca d:/install/arm-none-eabi/bin/../lib/gcc/arm-none-eabi/12.3.1/thumb/v7-m/nofp\libgcc.a(_arm_fixunsdfsi.o)
 .debug_line_str
                0x00000153       0xdf d:/install/arm-none-eabi/bin/../lib/gcc/arm-none-eabi/12.3.1/thumb/v7-m/nofp\libg.a(libc_a-memcpy.o)